
=== 涨幅榜前20名股票 ===
 股票代码                公司名称                市值(亿)               板块                    昨天收盘             今天收盘       涨跌幅(%)
 RITR        Reitar Logtech Holdings Ltd  0.04                  Construction  2026-07-31 0.06  2026-08-03 0.34 499.65
 HYFM       Hydrofarm Holdings Group Inc  0.03                     Machinery  2026-07-31 0.54  2026-08-03 2.15 298.15
 DFNS                     T3 Defense Inc  0.28                    Technology 2026-07-31 27.68  2026-08-03 61.5 122.18
  UPC       Universe Pharmaceuticals Inc  0.02               Pharmaceuticals  2026-07-31 3.16  2026-08-03 6.48 105.06
  MGN                 Megan Holdings Ltd  0.02                  Construction  2026-07-31 0.07  2026-08-03 0.14  86.22
 FUSE                   Fusemachines Inc  0.23                    Technology  2026-07-31 0.78  2026-08-03 1.33  69.64
 EZRA          Reliance Global Group Inc  0.02                     Insurance  2026-07-31 1.82  2026-08-03 2.65  45.60
 GSUN    Golden Sun Technology Group Ltd  0.04 Diversified Consumer Services  2026-07-31 0.38  2026-08-03 0.56  44.91
  ULH   Universal Logistics Holdings Inc  3.53                   Road & Rail 2026-07-31 13.38 2026-08-03 18.21  36.10
 CNCK                 Coincheck Group NV  2.45            Financial Services   2026-07-31 1.8  2026-08-03 2.37  31.67
 LUNG                       Pulmonx Corp  0.69                   Health Care  2026-07-31 1.63  2026-08-03 2.12  30.06
 SDST                 Stardust Power Inc  0.06          Electrical Equipment  2026-07-31 0.54   2026-08-03 0.7  29.57
SGMOQ           Sangamo Therapeutics Inc  0.29                 Biotechnology  2026-07-31 0.07  2026-08-03 0.09  28.43
 ATKR                         Atkore Inc 24.64          Electrical Equipment 2026-07-31 72.96 2026-08-03 93.55  28.22
 ZBAO              Zhibao Technology Inc  0.06                     Insurance   2026-07-31 0.2  2026-08-03 0.26  27.60
 IPDN Professional Diversity Network Inc  0.04         Professional Services  2026-07-31 0.33  2026-08-03 0.42  27.58
 HEPA         Hepion Pharmaceuticals Inc  0.01               Pharmaceuticals  2026-07-31 0.05  2026-08-03 0.06  25.00
 SLBT             SL Science Holding Ltd 14.83                 Biotechnology  2026-07-31 2.64  2026-08-03 3.29  24.39
 SXTC      China SXT Pharmaceuticals Inc  0.02               Pharmaceuticals  2026-07-31 0.06  2026-08-03 0.08  24.03
 MRDN              Meridian Holdings Inc  1.43                         Media 2026-07-31 11.27 2026-08-03 13.96  23.87

=== 市值超过20亿的涨幅榜前20名股票 ===
 股票代码             公司名称             市值(亿)           板块                 昨天收盘              今天收盘       涨跌幅(%)
 ATKR                  Atkore Inc   24.64 Electrical Equipment  2026-07-31 72.96  2026-08-03 93.55 28.22 
 AAOI Applied Optoelectronics Inc   75.68       Communications  2026-07-31 94.32 2026-08-03 110.21 16.85 
 AEHR           Aehr Test Systems   26.09       Semiconductors  2026-07-31 79.98  2026-08-03 91.71 14.67 
 AXTI                     AXT Inc   39.54       Semiconductors  2026-07-31 60.43  2026-08-03 68.67 13.64 
 GPGI                    GPGI Inc   38.26           Technology   2026-07-31 13.2  2026-08-03 14.77 11.89 
 ONDS                   Ondas Inc   42.68       Communications   2026-07-31 7.49   2026-08-03 8.37 11.75 
BABAF   Alibaba Group Holding Ltd 2860.21               Retail  2026-07-31 14.41   2026-08-03 16.1 11.70 
 INFQ              Infleqtion Inc   21.45           Technology   2026-07-31 9.83  2026-08-03 10.98 11.70 
 NBIS             Nebius Group NV  479.17           Technology 2026-07-31 190.41 2026-08-03 212.58 11.64 
 HIMS      Hims & Hers Health Inc   64.28          Health Care  2026-07-31 27.77  2026-08-03 30.82 10.98 
 CBRS        Cerebras Systems Inc  550.90       Semiconductors 2026-07-31 198.71 2026-08-03 219.97 10.70 
 SOFI       SoFi Technologies Inc  209.22   Financial Services  2026-07-31 16.31  2026-08-03 18.03 10.55 
 QBTS          D-Wave Quantum Inc   66.98           Technology  2026-07-31 18.08  2026-08-03 19.98 10.51 
 FSLR             First Solar Inc  226.79       Semiconductors 2026-07-31 211.03 2026-08-03 232.73 10.28 
 CORZ         Core Scientific Inc   66.58           Technology  2026-07-31 20.72  2026-08-03 22.83 10.18 
 RDDT                  Reddit Inc  270.80                Media 2026-07-31 140.67 2026-08-03 154.71  9.98 
 LMND                Lemonade Inc   37.11            Insurance  2026-07-31 48.31  2026-08-03 53.05  9.81 
 COHR               Coherent Corp  514.32 Electrical Equipment 2026-07-31 262.89 2026-08-03 288.14  9.60 
 SEDG  Solaredge Technologies Inc   25.06       Semiconductors   2026-07-31 41.2  2026-08-03 45.12  9.51 
 CDNA                  CareDx Inc   22.61        Biotechnology  2026-07-31 43.71  2026-08-03 47.85  9.47 

=== 市值超过50亿的涨幅榜前20名股票 ===
 股票代码             公司名称              市值(亿)                 板块                       昨天收盘              今天收盘       涨跌幅(%)
 AAOI  Applied Optoelectronics Inc   75.68                   Communications  2026-07-31 94.32 2026-08-03 110.21 16.85 
BABAF    Alibaba Group Holding Ltd 2860.21                           Retail  2026-07-31 14.41   2026-08-03 16.1 11.70 
 NBIS              Nebius Group NV  479.17                       Technology 2026-07-31 190.41 2026-08-03 212.58 11.64 
 HIMS       Hims & Hers Health Inc   64.28                      Health Care  2026-07-31 27.77  2026-08-03 30.82 10.98 
 CBRS         Cerebras Systems Inc  550.90                   Semiconductors 2026-07-31 198.71 2026-08-03 219.97 10.70 
 SOFI        SoFi Technologies Inc  209.22               Financial Services  2026-07-31 16.31  2026-08-03 18.03 10.55 
 QBTS           D-Wave Quantum Inc   66.98                       Technology  2026-07-31 18.08  2026-08-03 19.98 10.51 
 FSLR              First Solar Inc  226.79                   Semiconductors 2026-07-31 211.03 2026-08-03 232.73 10.28 
 CORZ          Core Scientific Inc   66.58                       Technology  2026-07-31 20.72  2026-08-03 22.83 10.18 
 RDDT                   Reddit Inc  270.80                            Media 2026-07-31 140.67 2026-08-03 154.71  9.98 
 COHR                Coherent Corp  514.32             Electrical Equipment 2026-07-31 262.89 2026-08-03 288.14  9.60 
 FTAI            FTAI Aviation Ltd  211.32              Aerospace & Defense  2026-07-31 206.0 2026-08-03 225.15  9.30 
 LITE        Lumentum Holdings Inc  555.45                   Communications 2026-07-31 713.94 2026-08-03 779.89  9.24 
 ORCL                  Oracle Corp 3740.87                       Technology 2026-07-31 129.87 2026-08-03 141.85  9.22 
  HRI            Herc Holdings Inc   50.19 Trading Companies & Distributors 2026-07-31 150.14 2026-08-03 163.93  9.18 
 AXON          Axon Enterprise Inc  425.39              Aerospace & Defense 2026-07-31 527.76 2026-08-03 575.88  9.12 
 BLDR     Builders FirstSource Inc   71.49                         Building  2026-07-31 66.44  2026-08-03 72.48  9.09 
  FPS Forgent Power Solutions, Inc  101.28             Electrical Equipment  2026-07-31 33.27  2026-08-03 36.29  9.08 
 MRCY          Mercury Systems Inc   58.30              Aerospace & Defense   2026-07-31 97.1 2026-08-03 105.79  8.95 
  VRT           Vertiv Holdings Co  930.02             Electrical Equipment 2026-07-31 241.57 2026-08-03 263.05  8.89 

=== 市值超过100亿的涨幅榜前20名股票 ===
 股票代码             公司名称              市值(亿)           板块                 昨天收盘              今天收盘       涨跌幅(%)
BABAF    Alibaba Group Holding Ltd 2860.21               Retail  2026-07-31 14.41   2026-08-03 16.1 11.70 
 NBIS              Nebius Group NV  479.17           Technology 2026-07-31 190.41 2026-08-03 212.58 11.64 
 CBRS         Cerebras Systems Inc  550.90       Semiconductors 2026-07-31 198.71 2026-08-03 219.97 10.70 
 SOFI        SoFi Technologies Inc  209.22   Financial Services  2026-07-31 16.31  2026-08-03 18.03 10.55 
 FSLR              First Solar Inc  226.79       Semiconductors 2026-07-31 211.03 2026-08-03 232.73 10.28 
 RDDT                   Reddit Inc  270.80                Media 2026-07-31 140.67 2026-08-03 154.71  9.98 
 COHR                Coherent Corp  514.32 Electrical Equipment 2026-07-31 262.89 2026-08-03 288.14  9.60 
 FTAI            FTAI Aviation Ltd  211.32  Aerospace & Defense  2026-07-31 206.0 2026-08-03 225.15  9.30 
 LITE        Lumentum Holdings Inc  555.45       Communications 2026-07-31 713.94 2026-08-03 779.89  9.24 
 ORCL                  Oracle Corp 3740.87           Technology 2026-07-31 129.87 2026-08-03 141.85  9.22 
 AXON          Axon Enterprise Inc  425.39  Aerospace & Defense 2026-07-31 527.76 2026-08-03 575.88  9.12 
  FPS Forgent Power Solutions, Inc  101.28 Electrical Equipment  2026-07-31 33.27  2026-08-03 36.29  9.08 
  VRT           Vertiv Holdings Co  930.02 Electrical Equipment 2026-07-31 241.57 2026-08-03 263.05  8.89 
 RKLB              Rocket Lab Corp  388.52  Aerospace & Defense  2026-07-31 64.95  2026-08-03 70.43  8.44 
  QNT               Quantinuum Inc  134.17           Technology  2026-07-31 51.41  2026-08-03 55.65  8.25 
 DOCN    DigitalOcean Holdings Inc  137.37           Technology  2026-07-31 117.5 2026-08-03 127.17  8.23 
 ARES         Ares Management Corp  284.40   Financial Services 2026-07-31 128.09 2026-08-03 138.57  8.18 
   BA                    Boeing Co 1708.31  Aerospace & Defense 2026-07-31 216.14 2026-08-03 233.49  8.03 
 IREN                     IREN Ltd  131.32           Technology   2026-07-31 36.8  2026-08-03 39.75  8.02 
 ASTS          AST SpaceMobile Inc  228.92    Telecommunication  2026-07-31 58.98  2026-08-03 63.52  7.70 

=== 市值超过200亿的涨幅榜前20名股票 ===
 股票代码             公司名称             市值(亿)                 板块                       昨天收盘              今天收盘       涨跌幅(%)
BABAF   Alibaba Group Holding Ltd 2860.21                           Retail  2026-07-31 14.41   2026-08-03 16.1 11.70 
 NBIS             Nebius Group NV  479.17                       Technology 2026-07-31 190.41 2026-08-03 212.58 11.64 
 CBRS        Cerebras Systems Inc  550.90                   Semiconductors 2026-07-31 198.71 2026-08-03 219.97 10.70 
 SOFI       SoFi Technologies Inc  209.22               Financial Services  2026-07-31 16.31  2026-08-03 18.03 10.55 
 FSLR             First Solar Inc  226.79                   Semiconductors 2026-07-31 211.03 2026-08-03 232.73 10.28 
 RDDT                  Reddit Inc  270.80                            Media 2026-07-31 140.67 2026-08-03 154.71  9.98 
 COHR               Coherent Corp  514.32             Electrical Equipment 2026-07-31 262.89 2026-08-03 288.14  9.60 
 FTAI           FTAI Aviation Ltd  211.32              Aerospace & Defense  2026-07-31 206.0 2026-08-03 225.15  9.30 
 LITE       Lumentum Holdings Inc  555.45                   Communications 2026-07-31 713.94 2026-08-03 779.89  9.24 
 ORCL                 Oracle Corp 3740.87                       Technology 2026-07-31 129.87 2026-08-03 141.85  9.22 
 AXON         Axon Enterprise Inc  425.39              Aerospace & Defense 2026-07-31 527.76 2026-08-03 575.88  9.12 
  VRT          Vertiv Holdings Co  930.02             Electrical Equipment 2026-07-31 241.57 2026-08-03 263.05  8.89 
 RKLB             Rocket Lab Corp  388.52              Aerospace & Defense  2026-07-31 64.95  2026-08-03 70.43  8.44 
 ARES        Ares Management Corp  284.40               Financial Services 2026-07-31 128.09 2026-08-03 138.57  8.18 
   BA                   Boeing Co 1708.31              Aerospace & Defense 2026-07-31 216.14 2026-08-03 233.49  8.03 
 ASTS         AST SpaceMobile Inc  228.92                Telecommunication  2026-07-31 58.98  2026-08-03 63.52  7.70 
 ALNY Alnylam Pharmaceuticals Inc  275.00                    Biotechnology 2026-07-31 205.52 2026-08-03 220.33  7.21 
 FERG    Ferguson Enterprises Inc  454.45 Trading Companies & Distributors 2026-07-31 234.33 2026-08-03 250.08  6.72 
 TSEM     Tower Semiconductor Ltd  245.50                   Semiconductors 2026-07-31 219.67 2026-08-03 234.32  6.67 
  SYM                Symbotic Inc  259.47                        Machinery  2026-07-31 43.05  2026-08-03 45.85  6.50 

=== 市值超过1000亿的涨跌榜前20名股票 ===
 股票代码                 公司名称                 市值(亿)            板块                 昨天收盘               今天收盘        涨跌幅(%)
BABAF           Alibaba Group Holding Ltd  2860.21               Retail   2026-07-31 14.41    2026-08-03 16.1 11.70 
 ORCL                         Oracle Corp  3740.87           Technology  2026-07-31 129.87  2026-08-03 141.85  9.22 
   BA                           Boeing Co  1708.31  Aerospace & Defense  2026-07-31 216.14  2026-08-03 233.49  8.03 
 ISRG              Intuitive Surgical Inc  1248.24          Health Care  2026-07-31 353.33  2026-08-03 375.41  6.25 
 SNDK                        Sandisk Corp  1799.04           Technology 2026-07-31 1214.83 2026-08-03 1288.03  6.03 
 META                  Meta Platforms Inc 14180.12                Media  2026-07-31 556.71  2026-08-03 590.24  6.02 
 DELL               Dell Technologies Inc  2627.94           Technology  2026-07-31 405.37  2026-08-03 429.02  5.83 
 SPCX Space Exploration Technologies Corp 14377.59    Telecommunication  2026-07-31 108.37  2026-08-03 114.53  5.68 
  ETN               Eaton Corporation PLC  1612.22 Electrical Equipment   2026-07-31 415.2  2026-08-03 438.23  5.55 
   BX                      Blackstone Inc  1588.97   Financial Services  2026-07-31 127.75  2026-08-03 134.68  5.42 
 MSFT                      Microsoft Corp 34507.99           Technology  2026-07-31 464.72  2026-08-03 487.65  4.93 
GOOGL                        Alphabet Inc 43554.70                Media  2026-07-31 356.13  2026-08-03 373.51  4.88 
  SYK                        Stryker Corp  1248.61          Health Care   2026-07-31 325.7   2026-08-03 341.2  4.76 
 AMZN                      Amazon.com Inc 29214.16               Retail  2026-07-31 271.58  2026-08-03 284.02  4.58 
 GOOG                        Alphabet Inc 43554.70                Media  2026-07-31 356.65  2026-08-03 372.47  4.44 
  COF          Capital One Financial Corp  1282.24   Financial Services  2026-07-31 209.01  2026-08-03 217.68  4.15 
 TSLA                           Tesla Inc 12291.39          Automobiles  2026-07-31 311.21  2026-08-03 322.08  3.49 
  BLK                       BlackRock Inc  1773.00   Financial Services 2026-07-31 1090.39 2026-08-03 1126.63  3.32 
 MRVL              Marvell Technology Inc  1642.59       Semiconductors  2026-07-31 187.56  2026-08-03 193.77  3.31 
SAFRF                           Safran SA  1410.84  Aerospace & Defense   2026-07-31 392.1   2026-08-03 405.0  3.29 
