
=== 涨幅榜前20名股票 ===
股票代码               公司名称               市值(亿)             板块                   昨天收盘             今天收盘       涨跌幅(%)
TRUG             Trugolf Holdings Inc  0.03                      Media  2026-09-10 0.37  2026-09-11 0.65 76.09 
FEIM        Frequency Electronics Inc  9.15       Electrical Equipment 2026-09-10 62.06 2026-09-11 88.38 42.40 
FTFT         Future Fintech Group Inc  0.22         Financial Services  2026-09-10 2.05  2026-09-11 2.88 40.49 
GTBP                 GT Biopharma Inc  0.13              Biotechnology  2026-09-10 6.18  2026-09-11 8.61 39.32 
SXTC    China SXT Pharmaceuticals Inc  0.03            Pharmaceuticals  2026-09-10 1.93  2026-09-11 2.56 32.64 
BCAB                      Bioatla Inc  0.02              Biotechnology  2026-09-10 1.18  2026-09-11 1.55 31.36 
NVVE               Nuvve Holding Corp  0.01       Electrical Equipment  2026-09-10 1.15  2026-09-11 1.43 24.35 
AIXC           Aixcrypto Holdings Inc  0.18              Biotechnology  2026-09-10 0.74   2026-09-11 0.9 21.16 
 CCG                 Cheche Group Inc  0.36                  Insurance  2026-09-10 13.2 2026-09-11 15.96 20.93 
 PMI               Picard Medical Inc  0.11                Health Care  2026-09-10 4.41  2026-09-11 5.33 20.86 
NCRA                       Nocera Inc  0.05               Construction  2026-09-10 1.86  2026-09-11 2.23 19.89 
ATEC            Alphatec Holdings Inc 15.54                Health Care  2026-09-10 8.84 2026-09-11 10.58 19.68 
CRMT           America's CAR-MART Inc  0.16                     Retail  2026-09-10 1.59   2026-09-11 1.9 19.50 
 GLE  Global Engine Group Holding Ltd  0.09                 Technology  2026-09-10 0.46  2026-09-11 0.55 19.31 
RDIB        Reading International Inc  0.69                      Media  2026-09-10 14.4 2026-09-11 17.02 18.19 
VERI                     Veritone Inc  0.90                 Technology  2026-09-10 0.88  2026-09-11 1.04 18.18 
SGRX                   Bit Origin Ltd  0.02                 Technology  2026-09-10 1.43  2026-09-11 1.68 17.48 
PSIG       PS International Group Ltd  0.44 Logistics & Transportation  2026-09-10 2.29  2026-09-11 2.67 16.81 
ADNH Advent Technologies Holdings Inc  0.00       Electrical Equipment   2026-09-10 0.0   2026-09-11 0.0 16.67 
VSME            VS Media Holdings Ltd  0.03                      Media  2026-09-10 0.92  2026-09-11 1.07 16.29 

=== 市值超过20亿的涨幅榜前20名股票 ===
 股票代码              公司名称              市值(亿)           板块                 昨天收盘              今天收盘       涨跌幅(%)
  HPE Hewlett Packard Enterprise Co  802.72           Technology  2026-09-10 55.22  2026-09-11 62.09 12.44 
 DELL         Dell Technologies Inc 3581.69           Technology 2026-09-10 506.62 2026-09-11 567.29 11.98 
 VICR                    Vicor Corp  104.42 Electrical Equipment 2026-09-10 178.05 2026-09-11 197.91 11.15 
 HTFL                 Heartflow Inc   41.58          Health Care  2026-09-10 45.49  2026-09-11 49.88  9.65 
  FPS  Forgent Power Solutions, Inc   94.51 Electrical Equipment   2026-09-10 29.2  2026-09-11 31.82  8.97 
 NTAP                    NetApp Inc  383.05           Technology  2026-09-10 183.6 2026-09-11 199.28  8.54 
   ON         ON Semiconductor Corp  288.07       Semiconductors  2026-09-10 70.17  2026-09-11 76.14  8.51 
  HPQ                        HP Inc  314.23           Technology  2026-09-10 32.73  2026-09-11 35.48  8.40 
 IESC              IES Holdings Inc  135.75         Construction 2026-09-10 319.52 2026-09-11 345.71  8.20 
 SYNA                 Synaptics Inc   38.40       Semiconductors  2026-09-10 93.47 2026-09-11 101.03  8.09 
    M                    Macy's Inc   55.32               Retail   2026-09-10 20.5  2026-09-11 22.08  7.71 
  MXL                 Maxlinear Inc   67.96       Semiconductors  2026-09-10 69.34  2026-09-11 74.57  7.54 
 FLEX                      Flex Ltd  430.95 Electrical Equipment 2026-09-10 108.01 2026-09-11 115.78  7.19 
 INSP   Inspire Medical Systems Inc   20.57          Health Care  2026-09-10 68.12   2026-09-11 73.0  7.16 
  AVT                     Avnet Inc   80.82 Electrical Equipment  2026-09-10 92.97  2026-09-11 99.63  7.16 
 SPSC              SPS Commerce Inc   28.73           Technology  2026-09-10 77.23  2026-09-11 82.68  7.06 
BPCGF  Banco Comercial Portugues SA  172.18              Banking   2026-09-10 1.28   2026-09-11 1.37  7.03 
 EROC                     ERock Inc   28.48 Electrical Equipment  2026-09-10 11.87   2026-09-11 12.7  6.99 
 CLSK                CleanSpark Inc   35.76           Technology   2026-09-10 12.8  2026-09-11 13.67  6.80 
  VFS              VinFast Auto Ltd   74.87          Automobiles   2026-09-10 3.01   2026-09-11 3.21  6.64 

=== 市值超过50亿的涨幅榜前20名股票 ===
 股票代码              公司名称              市值(亿)           板块                 昨天收盘              今天收盘       涨跌幅(%)
  HPE Hewlett Packard Enterprise Co  802.72           Technology  2026-09-10 55.22  2026-09-11 62.09 12.44 
 DELL         Dell Technologies Inc 3581.69           Technology 2026-09-10 506.62 2026-09-11 567.29 11.98 
 VICR                    Vicor Corp  104.42 Electrical Equipment 2026-09-10 178.05 2026-09-11 197.91 11.15 
  FPS  Forgent Power Solutions, Inc   94.51 Electrical Equipment   2026-09-10 29.2  2026-09-11 31.82  8.97 
 NTAP                    NetApp Inc  383.05           Technology  2026-09-10 183.6 2026-09-11 199.28  8.54 
   ON         ON Semiconductor Corp  288.07       Semiconductors  2026-09-10 70.17  2026-09-11 76.14  8.51 
  HPQ                        HP Inc  314.23           Technology  2026-09-10 32.73  2026-09-11 35.48  8.40 
 IESC              IES Holdings Inc  135.75         Construction 2026-09-10 319.52 2026-09-11 345.71  8.20 
    M                    Macy's Inc   55.32               Retail   2026-09-10 20.5  2026-09-11 22.08  7.71 
  MXL                 Maxlinear Inc   67.96       Semiconductors  2026-09-10 69.34  2026-09-11 74.57  7.54 
 FLEX                      Flex Ltd  430.95 Electrical Equipment 2026-09-10 108.01 2026-09-11 115.78  7.19 
  AVT                     Avnet Inc   80.82 Electrical Equipment  2026-09-10 92.97  2026-09-11 99.63  7.16 
BPCGF  Banco Comercial Portugues SA  172.18              Banking   2026-09-10 1.28   2026-09-11 1.37  7.03 
  VFS              VinFast Auto Ltd   74.87          Automobiles   2026-09-10 3.01   2026-09-11 3.21  6.64 
  VSH    Vishay Intertechnology Inc   52.39 Electrical Equipment  2026-09-10 31.29  2026-09-11 33.21  6.14 
  LGN                  Legence Corp   61.21         Construction  2026-09-10 53.55  2026-09-11 56.65  5.79 
 CIFR            Cipher Digital Inc   71.49           Technology  2026-09-10 15.94  2026-09-11 16.85  5.71 
 ANET           Arista Networks Inc 2508.83       Communications 2026-09-10 188.99 2026-09-11 199.59  5.61 
  MOD       Modine Manufacturing Co  102.18             Building 2026-09-10 179.26  2026-09-11 189.3  5.60 
 FISV                    Fiserv Inc  272.05   Financial Services  2026-09-10 48.93  2026-09-11 51.58  5.42 

=== 市值超过100亿的涨幅榜前20名股票 ===
 股票代码              公司名称               市值(亿)           板块                 昨天收盘              今天收盘       涨跌幅(%)
  HPE  Hewlett Packard Enterprise Co  802.72           Technology  2026-09-10 55.22  2026-09-11 62.09 12.44 
 DELL          Dell Technologies Inc 3581.69           Technology 2026-09-10 506.62 2026-09-11 567.29 11.98 
 VICR                     Vicor Corp  104.42 Electrical Equipment 2026-09-10 178.05 2026-09-11 197.91 11.15 
 NTAP                     NetApp Inc  383.05           Technology  2026-09-10 183.6 2026-09-11 199.28  8.54 
   ON          ON Semiconductor Corp  288.07       Semiconductors  2026-09-10 70.17  2026-09-11 76.14  8.51 
  HPQ                         HP Inc  314.23           Technology  2026-09-10 32.73  2026-09-11 35.48  8.40 
 IESC               IES Holdings Inc  135.75         Construction 2026-09-10 319.52 2026-09-11 345.71  8.20 
 FLEX                       Flex Ltd  430.95 Electrical Equipment 2026-09-10 108.01 2026-09-11 115.78  7.19 
BPCGF   Banco Comercial Portugues SA  172.18              Banking   2026-09-10 1.28   2026-09-11 1.37  7.03 
 ANET            Arista Networks Inc 2508.83       Communications 2026-09-10 188.99 2026-09-11 199.59  5.61 
  MOD        Modine Manufacturing Co  102.18             Building 2026-09-10 179.26  2026-09-11 189.3  5.60 
 FISV                     Fiserv Inc  272.05   Financial Services  2026-09-10 48.93  2026-09-11 51.58  5.42 
 MRNA                    Moderna Inc  589.50        Biotechnology 2026-09-10 136.62 2026-09-11 143.97  5.38 
  SNX                 TD Synnex Corp  213.42 Electrical Equipment 2026-09-10 255.54 2026-09-11 269.21  5.35 
   IT                    Gartner Inc  110.67           Technology 2026-09-10 170.62 2026-09-11 179.59  5.26 
 SMTC                   Semtech Corp  157.73       Semiconductors 2026-09-10 159.13 2026-09-11 167.24  5.10 
   UI                   Ubiquiti Inc  337.83       Communications 2026-09-10 536.84 2026-09-11 564.15  5.09 
  JBL                      Jabil Inc  334.29 Electrical Equipment  2026-09-10 302.8 2026-09-11 318.08  5.05 
 AEIS Advanced Energy Industries Inc  114.82 Electrical Equipment 2026-09-10 273.74 2026-09-11 287.25  4.94 
  ADI             Analog Devices Inc 1835.15       Semiconductors 2026-09-10 361.25 2026-09-11 378.78  4.85 

=== 市值超过200亿的涨幅榜前20名股票 ===
股票代码              公司名称              市值(亿)           板块                 昨天收盘              今天收盘       涨跌幅(%)
 HPE Hewlett Packard Enterprise Co  802.72           Technology  2026-09-10 55.22  2026-09-11 62.09 12.44 
DELL         Dell Technologies Inc 3581.69           Technology 2026-09-10 506.62 2026-09-11 567.29 11.98 
NTAP                    NetApp Inc  383.05           Technology  2026-09-10 183.6 2026-09-11 199.28  8.54 
  ON         ON Semiconductor Corp  288.07       Semiconductors  2026-09-10 70.17  2026-09-11 76.14  8.51 
 HPQ                        HP Inc  314.23           Technology  2026-09-10 32.73  2026-09-11 35.48  8.40 
FLEX                      Flex Ltd  430.95 Electrical Equipment 2026-09-10 108.01 2026-09-11 115.78  7.19 
ANET           Arista Networks Inc 2508.83       Communications 2026-09-10 188.99 2026-09-11 199.59  5.61 
FISV                    Fiserv Inc  272.05   Financial Services  2026-09-10 48.93  2026-09-11 51.58  5.42 
MRNA                   Moderna Inc  589.50        Biotechnology 2026-09-10 136.62 2026-09-11 143.97  5.38 
 SNX                TD Synnex Corp  213.42 Electrical Equipment 2026-09-10 255.54 2026-09-11 269.21  5.35 
  UI                  Ubiquiti Inc  337.83       Communications 2026-09-10 536.84 2026-09-11 564.15  5.09 
 JBL                     Jabil Inc  334.29 Electrical Equipment  2026-09-10 302.8 2026-09-11 318.08  5.05 
 ADI            Analog Devices Inc 1835.15       Semiconductors 2026-09-10 361.25 2026-09-11 378.78  4.85 
 NVT            nVent Electric PLC  261.40 Electrical Equipment 2026-09-10 155.17 2026-09-11 162.38  4.65 
 APH                 Amphenol Corp 2065.99 Electrical Equipment  2026-09-10 80.25  2026-09-11 83.92  4.57 
NXPI         NXP Semiconductors NV  596.32       Semiconductors 2026-09-10 226.47 2026-09-11 236.62  4.48 
CIEN                    Ciena Corp  500.29       Communications 2026-09-10 334.56 2026-09-11 349.54  4.48 
CSCO             Cisco Systems Inc 4403.87       Communications 2026-09-10 107.44 2026-09-11 112.13  4.37 
   P                  Everpure Inc  323.13           Technology   2026-09-10 94.1  2026-09-11 98.18  4.34 
 EME               EMCOR Group Inc  343.67         Construction 2026-09-10 748.33 2026-09-11 780.66  4.32 

=== 市值超过1000亿的涨跌榜前20名股票 ===
 股票代码                 公司名称                 市值(亿)                  板块                       昨天收盘              今天收盘       涨跌幅(%)
 DELL               Dell Technologies Inc  3581.69                       Technology 2026-09-10 506.62 2026-09-11 567.29 11.98 
 ANET                 Arista Networks Inc  2508.83                   Communications 2026-09-10 188.99 2026-09-11 199.59  5.61 
  ADI                  Analog Devices Inc  1835.15                   Semiconductors 2026-09-10 361.25 2026-09-11 378.78  4.85 
  APH                       Amphenol Corp  2065.99             Electrical Equipment  2026-09-10 80.25  2026-09-11 83.92  4.57 
 CSCO                   Cisco Systems Inc  4403.87                   Communications 2026-09-10 107.44 2026-09-11 112.13  4.37 
 MRVL              Marvell Technology Inc  2082.21                   Semiconductors 2026-09-10 226.96  2026-09-11 236.1  4.03 
  TXN               Texas Instruments Inc  2490.79                   Semiconductors 2026-09-10 258.82  2026-09-11 268.7  3.82 
  GEV                      GE Vernova Inc  2532.54             Electrical Equipment 2026-09-10 923.91 2026-09-11 957.27  3.61 
  ACN                       Accenture PLC  1102.05                       Technology 2026-09-10 177.91  2026-09-11 183.9  3.37 
 TMUS                     T-Mobile US Inc  1962.18                Telecommunication 2026-09-10 177.16 2026-09-11 182.33  2.92 
   BA                           Boeing Co  1655.51              Aerospace & Defense  2026-09-10 204.8 2026-09-11 210.45  2.76 
 INTC                          Intel Corp  5481.96                   Semiconductors 2026-09-10 100.32 2026-09-11 102.94  2.61 
  AMD          Advanced Micro Devices Inc  8399.41                   Semiconductors  2026-09-10 503.6 2026-09-11 516.13  2.49 
 ISRG              Intuitive Surgical Inc  1299.27                      Health Care 2026-09-10 360.46 2026-09-11 369.15  2.41 
 IBKR       Interactive Brokers Group Inc  1551.70               Financial Services  2026-09-10 89.42  2026-09-11 91.37  2.18 
LVMHF LVMH Moet Hennessy Louis Vuitton SE  2001.47 Textiles, Apparel & Luxury Goods  2026-09-10 470.0 2026-09-11 479.75  2.07 
  CRM                      Salesforce Inc  2047.01                       Technology  2026-09-10 243.0 2026-09-11 247.72  1.94 
 AMZN                      Amazon.com Inc 27588.16                           Retail 2026-09-10 251.89 2026-09-11 256.78  1.94 
GOOGL                        Alphabet Inc 41744.66                            Media  2026-09-10 332.6  2026-09-11 338.5  1.77 
 SHOP                         Shopify Inc  1687.71                       Technology  2026-09-10 126.6 2026-09-11 128.79  1.73 
