
=== 涨幅榜前20名股票 ===
股票代码             公司名称             市值(亿)             板块                   昨天收盘             今天收盘       涨跌幅(%)
NIVF          NewGenIvf Group Ltd  0.03                Health Care  2026-08-31 0.45  2026-09-01 1.33 195.56
 SSM                Sono Group NV  0.12            Auto Components  2026-08-31 2.68  2026-09-01 4.76  77.43
FLYE              Fly-E Group Inc  0.04                Automobiles  2026-08-31 1.36   2026-09-01 2.2  61.76
BIAF bioAffinity Technologies Inc  0.04              Biotechnology  2026-08-31 4.56  2026-09-01 6.59  44.52
GPRO                    GoPro Inc  2.30          Consumer products  2026-08-31 0.88  2026-09-01 1.23  40.41
PETZ             TDH Holdings Inc  0.15              Food Products  2026-08-31 1.15  2026-09-01 1.48  28.70
FRVO              Fervo Energy Co 51.14                  Utilities 2026-08-31 15.38 2026-09-01 19.75  28.41
LIDR                     AEye Inc  0.68       Electrical Equipment  2026-08-31 1.15  2026-09-01 1.47  27.83
NOTE      FiscalNote Holdings Inc  0.02      Professional Services  2026-08-31 0.05  2026-09-01 0.07  26.92
 SST                  System1 Inc  0.26                      Media  2026-08-31 2.24  2026-09-01 2.84  26.79
OSRH             OSR Holdings Inc  0.09              Biotechnology  2026-08-31 0.28  2026-09-01 0.34  22.73
FBLG           Fibrobiologics Inc  0.14              Biotechnology  2026-08-31 1.72  2026-09-01 2.11  22.67
MOVE                  Corvex, Inc  3.54                 Technology 2026-08-31 10.95 2026-09-01 12.81  16.99
NVNI               Nvni Group Ltd  0.11                 Technology  2026-08-31 0.84  2026-09-01 0.98  16.27
 PXS            Pyxis Tankers Inc  0.64                     Marine  2026-08-31 5.36  2026-09-01 6.23  16.23
RDIB    Reading International Inc  0.70                      Media 2026-08-31 15.31  2026-09-01 17.7  15.65
 PTN     Palatin Technologies Inc  0.16              Biotechnology  2026-08-31 9.99 2026-09-01 11.54  15.52
PSIG   PS International Group Ltd  0.26 Logistics & Transportation  2026-08-31 1.63  2026-09-01 1.88  15.34
FCUV          Focus Universal Inc  0.07       Electrical Equipment  2026-08-31 9.85 2026-09-01 11.35  15.23
USBC                     USBC Inc  1.75                Health Care  2026-08-31 0.42  2026-09-01 0.48  14.05

=== 市值超过20亿的涨幅榜前20名股票 ===
股票代码               公司名称               市值(亿)                板块                     昨天收盘               今天收盘        涨跌幅(%)
FRVO                  Fervo Energy Co  51.14                     Utilities   2026-08-31 15.38   2026-09-01 19.75 28.41 
 CRK           Comstock Resources Inc  47.04                        Energy   2026-08-31 14.43   2026-09-01 16.02 11.02 
MMED                MiniMed Group Inc  60.29                   Health Care   2026-08-31 20.26   2026-09-01 22.42 10.66 
MRNA                      Moderna Inc 556.22                 Biotechnology  2026-08-31 140.34  2026-09-01 154.27  9.93 
 EIX             Edison International 226.27                     Utilities   2026-08-31 53.98    2026-09-01 58.8  8.93 
DUOL                     Duolingo Inc  74.28 Diversified Consumer Services  2026-08-31 148.36  2026-09-01 158.77  7.02 
KLRA         Kailera Therapeutics Inc  21.27                 Biotechnology    2026-08-31 15.4   2026-09-01 16.41  6.56 
  HP          Helmerich and Payne Inc  44.60                        Energy   2026-08-31 43.58   2026-09-01 46.21  6.03 
 PCG                        PG&E Corp 291.15                     Utilities   2026-08-31 13.27   2026-09-01 14.06  5.95 
 CNH                CNH Industrial NV 146.55                     Machinery   2026-08-31 11.83    2026-09-01 12.5  5.66 
 SEB                    Seaboard Corp  37.84                 Food Products 2026-08-31 3910.25 2026-09-01 4123.38  5.45 
 ORA           Ormat Technologies Inc  65.98                     Utilities   2026-08-31 102.0  2026-09-01 107.29  5.19 
GRDN   Guardian Pharmacy Services Inc  23.35                   Health Care   2026-08-31 37.09   2026-09-01 38.87  4.80 
HRMY Harmony Biosciences Holdings Inc  24.02               Pharmaceuticals   2026-08-31 39.38   2026-09-01 41.25  4.75 
 HPQ                           HP Inc 282.44                    Technology   2026-08-31 30.02   2026-09-01 31.32  4.33 
  CF       CF Industries Holdings Inc 205.21                     Chemicals  2026-08-31 130.03   2026-09-01 135.6  4.28 
  BG                  Bunge Global SA 227.08                 Food Products  2026-08-31 116.21  2026-09-01 121.04  4.16 
EXEL                     Exelixis Inc 140.96                 Biotechnology   2026-08-31 54.64   2026-09-01 56.89  4.12 
MUSA                   Murphy USA Inc  96.20                        Retail  2026-08-31 515.39  2026-09-01 536.45  4.09 
DLTR                  Dollar Tree Inc 243.45                        Retail  2026-08-31 126.59  2026-09-01 131.71  4.04 

=== 市值超过50亿的涨幅榜前20名股票 ===
股票代码            公司名称             市值(亿)                板块                     昨天收盘              今天收盘       涨跌幅(%)
FRVO            Fervo Energy Co   51.14                     Utilities  2026-08-31 15.38  2026-09-01 19.75 28.41 
MMED          MiniMed Group Inc   60.29                   Health Care  2026-08-31 20.26  2026-09-01 22.42 10.66 
MRNA                Moderna Inc  556.22                 Biotechnology 2026-08-31 140.34 2026-09-01 154.27  9.93 
 EIX       Edison International  226.27                     Utilities  2026-08-31 53.98   2026-09-01 58.8  8.93 
DUOL               Duolingo Inc   74.28 Diversified Consumer Services 2026-08-31 148.36 2026-09-01 158.77  7.02 
 PCG                  PG&E Corp  291.15                     Utilities  2026-08-31 13.27  2026-09-01 14.06  5.95 
 CNH          CNH Industrial NV  146.55                     Machinery  2026-08-31 11.83   2026-09-01 12.5  5.66 
 ORA     Ormat Technologies Inc   65.98                     Utilities  2026-08-31 102.0 2026-09-01 107.29  5.19 
 HPQ                     HP Inc  282.44                    Technology  2026-08-31 30.02  2026-09-01 31.32  4.33 
  CF CF Industries Holdings Inc  205.21                     Chemicals 2026-08-31 130.03  2026-09-01 135.6  4.28 
  BG            Bunge Global SA  227.08                 Food Products 2026-08-31 116.21 2026-09-01 121.04  4.16 
EXEL               Exelixis Inc  140.96                 Biotechnology  2026-08-31 54.64  2026-09-01 56.89  4.12 
MUSA             Murphy USA Inc   96.20                        Retail 2026-08-31 515.39 2026-09-01 536.45  4.09 
DLTR            Dollar Tree Inc  243.45                        Retail 2026-08-31 126.59 2026-09-01 131.71  4.04 
 ADM  Archer-Daniels-Midland Co  396.60                 Food Products  2026-08-31 81.29  2026-09-01 84.55  4.01 
SMMT    Summit Therapeutics Inc  107.26                 Biotechnology  2026-08-31 13.62  2026-09-01 14.16  3.96 
 CVS            CVS Health Corp 1248.28                   Health Care  2026-08-31 93.91   2026-09-01 97.6  3.93 
CTVA                Corteva Inc  585.33                     Chemicals  2026-08-31 84.63  2026-09-01 87.73  3.66 
  BE          Bloom Energy Corp  629.20          Electrical Equipment  2026-08-31 206.3 2026-09-01 213.63  3.55 
  AR      Antero Resources Corp  120.52                        Energy  2026-08-31 38.48  2026-09-01 39.81  3.46 

=== 市值超过100亿的涨幅榜前20名股票 ===
股票代码            公司名称             市值(亿)           板块                 昨天收盘              今天收盘       涨跌幅(%)
MRNA                Moderna Inc  556.22        Biotechnology 2026-08-31 140.34 2026-09-01 154.27  9.93 
 EIX       Edison International  226.27            Utilities  2026-08-31 53.98   2026-09-01 58.8  8.93 
 PCG                  PG&E Corp  291.15            Utilities  2026-08-31 13.27  2026-09-01 14.06  5.95 
 CNH          CNH Industrial NV  146.55            Machinery  2026-08-31 11.83   2026-09-01 12.5  5.66 
 HPQ                     HP Inc  282.44           Technology  2026-08-31 30.02  2026-09-01 31.32  4.33 
  CF CF Industries Holdings Inc  205.21            Chemicals 2026-08-31 130.03  2026-09-01 135.6  4.28 
  BG            Bunge Global SA  227.08        Food Products 2026-08-31 116.21 2026-09-01 121.04  4.16 
EXEL               Exelixis Inc  140.96        Biotechnology  2026-08-31 54.64  2026-09-01 56.89  4.12 
DLTR            Dollar Tree Inc  243.45               Retail 2026-08-31 126.59 2026-09-01 131.71  4.04 
 ADM  Archer-Daniels-Midland Co  396.60        Food Products  2026-08-31 81.29  2026-09-01 84.55  4.01 
SMMT    Summit Therapeutics Inc  107.26        Biotechnology  2026-08-31 13.62  2026-09-01 14.16  3.96 
 CVS            CVS Health Corp 1248.28          Health Care  2026-08-31 93.91   2026-09-01 97.6  3.93 
CTVA                Corteva Inc  585.33            Chemicals  2026-08-31 84.63  2026-09-01 87.73  3.66 
  BE          Bloom Energy Corp  629.20 Electrical Equipment  2026-08-31 206.3 2026-09-01 213.63  3.55 
  AR      Antero Resources Corp  120.52               Energy  2026-08-31 38.48  2026-09-01 39.81  3.46 
  DG        Dollar General Corp  289.21               Retail 2026-08-31 126.75 2026-09-01 131.09  3.42 
  GH        Guardant Health Inc  220.63          Health Care 2026-08-31 159.02 2026-09-01 164.41  3.39 
  DE                 Deere & Co 1780.31            Machinery 2026-08-31 654.91 2026-09-01 676.08  3.23 
  VG         Venture Global Inc  308.81               Energy  2026-08-31 14.64  2026-09-01 15.11  3.21 
 SRE                     Sempra  550.98            Utilities   2026-08-31 81.7  2026-09-01 84.26  3.13 

=== 市值超过200亿的涨幅榜前20名股票 ===
股票代码              公司名称              市值(亿)           板块                 昨天收盘              今天收盘       涨跌幅(%)
MRNA                   Moderna Inc  556.22        Biotechnology 2026-08-31 140.34 2026-09-01 154.27  9.93 
 EIX          Edison International  226.27            Utilities  2026-08-31 53.98   2026-09-01 58.8  8.93 
 PCG                     PG&E Corp  291.15            Utilities  2026-08-31 13.27  2026-09-01 14.06  5.95 
 HPQ                        HP Inc  282.44           Technology  2026-08-31 30.02  2026-09-01 31.32  4.33 
  CF    CF Industries Holdings Inc  205.21            Chemicals 2026-08-31 130.03  2026-09-01 135.6  4.28 
  BG               Bunge Global SA  227.08        Food Products 2026-08-31 116.21 2026-09-01 121.04  4.16 
DLTR               Dollar Tree Inc  243.45               Retail 2026-08-31 126.59 2026-09-01 131.71  4.04 
 ADM     Archer-Daniels-Midland Co  396.60        Food Products  2026-08-31 81.29  2026-09-01 84.55  4.01 
 CVS               CVS Health Corp 1248.28          Health Care  2026-08-31 93.91   2026-09-01 97.6  3.93 
CTVA                   Corteva Inc  585.33            Chemicals  2026-08-31 84.63  2026-09-01 87.73  3.66 
  BE             Bloom Energy Corp  629.20 Electrical Equipment  2026-08-31 206.3 2026-09-01 213.63  3.55 
  DG           Dollar General Corp  289.21               Retail 2026-08-31 126.75 2026-09-01 131.09  3.42 
  GH           Guardant Health Inc  220.63          Health Care 2026-08-31 159.02 2026-09-01 164.41  3.39 
  DE                    Deere & Co 1780.31            Machinery 2026-08-31 654.91 2026-09-01 676.08  3.23 
  VG            Venture Global Inc  308.81               Energy  2026-08-31 14.64  2026-09-01 15.11  3.21 
 SRE                        Sempra  550.98            Utilities   2026-08-31 81.7  2026-09-01 84.26  3.13 
REGN Regeneron Pharmaceuticals Inc  848.16        Biotechnology 2026-08-31 799.08 2026-09-01 823.82  3.10 
 HUM                    Humana Inc  474.17          Health Care 2026-08-31 383.23 2026-09-01 394.88  3.04 
 APH                 Amphenol Corp 2011.98 Electrical Equipment 2026-08-31 158.55 2026-09-01 163.18  2.92 
 COP                ConocoPhillips 1636.10               Energy 2026-08-31 132.49 2026-09-01 136.19  2.79 

=== 市值超过1000亿的涨跌榜前20名股票 ===
股票代码           公司名称            市值(亿)            板块                 昨天收盘              今天收盘       涨跌幅(%)
 CVS          CVS Health Corp  1248.28          Health Care  2026-08-31 93.91   2026-09-01 97.6  3.93 
  DE               Deere & Co  1780.31            Machinery 2026-08-31 654.91 2026-09-01 676.08  3.23 
 APH            Amphenol Corp  2011.98 Electrical Equipment 2026-08-31 158.55 2026-09-01 163.18  2.92 
 COP           ConocoPhillips  1636.10               Energy 2026-08-31 132.49 2026-09-01 136.19  2.79 
AAPL                Apple Inc 47450.06           Technology 2026-08-31 316.85 2026-09-01 325.13  2.61 
 MPC  Marathon Petroleum Corp  1075.56               Energy 2026-08-31 373.32  2026-09-01 383.0  2.59 
GILD     Gilead Sciences, Inc  1858.94        Biotechnology 2026-08-31 146.34 2026-09-01 149.92  2.45 
 MCK            McKesson Corp  1057.21          Health Care 2026-08-31 885.32 2026-09-01 906.77  2.42 
 CVX             Chevron Corp  4122.74               Energy 2026-08-31 206.14 2026-09-01 211.05  2.38 
 TTE         TotalEnergies SE  1685.97               Energy  2026-08-31 88.31  2026-09-01 90.35  2.31 
 XOM Exxonmobil Holdings Corp  6506.32               Energy 2026-08-31 160.95 2026-09-01 164.55  2.24 
 JNJ        Johnson & Johnson  6535.40      Pharmaceuticals 2026-08-31 265.85 2026-09-01 271.19  2.01 
AMGN                Amgen Inc  2347.69        Biotechnology 2026-08-31 429.88 2026-09-01 438.12  1.92 
 UNH   UnitedHealth Group Inc  3557.17          Health Care 2026-08-31 389.41  2026-09-01 396.3  1.77 
  MO         Altria Group Inc  1161.64              Tobacco  2026-08-31 68.48  2026-09-01 69.57  1.59 
 MDT            Medtronic PLC  1189.68          Health Care  2026-08-31 90.65  2026-09-01 92.04  1.53 
 MRK           Merck & Co Inc  3725.31      Pharmaceuticals 2026-08-31 147.76 2026-09-01 149.86  1.42 
ABBV               AbbVie Inc  4611.29        Biotechnology 2026-08-31 256.42 2026-09-01 259.99  1.39 
 PGR         Progressive Corp  1281.56            Insurance 2026-08-31 218.08 2026-09-01 220.54  1.13 
META       Meta Platforms Inc 14407.80                Media 2026-08-31 572.34 2026-09-01 578.54  1.08 
