
=== 涨幅榜前20名股票 ===
 股票代码                公司名称                市值(亿)               板块                    昨天收盘             今天收盘       涨跌幅(%)
MAXNQ      Maxeon Solar Technologies Ltd  0.00                Semiconductors   2026-10-05 0.0   2026-10-06 0.0 500.00
 APUS     Apimeds Pharmaceuticals US Inc  0.11                 Biotechnology  2026-10-05 4.59  2026-10-06 7.13  55.34
 VCIG                     VCI Global Ltd  0.02         Professional Services  2026-10-05 0.91  2026-10-06 1.41  54.77
AFMDQ                         Affimed NV  0.01                 Biotechnology   2026-10-05 0.0   2026-10-06 0.0  50.00
 IPDN Professional Diversity Network Inc  0.03         Professional Services   2026-10-05 3.1  2026-10-06 4.61  48.71
 OLOX              Olenox Industries Inc  0.02                  Construction  2026-10-05 0.88  2026-10-06 1.25  42.05
 OPCH             Option Care Health Inc 46.43                   Health Care 2026-10-05 23.37  2026-10-06 31.0  32.65
 FRGT           Freight Technologies Inc  0.00    Logistics & Transportation  2026-10-05 0.25  2026-10-06 0.32  31.43
 AIFA  Allied Gaming & Entertainment Inc  0.49 Hotels, Restaurants & Leisure  2026-10-05 5.88  2026-10-06 7.67  30.44
 FOXO              Foxo Technologies Inc  0.00                    Technology   2026-10-05 0.1  2026-10-06 0.13  30.29
 GIBO                  Gibo Holdings Ltd  1.08                         Media 2026-10-05 35.77 2026-10-06 44.44  24.24
 DLXY                Delixy Holdings Ltd  0.08                        Energy  2026-10-05 1.97   2026-10-06 2.4  22.14
 GETY          Getty Images Holdings Inc  0.21                         Media  2026-10-05 0.04  2026-10-06 0.05  21.95
 TANH               Tantech Holdings Ltd  0.11                     Chemicals 2026-10-05 14.02 2026-10-06 16.88  20.40
 JAGX                  Jaguar Health Inc  0.11               Pharmaceuticals  2026-10-05 4.73  2026-10-06 5.62  18.82
 MODD                Modular Medical Inc  0.26                   Health Care   2026-10-05 2.3  2026-10-06 2.73  18.70
 JUNS          Jupiter Neurosciences Inc  0.04               Pharmaceuticals  2026-10-05 2.42  2026-10-06 2.86  18.18
BTAIQ           BioXcel Therapeutics Inc  0.02                 Biotechnology  2026-10-05 0.05  2026-10-06 0.06  18.09
  ITG                            ITG Inc 10.22                  Construction  2026-10-05 6.98  2026-10-06 8.23  17.91
 RMSG                Real Messenger Corp  0.05                   Real Estate  2026-10-05 0.28  2026-10-06 0.32  17.75

=== 市值超过20亿的涨幅榜前20名股票 ===
股票代码             公司名称            市值(亿)           板块                 昨天收盘              今天收盘       涨跌幅(%)
OPCH      Option Care Health Inc  46.43          Health Care  2026-10-05 23.37   2026-10-06 31.0 32.65 
CIEN                  Ciena Corp 629.13       Communications 2026-10-05 389.69 2026-10-06 443.65 13.85 
 TLN           Talen Energy Corp 176.48            Utilities 2026-10-05 331.87 2026-10-06 373.11 12.43 
 VST                 Vistra Corp 464.35            Utilities 2026-10-05 144.89  2026-10-06 160.5 10.77 
 MIR     Mirion Technologies Inc  40.52 Electrical Equipment  2026-10-05 14.92  2026-10-06 16.27  9.05 
FTAI           FTAI Aviation Ltd 184.30  Aerospace & Defense  2026-10-05 164.7 2026-10-06 179.44  8.95 
  PS         Pershing Square Inc 239.00   Financial Services  2026-10-05 54.87  2026-10-06 59.75  8.89 
 LEU         Centrus Energy Corp  31.47               Energy 2026-10-05 141.44 2026-10-06 153.88  8.80 
 AGX                   Argan Inc  58.87         Construction 2026-10-05 387.74 2026-10-06 419.64  8.23 
 UEC         Uranium Energy Corp  50.10               Energy   2026-10-05 9.35  2026-10-06 10.11  8.13 
ASTS         AST SpaceMobile Inc 245.64    Telecommunication  2026-10-05 58.44  2026-10-06 63.12  8.01 
  FN                    Fabrinet 175.29 Electrical Equipment 2026-10-05 453.84 2026-10-06 489.16  7.78 
STRL Sterling Infrastructure Inc 172.42         Construction 2026-10-05 523.33 2026-10-06 563.69  7.71 
ALAB            Astera Labs, Inc 676.24       Semiconductors 2026-10-05 362.34  2026-10-06 389.8  7.58 
NBIS             Nebius Group NV 679.28           Technology 2026-10-05 232.57 2026-10-06 249.87  7.44 
MYRG               MYR Group Inc  50.52         Construction 2026-10-05 302.65 2026-10-06 324.51  7.22 
  XE                X-Energy Inc  69.29 Electrical Equipment  2026-10-05 14.41  2026-10-06 15.45  7.22 
OKLO                    Oklo Inc  71.71            Utilities  2026-10-05 35.97  2026-10-06 38.55  7.17 
INTR              Inter & Co Inc  30.93              Banking   2026-10-05 6.56   2026-10-06 7.03  7.16 
 NRG              NRG Energy Inc 217.78            Utilities   2026-10-05 96.8  2026-10-06 103.6  7.02 

=== 市值超过50亿的涨幅榜前20名股票 ===
股票代码                   公司名称                  市值(亿)           板块                 昨天收盘              今天收盘       涨跌幅(%)
CIEN                              Ciena Corp 629.13       Communications 2026-10-05 389.69 2026-10-06 443.65 13.85 
 TLN                       Talen Energy Corp 176.48            Utilities 2026-10-05 331.87 2026-10-06 373.11 12.43 
 VST                             Vistra Corp 464.35            Utilities 2026-10-05 144.89  2026-10-06 160.5 10.77 
FTAI                       FTAI Aviation Ltd 184.30  Aerospace & Defense  2026-10-05 164.7 2026-10-06 179.44  8.95 
  PS                     Pershing Square Inc 239.00   Financial Services  2026-10-05 54.87  2026-10-06 59.75  8.89 
 AGX                               Argan Inc  58.87         Construction 2026-10-05 387.74 2026-10-06 419.64  8.23 
 UEC                     Uranium Energy Corp  50.10               Energy   2026-10-05 9.35  2026-10-06 10.11  8.13 
ASTS                     AST SpaceMobile Inc 245.64    Telecommunication  2026-10-05 58.44  2026-10-06 63.12  8.01 
  FN                                Fabrinet 175.29 Electrical Equipment 2026-10-05 453.84 2026-10-06 489.16  7.78 
STRL             Sterling Infrastructure Inc 172.42         Construction 2026-10-05 523.33 2026-10-06 563.69  7.71 
ALAB                        Astera Labs, Inc 676.24       Semiconductors 2026-10-05 362.34  2026-10-06 389.8  7.58 
NBIS                         Nebius Group NV 679.28           Technology 2026-10-05 232.57 2026-10-06 249.87  7.44 
MYRG                           MYR Group Inc  50.52         Construction 2026-10-05 302.65 2026-10-06 324.51  7.22 
  XE                            X-Energy Inc  69.29 Electrical Equipment  2026-10-05 14.41  2026-10-06 15.45  7.22 
OKLO                                Oklo Inc  71.71            Utilities  2026-10-05 35.97  2026-10-06 38.55  7.17 
 NRG                          NRG Energy Inc 217.78            Utilities   2026-10-05 96.8  2026-10-06 103.6  7.02 
MTSI MACOM Technology Solutions Holdings Inc 267.81       Semiconductors  2026-10-05 328.3 2026-10-06 350.67  6.81 
NTSK                            Netskope Inc  80.25           Technology  2026-10-05 18.42  2026-10-06 19.64  6.62 
VSAT                              Viasat Inc  96.95       Communications  2026-10-05 69.79  2026-10-06 74.38  6.58 
 CCJ                             Cameco Corp 405.13               Energy  2026-10-05 87.47  2026-10-06 93.02  6.35 

=== 市值超过100亿的涨幅榜前20名股票 ===
 股票代码                   公司名称                   市值(亿)                板块                     昨天收盘               今天收盘        涨跌幅(%)
 CIEN                              Ciena Corp  629.13                Communications  2026-10-05 389.69  2026-10-06 443.65 13.85 
  TLN                       Talen Energy Corp  176.48                     Utilities  2026-10-05 331.87  2026-10-06 373.11 12.43 
  VST                             Vistra Corp  464.35                     Utilities  2026-10-05 144.89   2026-10-06 160.5 10.77 
 FTAI                       FTAI Aviation Ltd  184.30           Aerospace & Defense   2026-10-05 164.7  2026-10-06 179.44  8.95 
   PS                     Pershing Square Inc  239.00            Financial Services   2026-10-05 54.87   2026-10-06 59.75  8.89 
 ASTS                     AST SpaceMobile Inc  245.64             Telecommunication   2026-10-05 58.44   2026-10-06 63.12  8.01 
   FN                                Fabrinet  175.29          Electrical Equipment  2026-10-05 453.84  2026-10-06 489.16  7.78 
 STRL             Sterling Infrastructure Inc  172.42                  Construction  2026-10-05 523.33  2026-10-06 563.69  7.71 
 ALAB                        Astera Labs, Inc  676.24                Semiconductors  2026-10-05 362.34   2026-10-06 389.8  7.58 
 NBIS                         Nebius Group NV  679.28                    Technology  2026-10-05 232.57  2026-10-06 249.87  7.44 
  NRG                          NRG Energy Inc  217.78                     Utilities    2026-10-05 96.8   2026-10-06 103.6  7.02 
 MTSI MACOM Technology Solutions Holdings Inc  267.81                Semiconductors   2026-10-05 328.3  2026-10-06 350.67  6.81 
  CCJ                             Cameco Corp  405.13                        Energy   2026-10-05 87.47   2026-10-06 93.02  6.35 
  FIX                 Comfort Systems USA Inc  639.82                  Construction 2026-10-05 1713.07 2026-10-06 1817.96  6.12 
  FPS            Forgent Power Solutions, Inc  125.88          Electrical Equipment   2026-10-05 38.97   2026-10-06 41.35  6.11 
  EME                         EMCOR Group Inc  363.69                  Construction   2026-10-05 779.2  2026-10-06 824.52  5.82 
 MRVL                  Marvell Technology Inc 2516.79                Semiconductors  2026-10-05 271.25  2026-10-06 287.01  5.81 
   ZS                             Zscaler Inc  239.96                    Technology   2026-10-05 201.8  2026-10-06 212.25  5.18 
  RCL             Royal Caribbean Cruises Ltd  772.35 Hotels, Restaurants & Leisure  2026-10-05 275.03  2026-10-06 288.78  5.00 
DASTF                    Dassault Systemes SE  286.51                    Technology    2026-10-05 23.2    2026-10-06 24.3  4.74 

=== 市值超过200亿的涨幅榜前20名股票 ===
 股票代码                   公司名称                   市值(亿)                板块                     昨天收盘               今天收盘        涨跌幅(%)
 CIEN                              Ciena Corp  629.13                Communications  2026-10-05 389.69  2026-10-06 443.65 13.85 
  VST                             Vistra Corp  464.35                     Utilities  2026-10-05 144.89   2026-10-06 160.5 10.77 
   PS                     Pershing Square Inc  239.00            Financial Services   2026-10-05 54.87   2026-10-06 59.75  8.89 
 ASTS                     AST SpaceMobile Inc  245.64             Telecommunication   2026-10-05 58.44   2026-10-06 63.12  8.01 
 ALAB                        Astera Labs, Inc  676.24                Semiconductors  2026-10-05 362.34   2026-10-06 389.8  7.58 
 NBIS                         Nebius Group NV  679.28                    Technology  2026-10-05 232.57  2026-10-06 249.87  7.44 
  NRG                          NRG Energy Inc  217.78                     Utilities    2026-10-05 96.8   2026-10-06 103.6  7.02 
 MTSI MACOM Technology Solutions Holdings Inc  267.81                Semiconductors   2026-10-05 328.3  2026-10-06 350.67  6.81 
  CCJ                             Cameco Corp  405.13                        Energy   2026-10-05 87.47   2026-10-06 93.02  6.35 
  FIX                 Comfort Systems USA Inc  639.82                  Construction 2026-10-05 1713.07 2026-10-06 1817.96  6.12 
  EME                         EMCOR Group Inc  363.69                  Construction   2026-10-05 779.2  2026-10-06 824.52  5.82 
 MRVL                  Marvell Technology Inc 2516.79                Semiconductors  2026-10-05 271.25  2026-10-06 287.01  5.81 
   ZS                             Zscaler Inc  239.96                    Technology   2026-10-05 201.8  2026-10-06 212.25  5.18 
  RCL             Royal Caribbean Cruises Ltd  772.35 Hotels, Restaurants & Leisure  2026-10-05 275.03  2026-10-06 288.78  5.00 
DASTF                    Dassault Systemes SE  286.51                    Technology    2026-10-05 23.2    2026-10-06 24.3  4.74 
 CSCO                       Cisco Systems Inc 4649.89                Communications  2026-10-05 112.82  2026-10-06 117.94  4.54 
  PEG     Public Service Enterprise Group Inc  357.52                     Utilities   2026-10-05 68.68   2026-10-06 71.73  4.44 
 ADSK                            Autodesk Inc  483.38                    Technology  2026-10-05 221.56  2026-10-06 231.28  4.39 
  CCL                           Carnival Corp  357.40 Hotels, Restaurants & Leisure   2026-10-05 25.56   2026-10-06 26.58  3.99 
  NVT                      nVent Electric PLC  281.31          Electrical Equipment  2026-10-05 167.17   2026-10-06 173.8  3.97 

=== 市值超过1000亿的涨跌榜前20名股票 ===
 股票代码              公司名称              市值(亿)                 板块                     昨天收盘               今天收盘        涨跌幅(%)
 MRVL        Marvell Technology Inc  2516.79                Semiconductors  2026-10-05 271.25  2026-10-06 287.01  5.81 
 CSCO             Cisco Systems Inc  4649.89                Communications  2026-10-05 112.82  2026-10-06 117.94  4.54 
  GEV                GE Vernova Inc  2741.13          Electrical Equipment   2026-10-05 990.0 2026-10-06 1029.21  3.96 
 DELL         Dell Technologies Inc  3649.57                    Technology  2026-10-05 552.29   2026-10-06 574.0  3.93 
 FTNT                  Fortinet Inc  1403.37                    Technology  2026-10-05 184.13  2026-10-06 191.27  3.88 
 LITE         Lumentum Holdings Inc  1016.66                Communications 2026-10-05 1091.67  2026-10-06 1133.4  3.82 
 AVGO                  Broadcom Inc 17939.78                Semiconductors  2026-10-05 362.51  2026-10-06 375.81  3.67 
BNPQF                BNP Paribas SA  1024.67                       Banking   2026-10-05 103.6   2026-10-06 107.3  3.57 
  ETN         Eaton Corporation PLC  1728.73          Electrical Equipment   2026-10-05 432.6  2026-10-06 445.09  2.89 
  AMD    Advanced Micro Devices Inc 10601.62                Semiconductors  2026-10-05 631.75  2026-10-06 649.42  2.80 
  NEE            Nextera Energy Inc  1624.56                     Utilities   2026-10-05 76.28   2026-10-06 77.88  2.10 
   HD                Home Depot Inc  2860.28                        Retail  2026-10-05 281.15  2026-10-06 286.69  1.97 
  TJX             TJX Companies Inc  1507.29                        Retail  2026-10-05 134.41  2026-10-06 137.03  1.95 
 AMZN                Amazon.com Inc 27644.24                        Retail   2026-10-05 251.4  2026-10-06 256.29  1.95 
  CAT               Caterpillar Inc  3969.02                     Machinery  2026-10-05 848.14  2026-10-06 863.44  1.80 
 SBUX                Starbucks Corp  1095.65 Hotels, Restaurants & Leisure   2026-10-05 94.43   2026-10-06 96.11  1.78 
 NFLX                   Netflix Inc  2860.21                         Media    2026-10-05 67.5   2026-10-06 68.69  1.76 
  MRK                Merck & Co Inc  3501.90               Pharmaceuticals  2026-10-05 139.54  2026-10-06 141.94  1.72 
 IBKR Interactive Brokers Group Inc  1536.44            Financial Services   2026-10-05 89.05   2026-10-06 90.58  1.72 
   PG           Procter & Gamble Co  3447.08             Consumer products  2026-10-05 145.94  2026-10-06 148.41  1.69 
