
=== 涨幅榜前20名股票 ===
 股票代码                  公司名称                 市值(亿)                板块                      昨天收盘             今天收盘       涨跌幅(%)
IOBTQ                        IO Biotech Inc  0.00                    Biotechnology   2026-09-30 0.0   2026-10-01 0.0 100.00
  NXL                Nexalin Technology Inc  0.06                      Health Care  2026-09-30 4.28  2026-10-01 7.55  76.40
 MEHA                 Functional Brands Inc  0.00                Consumer products   2026-09-30 0.0  2026-10-01 0.01  63.04
 VEEA                              Veea Inc  0.11                       Technology  2026-09-30 2.17  2026-10-01 3.47  59.91
 XRPN            Armada Acquisition Corp II  3.30                              N/A  2026-09-30 16.4 2026-10-01 23.43  42.87
 SDEV           Stablecoin Development Corp  1.89                  Pharmaceuticals  2026-09-30 2.59  2026-10-01 3.66  41.31
  SES                           SES AI Corp  3.03             Electrical Equipment   2026-09-30 0.6  2026-10-01 0.82  36.00
 BIRD                          Allbirds Inc  0.41 Textiles, Apparel & Luxury Goods  2026-09-30 2.61  2026-10-01 3.49  33.72
  QSI                        Quantum-Si Inc  3.13   Life Sciences Tools & Services  2026-09-30 1.07  2026-10-01 1.43  33.64
 MEDS                Wellgistics Health Inc  0.13                      Health Care  2026-09-30 3.17  2026-10-01 4.06  28.08
  EJH E-Home Household Service Holdings Ltd  0.06    Diversified Consumer Services  2026-09-30 1.42  2026-10-01 1.79  26.06
 NCPL                        Netcapital Inc  0.12               Financial Services  2026-09-30 1.24  2026-10-01 1.55  25.00
 LONA                          LeonaBio Inc  0.41                  Pharmaceuticals  2026-09-30 3.57  2026-10-01 4.38  22.69
 ILLR                     Triller Group Inc  0.06               Financial Services  2026-09-30 0.23  2026-10-01 0.28  20.43
 INSG                          Inseego Corp  0.72                   Communications  2026-09-30 3.66  2026-10-01 4.37  19.40
 AISP               Airship AI Holdings Inc  0.76                       Technology  2026-09-30 1.86  2026-10-01 2.22  19.35
  MAT                            Mattel Inc 42.97                 Leisure Products 2026-09-30 12.66 2026-10-01 15.04  18.80
 ATOS               Atossa Therapeutics Inc  0.23                    Biotechnology  2026-09-30 1.95  2026-10-01 2.27  16.41
 HRTX                Heron Therapeutics Inc  0.68                    Biotechnology  2026-09-30 0.31  2026-10-01 0.36  16.13
 OXBR              Oxbridge Re Holdings Ltd  0.09                        Insurance  2026-09-30 0.98  2026-10-01 1.13  15.90

=== 市值超过20亿的涨幅榜前20名股票 ===
股票代码                 公司名称                 市值(亿)            板块                 昨天收盘              今天收盘        涨跌幅(%)
 MAT                          Mattel Inc   42.97      Leisure Products  2026-09-30 12.66   2026-10-01 15.04 18.80 
 ACN                       Accenture PLC 1299.15            Technology 2026-09-30 183.37   2026-10-01 212.3 15.78 
FICO                     Fair Isaac Corp  142.92            Technology 2026-09-30 592.47  2026-10-01 661.75 11.69 
COHR                       Coherent Corp  625.08  Electrical Equipment 2026-09-30 287.81  2026-10-01 319.19 10.90 
INOD                        Innodata Inc   24.70 Professional Services  2026-09-30 65.76   2026-10-01 71.85  9.26 
LITE               Lumentum Holdings Inc  938.06        Communications 2026-09-30 971.26 2026-10-01 1045.78  7.67 
  KD                Kyndryl Holdings Inc   26.40            Technology  2026-09-30 11.26   2026-10-01 12.12  7.64 
  UI                        Ubiquiti Inc  369.01        Communications 2026-09-30 567.53  2026-10-01 609.64  7.42 
EXPO                        Exponent Inc   33.23 Professional Services  2026-09-30 65.42    2026-10-01 69.9  6.85 
VIAV                 Viavi Solutions Inc  110.49        Communications  2026-09-30 41.92   2026-10-01 44.78  6.82 
VICR                          Vicor Corp  142.28  Electrical Equipment 2026-09-30 288.94  2026-10-01 308.59  6.80 
 GPI              Group 1 Automotive Inc   30.60                Retail 2026-09-30 240.44   2026-10-01 256.7  6.76 
 CVI                      CVR Energy Inc   54.65                Energy  2026-09-30 50.99   2026-10-01 54.36  6.61 
   U                  Unity Software Inc  191.92            Technology  2026-09-30 40.93   2026-10-01 43.61  6.55 
FRVO                     Fervo Energy Co   42.62             Utilities  2026-09-30 13.59   2026-10-01 14.46  6.40 
  FN                            Fabrinet  161.77  Electrical Equipment 2026-09-30 424.27  2026-10-01 451.44  6.40 
CDNS          Cadence Design Systems Inc  965.89            Technology 2026-09-30 330.19  2026-10-01 350.73  6.22 
TSEM             Tower Semiconductor Ltd  272.25        Semiconductors 2026-09-30 227.43   2026-10-01 241.3  6.10 
CTSH Cognizant Technology Solutions Corp  274.23            Technology  2026-09-30 57.44   2026-10-01 60.88  5.99 
ASAN                           Asana Inc   20.45            Technology   2026-09-30 8.43    2026-10-01 8.93  5.93 

=== 市值超过50亿的涨幅榜前20名股票 ===
股票代码                   公司名称                   市值(亿)           板块                 昨天收盘              今天收盘        涨跌幅(%)
 ACN                           Accenture PLC 1299.15           Technology 2026-09-30 183.37   2026-10-01 212.3 15.78 
FICO                         Fair Isaac Corp  142.92           Technology 2026-09-30 592.47  2026-10-01 661.75 11.69 
COHR                           Coherent Corp  625.08 Electrical Equipment 2026-09-30 287.81  2026-10-01 319.19 10.90 
LITE                   Lumentum Holdings Inc  938.06       Communications 2026-09-30 971.26 2026-10-01 1045.78  7.67 
  UI                            Ubiquiti Inc  369.01       Communications 2026-09-30 567.53  2026-10-01 609.64  7.42 
VIAV                     Viavi Solutions Inc  110.49       Communications  2026-09-30 41.92   2026-10-01 44.78  6.82 
VICR                              Vicor Corp  142.28 Electrical Equipment 2026-09-30 288.94  2026-10-01 308.59  6.80 
 CVI                          CVR Energy Inc   54.65               Energy  2026-09-30 50.99   2026-10-01 54.36  6.61 
   U                      Unity Software Inc  191.92           Technology  2026-09-30 40.93   2026-10-01 43.61  6.55 
  FN                                Fabrinet  161.77 Electrical Equipment 2026-09-30 424.27  2026-10-01 451.44  6.40 
CDNS              Cadence Design Systems Inc  965.89           Technology 2026-09-30 330.19  2026-10-01 350.73  6.22 
TSEM                 Tower Semiconductor Ltd  272.25       Semiconductors 2026-09-30 227.43   2026-10-01 241.3  6.10 
CTSH     Cognizant Technology Solutions Corp  274.23           Technology  2026-09-30 57.44   2026-10-01 60.88  5.99 
MTSI MACOM Technology Solutions Holdings Inc  230.36       Semiconductors 2026-09-30 284.82  2026-10-01 301.63  5.90 
 SNX                          TD Synnex Corp  217.30 Electrical Equipment 2026-09-30 256.85  2026-10-01 271.76  5.80 
MTRN                           Materion Corp   59.41      Metals & Mining 2026-09-30 269.59  2026-10-01 285.14  5.77 
GTLB                              GitLab Inc   83.22           Technology  2026-09-30 47.25   2026-10-01 49.95  5.71 
UTHR                United Therapeutics Corp  245.07        Biotechnology 2026-09-30 541.89  2026-10-01 571.38  5.44 
 MCK                           McKesson Corp 1047.94          Health Care 2026-09-30 853.81  2026-10-01 898.82  5.27 
DINO                        HF Sinclair Corp  200.36               Energy 2026-09-30 107.32   2026-10-01 112.7  5.01 

=== 市值超过100亿的涨幅榜前20名股票 ===
股票代码                   公司名称                   市值(亿)           板块                 昨天收盘              今天收盘        涨跌幅(%)
 ACN                           Accenture PLC 1299.15           Technology 2026-09-30 183.37   2026-10-01 212.3 15.78 
FICO                         Fair Isaac Corp  142.92           Technology 2026-09-30 592.47  2026-10-01 661.75 11.69 
COHR                           Coherent Corp  625.08 Electrical Equipment 2026-09-30 287.81  2026-10-01 319.19 10.90 
LITE                   Lumentum Holdings Inc  938.06       Communications 2026-09-30 971.26 2026-10-01 1045.78  7.67 
  UI                            Ubiquiti Inc  369.01       Communications 2026-09-30 567.53  2026-10-01 609.64  7.42 
VIAV                     Viavi Solutions Inc  110.49       Communications  2026-09-30 41.92   2026-10-01 44.78  6.82 
VICR                              Vicor Corp  142.28 Electrical Equipment 2026-09-30 288.94  2026-10-01 308.59  6.80 
   U                      Unity Software Inc  191.92           Technology  2026-09-30 40.93   2026-10-01 43.61  6.55 
  FN                                Fabrinet  161.77 Electrical Equipment 2026-09-30 424.27  2026-10-01 451.44  6.40 
CDNS              Cadence Design Systems Inc  965.89           Technology 2026-09-30 330.19  2026-10-01 350.73  6.22 
TSEM                 Tower Semiconductor Ltd  272.25       Semiconductors 2026-09-30 227.43   2026-10-01 241.3  6.10 
CTSH     Cognizant Technology Solutions Corp  274.23           Technology  2026-09-30 57.44   2026-10-01 60.88  5.99 
MTSI MACOM Technology Solutions Holdings Inc  230.36       Semiconductors 2026-09-30 284.82  2026-10-01 301.63  5.90 
 SNX                          TD Synnex Corp  217.30 Electrical Equipment 2026-09-30 256.85  2026-10-01 271.76  5.80 
UTHR                United Therapeutics Corp  245.07        Biotechnology 2026-09-30 541.89  2026-10-01 571.38  5.44 
 MCK                           McKesson Corp 1047.94          Health Care 2026-09-30 853.81  2026-10-01 898.82  5.27 
DINO                        HF Sinclair Corp  200.36               Energy 2026-09-30 107.32   2026-10-01 112.7  5.01 
 IOT                             Samsara Inc  234.48           Technology  2026-09-30 38.13   2026-10-01 40.04  5.01 
  NU                        Nu Holdings Ltd.  641.97              Banking  2026-09-30 12.66   2026-10-01 13.29  4.98 
MSTR                            Strategy Inc  616.68           Technology 2026-09-30 153.09   2026-10-01 160.5  4.84 

=== 市值超过200亿的涨幅榜前20名股票 ===
股票代码                   公司名称                   市值(亿)           板块                 昨天收盘              今天收盘        涨跌幅(%)
 ACN                           Accenture PLC 1299.15           Technology 2026-09-30 183.37   2026-10-01 212.3 15.78 
COHR                           Coherent Corp  625.08 Electrical Equipment 2026-09-30 287.81  2026-10-01 319.19 10.90 
LITE                   Lumentum Holdings Inc  938.06       Communications 2026-09-30 971.26 2026-10-01 1045.78  7.67 
  UI                            Ubiquiti Inc  369.01       Communications 2026-09-30 567.53  2026-10-01 609.64  7.42 
CDNS              Cadence Design Systems Inc  965.89           Technology 2026-09-30 330.19  2026-10-01 350.73  6.22 
TSEM                 Tower Semiconductor Ltd  272.25       Semiconductors 2026-09-30 227.43   2026-10-01 241.3  6.10 
CTSH     Cognizant Technology Solutions Corp  274.23           Technology  2026-09-30 57.44   2026-10-01 60.88  5.99 
MTSI MACOM Technology Solutions Holdings Inc  230.36       Semiconductors 2026-09-30 284.82  2026-10-01 301.63  5.90 
 SNX                          TD Synnex Corp  217.30 Electrical Equipment 2026-09-30 256.85  2026-10-01 271.76  5.80 
UTHR                United Therapeutics Corp  245.07        Biotechnology 2026-09-30 541.89  2026-10-01 571.38  5.44 
 MCK                           McKesson Corp 1047.94          Health Care 2026-09-30 853.81  2026-10-01 898.82  5.27 
DINO                        HF Sinclair Corp  200.36               Energy 2026-09-30 107.32   2026-10-01 112.7  5.01 
 IOT                             Samsara Inc  234.48           Technology  2026-09-30 38.13   2026-10-01 40.04  5.01 
  NU                        Nu Holdings Ltd.  641.97              Banking  2026-09-30 12.66   2026-10-01 13.29  4.98 
MSTR                            Strategy Inc  616.68           Technology 2026-09-30 153.09   2026-10-01 160.5  4.84 
 OXY               Occidental Petroleum Corp  578.19               Energy  2026-09-30 55.32   2026-10-01 57.84  4.56 
 JBL                               Jabil Inc  314.14 Electrical Equipment 2026-09-30 286.86  2026-10-01 299.79  4.51 
  ON                   ON Semiconductor Corp  311.76       Semiconductors  2026-09-30 76.87   2026-10-01 80.08  4.18 
 RKT                    Rocket Companies Inc  338.95   Financial Services  2026-09-30 11.51   2026-10-01 11.97  4.00 
 GEV                          GE Vernova Inc 2629.91 Electrical Equipment 2026-09-30 950.49  2026-10-01 987.45  3.89 

=== 市值超过1000亿的涨跌榜前20名股票 ===
 股票代码            公司名称             市值(亿)                板块                     昨天收盘               今天收盘        涨跌幅(%)
  ACN              Accenture PLC 1299.15                    Technology  2026-09-30 183.37   2026-10-01 212.3 15.78 
  MCK              McKesson Corp 1047.94                   Health Care  2026-09-30 853.81  2026-10-01 898.82  5.27 
  GEV             GE Vernova Inc 2629.91          Electrical Equipment  2026-09-30 950.49  2026-10-01 987.45  3.89 
 LRCX          Lam Research Corp 4256.09                Semiconductors  2026-09-30 328.51   2026-10-01 340.1  3.53 
 AMAT      Applied Materials Inc 4200.51                Semiconductors  2026-09-30 511.38   2026-10-01 529.3  3.50 
  PSX                Phillips 66 1054.33                        Energy  2026-09-30 255.31  2026-10-01 264.23  3.49 
 KLAC                   KLA Corp 2614.32                Semiconductors  2026-09-30 194.93  2026-10-01 200.33  2.77 
  CAT            Caterpillar Inc 3798.52                     Machinery  2026-09-30 810.79  2026-10-01 826.35  1.92 
ASMLF            ASML Holding NV 6099.53                Semiconductors 2026-09-30 1783.45 2026-10-01 1817.55  1.91 
  PGR           Progressive Corp 1225.89                     Insurance  2026-09-30 207.21  2026-10-01 210.96  1.81 
  ETN      Eaton Corporation PLC 1698.40          Electrical Equipment  2026-09-30 429.71  2026-10-01 437.28  1.76 
  APH              Amphenol Corp 2112.59          Electrical Equipment    2026-09-30 84.3   2026-10-01 85.67  1.63 
 PLTR  Palantir Technologies Inc 4566.77                    Technology  2026-09-30 187.05  2026-10-01 190.04  1.60 
   TT     Trane Technologies PLC 1009.77                      Building  2026-09-30 451.98  2026-10-01 458.94  1.54 
  COP             ConocoPhillips 1526.42                        Energy  2026-09-30 125.15  2026-10-01 127.06  1.53 
   PH       Parker-Hannifin Corp 1218.09                     Machinery  2026-09-30 955.42  2026-10-01 965.88  1.09 
 SBUX             Starbucks Corp 1081.63 Hotels, Restaurants & Leisure   2026-09-30 93.96   2026-10-01 94.88  0.98 
 SPOT      Spotify Technology SA 1011.71                         Media  2026-09-30 487.38   2026-10-01 491.4  0.82 
  NEE         Nextera Energy Inc 1592.64                     Utilities   2026-09-30 75.74   2026-10-01 76.35  0.81 
  COF Capital One Financial Corp 1193.11            Financial Services  2026-09-30 193.07  2026-10-01 194.48  0.73 
