
=== 涨幅榜前20名股票 ===
 股票代码                公司名称               市值(亿)                 板块                       昨天收盘              今天收盘       涨跌幅(%)
 NCRA                        Nocera Inc   0.02                     Construction   2026-07-28 1.43   2026-07-29 3.12 118.18
 DFNS                    T3 Defense Inc   0.24                       Technology   2026-07-28 24.0  2026-07-29 50.22 109.25
 SPRC                      Scisparc Ltd   0.03                  Pharmaceuticals   2026-07-28 5.33   2026-07-29 9.09  70.54
 AMIX             Autonomix Medical Inc   0.01                      Health Care   2026-07-28 2.75   2026-07-29 4.57  66.18
 GSUN   Golden Sun Technology Group Ltd   0.02    Diversified Consumer Services   2026-07-28 0.19   2026-07-29 0.32  65.74
 AGRZ                         Agroz Inc   0.05                     Construction   2026-07-28 0.22   2026-07-29 0.34  54.45
 BNBX                     BNB Plus Corp   0.01   Life Sciences Tools & Services   2026-07-28 0.09   2026-07-29 0.13  48.11
 HURN        Huron Consulting Group Inc  19.68            Professional Services 2026-07-28 121.37 2026-07-29 170.37  40.37
 OCEA              Ocean Biomedical Inc   0.00                    Biotechnology    2026-07-28 0.0    2026-07-29 0.0  33.33
 STFS Star Fashion Culture Holdings Ltd   0.04                            Media   2026-07-28 3.63   2026-07-29 4.78  31.68
 VIVK                       Vivakor Inc   0.01                           Energy   2026-07-28 1.94    2026-07-29 2.4  23.71
 SKYQ                    Sky Quarry Inc   0.18                           Energy   2026-07-28 3.67   2026-07-29 4.51  22.89
 MPLT         MapLight Therapeutics Inc   5.25                    Biotechnology  2026-07-28 12.31  2026-07-29 15.02  22.01
 VRRM               Verra Mobility Corp   6.35            Professional Services   2026-07-28 4.18    2026-07-29 5.1  22.01
 PHOE         Phoenix Asia Holdings Ltd   3.73                     Construction  2026-07-28 17.28  2026-07-29 21.01  21.59
PPRUF                         Kering SA 307.08 Textiles, Apparel & Luxury Goods 2026-07-28 279.64  2026-07-29 340.0  21.58
 MANH          Manhattan Associates Inc  99.50                       Technology 2026-07-28 168.17 2026-07-29 204.02  21.32
 ZCAR              Zoomcar Holdings Inc   0.00                      Road & Rail    2026-07-28 0.1   2026-07-29 0.12  20.00
  DCX Digital Currency X Technology Inc   0.21                      Automobiles    2026-07-28 0.9   2026-07-29 1.08  19.73
  LAD                 Lithia Motors Inc  81.72                           Retail 2026-07-28 358.31 2026-07-29 427.48  19.30

=== 市值超过20亿的涨幅榜前20名股票 ===
 股票代码                 公司名称                市值(亿)                 板块                       昨天收盘              今天收盘       涨跌幅(%)
PPRUF                           Kering SA 307.08 Textiles, Apparel & Luxury Goods 2026-07-28 279.64  2026-07-29 340.0 21.58 
 MANH            Manhattan Associates Inc  99.50                       Technology 2026-07-28 168.17 2026-07-29 204.02 21.32 
  LAD                   Lithia Motors Inc  81.72                           Retail 2026-07-28 358.31 2026-07-29 427.48 19.30 
 EXLS             Exlservice Holdings Inc  46.64            Professional Services  2026-07-28 30.53  2026-07-29 35.99 17.88 
  CBZ                            CBIZ Inc  25.05            Professional Services   2026-07-28 46.7   2026-07-29 54.9 17.56 
 GRMN                          Garmin Ltd 489.18                Consumer products 2026-07-28 253.65 2026-07-29 294.83 16.23 
 AVTR                         Avantor Inc  84.80   Life Sciences Tools & Services  2026-07-28 12.42  2026-07-29 14.38 15.78 
 CAKE              Cheesecake Factory Inc  44.22    Hotels, Restaurants & Leisure  2026-07-28 89.01 2026-07-29 101.14 13.63 
 GEHC      GE Healthcare Technologies Inc 291.63                      Health Care  2026-07-28 64.11   2026-07-29 71.9 12.15 
BICEF                      Societe BIC SA  25.05   Commercial Services & Supplies   2026-07-28 63.6  2026-07-29 70.91 11.49 
 MBIN                   Merchants Bancorp  22.40               Financial Services  2026-07-28 48.77  2026-07-29 54.28 11.30 
 CTSH Cognizant Technology Solutions Corp 238.40                       Technology  2026-07-28 50.31  2026-07-29 55.97 11.25 
PROSF                           Prosus NV 768.65                           Retail  2026-07-28 40.63   2026-07-29 45.0 10.76 
   NP      Neptune Insurance Holdings Inc  43.75                        Insurance  2026-07-28 31.88  2026-07-29 35.11 10.13 
TLPFF                  Teleperformance SE  35.92            Professional Services  2026-07-28 64.18  2026-07-29 70.63 10.05 
LBRDB              Liberty Broadband Corp  47.16                            Media   2026-07-28 31.0  2026-07-29 34.11 10.03 
 QURE                          Uniqure NV  24.93                    Biotechnology  2026-07-28 36.66  2026-07-29 40.07  9.30 
  YOU                    Clear Secure Inc  70.51                       Technology  2026-07-28 53.84  2026-07-29 58.39  8.45 
  SAH                Sonic Automotive Inc  33.09                           Retail 2026-07-28 104.69 2026-07-29 112.66  7.61 
  PAY              Paymentus Holdings Inc  42.94               Financial Services  2026-07-28 34.14   2026-07-29 36.7  7.50 

=== 市值超过50亿的涨幅榜前20名股票 ===
 股票代码                 公司名称                 市值(亿)                 板块                       昨天收盘              今天收盘       涨跌幅(%)
PPRUF                           Kering SA  307.08 Textiles, Apparel & Luxury Goods 2026-07-28 279.64  2026-07-29 340.0 21.58 
 MANH            Manhattan Associates Inc   99.50                       Technology 2026-07-28 168.17 2026-07-29 204.02 21.32 
  LAD                   Lithia Motors Inc   81.72                           Retail 2026-07-28 358.31 2026-07-29 427.48 19.30 
 GRMN                          Garmin Ltd  489.18                Consumer products 2026-07-28 253.65 2026-07-29 294.83 16.23 
 AVTR                         Avantor Inc   84.80   Life Sciences Tools & Services  2026-07-28 12.42  2026-07-29 14.38 15.78 
 GEHC      GE Healthcare Technologies Inc  291.63                      Health Care  2026-07-28 64.11   2026-07-29 71.9 12.15 
 CTSH Cognizant Technology Solutions Corp  238.40                       Technology  2026-07-28 50.31  2026-07-29 55.97 11.25 
PROSF                           Prosus NV  768.65                           Retail  2026-07-28 40.63   2026-07-29 45.0 10.76 
  YOU                    Clear Secure Inc   70.51                       Technology  2026-07-28 53.84  2026-07-29 58.39  8.45 
  CLH                   Clean Harbors Inc  160.48   Commercial Services & Supplies 2026-07-28 303.67 2026-07-29 326.34  7.47 
 TTAN                    ServiceTitan Inc   80.34                       Technology  2026-07-28 78.39  2026-07-29 84.22  7.44 
 MAAS                           Maase Inc   75.61                        Insurance   2026-07-28 17.1  2026-07-29 18.36  7.37 
   VG                  Venture Global Inc  324.21                           Energy  2026-07-28 12.17  2026-07-29 13.05  7.23 
   SM                        SM Energy Co   71.09                           Energy  2026-07-28 29.65  2026-07-29 31.72  6.98 
  MGY             Magnolia Oil & Gas Corp   55.45                           Energy   2026-07-28 23.4  2026-07-29 25.03  6.97 
LRLCF                          L'Oreal SA 2033.31                Consumer products  2026-07-28 421.2  2026-07-29 450.0  6.84 
 GKOS                        Glaukos Corp   88.88                      Health Care 2026-07-28 151.33 2026-07-29 161.66  6.83 
 EPAM                    Epam Systems Inc   52.45                       Technology  2026-07-28 100.4 2026-07-29 106.89  6.46 
 INTU                          Intuit Inc  856.14                       Technology 2026-07-28 312.99 2026-07-29 333.13  6.43 
 MMYT                      MakeMyTrip Ltd   53.75    Hotels, Restaurants & Leisure  2026-07-28 53.72  2026-07-29 57.15  6.38 

=== 市值超过100亿的涨幅榜前20名股票 ===
 股票代码                 公司名称                 市值(亿)                 板块                       昨天收盘              今天收盘       涨跌幅(%)
PPRUF                           Kering SA  307.08 Textiles, Apparel & Luxury Goods 2026-07-28 279.64  2026-07-29 340.0 21.58 
 GRMN                          Garmin Ltd  489.18                Consumer products 2026-07-28 253.65 2026-07-29 294.83 16.23 
 GEHC      GE Healthcare Technologies Inc  291.63                      Health Care  2026-07-28 64.11   2026-07-29 71.9 12.15 
 CTSH Cognizant Technology Solutions Corp  238.40                       Technology  2026-07-28 50.31  2026-07-29 55.97 11.25 
PROSF                           Prosus NV  768.65                           Retail  2026-07-28 40.63   2026-07-29 45.0 10.76 
  CLH                   Clean Harbors Inc  160.48   Commercial Services & Supplies 2026-07-28 303.67 2026-07-29 326.34  7.47 
   VG                  Venture Global Inc  324.21                           Energy  2026-07-28 12.17  2026-07-29 13.05  7.23 
LRLCF                          L'Oreal SA 2033.31                Consumer products  2026-07-28 421.2  2026-07-29 450.0  6.84 
 INTU                          Intuit Inc  856.14                       Technology 2026-07-28 312.99 2026-07-29 333.13  6.43 
   IT                         Gartner Inc  104.34                       Technology 2026-07-28 155.84 2026-07-29 165.65  6.29 
 ADBE                           Adobe Inc  990.49                       Technology 2026-07-28 249.18 2026-07-29 263.43  5.72 
 HUBS                         HubSpot Inc  121.92                       Technology 2026-07-28 238.05 2026-07-29 251.12  5.49 
 DDOG   Datadog Inc (Pre-Reincorporation)  893.03                       Technology 2026-07-28 250.88  2026-07-29 264.2  5.31 
  ACN                       Accenture PLC 1007.62                       Technology 2026-07-28 164.66 2026-07-29 173.17  5.17 
   PR              Permian Resources Corp  165.20                           Energy  2026-07-28 19.73  2026-07-29 20.75  5.17 
  APA                       APA Corp (US)  123.47                           Energy  2026-07-28 34.93   2026-07-29 36.7  5.07 
 FANG              Diamondback Energy Inc  560.18                           Energy 2026-07-28 190.31 2026-07-29 199.13  4.63 
  EOG                   EOG Resources Inc  743.76                           Energy 2026-07-28 139.64 2026-07-29 145.94  4.51 
  APH                       Amphenol Corp 1769.69             Electrical Equipment 2026-07-28 143.85 2026-07-29 150.31  4.49 
  EXE                  Expand Energy Corp  211.77                           Energy  2026-07-28 88.52  2026-07-29 92.46  4.45 

=== 市值超过200亿的涨幅榜前20名股票 ===
 股票代码                    公司名称                     市值(亿)                 板块                       昨天收盘              今天收盘       涨跌幅(%)
PPRUF                                  Kering SA  307.08 Textiles, Apparel & Luxury Goods 2026-07-28 279.64  2026-07-29 340.0 21.58 
 GRMN                                 Garmin Ltd  489.18                Consumer products 2026-07-28 253.65 2026-07-29 294.83 16.23 
 GEHC             GE Healthcare Technologies Inc  291.63                      Health Care  2026-07-28 64.11   2026-07-29 71.9 12.15 
 CTSH        Cognizant Technology Solutions Corp  238.40                       Technology  2026-07-28 50.31  2026-07-29 55.97 11.25 
PROSF                                  Prosus NV  768.65                           Retail  2026-07-28 40.63   2026-07-29 45.0 10.76 
   VG                         Venture Global Inc  324.21                           Energy  2026-07-28 12.17  2026-07-29 13.05  7.23 
LRLCF                                 L'Oreal SA 2033.31                Consumer products  2026-07-28 421.2  2026-07-29 450.0  6.84 
 INTU                                 Intuit Inc  856.14                       Technology 2026-07-28 312.99 2026-07-29 333.13  6.43 
 ADBE                                  Adobe Inc  990.49                       Technology 2026-07-28 249.18 2026-07-29 263.43  5.72 
 DDOG          Datadog Inc (Pre-Reincorporation)  893.03                       Technology 2026-07-28 250.88  2026-07-29 264.2  5.31 
  ACN                              Accenture PLC 1007.62                       Technology 2026-07-28 164.66 2026-07-29 173.17  5.17 
 FANG                     Diamondback Energy Inc  560.18                           Energy 2026-07-28 190.31 2026-07-29 199.13  4.63 
  EOG                          EOG Resources Inc  743.76                           Energy 2026-07-28 139.64 2026-07-29 145.94  4.51 
  APH                              Amphenol Corp 1769.69             Electrical Equipment 2026-07-28 143.85 2026-07-29 150.31  4.49 
  EXE                         Expand Energy Corp  211.77                           Energy  2026-07-28 88.52  2026-07-29 92.46  4.45 
  ROP                     Roper Technologies Inc  394.51                       Technology 2026-07-28 390.92 2026-07-29 408.07  4.39 
 TEAM                             Atlassian Corp  253.72                       Technology  2026-07-28 99.98 2026-07-29 104.28  4.30 
  DVN                          Devon Energy Corp  512.80                           Energy  2026-07-28 42.66  2026-07-29 44.46  4.22 
  FIS Fidelity National Information Services Inc  232.23               Financial Services  2026-07-28 44.93  2026-07-29 46.81  4.18 
 MDLZ                 Mondelez International Inc  802.02                    Food Products  2026-07-28 62.48  2026-07-29 64.99  4.02 

=== 市值超过1000亿的涨跌榜前20名股票 ===
 股票代码               公司名称               市值(亿)                 板块                     昨天收盘              今天收盘       涨跌幅(%)
LRLCF                      L'Oreal SA  2033.31             Consumer products  2026-07-28 421.2  2026-07-29 450.0  6.84 
  ACN                   Accenture PLC  1007.62                    Technology 2026-07-28 164.66 2026-07-29 173.17  5.17 
  APH                   Amphenol Corp  1769.69          Electrical Equipment 2026-07-28 143.85 2026-07-29 150.31  4.49 
  CRM                  Salesforce Inc  1542.83                    Technology  2026-07-28 181.5 2026-07-29 188.38  3.79 
  ADP   Automatic Data Processing Inc  1055.98         Professional Services 2026-07-28 264.17 2026-07-29 273.37  3.48 
  COP                  ConocoPhillips  1390.07                        Energy  2026-07-28 114.1 2026-07-29 118.06  3.47 
  TTE                TotalEnergies SE  1646.91                        Energy  2026-07-28 84.18  2026-07-29 86.75  3.05 
 SPOT           Spotify Technology SA  1053.21                         Media 2026-07-28 511.56 2026-07-29 524.01  2.43 
  STX Seagate Technology Holdings PLC  1675.66                    Technology  2026-07-28 747.3 2026-07-29 764.43  2.29 
  CVX                    Chevron Corp  3735.84                        Energy 2026-07-28 187.58 2026-07-29 191.86  2.28 
 FTNT                    Fortinet Inc  1098.83                    Technology 2026-07-28 149.98 2026-07-29 153.22  2.16 
 NFLX                     Netflix Inc  3014.28                         Media  2026-07-28 72.39  2026-07-29 73.63  1.71 
  SYK                    Stryker Corp  1328.73                   Health Care  2026-07-28 346.6 2026-07-29 352.25  1.63 
 SBUX                  Starbucks Corp  1186.88 Hotels, Restaurants & Leisure  2026-07-28 103.1 2026-07-29 104.14  1.01 
 BKNG            Booking Holdings Inc  1544.41 Hotels, Restaurants & Leisure 2026-07-28 199.31  2026-07-29 201.3  1.00 
 GOOG                    Alphabet Inc 40627.72                         Media  2026-07-28 332.6 2026-07-29 335.76  0.95 
   KO                    Coca-Cola Co  3797.80                     Beverages  2026-07-28 88.27  2026-07-29 89.08  0.92 
GOOGL                    Alphabet Inc 40627.72                         Media 2026-07-28 333.71 2026-07-29 336.71  0.90 
 COST           Costco Wholesale Corp  4286.58                        Retail 2026-07-28 966.58 2026-07-29 974.03  0.77 
  MDT                   Medtronic PLC  1112.10                   Health Care  2026-07-28 86.88  2026-07-29 87.54  0.76 
