
=== 涨幅榜前20名股票 ===
 股票代码                         公司名称                         市值(亿)                板块                       昨天收盘             今天收盘       涨跌幅(%)
 IPST                             IP Strategy Holdings Inc  0.02                        Beverages    2026-08-14 2.2  2026-08-17 7.39 235.91
 OSRH                                     OSR Holdings Inc  0.11                    Biotechnology   2026-08-14 0.32  2026-08-17 0.59  86.71
 TRUG                                 Trugolf Holdings Inc  0.01                            Media   2026-08-14 0.97  2026-08-17 1.54  58.76
  IVF                                   INVO Fertility Inc  0.02                      Health Care   2026-08-14 0.97  2026-08-17 1.53  57.41
 CDTG CDT Environmental Technology Investment Holdings Ltd  0.06   Commercial Services & Supplies   2026-08-14 2.09   2026-08-17 2.8  33.97
  SLE                          Super League Enterprise Inc  0.03                            Media   2026-08-14 2.27  2026-08-17 3.02  33.04
 GRNQ                                GreenPro Capital Corp  0.14               Financial Services   2026-08-14 7.65 2026-08-17 10.04  31.24
 RETO                               ReTo Eco-Solutions Inc  0.47                     Construction   2026-08-14 1.28  2026-08-17 1.67  30.47
 NVVE                                   Nuvve Holding Corp  0.01             Electrical Equipment   2026-08-14 1.12  2026-08-17 1.46  30.01
 AGPU                                      Axe Compute Inc  0.96                      Health Care   2026-08-14 8.27 2026-08-17 10.62  28.42
 ADIL                            Adial Pharmaceuticals Inc  0.09                  Pharmaceuticals   2026-08-14 3.98  2026-08-17 4.99  25.38
  UFI                                            Unifi Inc  1.22 Textiles, Apparel & Luxury Goods   2026-08-14 6.45  2026-08-17 8.03  24.50
 CRGO                                        Freightos Ltd  0.69       Logistics & Transportation   2026-08-14 1.35  2026-08-17 1.67  23.70
SNBRQ                                    Sleep Number Corp  0.01                           Retail   2026-08-14 0.02  2026-08-17 0.02  23.50
SFNXF                                            Sofina SA 90.16               Financial Services 2026-08-14 233.56 2026-08-17 287.2  22.97
 XPON                                        Expion360 Inc  0.03             Electrical Equipment   2026-08-14 3.64  2026-08-17 4.43  21.70
 INBS                        Intelligent Bio Solutions Inc  0.07                      Health Care   2026-08-14 2.77  2026-08-17 3.37  21.66
 FDMT                        4D Molecular Therapeutics Inc  6.37                    Biotechnology  2026-08-14 12.19 2026-08-17 14.55  19.32
 MLEC                                    Moolec Science SA  0.05                    Food Products    2026-08-14 7.2  2026-08-17 8.57  19.03
 AIOS                                        AIOS Tech Inc  0.39                       Technology  2026-08-14 12.05 2026-08-17 14.26  18.34

=== 市值超过20亿的涨幅榜前20名股票 ===
 股票代码                公司名称                 市值(亿)           板块                 昨天收盘               今天收盘        涨跌幅(%)
SFNXF                          Sofina SA   90.16   Financial Services  2026-08-14 233.56   2026-08-17 287.2 22.97 
 AXTI                            AXT Inc   53.49       Semiconductors   2026-08-14 81.64   2026-08-17 95.97 17.55 
 CBRS               Cerebras Systems Inc  466.45       Semiconductors  2026-08-14 218.98  2026-08-17 251.98 15.07 
 FIGR    Figure Technology Solutions Inc   69.52   Financial Services   2026-08-14 31.43   2026-08-17 35.76 13.76 
  RUM                         Rumble Inc   33.13                Media    2026-08-14 7.46    2026-08-17 8.24 10.46 
 SMTC                       Semtech Corp  129.63       Semiconductors  2026-08-14 140.35  2026-08-17 154.22  9.88 
KBCSF                       Kbc Groep NV  550.06              Banking  2026-08-14 137.22  2026-08-17 150.21  9.47 
LBTYB                 Liberty Global Ltd   35.61    Telecommunication   2026-08-14 11.89   2026-08-17 12.97  9.08 
 SNDK                       Sandisk Corp 2390.01           Technology 2026-08-14 1641.11 2026-08-17 1786.85  8.88 
 CRDO Credo Technology Group Holding Ltd  484.28       Semiconductors   2026-08-14 259.9  2026-08-17 282.82  8.82 
 AEHR                  Aehr Test Systems   43.42       Semiconductors  2026-08-14 134.06  2026-08-17 145.61  8.62 
 VICR                         Vicor Corp  104.42 Electrical Equipment  2026-08-14 234.74   2026-08-17 253.5  7.99 
 COHR                      Coherent Corp  635.42 Electrical Equipment  2026-08-14 325.83  2026-08-17 351.22  7.79 
 PTEN           Patterson-UTI Energy Inc   43.36               Energy   2026-08-14 11.37   2026-08-17 12.22  7.43 
 KEEL           Keel Infrastructure Corp   21.58           Technology    2026-08-14 3.51    2026-08-17 3.77  7.41 
 PGEN                       Precigen Inc   21.97        Biotechnology     2026-08-14 6.1    2026-08-17 6.55  7.38 
 LUNR             Intuitive Machines Inc   41.04  Aerospace & Defense   2026-08-14 19.01   2026-08-17 20.38  7.21 
 ACMR                   ACM Research Inc   55.86       Semiconductors   2026-08-14 80.42   2026-08-17 85.64  6.49 
 VIAV                Viavi Solutions Inc   99.46       Communications   2026-08-14 43.54   2026-08-17 46.26  6.25 
 DFTX          Definium Therapeutics Inc   57.28      Pharmaceuticals   2026-08-14 42.63   2026-08-17 45.26  6.17 

=== 市值超过50亿的涨幅榜前20名股票 ===
 股票代码                公司名称                 市值(亿)           板块                 昨天收盘               今天收盘        涨跌幅(%)
SFNXF                          Sofina SA   90.16   Financial Services  2026-08-14 233.56   2026-08-17 287.2 22.97 
 AXTI                            AXT Inc   53.49       Semiconductors   2026-08-14 81.64   2026-08-17 95.97 17.55 
 CBRS               Cerebras Systems Inc  466.45       Semiconductors  2026-08-14 218.98  2026-08-17 251.98 15.07 
 FIGR    Figure Technology Solutions Inc   69.52   Financial Services   2026-08-14 31.43   2026-08-17 35.76 13.76 
 SMTC                       Semtech Corp  129.63       Semiconductors  2026-08-14 140.35  2026-08-17 154.22  9.88 
KBCSF                       Kbc Groep NV  550.06              Banking  2026-08-14 137.22  2026-08-17 150.21  9.47 
 SNDK                       Sandisk Corp 2390.01           Technology 2026-08-14 1641.11 2026-08-17 1786.85  8.88 
 CRDO Credo Technology Group Holding Ltd  484.28       Semiconductors   2026-08-14 259.9  2026-08-17 282.82  8.82 
 VICR                         Vicor Corp  104.42 Electrical Equipment  2026-08-14 234.74   2026-08-17 253.5  7.99 
 COHR                      Coherent Corp  635.42 Electrical Equipment  2026-08-14 325.83  2026-08-17 351.22  7.79 
 ACMR                   ACM Research Inc   55.86       Semiconductors   2026-08-14 80.42   2026-08-17 85.64  6.49 
 VIAV                Viavi Solutions Inc   99.46       Communications   2026-08-14 43.54   2026-08-17 46.26  6.25 
 DFTX          Definium Therapeutics Inc   57.28      Pharmaceuticals   2026-08-14 42.63   2026-08-17 45.26  6.17 
  FIX            Comfort Systems USA Inc  626.71         Construction 2026-08-14 1774.06 2026-08-17 1881.18  6.04 
 ONTO                Onto Innovation Inc  163.99       Semiconductors  2026-08-14 331.71  2026-08-17 351.16  5.86 
  AIR                           AAR Corp   58.66  Aerospace & Defense  2026-08-14 145.25  2026-08-17 153.71  5.82 
  TER                       Teradyne Inc  642.93       Semiconductors  2026-08-14 418.79  2026-08-17 443.14  5.81 
 AEIS     Advanced Energy Industries Inc  131.66 Electrical Equipment  2026-08-14 330.26  2026-08-17 348.63  5.56 
 AMAT              Applied Materials Inc 4015.85       Semiconductors  2026-08-14 507.18  2026-08-17 535.31  5.55 
 MRVL             Marvell Technology Inc 1934.31       Semiconductors  2026-08-14 222.02  2026-08-17 234.33  5.54 

=== 市值超过100亿的涨幅榜前20名股票 ===
 股票代码                公司名称                 市值(亿)           板块                 昨天收盘               今天收盘        涨跌幅(%)
 CBRS               Cerebras Systems Inc  466.45       Semiconductors  2026-08-14 218.98  2026-08-17 251.98 15.07 
 SMTC                       Semtech Corp  129.63       Semiconductors  2026-08-14 140.35  2026-08-17 154.22  9.88 
KBCSF                       Kbc Groep NV  550.06              Banking  2026-08-14 137.22  2026-08-17 150.21  9.47 
 SNDK                       Sandisk Corp 2390.01           Technology 2026-08-14 1641.11 2026-08-17 1786.85  8.88 
 CRDO Credo Technology Group Holding Ltd  484.28       Semiconductors   2026-08-14 259.9  2026-08-17 282.82  8.82 
 VICR                         Vicor Corp  104.42 Electrical Equipment  2026-08-14 234.74   2026-08-17 253.5  7.99 
 COHR                      Coherent Corp  635.42 Electrical Equipment  2026-08-14 325.83  2026-08-17 351.22  7.79 
  FIX            Comfort Systems USA Inc  626.71         Construction 2026-08-14 1774.06 2026-08-17 1881.18  6.04 
 ONTO                Onto Innovation Inc  163.99       Semiconductors  2026-08-14 331.71  2026-08-17 351.16  5.86 
  TER                       Teradyne Inc  642.93       Semiconductors  2026-08-14 418.79  2026-08-17 443.14  5.81 
 AEIS     Advanced Energy Industries Inc  131.66 Electrical Equipment  2026-08-14 330.26  2026-08-17 348.63  5.56 
 AMAT              Applied Materials Inc 4015.85       Semiconductors  2026-08-14 507.18  2026-08-17 535.31  5.55 
 MRVL             Marvell Technology Inc 1934.31       Semiconductors  2026-08-14 222.02  2026-08-17 234.33  5.54 
 SITM                        SiTime Corp  213.79       Semiconductors  2026-08-14 711.91  2026-08-17 749.44  5.27 
 IESC                   IES Holdings Inc  150.53         Construction  2026-08-14 756.18  2026-08-17 793.96  5.00 
 MSTR                       Strategy Inc  357.89           Technology   2026-08-14 93.04   2026-08-17 97.68  4.99 
 FORM                     FormFactor Inc  101.92       Semiconductors   2026-08-14 131.6  2026-08-17 138.16  4.98 
   FN                           Fabrinet  205.58 Electrical Equipment  2026-08-14 570.22  2026-08-17 598.58  4.97 
 STRL        Sterling Infrastructure Inc  175.46         Construction  2026-08-14 576.48  2026-08-17 603.89  4.75 
 FTAI                  FTAI Aviation Ltd  222.73  Aerospace & Defense  2026-08-14 217.13  2026-08-17 227.43  4.74 

=== 市值超过200亿的涨幅榜前20名股票 ===
 股票代码                 公司名称                 市值(亿)            板块                 昨天收盘               今天收盘        涨跌幅(%)
 CBRS                Cerebras Systems Inc   466.45       Semiconductors  2026-08-14 218.98  2026-08-17 251.98 15.07 
KBCSF                        Kbc Groep NV   550.06              Banking  2026-08-14 137.22  2026-08-17 150.21  9.47 
 SNDK                        Sandisk Corp  2390.01           Technology 2026-08-14 1641.11 2026-08-17 1786.85  8.88 
 CRDO  Credo Technology Group Holding Ltd   484.28       Semiconductors   2026-08-14 259.9  2026-08-17 282.82  8.82 
 COHR                       Coherent Corp   635.42 Electrical Equipment  2026-08-14 325.83  2026-08-17 351.22  7.79 
  FIX             Comfort Systems USA Inc   626.71         Construction 2026-08-14 1774.06 2026-08-17 1881.18  6.04 
  TER                        Teradyne Inc   642.93       Semiconductors  2026-08-14 418.79  2026-08-17 443.14  5.81 
 AMAT               Applied Materials Inc  4015.85       Semiconductors  2026-08-14 507.18  2026-08-17 535.31  5.55 
 MRVL              Marvell Technology Inc  1934.31       Semiconductors  2026-08-14 222.02  2026-08-17 234.33  5.54 
 SITM                         SiTime Corp   213.79       Semiconductors  2026-08-14 711.91  2026-08-17 749.44  5.27 
 MSTR                        Strategy Inc   357.89           Technology   2026-08-14 93.04   2026-08-17 97.68  4.99 
   FN                            Fabrinet   205.58 Electrical Equipment  2026-08-14 570.22  2026-08-17 598.58  4.97 
 FTAI                   FTAI Aviation Ltd   222.73  Aerospace & Defense  2026-08-14 217.13  2026-08-17 227.43  4.74 
 LITE               Lumentum Holdings Inc   714.17       Communications  2026-08-14 926.14   2026-08-17 968.9  4.62 
 SPCX Space Exploration Technologies Corp 18395.83    Telecommunication   2026-08-14 140.0  2026-08-17 146.23  4.45 
   MU               Micron Technology Inc 10938.28       Semiconductors  2026-08-14 971.66 2026-08-17 1011.75  4.13 
 RVMD            Revolution Medicines Inc   435.52        Biotechnology  2026-08-14 203.71   2026-08-17 212.0  4.07 
 SCCO                Southern Copper Corp  1563.71      Metals & Mining  2026-08-14 184.61  2026-08-17 192.04  4.02 
 CIEN                          Ciena Corp   606.54       Communications  2026-08-14 428.77  2026-08-17 445.18  3.83 
  DVN                   Devon Energy Corp   502.64               Energy   2026-08-14 45.85   2026-08-17 47.57  3.75 

=== 市值超过1000亿的涨跌榜前20名股票 ===
 股票代码                 公司名称                 市值(亿)            板块                 昨天收盘               今天收盘        涨跌幅(%)
 SNDK                        Sandisk Corp  2390.01           Technology 2026-08-14 1641.11 2026-08-17 1786.85  8.88 
 AMAT               Applied Materials Inc  4015.85       Semiconductors  2026-08-14 507.18  2026-08-17 535.31  5.55 
 MRVL              Marvell Technology Inc  1934.31       Semiconductors  2026-08-14 222.02  2026-08-17 234.33  5.54 
 SPCX Space Exploration Technologies Corp 18395.83    Telecommunication   2026-08-14 140.0  2026-08-17 146.23  4.45 
   MU               Micron Technology Inc 10938.28       Semiconductors  2026-08-14 971.66 2026-08-17 1011.75  4.13 
 SCCO                Southern Copper Corp  1563.71      Metals & Mining  2026-08-14 184.61  2026-08-17 192.04  4.02 
 LRCX                   Lam Research Corp  4153.13       Semiconductors  2026-08-14 332.36  2026-08-17 343.84  3.45 
  CAT                     Caterpillar Inc  3941.53            Machinery  2026-08-14 856.57  2026-08-17 881.65  2.93 
EADSF                           Airbus SE  1695.69  Aerospace & Defense  2026-08-14 245.55  2026-08-17 251.75  2.52 
 IBKR       Interactive Brokers Group Inc  1562.90   Financial Services   2026-08-14 92.06   2026-08-17 94.33  2.47 
ASMLF                     ASML Holding NV  6147.66       Semiconductors  2026-08-14 1845.0 2026-08-17 1890.22  2.45 
  APH                       Amphenol Corp  2061.06 Electrical Equipment  2026-08-14 167.11  2026-08-17 170.87  2.25 
  STX     Seagate Technology Holdings PLC  2198.75           Technology  2026-08-14 973.44  2026-08-17 994.79  2.19 
  NEM                 Newmont Corporation  1235.35      Metals & Mining  2026-08-14 117.76  2026-08-17 120.33  2.18 
  UNP                  Union Pacific Corp  1771.41          Road & Rail  2026-08-14 293.68   2026-08-17 299.9  2.12 
 VRTX          Vertex Pharmaceuticals Inc  1210.91        Biotechnology  2026-08-14 505.75  2026-08-17 515.55  1.94 
 ANET                 Arista Networks Inc  2512.86       Communications  2026-08-14 198.82   2026-08-17 201.8  1.50 
  GEV                      GE Vernova Inc  2815.76 Electrical Equipment 2026-08-14 1063.25  2026-08-17 1079.0  1.48 
  CVX                        Chevron Corp  3949.67               Energy   2026-08-14 200.0   2026-08-17 202.7  1.35 
  BMY             Bristol-Myers Squibb Co  1307.03      Pharmaceuticals   2026-08-14 63.83   2026-08-17 64.63  1.25 
