
=== 涨幅榜前20名股票 ===
股票代码              公司名称              市值(亿)            板块                 昨天收盘              今天收盘       涨跌幅(%)
 NCT         Intercont (Cayman) Ltd   0.13                Marine    2026-09-11 0.3    2026-09-14 0.5 66.67 
BMGL        Basel Medical Group Ltd   0.11           Health Care   2026-09-11 4.58   2026-09-14 7.14 55.90 
EVCM               EverCommerce Inc  13.36            Technology   2026-09-11 6.31   2026-09-14 7.56 19.81 
TENB           Tenable Holdings Inc  38.64            Technology  2026-09-11 30.11  2026-09-14 35.08 16.51 
SAIL                  SailPoint Inc 113.50            Technology  2026-09-11 17.24  2026-09-14 19.88 15.31 
BBGI    Beasley Broadcast Group Inc   0.34                 Media  2026-09-11 15.95  2026-09-14 18.29 14.67 
MYSE                  Myseum AI Inc   0.16            Technology   2026-09-11 2.67   2026-09-14 3.06 14.61 
LASE           Laser Photonics Corp   0.40             Machinery   2026-09-11 0.69    2026-09-14 0.8 14.55 
 TRX                  TRX Gold Corp   4.24       Metals & Mining   2026-09-11 1.13   2026-09-14 1.29 14.16 
TYRA           Tyra Biosciences Inc  14.96         Biotechnology  2026-09-11 22.03  2026-09-14 25.07 13.80 
SKIL                 Skillsoft Corp   0.45 Professional Services   2026-09-11 4.32   2026-09-14 4.91 13.66 
 PTN       Palatin Technologies Inc   0.24         Biotechnology   2026-09-11 11.8  2026-09-14 13.36 13.22 
 RUM                     Rumble Inc  39.66                 Media   2026-09-11 7.17    2026-09-14 8.0 11.58 
 PBM         Psyence Biomedical Ltd   0.23         Biotechnology    2026-09-11 5.4    2026-09-14 6.0 11.11 
XBIO        Xenetic Biosciences Inc   0.06         Biotechnology    2026-09-11 3.9   2026-09-14 4.33 11.03 
MNDY                 monday.com Ltd  40.63            Technology  2026-09-11 86.84  2026-09-14 96.11 10.67 
BCDA                  BioCardia Inc   0.18         Biotechnology   2026-09-11 1.08   2026-09-14 1.19 10.19 
ASAN                      Asana Inc  22.12            Technology   2026-09-11 8.77   2026-09-14 9.66 10.15 
  IT                    Gartner Inc 124.45            Technology 2026-09-11 179.59 2026-09-14 197.07  9.73 
RHEP Regional Health Properties Inc   0.04           Health Care   2026-09-11 0.95   2026-09-14 1.04  9.47 

=== 市值超过20亿的涨幅榜前20名股票 ===
股票代码            公司名称            市值(亿)                板块                     昨天收盘              今天收盘       涨跌幅(%)
TENB      Tenable Holdings Inc   38.64                    Technology  2026-09-11 30.11  2026-09-14 35.08 16.51 
SAIL             SailPoint Inc  113.50                    Technology  2026-09-11 17.24  2026-09-14 19.88 15.31 
 RUM                Rumble Inc   39.66                         Media   2026-09-11 7.17    2026-09-14 8.0 11.58 
MNDY            monday.com Ltd   40.63                    Technology  2026-09-11 86.84  2026-09-14 96.11 10.67 
ASAN                 Asana Inc   22.12                    Technology   2026-09-11 8.77   2026-09-14 9.66 10.15 
  IT               Gartner Inc  124.45                    Technology 2026-09-11 179.59 2026-09-14 197.07  9.73 
COIN       Coinbase Global Inc  505.12            Financial Services 2026-09-11 175.26 2026-09-14 191.45  9.24 
FTNT              Fortinet Inc 1248.63                    Technology 2026-09-11 156.07 2026-09-14 170.18  9.04 
CVLT     Commvault Systems Inc   58.11                    Technology 2026-09-11 130.07 2026-09-14 140.21  7.80 
  MH           McGraw Hill Inc   25.33 Diversified Consumer Services  2026-09-11 12.32  2026-09-14 13.24  7.47 
 TYL    Tyler Technologies Inc  147.24                    Technology 2026-09-11 336.67 2026-09-14 359.54  6.79 
PATH                UiPath Inc   76.40                    Technology  2026-09-11 13.75  2026-09-14 14.66  6.62 
 ACN             Accenture PLC 1193.29                    Technology  2026-09-11 183.9  2026-09-14 195.0  6.04 
SPOT     Spotify Technology SA 1145.34                         Media 2026-09-11 525.75 2026-09-14 556.31  5.81 
 AJG Arthur J. Gallagher & Co.  649.21                     Insurance 2026-09-11 240.32  2026-09-14 253.3  5.40 
ASST                Strive Inc   27.07                   Health Care  2026-09-11 27.62  2026-09-14 29.03  5.10 
  FA      First Advantage Corp   38.27         Professional Services  2026-09-11 21.22  2026-09-14 22.28  5.00 
SMMT   Summit Therapeutics Inc  146.95                 Biotechnology  2026-09-11 17.55  2026-09-14 18.42  4.96 
 RNG           RingCentral Inc   60.39                    Technology  2026-09-11 68.92  2026-09-14 72.32  4.93 
 DBX               Dropbox Inc   81.13                    Technology  2026-09-11 35.56  2026-09-14 37.31  4.92 

=== 市值超过50亿的涨幅榜前20名股票 ===
 股票代码            公司名称            市值(亿)                板块                     昨天收盘              今天收盘       涨跌幅(%)
 SAIL             SailPoint Inc  113.50                    Technology  2026-09-11 17.24  2026-09-14 19.88 15.31 
   IT               Gartner Inc  124.45                    Technology 2026-09-11 179.59 2026-09-14 197.07  9.73 
 COIN       Coinbase Global Inc  505.12            Financial Services 2026-09-11 175.26 2026-09-14 191.45  9.24 
 FTNT              Fortinet Inc 1248.63                    Technology 2026-09-11 156.07 2026-09-14 170.18  9.04 
 CVLT     Commvault Systems Inc   58.11                    Technology 2026-09-11 130.07 2026-09-14 140.21  7.80 
  TYL    Tyler Technologies Inc  147.24                    Technology 2026-09-11 336.67 2026-09-14 359.54  6.79 
 PATH                UiPath Inc   76.40                    Technology  2026-09-11 13.75  2026-09-14 14.66  6.62 
  ACN             Accenture PLC 1193.29                    Technology  2026-09-11 183.9  2026-09-14 195.0  6.04 
 SPOT     Spotify Technology SA 1145.34                         Media 2026-09-11 525.75 2026-09-14 556.31  5.81 
  AJG Arthur J. Gallagher & Co.  649.21                     Insurance 2026-09-11 240.32  2026-09-14 253.3  5.40 
 SMMT   Summit Therapeutics Inc  146.95                 Biotechnology  2026-09-11 17.55  2026-09-14 18.42  4.96 
  RNG           RingCentral Inc   60.39                    Technology  2026-09-11 68.92  2026-09-14 72.32  4.93 
  DBX               Dropbox Inc   81.13                    Technology  2026-09-11 35.56  2026-09-14 37.31  4.92 
 GTLB                GitLab Inc   82.06                    Technology  2026-09-11 46.99  2026-09-14 49.25  4.81 
   XE              X-Energy Inc   69.29          Electrical Equipment  2026-09-11 14.93  2026-09-14 15.64  4.76 
 MSTR              Strategy Inc  526.16                    Technology 2026-09-11 130.97 2026-09-14 136.94  4.56 
  DVA                DaVita Inc  120.79                   Health Care 2026-09-11 181.55 2026-09-14 189.32  4.28 
  DRI    Darden Restaurants Inc  248.17 Hotels, Restaurants & Leisure 2026-09-11 209.89 2026-09-14 218.57  4.14 
GBLBF  Groep Brussel Lambert NV   90.16            Financial Services  2026-09-11 84.25  2026-09-14 87.47  3.82 
 LYFT                  Lyft Inc   60.19                   Road & Rail  2026-09-11 15.32   2026-09-14 15.9  3.79 

=== 市值超过100亿的涨幅榜前20名股票 ===
股票代码            公司名称            市值(亿)                 板块                     昨天收盘              今天收盘       涨跌幅(%)
SAIL             SailPoint Inc   113.50                    Technology  2026-09-11 17.24  2026-09-14 19.88 15.31 
  IT               Gartner Inc   124.45                    Technology 2026-09-11 179.59 2026-09-14 197.07  9.73 
COIN       Coinbase Global Inc   505.12            Financial Services 2026-09-11 175.26 2026-09-14 191.45  9.24 
FTNT              Fortinet Inc  1248.63                    Technology 2026-09-11 156.07 2026-09-14 170.18  9.04 
 TYL    Tyler Technologies Inc   147.24                    Technology 2026-09-11 336.67 2026-09-14 359.54  6.79 
 ACN             Accenture PLC  1193.29                    Technology  2026-09-11 183.9  2026-09-14 195.0  6.04 
SPOT     Spotify Technology SA  1145.34                         Media 2026-09-11 525.75 2026-09-14 556.31  5.81 
 AJG Arthur J. Gallagher & Co.   649.21                     Insurance 2026-09-11 240.32  2026-09-14 253.3  5.40 
SMMT   Summit Therapeutics Inc   146.95                 Biotechnology  2026-09-11 17.55  2026-09-14 18.42  4.96 
MSTR              Strategy Inc   526.16                    Technology 2026-09-11 130.97 2026-09-14 136.94  4.56 
 DVA                DaVita Inc   120.79                   Health Care 2026-09-11 181.55 2026-09-14 189.32  4.28 
 DRI    Darden Restaurants Inc   248.17 Hotels, Restaurants & Leisure 2026-09-11 209.89 2026-09-14 218.57  4.14 
NFLX               Netflix Inc  3344.48                         Media   2026-09-11 77.4  2026-09-14 80.32  3.77 
  DG       Dollar General Corp   284.97                        Retail 2026-09-11 124.58 2026-09-14 129.17  3.68 
 MCK             McKesson Corp  1062.08                   Health Care 2026-09-11 881.51 2026-09-14 910.95  3.34 
LDOS       Leidos Holdings Inc   166.69         Professional Services 2026-09-11 128.86 2026-09-14 132.83  3.08 
 FIG                 Figma Inc   127.44                    Technology   2026-09-11 23.2  2026-09-14 23.91  3.06 
RDDT                Reddit Inc   312.41                         Media 2026-09-11 157.77 2026-09-14 162.38  2.92 
AFRM       Affirm Holdings Inc   247.60            Financial Services  2026-09-11 71.44  2026-09-14 73.38  2.72 
META        Meta Platforms Inc 16956.20                         Media 2026-09-11 648.03  2026-09-14 665.6  2.71 

=== 市值超过200亿的涨幅榜前20名股票 ===
 股票代码                   公司名称                    市值(亿)                  板块                       昨天收盘              今天收盘        涨跌幅(%)
 COIN                      Coinbase Global Inc   505.12               Financial Services 2026-09-11 175.26  2026-09-14 191.45  9.24 
 FTNT                             Fortinet Inc  1248.63                       Technology 2026-09-11 156.07  2026-09-14 170.18  9.04 
  ACN                            Accenture PLC  1193.29                       Technology  2026-09-11 183.9   2026-09-14 195.0  6.04 
 SPOT                    Spotify Technology SA  1145.34                            Media 2026-09-11 525.75  2026-09-14 556.31  5.81 
  AJG                Arthur J. Gallagher & Co.   649.21                        Insurance 2026-09-11 240.32   2026-09-14 253.3  5.40 
 MSTR                             Strategy Inc   526.16                       Technology 2026-09-11 130.97  2026-09-14 136.94  4.56 
  DRI                   Darden Restaurants Inc   248.17    Hotels, Restaurants & Leisure 2026-09-11 209.89  2026-09-14 218.57  4.14 
 NFLX                              Netflix Inc  3344.48                            Media   2026-09-11 77.4   2026-09-14 80.32  3.77 
   DG                      Dollar General Corp   284.97                           Retail 2026-09-11 124.58  2026-09-14 129.17  3.68 
  MCK                            McKesson Corp  1062.08                      Health Care 2026-09-11 881.51  2026-09-14 910.95  3.34 
 RDDT                               Reddit Inc   312.41                            Media 2026-09-11 157.77  2026-09-14 162.38  2.92 
 AFRM                      Affirm Holdings Inc   247.60               Financial Services  2026-09-11 71.44   2026-09-14 73.38  2.72 
 META                       Meta Platforms Inc 16956.20                            Media 2026-09-11 648.03   2026-09-14 665.6  2.71 
 ISRG                   Intuitive Surgical Inc  1335.18                      Health Care 2026-09-11 369.15  2026-09-14 377.94  2.38 
  IBM     International Business Machines Corp  2346.76                       Technology 2026-09-11 243.29  2026-09-14 249.09  2.38 
  CMG               Chipotle Mexican Grill Inc   468.58    Hotels, Restaurants & Leisure   2026-09-11 36.2   2026-09-14 37.03  2.29 
  LLY                         Eli Lilly and Co 10715.28                  Pharmaceuticals 2026-09-11 1115.7 2026-09-14 1138.28  2.02 
HESAF                 Hermes International SCA  1464.49 Textiles, Apparel & Luxury Goods 2026-09-11 1620.0  2026-09-14 1652.5  2.01 
FCNCB First Citizens BancShares Inc (Delaware)   241.40                          Banking 2026-09-11 1765.0  2026-09-14 1799.9  1.98 
  RKT                     Rocket Companies Inc   380.57               Financial Services  2026-09-11 13.18   2026-09-14 13.44  1.97 

=== 市值超过1000亿的涨跌榜前20名股票 ===
 股票代码                 公司名称                  市值(亿)                  板块                       昨天收盘              今天收盘        涨跌幅(%)
 FTNT                         Fortinet Inc  1248.63                       Technology 2026-09-11 156.07  2026-09-14 170.18  9.04 
  ACN                        Accenture PLC  1193.29                       Technology  2026-09-11 183.9   2026-09-14 195.0  6.04 
 SPOT                Spotify Technology SA  1145.34                            Media 2026-09-11 525.75  2026-09-14 556.31  5.81 
 NFLX                          Netflix Inc  3344.48                            Media   2026-09-11 77.4   2026-09-14 80.32  3.77 
  MCK                        McKesson Corp  1062.08                      Health Care 2026-09-11 881.51  2026-09-14 910.95  3.34 
 META                   Meta Platforms Inc 16956.20                            Media 2026-09-11 648.03   2026-09-14 665.6  2.71 
 ISRG               Intuitive Surgical Inc  1335.18                      Health Care 2026-09-11 369.15  2026-09-14 377.94  2.38 
  IBM International Business Machines Corp  2346.76                       Technology 2026-09-11 243.29  2026-09-14 249.09  2.38 
  LLY                     Eli Lilly and Co 10715.28                  Pharmaceuticals 2026-09-11 1115.7 2026-09-14 1138.28  2.02 
HESAF             Hermes International SCA  1464.49 Textiles, Apparel & Luxury Goods 2026-09-11 1620.0  2026-09-14 1652.5  2.01 
  DIS                       Walt Disney Co  1875.01                            Media 2026-09-11 106.55  2026-09-14 108.59  1.91 
   VZ           Verizon Communications Inc  1915.87                Telecommunication  2026-09-11 50.61   2026-09-14 51.29  1.34 
    V                             Visa Inc  7006.66               Financial Services 2026-09-11 370.45  2026-09-14 375.28  1.30 
   KO                         Coca-Cola Co  3844.33                        Beverages  2026-09-11 88.29   2026-09-14 89.35  1.20 
 BKNG                 Booking Holdings Inc  1317.55    Hotels, Restaurants & Leisure 2026-09-11 173.92  2026-09-14 175.35  0.82 
  TMO         Thermo Fisher Scientific Inc  2268.84   Life Sciences Tools & Services 2026-09-11 609.82  2026-09-14 613.62  0.62 
LVMHF  LVMH Moet Hennessy Louis Vuitton SE  2044.80 Textiles, Apparel & Luxury Goods 2026-09-11 482.28   2026-09-14 484.4  0.44 
 ABNB                           Airbnb Inc  1021.83    Hotels, Restaurants & Leisure 2026-09-11 170.19  2026-09-14 170.65  0.27 
  UNP                   Union Pacific Corp  1693.59                      Road & Rail  2026-09-11 284.4  2026-09-14 285.08  0.24 
BNPQF                       BNP Paribas SA  1146.19                          Banking 2026-09-11 117.93   2026-09-14 117.9 -0.03 
