
=== 涨幅榜前20名股票 ===
 股票代码                公司名称                市值(亿)                板块                      昨天收盘             今天收盘       涨跌幅(%)
 AEHL   Antelope Enterprise Holdings Ltd  0.25                            Media  2026-08-28 3.54  2026-08-31 6.49 83.33 
RUSHB               Rush Enterprises Inc 59.90 Trading Companies & Distributors 2026-08-28 51.27 2026-08-31 77.74 51.64 
RUSHA               Rush Enterprises Inc 59.90 Trading Companies & Distributors 2026-08-28 50.85 2026-08-31 76.83 51.10 
 NCRA                         Nocera Inc  0.06                     Construction  2026-08-28 1.89  2026-08-31 2.83 49.74 
 GPRO                          GoPro Inc  1.64                Consumer products   2026-08-28 0.6  2026-08-31 0.88 46.03 
 YDDL One and one Green Technologies.INC  0.97                  Metals & Mining  2026-08-28 1.65  2026-08-31 2.28 38.18 
 USDE                    Stablecoinx Inc  1.87                       Technology  2026-08-28 6.76  2026-08-31 8.87 31.21 
 SQFT        Presidio Property Trust Inc  0.03                      Real Estate  2026-08-28 1.51  2026-08-31 1.96 29.80 
 COOT   Australian Oilseeds Holdings Ltd  0.28                    Food Products  2026-08-28 0.46  2026-08-31 0.59 28.87 
 NEOV                       NeoVolta Inc  2.50             Electrical Equipment  2026-08-28 3.34  2026-08-31 4.24 26.95 
 FAMI                         Farmmi Inc  0.05                    Food Products   2026-08-28 0.1  2026-08-31 0.12 23.00 
 PTIX        Protagenic Therapeutics Inc  0.02                    Biotechnology  2026-08-28 0.98   2026-08-31 1.2 22.45 
 FBLG                 Fibrobiologics Inc  0.11                    Biotechnology  2026-08-28 1.44  2026-08-31 1.72 19.44 
 MOBX                   MOBIX LABS, INC.  0.22                   Semiconductors  2026-08-28 1.11  2026-08-31 1.32 18.92 
 FXHO                          UTime Ltd  3.24             Electrical Equipment 2026-08-28 10.38 2026-08-31 12.32 18.69 
  SST                        System1 Inc  0.23                            Media  2026-08-28 1.89  2026-08-31 2.24 18.52 
 VBIO                     Valion Bio Inc  0.01                      Health Care  2026-08-28 3.02  2026-08-31 3.57 18.11 
 CELU                     Celularity Inc  0.54                    Biotechnology  2026-08-28 1.58  2026-08-31 1.85 17.09 
 GMHS              Gamehaus Holdings Inc  0.49                            Media  2026-08-28 0.73  2026-08-31 0.85 16.52 
 CERO     CERo Therapeutics Holdings Inc  0.01                    Biotechnology  2026-08-28 0.01  2026-08-31 0.01 16.36 

=== 市值超过20亿的涨幅榜前20名股票 ===
 股票代码            公司名称             市值(亿)                  板块                       昨天收盘               今天收盘       涨跌幅(%)
RUSHB       Rush Enterprises Inc    59.90 Trading Companies & Distributors   2026-08-28 51.27  2026-08-31 77.74 51.64 
RUSHA       Rush Enterprises Inc    59.90 Trading Companies & Distributors   2026-08-28 50.85  2026-08-31 76.83 51.10 
 STDN       Standard Nuclear Inc    23.36                              N/A    2026-08-28 14.1  2026-08-31 16.11 14.26 
 ASST                 Strive Inc    21.72                      Health Care   2026-08-28 21.74  2026-08-31 24.22 11.41 
 CRCL  Circle Internet Group Inc   242.58                       Technology   2026-08-28 87.14  2026-08-31 95.55  9.65 
SLOIF                  Soitec SA    38.67                   Semiconductors  2026-08-28 123.03  2026-08-31 133.5  8.51 
   XE               X-Energy Inc    69.29             Electrical Equipment   2026-08-28 17.22  2026-08-31 18.45  7.14 
  CAR      Avis Budget Group Inc    52.10                      Road & Rail  2026-08-28 138.12 2026-08-31 147.49  6.78 
 ASND        Ascendis Pharma A/S   164.08                    Biotechnology  2026-08-28 247.91 2026-08-31 263.04  6.10 
 HNGE           Hinge Health Inc    74.69                      Health Care   2026-08-28 87.35  2026-08-31 92.56  5.96 
 PLSE      Pulse Biosciences Inc    35.90                      Health Care   2026-08-28 47.57  2026-08-31 50.33  5.80 
 TSLA                  Tesla Inc 14532.36                      Automobiles  2026-08-28 348.75 2026-08-31 367.95  5.51 
 PURR Hyperliquid Strategies Inc    24.24                    Biotechnology   2026-08-28 11.61  2026-08-31 12.25  5.51 
 SNDK               Sandisk Corp  2293.95                       Technology 2026-08-28 1484.98 2026-08-31 1566.7  5.50 
 COIN        Coinbase Global Inc   496.33               Financial Services  2026-08-28 178.64 2026-08-31 188.12  5.31 
 BTDR Bitdeer Technologies Group    29.49                       Technology   2026-08-28 10.32  2026-08-31 10.85  5.14 
 ALVO                Alvotech SA    20.26                    Biotechnology    2026-08-28 4.95   2026-08-31 5.19  4.85 
  SLB                     SLB NV   891.97                           Energy   2026-08-28 57.33   2026-08-31 60.1  4.83 
  ELF             elf Beauty Inc    64.35                Consumer products   2026-08-28 104.1 2026-08-31 109.05  4.76 
 IREN                   IREN Ltd   146.06                       Technology   2026-08-28 35.45  2026-08-31 37.12  4.70 

=== 市值超过50亿的涨幅榜前20名股票 ===
 股票代码            公司名称            市值(亿)                  板块                       昨天收盘               今天收盘       涨跌幅(%)
RUSHB      Rush Enterprises Inc    59.90 Trading Companies & Distributors   2026-08-28 51.27  2026-08-31 77.74 51.64 
RUSHA      Rush Enterprises Inc    59.90 Trading Companies & Distributors   2026-08-28 50.85  2026-08-31 76.83 51.10 
 CRCL Circle Internet Group Inc   242.58                       Technology   2026-08-28 87.14  2026-08-31 95.55  9.65 
   XE              X-Energy Inc    69.29             Electrical Equipment   2026-08-28 17.22  2026-08-31 18.45  7.14 
  CAR     Avis Budget Group Inc    52.10                      Road & Rail  2026-08-28 138.12 2026-08-31 147.49  6.78 
 ASND       Ascendis Pharma A/S   164.08                    Biotechnology  2026-08-28 247.91 2026-08-31 263.04  6.10 
 HNGE          Hinge Health Inc    74.69                      Health Care   2026-08-28 87.35  2026-08-31 92.56  5.96 
 TSLA                 Tesla Inc 14532.36                      Automobiles  2026-08-28 348.75 2026-08-31 367.95  5.51 
 SNDK              Sandisk Corp  2293.95                       Technology 2026-08-28 1484.98 2026-08-31 1566.7  5.50 
 COIN       Coinbase Global Inc   496.33               Financial Services  2026-08-28 178.64 2026-08-31 188.12  5.31 
  SLB                    SLB NV   891.97                           Energy   2026-08-28 57.33   2026-08-31 60.1  4.83 
  ELF            elf Beauty Inc    64.35                Consumer products   2026-08-28 104.1 2026-08-31 109.05  4.76 
 IREN                  IREN Ltd   146.06                       Technology   2026-08-28 35.45  2026-08-31 37.12  4.70 
 MSTR              Strategy Inc   510.79                       Technology  2026-08-28 127.31 2026-08-31 132.94  4.42 
 AGCO                 AGCO Corp    82.85                        Machinery  2026-08-28 113.39 2026-08-31 118.31  4.34 
   DE                Deere & Co  1765.80                        Machinery  2026-08-28 630.33 2026-08-31 654.91  3.90 
 STEP       StepStone Group Inc    63.07               Financial Services   2026-08-28 50.32  2026-08-31 52.26  3.86 
 QCOM              Qualcomm Inc  1790.44                   Semiconductors  2026-08-28 164.19 2026-08-31 170.48  3.83 
 ULTA           Ulta Beauty Inc   229.65                           Retail   2026-08-28 517.5  2026-08-31 537.1  3.79 
 SAIL             SailPoint Inc   116.61                       Technology   2026-08-28 19.83  2026-08-31 20.56  3.68 

=== 市值超过100亿的涨幅榜前20名股票 ===
股票代码            公司名称             市值(亿)           板块                昨天收盘               今天收盘       涨跌幅(%)
CRCL  Circle Internet Group Inc   242.58         Technology   2026-08-28 87.14  2026-08-31 95.55  9.65 
ASND        Ascendis Pharma A/S   164.08      Biotechnology  2026-08-28 247.91 2026-08-31 263.04  6.10 
TSLA                  Tesla Inc 14532.36        Automobiles  2026-08-28 348.75 2026-08-31 367.95  5.51 
SNDK               Sandisk Corp  2293.95         Technology 2026-08-28 1484.98 2026-08-31 1566.7  5.50 
COIN        Coinbase Global Inc   496.33 Financial Services  2026-08-28 178.64 2026-08-31 188.12  5.31 
 SLB                     SLB NV   891.97             Energy   2026-08-28 57.33   2026-08-31 60.1  4.83 
IREN                   IREN Ltd   146.06         Technology   2026-08-28 35.45  2026-08-31 37.12  4.70 
MSTR               Strategy Inc   510.79         Technology  2026-08-28 127.31 2026-08-31 132.94  4.42 
  DE                 Deere & Co  1765.80          Machinery  2026-08-28 630.33 2026-08-31 654.91  3.90 
QCOM               Qualcomm Inc  1790.44     Semiconductors  2026-08-28 164.19 2026-08-31 170.48  3.83 
ULTA            Ulta Beauty Inc   229.65             Retail   2026-08-28 517.5  2026-08-31 537.1  3.79 
SAIL              SailPoint Inc   116.61         Technology   2026-08-28 19.83  2026-08-31 20.56  3.68 
DOCU               DocuSign Inc   126.54         Technology    2026-08-28 64.0  2026-08-31 66.27  3.55 
  CF CF Industries Holdings Inc   196.78          Chemicals  2026-08-28 125.79 2026-08-31 130.03  3.37 
 LNG        Cheniere Energy Inc   602.44             Energy  2026-08-28 282.33 2026-08-31 291.69  3.32 
FFIV                     F5 Inc   230.55     Communications  2026-08-28 394.24 2026-08-31 407.13  3.27 
VEEV          Veeva Systems Inc   341.83        Health Care  2026-08-28 276.69 2026-08-31 285.69  3.25 
  VG         Venture Global Inc   308.81             Energy   2026-08-28 14.18  2026-08-31 14.64  3.24 
  DG        Dollar General Corp   279.63             Retail  2026-08-28 122.89 2026-08-31 126.75  3.14 
 BSX     Boston Scientific Corp   699.98        Health Care   2026-08-28 46.84   2026-08-31 48.3  3.12 

=== 市值超过200亿的涨幅榜前20名股票 ===
股票代码            公司名称            市值(亿)           板块                昨天收盘               今天收盘       涨跌幅(%)
CRCL Circle Internet Group Inc   242.58         Technology   2026-08-28 87.14  2026-08-31 95.55  9.65 
TSLA                 Tesla Inc 14532.36        Automobiles  2026-08-28 348.75 2026-08-31 367.95  5.51 
SNDK              Sandisk Corp  2293.95         Technology 2026-08-28 1484.98 2026-08-31 1566.7  5.50 
COIN       Coinbase Global Inc   496.33 Financial Services  2026-08-28 178.64 2026-08-31 188.12  5.31 
 SLB                    SLB NV   891.97             Energy   2026-08-28 57.33   2026-08-31 60.1  4.83 
MSTR              Strategy Inc   510.79         Technology  2026-08-28 127.31 2026-08-31 132.94  4.42 
  DE                Deere & Co  1765.80          Machinery  2026-08-28 630.33 2026-08-31 654.91  3.90 
QCOM              Qualcomm Inc  1790.44     Semiconductors  2026-08-28 164.19 2026-08-31 170.48  3.83 
ULTA           Ulta Beauty Inc   229.65             Retail   2026-08-28 517.5  2026-08-31 537.1  3.79 
 LNG       Cheniere Energy Inc   602.44             Energy  2026-08-28 282.33 2026-08-31 291.69  3.32 
FFIV                    F5 Inc   230.55     Communications  2026-08-28 394.24 2026-08-31 407.13  3.27 
VEEV         Veeva Systems Inc   341.83        Health Care  2026-08-28 276.69 2026-08-31 285.69  3.25 
  VG        Venture Global Inc   308.81             Energy   2026-08-28 14.18  2026-08-31 14.64  3.24 
  DG       Dollar General Corp   279.63             Retail  2026-08-28 122.89 2026-08-31 126.75  3.14 
 BSX    Boston Scientific Corp   699.98        Health Care   2026-08-28 46.84   2026-08-31 48.3  3.12 
 FTI            TechnipFMC PLC   306.48             Energy   2026-08-28 75.84  2026-08-31 78.15  3.05 
FTNT              Fortinet Inc  1254.14         Technology   2026-08-28 166.0 2026-08-31 170.93  2.97 
CBRS      Cerebras Systems Inc   412.42     Semiconductors  2026-08-28 179.08 2026-08-31 184.24  2.88 
 XPO                   XPO Inc   233.95        Road & Rail  2026-08-28 188.56 2026-08-31 193.99  2.88 
INSM                Insmed Inc   266.03      Biotechnology  2026-08-28 118.54 2026-08-31 121.82  2.77 

=== 市值超过1000亿的涨跌榜前20名股票 ===
股票代码                 公司名称                 市值(亿)           板块                昨天收盘               今天收盘       涨跌幅(%)
TSLA                           Tesla Inc 14532.36        Automobiles  2026-08-28 348.75 2026-08-31 367.95  5.51 
SNDK                        Sandisk Corp  2293.95         Technology 2026-08-28 1484.98 2026-08-31 1566.7  5.50 
  DE                          Deere & Co  1765.80          Machinery  2026-08-28 630.33 2026-08-31 654.91  3.90 
QCOM                        Qualcomm Inc  1790.44     Semiconductors  2026-08-28 164.19 2026-08-31 170.48  3.83 
FTNT                        Fortinet Inc  1254.14         Technology   2026-08-28 166.0 2026-08-31 170.93  2.97 
  MU               Micron Technology Inc 10827.83     Semiconductors  2026-08-28 932.86 2026-08-31 958.73  2.77 
 XOM            Exxonmobil Holdings Corp  6506.32             Energy  2026-08-28 156.71 2026-08-31 160.95  2.71 
 TTE                    TotalEnergies SE  1666.77             Energy   2026-08-28 86.35  2026-08-31 88.31  2.27 
 CVX                        Chevron Corp  4072.85             Energy  2026-08-28 201.86 2026-08-31 206.14  2.12 
 PFE                          Pfizer Inc  1622.13    Pharmaceuticals   2026-08-28 27.96  2026-08-31 28.46  1.79 
 NET                      Cloudflare Inc  1086.43         Technology  2026-08-28 299.84 2026-08-31 305.11  1.76 
 COP                      ConocoPhillips  1591.65             Energy  2026-08-28 130.35 2026-08-31 132.49  1.64 
SPCX Space Exploration Technologies Corp 19500.27  Telecommunication   2026-08-28 141.5 2026-08-31 143.69  1.55 
IBKR       Interactive Brokers Group Inc  1650.25 Financial Services   2026-08-28 95.84  2026-08-31 97.29  1.51 
NVDA                         NVIDIA Corp 53207.98     Semiconductors  2026-08-28 217.55 2026-08-31 220.78  1.48 
 MPC             Marathon Petroleum Corp  1048.37             Energy  2026-08-28 368.83 2026-08-31 373.32  1.22 
ISRG              Intuitive Surgical Inc  1331.36        Health Care   2026-08-28 372.6 2026-08-31 376.86  1.14 
 AMD          Advanced Micro Devices Inc  7684.39     Semiconductors  2026-08-28 465.58 2026-08-31 470.72  1.10 
  PG                 Procter & Gamble Co  3373.22  Consumer products  2026-08-28 143.78 2026-08-31 145.12  0.93 
 TXN               Texas Instruments Inc  2382.75     Semiconductors  2026-08-28 258.64 2026-08-31 260.91  0.88 
