
=== 涨幅榜前20名股票 ===
股票代码                  公司名称                 市值(亿)                板块                      昨天收盘              今天收盘       涨跌幅(%)
TANH                  Tantech Holdings Ltd   0.05                      Chemicals  2026-09-02 11.49  2026-09-03 19.19 66.94 
MIMI                Mint Incorporation Ltd   0.15 Commercial Services & Supplies   2026-09-02 0.64   2026-09-03 0.96 49.25 
CYPH           Cypherpunk Technologies Inc   1.92                  Biotechnology   2026-09-02 1.68   2026-09-03 2.27 35.12 
STAI               Scantech AI Systems Inc   0.00           Electrical Equipment    2026-09-02 0.0    2026-09-03 0.0 33.33 
CARM              Carisma Therapeutics Inc   0.00                  Biotechnology    2026-09-02 0.0    2026-09-03 0.0 28.57 
DLTH                   Duluth Holdings Inc   1.54                         Retail   2026-09-02 3.62   2026-09-03 4.46 23.20 
NTRB                         Nutriband Inc   0.59                Pharmaceuticals    2026-09-02 4.7   2026-09-03 5.63 19.79 
 AIB Blockchain Digital Infrastructure Inc   0.86                     Technology   2026-09-02 1.06   2026-09-03 1.26 18.87 
ABTC                 American Bitcoin Corp   6.14                     Technology   2026-09-02 7.87   2026-09-03 9.34 18.68 
CYCU                          Cycurion Inc   0.10          Professional Services   2026-09-02 3.03   2026-09-03 3.59 18.48 
CAMP               CAMP4 Therapeutics Corp   2.45                  Biotechnology    2026-09-02 3.8   2026-09-03 4.49 18.16 
CHGG                             Chegg Inc   0.92  Diversified Consumer Services   2026-09-02 0.83   2026-09-03 0.98 17.93 
MSTR                          Strategy Inc 506.99                     Technology 2026-09-02 123.19 2026-09-03 144.82 17.56 
 UFG                Uni-Fuels Holdings Ltd   0.19                         Energy   2026-09-02 0.56   2026-09-03 0.66 17.46 
SMMT               Summit Therapeutics Inc 127.16                  Biotechnology   2026-09-02 14.6  2026-09-03 17.13 17.33 
CRCL             Circle Internet Group Inc 250.07                     Technology  2026-09-02 88.64 2026-09-03 103.23 16.46 
EVGO                              EVgo Inc   4.29                         Retail   2026-09-02 1.25   2026-09-03 1.44 15.20 
 GRI                           GRI Bio Inc   0.05                  Biotechnology    2026-09-02 2.0   2026-09-03 2.29 14.50 
CANG                             Cango Inc   0.80                         Retail   2026-09-02 1.87   2026-09-03 2.14 14.44 
CIFR                    Cipher Digital Inc  64.56                     Technology  2026-09-02 15.18  2026-09-03 17.37 14.43 

=== 市值超过20亿的涨幅榜前20名股票 ===
 股票代码               公司名称                市值(亿)           板块                 昨天收盘              今天收盘       涨跌幅(%)
 MSTR                     Strategy Inc  506.99           Technology 2026-09-02 123.19 2026-09-03 144.82 17.56 
 SMMT          Summit Therapeutics Inc  127.16        Biotechnology   2026-09-02 14.6  2026-09-03 17.13 17.33 
 CRCL        Circle Internet Group Inc  250.07           Technology  2026-09-02 88.64 2026-09-03 103.23 16.46 
 CIFR               Cipher Digital Inc   64.56           Technology  2026-09-02 15.18  2026-09-03 17.37 14.43 
 BULL                      Webull Corp   50.96   Financial Services    2026-09-02 9.0   2026-09-03 10.0 11.11 
 ASST                       Strive Inc   23.42          Health Care  2026-09-02 24.32  2026-09-03 26.82 10.28 
   BE                Bloom Energy Corp  646.44 Electrical Equipment 2026-09-02 217.28 2026-09-03 235.55  8.41 
  MIR          Mirion Technologies Inc   40.88 Electrical Equipment  2026-09-02 15.57  2026-09-03 16.76  7.64 
 FTAI                FTAI Aviation Ltd  192.72  Aerospace & Defense 2026-09-02 185.61 2026-09-03 199.39  7.42 
  PFG    Principal Financial Group Inc  258.47            Insurance 2026-09-02 111.31 2026-09-03 118.51  6.47 
 AXON              Axon Enterprise Inc  425.88  Aerospace & Defense 2026-09-02 506.98 2026-09-03 538.15  6.15 
 RBRK                       Rubrik Inc  186.73           Technology  2026-09-02 87.18  2026-09-03 92.14  5.69 
 STUB            Stubhub Holdings, Inc   24.40                Media   2026-09-02 6.18   2026-09-03 6.53  5.66 
 CHRN        Ekso Bionics Holdings Inc   28.05          Health Care  2026-09-02 19.01  2026-09-03 20.08  5.63 
BABAF        Alibaba Group Holding Ltd 2785.90               Retail  2026-09-02 13.31  2026-09-03 14.05  5.60 
  TDS   Telephone and Data Systems Inc   39.62    Telecommunication  2026-09-02 35.87  2026-09-03 37.82  5.44 
 IREN                         IREN Ltd  155.23           Technology   2026-09-02 39.6  2026-09-03 41.65  5.18 
 MIAX Miami International Holdings Inc   41.23   Financial Services  2026-09-02 40.62  2026-09-03 42.71  5.15 
  ANF           Abercrombie & Fitch Co   60.91               Retail  2026-09-02 136.6 2026-09-03 143.54  5.08 
 KYIV               Kyivstar Group Ltd   31.94    Telecommunication  2026-09-02 13.59  2026-09-03 14.27  5.00 

=== 市值超过50亿的涨幅榜前20名股票 ===
 股票代码              公司名称              市值(亿)                板块                      昨天收盘              今天收盘       涨跌幅(%)
 MSTR                  Strategy Inc  506.99                     Technology 2026-09-02 123.19 2026-09-03 144.82 17.56 
 SMMT       Summit Therapeutics Inc  127.16                  Biotechnology   2026-09-02 14.6  2026-09-03 17.13 17.33 
 CRCL     Circle Internet Group Inc  250.07                     Technology  2026-09-02 88.64 2026-09-03 103.23 16.46 
 CIFR            Cipher Digital Inc   64.56                     Technology  2026-09-02 15.18  2026-09-03 17.37 14.43 
 BULL                   Webull Corp   50.96             Financial Services    2026-09-02 9.0   2026-09-03 10.0 11.11 
   BE             Bloom Energy Corp  646.44           Electrical Equipment 2026-09-02 217.28 2026-09-03 235.55  8.41 
 FTAI             FTAI Aviation Ltd  192.72            Aerospace & Defense 2026-09-02 185.61 2026-09-03 199.39  7.42 
  PFG Principal Financial Group Inc  258.47                      Insurance 2026-09-02 111.31 2026-09-03 118.51  6.47 
 AXON           Axon Enterprise Inc  425.88            Aerospace & Defense 2026-09-02 506.98 2026-09-03 538.15  6.15 
 RBRK                    Rubrik Inc  186.73                     Technology  2026-09-02 87.18  2026-09-03 92.14  5.69 
BABAF     Alibaba Group Holding Ltd 2785.90                         Retail  2026-09-02 13.31  2026-09-03 14.05  5.60 
 IREN                      IREN Ltd  155.23                     Technology   2026-09-02 39.6  2026-09-03 41.65  5.18 
  ANF        Abercrombie & Fitch Co   60.91                         Retail  2026-09-02 136.6 2026-09-03 143.54  5.08 
BAIDF                     Baidu Inc  310.63                          Media  2026-09-02 11.52   2026-09-03 12.1  4.99 
 DELL         Dell Technologies Inc 3188.80                     Technology  2026-09-02 492.2 2026-09-03 516.39  4.91 
  RKT          Rocket Companies Inc  402.10             Financial Services  2026-09-02 13.56  2026-09-03 14.22  4.87 
 CBRE                CBRE Group Inc  427.64                    Real Estate 2026-09-02 142.06 2026-09-03 148.74  4.70 
   IT                   Gartner Inc  121.92                     Technology 2026-09-02 186.75 2026-09-03 195.46  4.66 
 CPRT                    Copart Inc  315.05 Commercial Services & Supplies  2026-09-02 32.16  2026-09-03 33.58  4.42 
  SYM                  Symbotic Inc  243.86                      Machinery  2026-09-02 39.87   2026-09-03 41.6  4.34 

=== 市值超过100亿的涨幅榜前20名股票 ===
 股票代码              公司名称              市值(亿)                板块                      昨天收盘              今天收盘       涨跌幅(%)
 MSTR                  Strategy Inc  506.99                     Technology 2026-09-02 123.19 2026-09-03 144.82 17.56 
 SMMT       Summit Therapeutics Inc  127.16                  Biotechnology   2026-09-02 14.6  2026-09-03 17.13 17.33 
 CRCL     Circle Internet Group Inc  250.07                     Technology  2026-09-02 88.64 2026-09-03 103.23 16.46 
   BE             Bloom Energy Corp  646.44           Electrical Equipment 2026-09-02 217.28 2026-09-03 235.55  8.41 
 FTAI             FTAI Aviation Ltd  192.72            Aerospace & Defense 2026-09-02 185.61 2026-09-03 199.39  7.42 
  PFG Principal Financial Group Inc  258.47                      Insurance 2026-09-02 111.31 2026-09-03 118.51  6.47 
 AXON           Axon Enterprise Inc  425.88            Aerospace & Defense 2026-09-02 506.98 2026-09-03 538.15  6.15 
 RBRK                    Rubrik Inc  186.73                     Technology  2026-09-02 87.18  2026-09-03 92.14  5.69 
BABAF     Alibaba Group Holding Ltd 2785.90                         Retail  2026-09-02 13.31  2026-09-03 14.05  5.60 
 IREN                      IREN Ltd  155.23                     Technology   2026-09-02 39.6  2026-09-03 41.65  5.18 
BAIDF                     Baidu Inc  310.63                          Media  2026-09-02 11.52   2026-09-03 12.1  4.99 
 DELL         Dell Technologies Inc 3188.80                     Technology  2026-09-02 492.2 2026-09-03 516.39  4.91 
  RKT          Rocket Companies Inc  402.10             Financial Services  2026-09-02 13.56  2026-09-03 14.22  4.87 
 CBRE                CBRE Group Inc  427.64                    Real Estate 2026-09-02 142.06 2026-09-03 148.74  4.70 
   IT                   Gartner Inc  121.92                     Technology 2026-09-02 186.75 2026-09-03 195.46  4.66 
 CPRT                    Copart Inc  315.05 Commercial Services & Supplies  2026-09-02 32.16  2026-09-03 33.58  4.42 
  SYM                  Symbotic Inc  243.86                      Machinery  2026-09-02 39.87   2026-09-03 41.6  4.34 
  NET                Cloudflare Inc  990.20                     Technology 2026-09-02 272.74 2026-09-03 284.51  4.32 
 DOCN     DigitalOcean Holdings Inc  120.74                     Technology 2026-09-02 104.87  2026-09-03 109.4  4.32 
 SANM                  Sanmina Corp  100.48           Electrical Equipment 2026-09-02 187.67 2026-09-03 195.69  4.27 

=== 市值超过200亿的涨幅榜前20名股票 ===
 股票代码              公司名称              市值(亿)                 板块                      昨天收盘              今天收盘       涨跌幅(%)
 MSTR                  Strategy Inc   506.99                     Technology 2026-09-02 123.19 2026-09-03 144.82 17.56 
 CRCL     Circle Internet Group Inc   250.07                     Technology  2026-09-02 88.64 2026-09-03 103.23 16.46 
   BE             Bloom Energy Corp   646.44           Electrical Equipment 2026-09-02 217.28 2026-09-03 235.55  8.41 
  PFG Principal Financial Group Inc   258.47                      Insurance 2026-09-02 111.31 2026-09-03 118.51  6.47 
 AXON           Axon Enterprise Inc   425.88            Aerospace & Defense 2026-09-02 506.98 2026-09-03 538.15  6.15 
BABAF     Alibaba Group Holding Ltd  2785.90                         Retail  2026-09-02 13.31  2026-09-03 14.05  5.60 
BAIDF                     Baidu Inc   310.63                          Media  2026-09-02 11.52   2026-09-03 12.1  4.99 
 DELL         Dell Technologies Inc  3188.80                     Technology  2026-09-02 492.2 2026-09-03 516.39  4.91 
  RKT          Rocket Companies Inc   402.10             Financial Services  2026-09-02 13.56  2026-09-03 14.22  4.87 
 CBRE                CBRE Group Inc   427.64                    Real Estate 2026-09-02 142.06 2026-09-03 148.74  4.70 
 CPRT                    Copart Inc   315.05 Commercial Services & Supplies  2026-09-02 32.16  2026-09-03 33.58  4.42 
  SYM                  Symbotic Inc   243.86                      Machinery  2026-09-02 39.87   2026-09-03 41.6  4.34 
  NET                Cloudflare Inc   990.20                     Technology 2026-09-02 272.74 2026-09-03 284.51  4.32 
  ICE Intercontinental Exchange Inc   909.11             Financial Services 2026-09-02 157.85 2026-09-03 164.59  4.27 
  OMC             Omnicom Group Inc   226.50                          Media  2026-09-02 81.76  2026-09-03 84.73  3.63 
DUAVF          Dassault Aviation SA   215.49            Aerospace & Defense  2026-09-02 312.3 2026-09-03 322.85  3.38 
 CBRS          Cerebras Systems Inc   410.33                 Semiconductors 2026-09-02 184.52 2026-09-03 190.44  3.21 
 META            Meta Platforms Inc 15709.71                          Media 2026-09-02 592.85 2026-09-03 610.68  3.01 
  IQV            IQVIA Holdings Inc   438.81 Life Sciences Tools & Services 2026-09-02 263.84 2026-09-03 271.62  2.95 
  RJF   Raymond James Financial Inc   346.71             Financial Services 2026-09-02 175.95  2026-09-03 181.1  2.93 

=== 市值超过1000亿的涨跌榜前20名股票 ===
 股票代码                 公司名称                  市值(亿)            板块                 昨天收盘              今天收盘       涨跌幅(%)
BABAF            Alibaba Group Holding Ltd  2785.90               Retail  2026-09-02 13.31  2026-09-03 14.05  5.60 
 DELL                Dell Technologies Inc  3188.80           Technology  2026-09-02 492.2 2026-09-03 516.39  4.91 
 META                   Meta Platforms Inc 15709.71                Media 2026-09-02 592.85 2026-09-03 610.68  3.01 
  CRM                       Salesforce Inc  2189.80           Technology 2026-09-02 256.93 2026-09-03 264.43  2.92 
 ANET                  Arista Networks Inc  2349.51       Communications  2026-09-02 186.1 2026-09-03 191.44  2.87 
 SHOP                          Shopify Inc  1868.46           Technology 2026-09-02 141.87 2026-09-03 145.88  2.83 
   MS                       Morgan Stanley  3393.84   Financial Services 2026-09-02 211.82 2026-09-03 217.15  2.52 
 INTC                           Intel Corp  4704.54       Semiconductors  2026-09-02 90.05  2026-09-03 91.67  1.80 
  COF           Capital One Financial Corp  1350.25   Financial Services  2026-09-02 216.6  2026-09-03 220.5  1.80 
  JPM                  JPMorgan Chase & Co  9562.83              Banking 2026-09-02 356.22 2026-09-03 362.06  1.64 
  ETN                Eaton Corporation PLC  1508.58 Electrical Equipment 2026-09-02 390.85 2026-09-03 397.12  1.60 
 GOOG                         Alphabet Inc 42070.59                Media 2026-09-02 333.78 2026-09-03 339.08  1.59 
   PH                 Parker-Hannifin Corp  1200.13            Machinery 2026-09-02 949.38 2026-09-03 964.52  1.59 
GOOGL                         Alphabet Inc 42070.59                Media 2026-09-02 337.12 2026-09-03 342.48  1.59 
 LRCX                    Lam Research Corp  3536.36       Semiconductors 2026-09-02 288.32 2026-09-03 292.66  1.51 
  IBM International Business Machines Corp  2219.34           Technology  2026-09-02 231.7 2026-09-03 234.71  1.30 
EADSF                            Airbus SE  1550.05  Aerospace & Defense 2026-09-02 227.17  2026-09-03 230.0  1.25 
  PGR                     Progressive Corp  1302.42            Insurance 2026-09-02 221.38 2026-09-03 223.87  1.12 
 GILD                 Gilead Sciences, Inc  1852.31        Biotechnology 2026-09-02 149.61 2026-09-03 151.22  1.08 
 AAPL                            Apple Inc 47596.00           Technology 2026-09-02 324.96 2026-09-03 328.21  1.00 
