
=== 涨幅榜前20名股票 ===
股票代码                   公司名称                    市值(亿)                板块                     昨天收盘             今天收盘       涨跌幅(%)
IPDN       Professional Diversity Network Inc    0.04         Professional Services    2026-09-22 3.9  2026-09-23 5.42 38.97 
GLND                      Greenland Energy Co    1.10                        Energy   2026-09-22 2.51  2026-09-23 2.91 15.94 
MEHA                    Functional Brands Inc    0.00             Consumer products    2026-09-22 0.0  2026-09-23 0.01 12.50 
VRME                             VerifyMe Inc    0.09          Electrical Equipment   2026-09-22 1.04  2026-09-23 1.15 10.58 
RMSG                      Real Messenger Corp    0.05                   Real Estate   2026-09-22 0.29  2026-09-23 0.32 10.45 
CPOP                 Pop Culture Group Co Ltd    0.05                         Media   2026-09-22 4.71  2026-09-23 5.17  9.77 
ZONE                  CleanCore Solutions Inc    0.78                     Machinery   2026-09-22 0.14  2026-09-23 0.14  6.62 
RIME                  Algorhythm Holdings Inc    0.03             Consumer products   2026-09-22 0.18  2026-09-23 0.19  5.56 
RDIB                Reading International Inc    0.68                         Media  2026-09-22 16.45 2026-09-23 17.34  5.44 
AEMD                      Aethlon Medical Inc    0.11                   Health Care   2026-09-22 6.57  2026-09-23 6.81  3.65 
CELZ Creative Medical Technology Holdings Inc    0.06                 Biotechnology   2026-09-22 0.94  2026-09-23 0.97  3.60 
HODO                        House of Doge Inc    0.15                         Media   2026-09-22 0.17  2026-09-23 0.18  3.12 
 HPE            Hewlett Packard Enterprise Co  827.41                    Technology  2026-09-22 61.03 2026-09-23 62.33  2.13 
 TTE                         TotalEnergies SE 1753.61                        Energy  2026-09-22 89.85 2026-09-23 91.67  2.03 
CODX                       Co-Diagnostics Inc    0.08                   Health Care   2026-09-22 1.08   2026-09-23 1.1  1.85 
SKYA                    Sharps Technology Inc    0.77                   Health Care   2026-09-22 1.78  2026-09-23 1.81  1.69 
 FUN             Six Flags Entertainment Corp   12.58 Hotels, Restaurants & Leisure   2026-09-22 12.3 2026-09-23 12.43  1.06 
HUBB                              Hubbell Inc  244.98          Electrical Equipment 2026-09-22 458.83 2026-09-23 463.7  1.06 
   T                                 AT&T Inc 1719.95             Telecommunication   2026-09-22 25.1  2026-09-23 25.3  0.80 
VERI                             Veritone Inc    1.29                    Technology   2026-09-22 1.28  2026-09-23 1.29  0.78 

=== 市值超过20亿的涨幅榜前20名股票 ===
 股票代码                公司名称                 市值(亿)                板块                     昨天收盘              今天收盘       涨跌幅(%)
  HPE      Hewlett Packard Enterprise Co  827.41                    Technology  2026-09-22 61.03  2026-09-23 62.33  2.13 
  TTE                   TotalEnergies SE 1753.61                        Energy  2026-09-22 89.85  2026-09-23 91.67  2.03 
 HUBB                        Hubbell Inc  244.98          Electrical Equipment 2026-09-22 458.83  2026-09-23 463.7  1.06 
    T                           AT&T Inc 1719.95             Telecommunication   2026-09-22 25.1   2026-09-23 25.3  0.80 
 CRDO Credo Technology Group Holding Ltd  364.38                Semiconductors 2026-09-22 192.56 2026-09-23 193.87  0.68 
 QUBT              Quantum Computing Inc   20.55                    Technology   2026-09-22 9.08   2026-09-23 9.12  0.44 
 AMAT              Applied Materials Inc 3749.43                Semiconductors 2026-09-22 472.46 2026-09-23 474.38  0.41 
 SAIL                      SailPoint Inc  122.00                    Technology  2026-09-22 21.37  2026-09-23 21.41  0.19 
 VIAV                Viavi Solutions Inc   89.89                Communications   2026-09-22 36.4  2026-09-23 36.43  0.08 
SRBEF                          Vusion SA   22.41          Electrical Equipment 2026-09-22 144.89 2026-09-23 144.89  0.00 
  UPS          United Parcel Service Inc  815.64    Logistics & Transportation  2026-09-22 95.87  2026-09-23 95.82 -0.05 
 SMCI           Super Micro Computer Inc  272.25                    Technology  2026-09-22 41.54  2026-09-23 41.44 -0.24 
 MRNA                        Moderna Inc  727.05                 Biotechnology 2026-09-22 182.56 2026-09-23 182.11 -0.25 
 NCLH Norwegian Cruise Line Holdings Ltd   65.11 Hotels, Restaurants & Leisure  2026-09-22 14.22  2026-09-23 14.18 -0.28 
  BAC               Bank of America Corp 3915.94                       Banking   2026-09-22 56.2   2026-09-23 56.0 -0.36 
  RIG                     Transocean Ltd   61.09                        Energy   2026-09-22 5.49   2026-09-23 5.47 -0.36 
   BE                  Bloom Energy Corp  814.46          Electrical Equipment 2026-09-22 276.53 2026-09-23 275.19 -0.48 
  JPM                JPMorgan Chase & Co 9037.83                       Banking  2026-09-22 340.0 2026-09-23 337.53 -0.73 
 RIVN              Rivian Automotive Inc  219.21                   Automobiles  2026-09-22 15.14  2026-09-23 15.02 -0.79 
 MBLY                Mobileye Global Inc   65.29               Auto Components   2026-09-22 7.68   2026-09-23 7.61 -0.91 

=== 市值超过50亿的涨幅榜前20名股票 ===
股票代码                公司名称                 市值(亿)                板块                     昨天收盘              今天收盘       涨跌幅(%)
 HPE      Hewlett Packard Enterprise Co  827.41                    Technology  2026-09-22 61.03  2026-09-23 62.33  2.13 
 TTE                   TotalEnergies SE 1753.61                        Energy  2026-09-22 89.85  2026-09-23 91.67  2.03 
HUBB                        Hubbell Inc  244.98          Electrical Equipment 2026-09-22 458.83  2026-09-23 463.7  1.06 
   T                           AT&T Inc 1719.95             Telecommunication   2026-09-22 25.1   2026-09-23 25.3  0.80 
CRDO Credo Technology Group Holding Ltd  364.38                Semiconductors 2026-09-22 192.56 2026-09-23 193.87  0.68 
AMAT              Applied Materials Inc 3749.43                Semiconductors 2026-09-22 472.46 2026-09-23 474.38  0.41 
SAIL                      SailPoint Inc  122.00                    Technology  2026-09-22 21.37  2026-09-23 21.41  0.19 
VIAV                Viavi Solutions Inc   89.89                Communications   2026-09-22 36.4  2026-09-23 36.43  0.08 
 UPS          United Parcel Service Inc  815.64    Logistics & Transportation  2026-09-22 95.87  2026-09-23 95.82 -0.05 
SMCI           Super Micro Computer Inc  272.25                    Technology  2026-09-22 41.54  2026-09-23 41.44 -0.24 
MRNA                        Moderna Inc  727.05                 Biotechnology 2026-09-22 182.56 2026-09-23 182.11 -0.25 
NCLH Norwegian Cruise Line Holdings Ltd   65.11 Hotels, Restaurants & Leisure  2026-09-22 14.22  2026-09-23 14.18 -0.28 
 BAC               Bank of America Corp 3915.94                       Banking   2026-09-22 56.2   2026-09-23 56.0 -0.36 
 RIG                     Transocean Ltd   61.09                        Energy   2026-09-22 5.49   2026-09-23 5.47 -0.36 
  BE                  Bloom Energy Corp  814.46          Electrical Equipment 2026-09-22 276.53 2026-09-23 275.19 -0.48 
 JPM                JPMorgan Chase & Co 9037.83                       Banking  2026-09-22 340.0 2026-09-23 337.53 -0.73 
RIVN              Rivian Automotive Inc  219.21                   Automobiles  2026-09-22 15.14  2026-09-23 15.02 -0.79 
MBLY                Mobileye Global Inc   65.29               Auto Components   2026-09-22 7.68   2026-09-23 7.61 -0.91 
INTC                         Intel Corp 6480.77                Semiconductors 2026-09-22 123.86  2026-09-23 122.6 -1.02 
NFLX                        Netflix Inc 3004.70                         Media  2026-09-22 72.16  2026-09-23 71.36 -1.11 

=== 市值超过100亿的涨幅榜前20名股票 ===
股票代码                公司名称                 市值(亿)               板块                    昨天收盘              今天收盘       涨跌幅(%)
 HPE      Hewlett Packard Enterprise Co   827.41                 Technology  2026-09-22 61.03  2026-09-23 62.33  2.13 
 TTE                   TotalEnergies SE  1753.61                     Energy  2026-09-22 89.85  2026-09-23 91.67  2.03 
HUBB                        Hubbell Inc   244.98       Electrical Equipment 2026-09-22 458.83  2026-09-23 463.7  1.06 
   T                           AT&T Inc  1719.95          Telecommunication   2026-09-22 25.1   2026-09-23 25.3  0.80 
CRDO Credo Technology Group Holding Ltd   364.38             Semiconductors 2026-09-22 192.56 2026-09-23 193.87  0.68 
AMAT              Applied Materials Inc  3749.43             Semiconductors 2026-09-22 472.46 2026-09-23 474.38  0.41 
SAIL                      SailPoint Inc   122.00                 Technology  2026-09-22 21.37  2026-09-23 21.41  0.19 
 UPS          United Parcel Service Inc   815.64 Logistics & Transportation  2026-09-22 95.87  2026-09-23 95.82 -0.05 
SMCI           Super Micro Computer Inc   272.25                 Technology  2026-09-22 41.54  2026-09-23 41.44 -0.24 
MRNA                        Moderna Inc   727.05              Biotechnology 2026-09-22 182.56 2026-09-23 182.11 -0.25 
 BAC               Bank of America Corp  3915.94                    Banking   2026-09-22 56.2   2026-09-23 56.0 -0.36 
  BE                  Bloom Energy Corp   814.46       Electrical Equipment 2026-09-22 276.53 2026-09-23 275.19 -0.48 
 JPM                JPMorgan Chase & Co  9037.83                    Banking  2026-09-22 340.0 2026-09-23 337.53 -0.73 
RIVN              Rivian Automotive Inc   219.21                Automobiles  2026-09-22 15.14  2026-09-23 15.02 -0.79 
INTC                         Intel Corp  6480.77             Semiconductors 2026-09-22 123.86  2026-09-23 122.6 -1.02 
NFLX                        Netflix Inc  3004.70                      Media  2026-09-22 72.16  2026-09-23 71.36 -1.11 
SOFI              SoFi Technologies Inc   221.63         Financial Services  2026-09-22 17.16  2026-09-23 16.55 -3.55 
 RKT               Rocket Companies Inc   360.75         Financial Services  2026-09-22 12.74  2026-09-23 12.15 -4.63 
ASTS                AST SpaceMobile Inc   233.42          Telecommunication  2026-09-22 63.69  2026-09-23 59.98 -5.83 
NVDA                        NVIDIA Corp 54347.91             Semiconductors 2026-09-22 228.87    2026-09-23 nan   nan 

=== 市值超过200亿的涨幅榜前20名股票 ===
股票代码                公司名称                 市值(亿)               板块                    昨天收盘              今天收盘       涨跌幅(%)
 HPE      Hewlett Packard Enterprise Co   827.41                 Technology  2026-09-22 61.03  2026-09-23 62.33  2.13 
 TTE                   TotalEnergies SE  1753.61                     Energy  2026-09-22 89.85  2026-09-23 91.67  2.03 
HUBB                        Hubbell Inc   244.98       Electrical Equipment 2026-09-22 458.83  2026-09-23 463.7  1.06 
   T                           AT&T Inc  1719.95          Telecommunication   2026-09-22 25.1   2026-09-23 25.3  0.80 
CRDO Credo Technology Group Holding Ltd   364.38             Semiconductors 2026-09-22 192.56 2026-09-23 193.87  0.68 
AMAT              Applied Materials Inc  3749.43             Semiconductors 2026-09-22 472.46 2026-09-23 474.38  0.41 
 UPS          United Parcel Service Inc   815.64 Logistics & Transportation  2026-09-22 95.87  2026-09-23 95.82 -0.05 
SMCI           Super Micro Computer Inc   272.25                 Technology  2026-09-22 41.54  2026-09-23 41.44 -0.24 
MRNA                        Moderna Inc   727.05              Biotechnology 2026-09-22 182.56 2026-09-23 182.11 -0.25 
 BAC               Bank of America Corp  3915.94                    Banking   2026-09-22 56.2   2026-09-23 56.0 -0.36 
  BE                  Bloom Energy Corp   814.46       Electrical Equipment 2026-09-22 276.53 2026-09-23 275.19 -0.48 
 JPM                JPMorgan Chase & Co  9037.83                    Banking  2026-09-22 340.0 2026-09-23 337.53 -0.73 
RIVN              Rivian Automotive Inc   219.21                Automobiles  2026-09-22 15.14  2026-09-23 15.02 -0.79 
INTC                         Intel Corp  6480.77             Semiconductors 2026-09-22 123.86  2026-09-23 122.6 -1.02 
NFLX                        Netflix Inc  3004.70                      Media  2026-09-22 72.16  2026-09-23 71.36 -1.11 
SOFI              SoFi Technologies Inc   221.63         Financial Services  2026-09-22 17.16  2026-09-23 16.55 -3.55 
 RKT               Rocket Companies Inc   360.75         Financial Services  2026-09-22 12.74  2026-09-23 12.15 -4.63 
ASTS                AST SpaceMobile Inc   233.42          Telecommunication  2026-09-22 63.69  2026-09-23 59.98 -5.83 
NVDA                        NVIDIA Corp 54347.91             Semiconductors 2026-09-22 228.87    2026-09-23 nan   nan 
GOOG                       Alphabet Inc 41316.61                      Media 2026-09-22 347.41    2026-09-23 nan   nan 

=== 市值超过1000亿的涨跌榜前20名股票 ===
 股票代码                 公司名称                 市值(亿)           板块               昨天收盘               今天收盘       涨跌幅(%)
  TTE                    TotalEnergies SE  1753.61            Energy   2026-09-22 89.85  2026-09-23 91.67  2.03 
    T                            AT&T Inc  1719.95 Telecommunication    2026-09-22 25.1   2026-09-23 25.3  0.80 
 AMAT               Applied Materials Inc  3749.43    Semiconductors  2026-09-22 472.46 2026-09-23 474.38  0.41 
  BAC                Bank of America Corp  3915.94           Banking    2026-09-22 56.2   2026-09-23 56.0 -0.36 
  JPM                 JPMorgan Chase & Co  9037.83           Banking   2026-09-22 340.0 2026-09-23 337.53 -0.73 
 INTC                          Intel Corp  6480.77    Semiconductors  2026-09-22 123.86  2026-09-23 122.6 -1.02 
 NFLX                         Netflix Inc  3004.70             Media   2026-09-22 72.16  2026-09-23 71.36 -1.11 
 NVDA                         NVIDIA Corp 54347.91    Semiconductors  2026-09-22 228.87    2026-09-23 nan   nan 
 GOOG                        Alphabet Inc 41316.61             Media  2026-09-22 347.41    2026-09-23 nan   nan 
   MU               Micron Technology Inc 12105.74    Semiconductors 2026-09-22 1096.16    2026-09-23 nan   nan 
 SPCX Space Exploration Technologies Corp 20134.04 Telecommunication  2026-09-22 154.72    2026-09-23 nan   nan 
 CSCO                   Cisco Systems Inc  4196.10    Communications  2026-09-22 106.44    2026-09-23 nan   nan 
   VZ          Verizon Communications Inc  1915.87 Telecommunication   2026-09-22 46.45    2026-09-23 nan   nan 
 SNDK                        Sandisk Corp  2659.80        Technology 2026-09-22 1887.04    2026-09-23 nan   nan 
 QCOM                        Qualcomm Inc  2071.48    Semiconductors  2026-09-22 198.27    2026-09-23 nan   nan 
 AMZN                      Amazon.com Inc 26887.05            Retail  2026-09-22 254.98    2026-09-23 nan   nan 
  AMD          Advanced Micro Devices Inc 10033.35    Semiconductors  2026-09-22 623.77    2026-09-23 nan   nan 
 MSFT                      Microsoft Corp 37171.54        Technology   2026-09-22 498.0    2026-09-23 nan   nan 
 AVGO                        Broadcom Inc 16945.91    Semiconductors  2026-09-22 364.54    2026-09-23 nan   nan 
GOOGL                        Alphabet Inc 41316.61             Media  2026-09-22 351.16    2026-09-23 nan   nan 
