
=== 涨幅榜前20名股票 ===
股票代码                  公司名称                 市值(亿)                板块                     昨天收盘             今天收盘       涨跌幅(%)
PFAI               Pinnacle Food Group Ltd   0.28                      Machinery  2026-10-06 2.34  2026-10-07 5.07 116.67
BIYA         Baiya International Group Inc   0.14          Professional Services  2026-10-06 1.37   2026-10-07 2.3  68.50
TOPP                 Toppoint Holdings Inc   0.04                    Road & Rail  2026-10-06 0.11  2026-10-07 0.17  53.57
CPHI             China Pharma Holdings Inc   0.37                Pharmaceuticals  2026-10-06 0.64  2026-10-07 0.85  32.81
XRPN            Armada Acquisition Corp II   3.30                            N/A  2026-10-06 19.2 2026-10-07 25.01  30.26
GIPR      Generation Income Properties Inc   0.02                    Real Estate  2026-10-06 0.38  2026-10-07 0.49  29.66
IRIX                           IRIDEX Corp   0.15                    Health Care  2026-10-06 0.68  2026-10-07 0.88  29.41
SMXT               SolarMax Technology Inc   0.21           Electrical Equipment  2026-10-06 3.42  2026-10-07 4.39  28.36
  MI                               Nft Ltd   0.01                          Media  2026-10-06 1.23  2026-10-07 1.54  25.20
 BSP                    Bending Spoons SpA 260.88                     Technology 2026-10-06 33.07 2026-10-07 41.07  24.19
GIBO                     Gibo Holdings Ltd   1.34                          Media 2026-10-06 44.44 2026-10-07 54.99  23.74
  CD          Chaince Digital Holdings Inc  11.17                     Technology  2026-10-06 8.32 2026-10-07 10.15  22.00
ELOG             Eastern International Ltd   0.09                    Road & Rail  2026-10-06 0.57  2026-10-07 0.68  20.04
LBGJ Li Bang International Corporation Inc   0.02                      Machinery   2026-10-06 1.9  2026-10-07 2.27  19.47
CREG                     Smart Powerr Corp   0.01 Commercial Services & Supplies  2026-10-06 0.17   2026-10-07 0.2  19.16
 ICU          SeaStar Medical Holding Corp   0.16                    Health Care  2026-10-06 3.19  2026-10-07 3.72  16.61
 CCG                      Cheche Group Inc   0.14                      Insurance  2026-10-06 4.97  2026-10-07 5.77  16.10
SHPH  Shuttle Pharmaceuticals Holdings Inc   0.22                  Biotechnology  2026-10-06 4.06  2026-10-07 4.71  16.01
NXTC                          NextCure Inc   0.30                  Biotechnology  2026-10-06 5.68  2026-10-07 6.56  15.39
HRTX                Heron Therapeutics Inc   0.73                  Biotechnology  2026-10-06 0.33  2026-10-07 0.38  15.15

=== 市值超过20亿的涨幅榜前20名股票 ===
 股票代码           公司名称            市值(亿)                 板块                     昨天收盘               今天收盘       涨跌幅(%)
  BSP       Bending Spoons SpA   260.88                    Technology   2026-10-06 33.07  2026-10-07 41.07 24.19 
 PENG    Penguin Solutions Inc    37.21                Semiconductors   2026-10-06 64.21  2026-10-07 72.61 13.08 
  BKV                 BKV Corp    25.91                        Energy   2026-10-06 22.05  2026-10-07 23.68  7.39 
 PGNY              Progyny Inc    21.14                   Health Care   2026-10-06 25.91  2026-10-07 27.55  6.33 
SVYSF                Solvay SA    25.97                     Chemicals   2026-10-06 26.56  2026-10-07 28.05  5.62 
 SPOT    Spotify Technology SA  1056.01                         Media  2026-10-06 488.13 2026-10-07 512.92  5.08 
 KVYO              Klaviyo Inc    49.57                    Technology    2026-10-06 16.6  2026-10-07 17.41  4.88 
 MRNA              Moderna Inc   784.42                 Biotechnology  2026-10-06 187.46 2026-10-07 196.48  4.81 
 STUB    Stubhub Holdings, Inc    22.93                         Media    2026-10-06 5.73    2026-10-07 6.0  4.71 
 TTAN         ServiceTitan Inc    69.21                    Technology   2026-10-06 68.67  2026-10-07 71.74  4.47 
 NAVN                Navan Inc    58.07 Hotels, Restaurants & Leisure   2026-10-06 21.34  2026-10-07 22.28  4.40 
ACRFF                 Accor SA   103.72 Hotels, Restaurants & Leisure   2026-10-06 48.95   2026-10-07 51.0  4.19 
   MU    Micron Technology Inc 12287.80                Semiconductors 2026-10-06 1045.56 2026-10-07 1088.0  4.06 
DASTF     Dassault Systemes SE   287.99                    Technology   2026-10-06 23.09   2026-10-07 24.0  3.94 
  VST              Vistra Corp   559.57                     Utilities   2026-10-06 160.5 2026-10-07 166.72  3.88 
 CTVA              Corteva Inc    96.42                     Chemicals   2026-10-06 13.91  2026-10-07 14.45  3.88 
   PI               Impinj Inc    58.37                Semiconductors  2026-10-06 184.16 2026-10-07 191.04  3.74 
  DYN   Dyne Therapeutics, Inc    29.82                 Biotechnology    2026-10-06 15.4  2026-10-07 15.97  3.70 
 SMMT  Summit Therapeutics Inc   143.20                 Biotechnology   2026-10-06 17.31  2026-10-07 17.95  3.70 
 SMCI Super Micro Computer Inc   295.24                    Technology   2026-10-06 43.46  2026-10-07 44.94  3.41 

=== 市值超过50亿的涨幅榜前20名股票 ===
 股票代码                        公司名称                         市值(亿)                 板块                     昨天收盘               今天收盘        涨跌幅(%)
  BSP                                 Bending Spoons SpA   260.88                    Technology   2026-10-06 33.07   2026-10-07 41.07 24.19 
 SPOT                              Spotify Technology SA  1056.01                         Media  2026-10-06 488.13  2026-10-07 512.92  5.08 
 MRNA                                        Moderna Inc   784.42                 Biotechnology  2026-10-06 187.46  2026-10-07 196.48  4.81 
 TTAN                                   ServiceTitan Inc    69.21                    Technology   2026-10-06 68.67   2026-10-07 71.74  4.47 
 NAVN                                          Navan Inc    58.07 Hotels, Restaurants & Leisure   2026-10-06 21.34   2026-10-07 22.28  4.40 
ACRFF                                           Accor SA   103.72 Hotels, Restaurants & Leisure   2026-10-06 48.95    2026-10-07 51.0  4.19 
   MU                              Micron Technology Inc 12287.80                Semiconductors 2026-10-06 1045.56  2026-10-07 1088.0  4.06 
DASTF                               Dassault Systemes SE   287.99                    Technology   2026-10-06 23.09    2026-10-07 24.0  3.94 
  VST                                        Vistra Corp   559.57                     Utilities   2026-10-06 160.5  2026-10-07 166.72  3.88 
 CTVA                                        Corteva Inc    96.42                     Chemicals   2026-10-06 13.91   2026-10-07 14.45  3.88 
   PI                                         Impinj Inc    58.37                Semiconductors  2026-10-06 184.16  2026-10-07 191.04  3.74 
 SMMT                            Summit Therapeutics Inc   143.20                 Biotechnology   2026-10-06 17.31   2026-10-07 17.95  3.70 
 SMCI                           Super Micro Computer Inc   295.24                    Technology   2026-10-06 43.46   2026-10-07 44.94  3.41 
MGDDF Compagnie Generale des Etablissements Michelin SCA   231.72               Auto Components    2026-10-06 37.4   2026-10-07 38.58  3.16 
  LLY                                   Eli Lilly and Co 11190.10               Pharmaceuticals 2026-10-06 1157.49 2026-10-07 1188.72  2.70 
 CPNG                                        Coupang Inc   266.21                        Retail   2026-10-06 14.42   2026-10-07 14.81  2.70 
 AMGN                                          Amgen Inc  2233.24                 Biotechnology   2026-10-06 402.6  2026-10-07 413.08  2.60 
  YOU                                   Clear Secure Inc    74.97                    Technology    2026-10-06 41.5   2026-10-07 42.58  2.60 
 INTU                                         Intuit Inc   794.33                    Technology  2026-10-06 289.81  2026-10-07 297.24  2.56 
 MORN                                    Morningstar Inc    75.27            Financial Services  2026-10-06 195.69  2026-10-07 200.65  2.53 

=== 市值超过100亿的涨幅榜前20名股票 ===
 股票代码                        公司名称                         市值(亿)                 板块                     昨天收盘               今天收盘        涨跌幅(%)
  BSP                                 Bending Spoons SpA   260.88                    Technology   2026-10-06 33.07   2026-10-07 41.07 24.19 
 SPOT                              Spotify Technology SA  1056.01                         Media  2026-10-06 488.13  2026-10-07 512.92  5.08 
 MRNA                                        Moderna Inc   784.42                 Biotechnology  2026-10-06 187.46  2026-10-07 196.48  4.81 
ACRFF                                           Accor SA   103.72 Hotels, Restaurants & Leisure   2026-10-06 48.95    2026-10-07 51.0  4.19 
   MU                              Micron Technology Inc 12287.80                Semiconductors 2026-10-06 1045.56  2026-10-07 1088.0  4.06 
DASTF                               Dassault Systemes SE   287.99                    Technology   2026-10-06 23.09    2026-10-07 24.0  3.94 
  VST                                        Vistra Corp   559.57                     Utilities   2026-10-06 160.5  2026-10-07 166.72  3.88 
 SMMT                            Summit Therapeutics Inc   143.20                 Biotechnology   2026-10-06 17.31   2026-10-07 17.95  3.70 
 SMCI                           Super Micro Computer Inc   295.24                    Technology   2026-10-06 43.46   2026-10-07 44.94  3.41 
MGDDF Compagnie Generale des Etablissements Michelin SCA   231.72               Auto Components    2026-10-06 37.4   2026-10-07 38.58  3.16 
  LLY                                   Eli Lilly and Co 11190.10               Pharmaceuticals 2026-10-06 1157.49 2026-10-07 1188.72  2.70 
 CPNG                                        Coupang Inc   266.21                        Retail   2026-10-06 14.42   2026-10-07 14.81  2.70 
 AMGN                                          Amgen Inc  2233.24                 Biotechnology   2026-10-06 402.6  2026-10-07 413.08  2.60 
 INTU                                         Intuit Inc   794.33                    Technology  2026-10-06 289.81  2026-10-07 297.24  2.56 
 RDDT                                         Reddit Inc   293.81                         Media  2026-10-06 148.95  2026-10-07 152.71  2.52 
 ISRG                             Intuitive Surgical Inc  1464.41                   Health Care  2026-10-06 404.76  2026-10-07 414.52  2.41 
  PCG                                          PG&E Corp   281.68                     Utilities    2026-10-06 12.5   2026-10-07 12.79  2.32 
BPCGF                       Banco Comercial Portugues SA   176.03                       Banking     2026-10-06 1.3    2026-10-07 1.33  2.31 
  HPE                      Hewlett Packard Enterprise Co   956.97                    Technology   2026-10-06 70.48   2026-10-07 72.09  2.28 
 CASY                          Caseys General Stores Inc   234.05                        Retail   2026-10-06 620.8  2026-10-07 633.25  2.01 

=== 市值超过200亿的涨幅榜前20名股票 ===
 股票代码                        公司名称                         市值(亿)          板块              昨天收盘               今天收盘        涨跌幅(%)
  BSP                                 Bending Spoons SpA   260.88      Technology   2026-10-06 33.07   2026-10-07 41.07 24.19 
 SPOT                              Spotify Technology SA  1056.01           Media  2026-10-06 488.13  2026-10-07 512.92  5.08 
 MRNA                                        Moderna Inc   784.42   Biotechnology  2026-10-06 187.46  2026-10-07 196.48  4.81 
   MU                              Micron Technology Inc 12287.80  Semiconductors 2026-10-06 1045.56  2026-10-07 1088.0  4.06 
DASTF                               Dassault Systemes SE   287.99      Technology   2026-10-06 23.09    2026-10-07 24.0  3.94 
  VST                                        Vistra Corp   559.57       Utilities   2026-10-06 160.5  2026-10-07 166.72  3.88 
 SMCI                           Super Micro Computer Inc   295.24      Technology   2026-10-06 43.46   2026-10-07 44.94  3.41 
MGDDF Compagnie Generale des Etablissements Michelin SCA   231.72 Auto Components    2026-10-06 37.4   2026-10-07 38.58  3.16 
  LLY                                   Eli Lilly and Co 11190.10 Pharmaceuticals 2026-10-06 1157.49 2026-10-07 1188.72  2.70 
 CPNG                                        Coupang Inc   266.21          Retail   2026-10-06 14.42   2026-10-07 14.81  2.70 
 AMGN                                          Amgen Inc  2233.24   Biotechnology   2026-10-06 402.6  2026-10-07 413.08  2.60 
 INTU                                         Intuit Inc   794.33      Technology  2026-10-06 289.81  2026-10-07 297.24  2.56 
 RDDT                                         Reddit Inc   293.81           Media  2026-10-06 148.95  2026-10-07 152.71  2.52 
 ISRG                             Intuitive Surgical Inc  1464.41     Health Care  2026-10-06 404.76  2026-10-07 414.52  2.41 
  PCG                                          PG&E Corp   281.68       Utilities    2026-10-06 12.5   2026-10-07 12.79  2.32 
  HPE                      Hewlett Packard Enterprise Co   956.97      Technology   2026-10-06 70.48   2026-10-07 72.09  2.28 
 CASY                          Caseys General Stores Inc   234.05          Retail   2026-10-06 620.8  2026-10-07 633.25  2.01 
 SNDK                                       Sandisk Corp  2478.02      Technology 2026-10-06 1660.46 2026-10-07 1692.42  1.92 
  PFE                                         Pfizer Inc  1595.91 Pharmaceuticals    2026-10-06 27.5    2026-10-07 28.0  1.82 
  CVS                                    CVS Health Corp  1124.85     Health Care   2026-10-06 86.43   2026-10-07 87.95  1.76 

=== 市值超过1000亿的涨跌榜前20名股票 ===
股票代码               公司名称               市值(亿)                 板块                      昨天收盘               今天收盘        涨跌幅(%)
SPOT           Spotify Technology SA  1056.01                          Media  2026-10-06 488.13  2026-10-07 512.92  5.08 
  MU           Micron Technology Inc 12287.80                 Semiconductors 2026-10-06 1045.56  2026-10-07 1088.0  4.06 
 LLY                Eli Lilly and Co 11190.10                Pharmaceuticals 2026-10-06 1157.49 2026-10-07 1188.72  2.70 
AMGN                       Amgen Inc  2233.24                  Biotechnology   2026-10-06 402.6  2026-10-07 413.08  2.60 
ISRG          Intuitive Surgical Inc  1464.41                    Health Care  2026-10-06 404.76  2026-10-07 414.52  2.41 
SNDK                    Sandisk Corp  2478.02                     Technology 2026-10-06 1660.46 2026-10-07 1692.42  1.92 
 PFE                      Pfizer Inc  1595.91                Pharmaceuticals    2026-10-06 27.5    2026-10-07 28.0  1.82 
 CVS                 CVS Health Corp  1124.85                    Health Care   2026-10-06 86.43   2026-10-07 87.95  1.76 
ABBV                      AbbVie Inc  4795.25                  Biotechnology  2026-10-06 266.69  2026-10-07 271.36  1.75 
 ACN                   Accenture PLC  1203.32                     Technology   2026-10-06 193.4  2026-10-07 196.64  1.68 
NFLX                     Netflix Inc  2902.27                          Media   2026-10-06 68.69    2026-10-07 69.7  1.47 
 JNJ               Johnson & Johnson  6228.38                Pharmaceuticals  2026-10-06 254.78  2026-10-07 258.45  1.44 
AMZN                  Amazon.com Inc 28035.79                         Retail  2026-10-06 256.29  2026-10-07 259.92  1.42 
 DHR                    Danaher Corp  1535.95 Life Sciences Tools & Services  2026-10-06 215.61  2026-10-07 218.49  1.34 
 TJX               TJX Companies Inc  1526.76                         Retail  2026-10-06 137.03   2026-10-07 138.8  1.29 
  PM Philip Morris International Inc  3003.29                        Tobacco   2026-10-06 190.4  2026-10-07 192.69  1.20 
 VLO              Valero Energy Corp  1221.10                         Energy  2026-10-06 419.22   2026-10-07 424.1  1.16 
PLTR       Palantir Technologies Inc  4664.82                     Technology  2026-10-06 192.07  2026-10-07 194.12  1.07 
 PGR                Progressive Corp  1244.25                      Insurance  2026-10-06 212.05  2026-10-07 214.12  0.98 
SHOP                     Shopify Inc  2136.22                     Technology  2026-10-06 164.44  2026-10-07 166.03  0.97 
