
=== 涨幅榜前20名股票 ===
股票代码                公司名称               市值(亿)                板块                     昨天收盘              今天收盘       涨跌幅(%)
  MI                           Nft Ltd   0.01                         Media   2026-10-02 0.89    2026-10-05 7.0 683.00
VEEA                          Veea Inc   0.18                    Technology   2026-10-02 3.33   2026-10-05 5.72  71.77
PDSB            PDS Biotechnology Corp   0.67                 Biotechnology   2026-10-02 0.75    2026-10-05 1.2  60.21
BEAT                     Heartbeam Inc   0.37                   Health Care   2026-10-02 0.44   2026-10-05 0.65  50.34
APUS    Apimeds Pharmaceuticals US Inc   0.07                 Biotechnology   2026-10-02 3.22   2026-10-05 4.59  42.55
QTEX                 Qtrex Quantum Ltd   1.03                   Health Care    2026-10-02 1.1   2026-10-05 1.54  40.00
SOBR                     Sobr Safe Inc   0.00          Electrical Equipment   2026-10-02 0.05   2026-10-05 0.07  38.00
SGLY Singularity Future Technology Ltd   0.05 Transportation Infrastructure   2026-10-02 0.73   2026-10-05 0.98  34.25
 PTC                           PTC Inc 208.61                    Technology 2026-10-02 144.03 2026-10-05 192.26  33.49
SVRN                      Oceanpal Inc   0.90                        Marine  2026-10-02 36.16  2026-10-05 47.99  32.72
GNLN            Greenlane Holdings Inc   0.02                  Distributors   2026-10-02 2.66    2026-10-05 3.5  31.58
AIFA Allied Gaming & Entertainment Inc   0.38 Hotels, Restaurants & Leisure   2026-10-02 4.47   2026-10-05 5.88  31.54
SCKT                 Socket Mobile Inc   0.08                    Technology   2026-10-02 0.71   2026-10-05 0.93  30.99
  XP                            XP Inc  88.87            Financial Services   2026-10-02 21.5  2026-10-05 28.15  30.93
PCVX                       Vaxcyte Inc 109.85                 Biotechnology  2026-10-02 56.48  2026-10-05 73.82  30.70
JAGX                 Jaguar Health Inc   0.09               Pharmaceuticals   2026-10-02 3.66   2026-10-05 4.73  29.23
PICS                           Pics NV  15.06            Financial Services   2026-10-02 9.09  2026-10-05 11.62  27.83
RETO            ReTo Eco-Solutions Inc   0.07                  Construction   2026-10-02 1.55   2026-10-05 1.95  25.81
HEPA        Hepion Pharmaceuticals Inc   0.10               Pharmaceuticals   2026-10-02 0.08    2026-10-05 0.1  23.46
 RXO                           RXO Inc  47.25                   Road & Rail  2026-10-02 23.38  2026-10-05 28.65  22.54

=== 市值超过20亿的涨幅榜前20名股票 ===
股票代码                 公司名称                 市值(亿)                 板块                      昨天收盘               今天收盘        涨跌幅(%)
 PTC                             PTC Inc   208.61                     Technology  2026-10-02 144.03  2026-10-05 192.26 33.49 
  XP                              XP Inc    88.87             Financial Services    2026-10-02 21.5   2026-10-05 28.15 30.93 
PCVX                         Vaxcyte Inc   109.85                  Biotechnology   2026-10-02 56.48   2026-10-05 73.82 30.70 
 RXO                             RXO Inc    47.25                    Road & Rail   2026-10-02 23.38   2026-10-05 28.65 22.54 
PAGS               PagSeguro Digital Ltd    30.39             Financial Services    2026-10-02 9.02   2026-10-05 10.95 21.40 
STNE                         StoneCo Ltd    28.07             Financial Services    2026-10-02 9.55   2026-10-05 11.54 20.84 
NVAX                         Novavax Inc    20.72                  Biotechnology   2026-10-02 10.46   2026-10-05 12.56 20.08 
INTR                      Inter & Co Inc    28.86                        Banking    2026-10-02 5.48    2026-10-05 6.56 19.71 
RXRX       Recursion Pharmaceuticals Inc    25.63                  Biotechnology    2026-10-02 4.12    2026-10-05 4.78 16.02 
  NU                    Nu Holdings Ltd.   733.27                        Banking   2026-10-02 13.43   2026-10-05 15.18 13.03 
ALVO                         Alvotech SA    23.86                  Biotechnology    2026-10-02 5.45    2026-10-05 6.11 12.11 
ALMR              Alamar Biosciences Inc    26.46 Life Sciences Tools & Services   2026-10-02 34.36   2026-10-05 38.13 10.97 
MELI                    MercadoLibre Inc   943.27                         Retail 2026-10-02 1696.56 2026-10-05 1860.61  9.67 
CBRS                Cerebras Systems Inc   406.40                 Semiconductors  2026-10-02 166.43  2026-10-05 181.55  9.08 
 TEM                       Tempus AI Inc   150.75 Life Sciences Tools & Services   2026-10-02 76.63   2026-10-05 83.55  9.03 
PURR          Hyperliquid Strategies Inc    30.74                  Biotechnology   2026-10-02 11.89   2026-10-05 12.92  8.66 
MRVI   Maravai LifeSciences Holdings Inc    22.12 Life Sciences Tools & Services     2026-10-02 7.9    2026-10-05 8.52  7.85 
 BSY                Bentley Systems, Inc   104.98                     Technology   2026-10-02 32.23   2026-10-05 34.75  7.82 
 CLF                Cleveland-Cliffs Inc    69.61                Metals & Mining   2026-10-02 11.32    2026-10-05 12.2  7.77 
SPCX Space Exploration Technologies Corp 23218.74              Telecommunication  2026-10-02 158.96  2026-10-05 171.09  7.63 

=== 市值超过50亿的涨幅榜前20名股票 ===
 股票代码                     公司名称                      市值(亿)                 板块                      昨天收盘               今天收盘        涨跌幅(%)
  PTC                                      PTC Inc   208.61                     Technology  2026-10-02 144.03  2026-10-05 192.26 33.49 
   XP                                       XP Inc    88.87             Financial Services    2026-10-02 21.5   2026-10-05 28.15 30.93 
 PCVX                                  Vaxcyte Inc   109.85                  Biotechnology   2026-10-02 56.48   2026-10-05 73.82 30.70 
   NU                             Nu Holdings Ltd.   733.27                        Banking   2026-10-02 13.43   2026-10-05 15.18 13.03 
 MELI                             MercadoLibre Inc   943.27                         Retail 2026-10-02 1696.56 2026-10-05 1860.61  9.67 
 CBRS                         Cerebras Systems Inc   406.40                 Semiconductors  2026-10-02 166.43  2026-10-05 181.55  9.08 
  TEM                                Tempus AI Inc   150.75 Life Sciences Tools & Services   2026-10-02 76.63   2026-10-05 83.55  9.03 
  BSY                         Bentley Systems, Inc   104.98                     Technology   2026-10-02 32.23   2026-10-05 34.75  7.82 
  CLF                         Cleveland-Cliffs Inc    69.61                Metals & Mining   2026-10-02 11.32    2026-10-05 12.2  7.77 
 SPCX          Space Exploration Technologies Corp 23218.74              Telecommunication  2026-10-02 158.96  2026-10-05 171.09  7.63 
 ILMN                                 Illumina Inc   443.47 Life Sciences Tools & Services  2026-10-02 273.04  2026-10-05 293.69  7.56 
 TTAN                             ServiceTitan Inc    69.61                     Technology   2026-10-02 67.09   2026-10-05 72.16  7.56 
 GRAL                                    Grail Inc    68.82                  Biotechnology  2026-10-02 143.26  2026-10-05 154.08  7.55 
ADYYF                                     Adyen NV   272.29             Financial Services   2026-10-02 947.0  2026-10-05 1018.0  7.50 
  CAI                      Caris Life Sciences Inc    85.88                  Biotechnology    2026-10-02 28.3   2026-10-05 30.39  7.39 
  CRL Charles River Laboratories International Inc   148.36 Life Sciences Tools & Services  2026-10-02 290.19  2026-10-05 310.77  7.09 
 VIRT                          Virtu Financial Inc    95.54             Financial Services   2026-10-02 58.79   2026-10-05 62.88  6.96 
 MRNA                                  Moderna Inc   811.29                  Biotechnology  2026-10-02 190.01  2026-10-05 203.21  6.95 
  RIG                               Transocean Ltd    61.54                         Energy    2026-10-02 5.17    2026-10-05 5.51  6.58 
  VAL                                  Valaris Ltd    57.97                         Energy   2026-10-02 78.39   2026-10-05 83.49  6.51 

=== 市值超过100亿的涨幅榜前20名股票 ===
 股票代码                     公司名称                      市值(亿)                 板块                      昨天收盘               今天收盘        涨跌幅(%)
  PTC                                      PTC Inc   208.61                     Technology  2026-10-02 144.03  2026-10-05 192.26 33.49 
 PCVX                                  Vaxcyte Inc   109.85                  Biotechnology   2026-10-02 56.48   2026-10-05 73.82 30.70 
   NU                             Nu Holdings Ltd.   733.27                        Banking   2026-10-02 13.43   2026-10-05 15.18 13.03 
 MELI                             MercadoLibre Inc   943.27                         Retail 2026-10-02 1696.56 2026-10-05 1860.61  9.67 
 CBRS                         Cerebras Systems Inc   406.40                 Semiconductors  2026-10-02 166.43  2026-10-05 181.55  9.08 
  TEM                                Tempus AI Inc   150.75 Life Sciences Tools & Services   2026-10-02 76.63   2026-10-05 83.55  9.03 
  BSY                         Bentley Systems, Inc   104.98                     Technology   2026-10-02 32.23   2026-10-05 34.75  7.82 
 SPCX          Space Exploration Technologies Corp 23218.74              Telecommunication  2026-10-02 158.96  2026-10-05 171.09  7.63 
 ILMN                                 Illumina Inc   443.47 Life Sciences Tools & Services  2026-10-02 273.04  2026-10-05 293.69  7.56 
ADYYF                                     Adyen NV   272.29             Financial Services   2026-10-02 947.0  2026-10-05 1018.0  7.50 
  CRL Charles River Laboratories International Inc   148.36 Life Sciences Tools & Services  2026-10-02 290.19  2026-10-05 310.77  7.09 
 MRNA                                  Moderna Inc   811.29                  Biotechnology  2026-10-02 190.01  2026-10-05 203.21  6.95 
BABAF                    Alibaba Group Holding Ltd  2647.07                         Retail   2026-10-02 13.09   2026-10-05 13.85  5.82 
 SHOP                                  Shopify Inc  2060.05                     Technology  2026-10-02 151.39  2026-10-05 160.11  5.76 
 AFRM                          Affirm Holdings Inc   252.22             Financial Services   2026-10-02 70.77   2026-10-05 74.75  5.62 
   GH                          Guardant Health Inc   251.24                    Health Care   2026-10-02 177.8  2026-10-05 187.22  5.30 
 AAOI                  Applied Optoelectronics Inc   103.22                 Communications  2026-10-02 115.59  2026-10-05 121.57  5.17 
  APP                                Applovin Corp   943.62                     Technology  2026-10-02 268.22  2026-10-05 281.97  5.13 
 CORT                     Corcept Therapeutics Inc   131.91                Pharmaceuticals  2026-10-02 116.23  2026-10-05 122.03  4.99 
 LPLA                   LPL Financial Holdings Inc   261.41             Financial Services  2026-10-02 316.44  2026-10-05 331.98  4.91 

=== 市值超过200亿的涨幅榜前20名股票 ===
 股票代码                 公司名称                 市值(亿)                 板块                      昨天收盘               今天收盘        涨跌幅(%)
  PTC                             PTC Inc   208.61                     Technology  2026-10-02 144.03  2026-10-05 192.26 33.49 
   NU                    Nu Holdings Ltd.   733.27                        Banking   2026-10-02 13.43   2026-10-05 15.18 13.03 
 MELI                    MercadoLibre Inc   943.27                         Retail 2026-10-02 1696.56 2026-10-05 1860.61  9.67 
 CBRS                Cerebras Systems Inc   406.40                 Semiconductors  2026-10-02 166.43  2026-10-05 181.55  9.08 
 SPCX Space Exploration Technologies Corp 23218.74              Telecommunication  2026-10-02 158.96  2026-10-05 171.09  7.63 
 ILMN                        Illumina Inc   443.47 Life Sciences Tools & Services  2026-10-02 273.04  2026-10-05 293.69  7.56 
ADYYF                            Adyen NV   272.29             Financial Services   2026-10-02 947.0  2026-10-05 1018.0  7.50 
 MRNA                         Moderna Inc   811.29                  Biotechnology  2026-10-02 190.01  2026-10-05 203.21  6.95 
BABAF           Alibaba Group Holding Ltd  2647.07                         Retail   2026-10-02 13.09   2026-10-05 13.85  5.82 
 SHOP                         Shopify Inc  2060.05                     Technology  2026-10-02 151.39  2026-10-05 160.11  5.76 
 AFRM                 Affirm Holdings Inc   252.22             Financial Services   2026-10-02 70.77   2026-10-05 74.75  5.62 
   GH                 Guardant Health Inc   251.24                    Health Care   2026-10-02 177.8  2026-10-05 187.22  5.30 
  APP                       Applovin Corp   943.62                     Technology  2026-10-02 268.22  2026-10-05 281.97  5.13 
 LPLA          LPL Financial Holdings Inc   261.41             Financial Services  2026-10-02 316.44  2026-10-05 331.98  4.91 
  GPN                 Global Payments Inc   217.46             Financial Services   2026-10-02 78.38   2026-10-05 82.18  4.85 
    U                  Unity Software Inc   201.03                     Technology   2026-10-02 43.61   2026-10-05 45.68  4.75 
 TEAM                      Atlassian Corp   497.80                     Technology  2026-10-02 187.89  2026-10-05 196.65  4.66 
  NUE                          Nucor Corp   570.39                Metals & Mining  2026-10-02 240.39  2026-10-05 251.41  4.58 
 ADSK                        Autodesk Inc   463.06                     Technology   2026-10-02 212.0  2026-10-05 221.56  4.51 
  STX     Seagate Technology Holdings PLC  2017.18                     Technology  2026-10-02 848.99  2026-10-05 887.09  4.49 

=== 市值超过1000亿的涨跌榜前20名股票 ===
 股票代码                 公司名称                 市值(亿)                 板块                      昨天收盘              今天收盘       涨跌幅(%)
 SPCX Space Exploration Technologies Corp 23218.74              Telecommunication 2026-10-02 158.96 2026-10-05 171.09  7.63 
BABAF           Alibaba Group Holding Ltd  2647.07                         Retail  2026-10-02 13.09  2026-10-05 13.85  5.82 
 SHOP                         Shopify Inc  2060.05                     Technology 2026-10-02 151.39 2026-10-05 160.11  5.76 
  STX     Seagate Technology Holdings PLC  2017.18                     Technology 2026-10-02 848.99 2026-10-05 887.09  4.49 
 ISRG              Intuitive Surgical Inc  1436.00                    Health Care 2026-10-02 391.95 2026-10-05 406.48  3.71 
  SYK                        Stryker Corp  1094.03                    Health Care 2026-10-02 275.43 2026-10-05 285.22  3.55 
  TMO        Thermo Fisher Scientific Inc  2502.30 Life Sciences Tools & Services  2026-10-02 654.8 2026-10-05 676.76  3.35 
  DHR                        Danaher Corp  1555.08 Life Sciences Tools & Services 2026-10-02 214.06 2026-10-05 221.21  3.34 
  VLO                  Valero Energy Corp  1170.22                         Energy  2026-10-02 406.3 2026-10-05 419.33  3.21 
  NET                      Cloudflare Inc  1280.07                     Technology 2026-10-02 349.07 2026-10-05 359.49  2.99 
  ABT                 Abbott Laboratories  1732.11                    Health Care   2026-10-02 97.5  2026-10-05 100.1  2.67 
  MPC             Marathon Petroleum Corp  1217.29                         Energy 2026-10-02 422.33 2026-10-05 433.47  2.64 
    V                            Visa Inc  6902.66             Financial Services 2026-10-02 360.66 2026-10-05 369.71  2.51 
BNPQF                      BNP Paribas SA  1016.94                        Banking  2026-10-02 101.3  2026-10-05 103.6  2.27 
   MA                      Mastercard Inc  4945.86             Financial Services 2026-10-02 552.26 2026-10-05 564.59  2.23 
LRLCF                          L'Oreal SA  1980.40              Consumer products 2026-10-02 414.15  2026-10-05 423.3  2.21 
 TSLA                           Tesla Inc 14958.12                    Automobiles 2026-10-02 370.59 2026-10-05 378.73  2.20 
 NVDA                         NVIDIA Corp 57574.90                 Semiconductors 2026-10-02 233.95  2026-10-05 238.9  2.12 
 AVGO                        Broadcom Inc 17304.89                 Semiconductors 2026-10-02 355.14 2026-10-05 362.51  2.08 
 UBER               Uber Technologies Inc  1419.17                    Road & Rail  2026-10-02 68.11  2026-10-05 69.48  2.01 
