
=== 涨幅榜前20名股票 ===
股票代码                   公司名称                   市值(亿)               板块                    昨天收盘             今天收盘       涨跌幅(%)
RAIN Rain Enhancement Technologies Holdco Inc  0.08                     Machinery  2026-09-21 0.66  2026-09-22 1.02 54.31 
ZCMD                            Zhongchao Inc  0.05 Diversified Consumer Services  2026-09-21 0.79  2026-09-22 1.03 30.05 
MAZE                    Maze Therapeutics Inc 12.44               Pharmaceuticals 2026-09-21 22.39 2026-09-22 28.38 26.75 
STFS        Star Fashion Culture Holdings Ltd  0.03                         Media   2026-09-21 2.9  2026-09-22 3.66 26.21 
BFLY                    Butterfly Network Inc 22.08                   Health Care  2026-09-21 8.14  2026-09-22 9.93 21.99 
BFRG                 Bullfrog AI Holdings Inc  0.09                   Health Care  2026-09-21 0.49   2026-09-22 0.6 21.70 
TOPS                            Top Ships Inc  0.05                        Energy  2026-09-21 0.72  2026-09-22 0.87 20.83 
VSEE                          Vsee Health Inc  0.04                   Health Care  2026-09-21 0.02  2026-09-22 0.02 20.62 
 AUC                        ATIF Holdings Ltd  1.48         Professional Services  2026-09-21 7.66   2026-09-22 9.2 20.10 
  CD             Chaince Digital Holdings Inc  4.28                    Technology  2026-09-21 3.89  2026-09-22 4.62 18.89 
FEAM                5E Advanced Materials Inc  1.03               Metals & Mining  2026-09-21 2.48  2026-09-22 2.94 18.55 
FIRY                                 Firy Inc  1.78                         Media  2026-09-21 10.7  2026-09-22 12.6 17.76 
EVTL                   Vertical Aerospace Ltd  1.06           Aerospace & Defense  2026-09-21 0.63  2026-09-22 0.74 17.08 
TANH                     Tantech Holdings Ltd  0.09                     Chemicals 2026-09-21 12.87 2026-09-22 15.05 16.94 
NEON                              Neonode Inc  0.14          Electrical Equipment  2026-09-21 0.82  2026-09-22 0.94 14.51 
NIVF                      NewGenIvf Group Ltd  0.02                   Health Care  2026-09-21 0.72  2026-09-22 0.81 13.01 
STEX                            Streamex Corp  0.84                   Health Care  2026-09-21 0.72  2026-09-22 0.81 12.81 
GURE                       Gulf Resources Inc  0.06                     Chemicals  2026-09-21 3.29  2026-09-22 3.71 12.77 
NMRA                 Neumora Therapeutics Inc  1.30               Pharmaceuticals  2026-09-21 0.69  2026-09-22 0.78 12.50 
PFSA                              Profusa Inc  0.01                   Health Care  2026-09-21 1.94  2026-09-22 2.17 11.86 

=== 市值超过20亿的涨幅榜前20名股票 ===
 股票代码                 公司名称                  市值(亿)                 板块                       昨天收盘              今天收盘       涨跌幅(%)
 BFLY                Butterfly Network Inc   22.08                      Health Care   2026-09-21 8.14   2026-09-22 9.93 21.99 
 ONON                        On Holding AG   89.98 Textiles, Apparel & Luxury Goods  2026-09-21 27.32  2026-09-22 29.39  7.58 
 NOVT                          Novanta Inc   50.79             Electrical Equipment 2026-09-21 134.31 2026-09-22 144.17  7.34 
STMEF                STMicroelectronics NV  398.51                   Semiconductors   2026-09-21 50.0  2026-09-22 53.58  7.16 
 RLAY               Relay Therapeutics Inc   39.86                    Biotechnology  2026-09-21 18.19  2026-09-22 19.35  6.38 
 COTY                             Coty Inc   22.11                Consumer products   2026-09-21 2.51   2026-09-22 2.67  6.37 
 XMTR                          Xometry Inc   46.61 Trading Companies & Distributors  2026-09-21 99.53 2026-09-22 105.13  5.63 
   NG               NovaGold Resources Inc   32.29                  Metals & Mining   2026-09-21 7.36   2026-09-22 7.77  5.57 
  ESI                Element Solutions Inc   81.44                        Chemicals  2026-09-21 33.42  2026-09-22 35.19  5.30 
  RGC    Regencell Bioscience Holdings Ltd   29.33                  Pharmaceuticals   2026-09-21 5.92   2026-09-22 6.23  5.24 
 SSMR Sunshine Silver Mining & Refining Co   23.21                  Metals & Mining  2026-09-21 16.15  2026-09-22 16.99  5.20 
 SAIL                        SailPoint Inc  116.01                       Technology  2026-09-21 20.32  2026-09-22 21.37  5.17 
  STX      Seagate Technology Holdings PLC 1994.98                       Technology 2026-09-21 877.33 2026-09-22 919.84  4.85 
 UCTT             Ultra Clean Holdings Inc   33.07                   Semiconductors  2026-09-21 73.05  2026-09-22 76.55  4.79 
 ALGN                 Align Technology Inc  104.34                      Health Care 2026-09-21 146.88 2026-09-22 153.29  4.36 
 AMGN                            Amgen Inc 2125.55                    Biotechnology 2026-09-21 393.16 2026-09-22 410.24  4.34 
   EL           Estee Lauder Companies Inc  348.56                Consumer products  2026-09-21 96.34 2026-09-22 100.29  4.10 
 AEIS       Advanced Energy Industries Inc  105.23             Electrical Equipment 2026-09-21 262.74 2026-09-22 273.43  4.07 
  AAP               Advance Auto Parts Inc   24.77                           Retail  2026-09-21 41.01  2026-09-22 42.66  4.02 
 BBIO                 BridgeBio Pharma Inc  130.16                    Biotechnology  2026-09-21 66.58  2026-09-22 69.23  3.98 

=== 市值超过50亿的涨幅榜前20名股票 ===
 股票代码               公司名称               市值(亿)                 板块                       昨天收盘              今天收盘       涨跌幅(%)
 ONON                   On Holding AG   89.98 Textiles, Apparel & Luxury Goods  2026-09-21 27.32  2026-09-22 29.39  7.58 
 NOVT                     Novanta Inc   50.79             Electrical Equipment 2026-09-21 134.31 2026-09-22 144.17  7.34 
STMEF           STMicroelectronics NV  398.51                   Semiconductors   2026-09-21 50.0  2026-09-22 53.58  7.16 
  ESI           Element Solutions Inc   81.44                        Chemicals  2026-09-21 33.42  2026-09-22 35.19  5.30 
 SAIL                   SailPoint Inc  116.01                       Technology  2026-09-21 20.32  2026-09-22 21.37  5.17 
  STX Seagate Technology Holdings PLC 1994.98                       Technology 2026-09-21 877.33 2026-09-22 919.84  4.85 
 ALGN            Align Technology Inc  104.34                      Health Care 2026-09-21 146.88 2026-09-22 153.29  4.36 
 AMGN                       Amgen Inc 2125.55                    Biotechnology 2026-09-21 393.16 2026-09-22 410.24  4.34 
   EL      Estee Lauder Companies Inc  348.56                Consumer products  2026-09-21 96.34 2026-09-22 100.29  4.10 
 AEIS  Advanced Energy Industries Inc  105.23             Electrical Equipment 2026-09-21 262.74 2026-09-22 273.43  4.07 
 BBIO            BridgeBio Pharma Inc  130.16                    Biotechnology  2026-09-21 66.58  2026-09-22 69.23  3.98 
 SUNB    Sunbelt Rentals Holdings Inc  298.51 Trading Companies & Distributors  2026-09-21 72.85  2026-09-22 75.67  3.87 
  ALB                  Albemarle Corp  133.25                        Chemicals 2026-09-21 112.92  2026-09-22 116.8  3.44 
  NEM             Newmont Corporation 1296.57                  Metals & Mining 2026-09-21 123.05 2026-09-22 127.26  3.42 
 CORT        Corcept Therapeutics Inc  122.97                  Pharmaceuticals 2026-09-21 113.76  2026-09-22 117.5  3.29 
  MAS                      Masco Corp  133.57                         Building  2026-09-21 67.74  2026-09-22 69.96  3.28 
 RIOT              Riot Platforms Inc   90.74                       Technology  2026-09-21 24.18  2026-09-22 24.93  3.10 
 ZBRA         Zebra Technologies Corp  137.46             Electrical Equipment 2026-09-21 350.84 2026-09-22 361.61  3.07 
  RKT            Rocket Companies Inc  349.99               Financial Services  2026-09-21 12.36  2026-09-22 12.74  3.07 
 SANM                    Sanmina Corp  112.27             Electrical Equipment 2026-09-21 209.47 2026-09-22 215.77  3.01 

=== 市值超过100亿的涨幅榜前20名股票 ===
 股票代码               公司名称               市值(亿)                 板块                       昨天收盘              今天收盘       涨跌幅(%)
STMEF           STMicroelectronics NV  398.51                   Semiconductors   2026-09-21 50.0  2026-09-22 53.58  7.16 
 SAIL                   SailPoint Inc  116.01                       Technology  2026-09-21 20.32  2026-09-22 21.37  5.17 
  STX Seagate Technology Holdings PLC 1994.98                       Technology 2026-09-21 877.33 2026-09-22 919.84  4.85 
 ALGN            Align Technology Inc  104.34                      Health Care 2026-09-21 146.88 2026-09-22 153.29  4.36 
 AMGN                       Amgen Inc 2125.55                    Biotechnology 2026-09-21 393.16 2026-09-22 410.24  4.34 
   EL      Estee Lauder Companies Inc  348.56                Consumer products  2026-09-21 96.34 2026-09-22 100.29  4.10 
 AEIS  Advanced Energy Industries Inc  105.23             Electrical Equipment 2026-09-21 262.74 2026-09-22 273.43  4.07 
 BBIO            BridgeBio Pharma Inc  130.16                    Biotechnology  2026-09-21 66.58  2026-09-22 69.23  3.98 
 SUNB    Sunbelt Rentals Holdings Inc  298.51 Trading Companies & Distributors  2026-09-21 72.85  2026-09-22 75.67  3.87 
  ALB                  Albemarle Corp  133.25                        Chemicals 2026-09-21 112.92  2026-09-22 116.8  3.44 
  NEM             Newmont Corporation 1296.57                  Metals & Mining 2026-09-21 123.05 2026-09-22 127.26  3.42 
 CORT        Corcept Therapeutics Inc  122.97                  Pharmaceuticals 2026-09-21 113.76  2026-09-22 117.5  3.29 
  MAS                      Masco Corp  133.57                         Building  2026-09-21 67.74  2026-09-22 69.96  3.28 
 ZBRA         Zebra Technologies Corp  137.46             Electrical Equipment 2026-09-21 350.84 2026-09-22 361.61  3.07 
  RKT            Rocket Companies Inc  349.99               Financial Services  2026-09-21 12.36  2026-09-22 12.74  3.07 
 SANM                    Sanmina Corp  112.27             Electrical Equipment 2026-09-21 209.47 2026-09-22 215.77  3.01 
 LRCX               Lam Research Corp 3782.49                   Semiconductors 2026-09-21 302.28 2026-09-22 310.96  2.87 
  PPG              PPG Industries Inc  233.26                        Chemicals 2026-09-21 104.93 2026-09-22 107.77  2.71 
 TRMB                     Trimble Inc  134.66                       Technology  2026-09-21 57.75   2026-09-22 59.3  2.68 
  CLX                       Clorox Co  102.65                Consumer products  2026-09-21 84.88  2026-09-22 87.15  2.67 

=== 市值超过200亿的涨幅榜前20名股票 ===
 股票代码                  公司名称                   市值(亿)                 板块                       昨天收盘              今天收盘       涨跌幅(%)
STMEF                  STMicroelectronics NV  398.51                   Semiconductors   2026-09-21 50.0  2026-09-22 53.58  7.16 
  STX        Seagate Technology Holdings PLC 1994.98                       Technology 2026-09-21 877.33 2026-09-22 919.84  4.85 
 AMGN                              Amgen Inc 2125.55                    Biotechnology 2026-09-21 393.16 2026-09-22 410.24  4.34 
   EL             Estee Lauder Companies Inc  348.56                Consumer products  2026-09-21 96.34 2026-09-22 100.29  4.10 
 SUNB           Sunbelt Rentals Holdings Inc  298.51 Trading Companies & Distributors  2026-09-21 72.85  2026-09-22 75.67  3.87 
  NEM                    Newmont Corporation 1296.57                  Metals & Mining 2026-09-21 123.05 2026-09-22 127.26  3.42 
  RKT                   Rocket Companies Inc  349.99               Financial Services  2026-09-21 12.36  2026-09-22 12.74  3.07 
 LRCX                      Lam Research Corp 3782.49                   Semiconductors 2026-09-21 302.28 2026-09-22 310.96  2.87 
  PPG                     PPG Industries Inc  233.26                        Chemicals 2026-09-21 104.93 2026-09-22 107.77  2.71 
  APH                          Amphenol Corp 1990.53             Electrical Equipment  2026-09-21 80.72  2026-09-22 82.84  2.63 
  IFF International Flavors & Fragrances Inc  213.31                        Chemicals   2026-09-21 83.6  2026-09-22 85.79  2.62 
  MMM                                  3M Co  850.79         Industrial Conglomerates 2026-09-21 164.97  2026-09-22 169.3  2.62 
   AU                  Anglogold Ashanti PLC  514.75                  Metals & Mining 2026-09-21 101.93  2026-09-22 104.6  2.62 
  SYM                           Symbotic Inc  264.95                        Machinery  2026-09-21 43.96  2026-09-22 45.07  2.53 
  DHR                           Danaher Corp 1517.33   Life Sciences Tools & Services 2026-09-21 215.84 2026-09-22 221.09  2.43 
 KLAC                               KLA Corp 2403.65                   Semiconductors 2026-09-21 183.97 2026-09-22 188.32  2.36 
 CBRS                   Cerebras Systems Inc  466.70                   Semiconductors 2026-09-21 208.49 2026-09-22 212.41  1.88 
 INCY                            Incyte Corp  252.66                    Biotechnology 2026-09-21 124.65 2026-09-22 126.93  1.83 
  JBL                              Jabil Inc  318.21             Electrical Equipment 2026-09-21 303.67 2026-09-22 308.98  1.75 
 STLD                     Steel Dynamics Inc  329.64                  Metals & Mining 2026-09-21 229.99 2026-09-22 233.99  1.74 

=== 市值超过1000亿的涨跌榜前20名股票 ===
 股票代码                 公司名称                 市值(亿)                  板块                       昨天收盘               今天收盘        涨跌幅(%)
  STX     Seagate Technology Holdings PLC  1994.98                       Technology  2026-09-21 877.33  2026-09-22 919.84  4.85 
 AMGN                           Amgen Inc  2125.55                    Biotechnology  2026-09-21 393.16  2026-09-22 410.24  4.34 
  NEM                 Newmont Corporation  1296.57                  Metals & Mining  2026-09-21 123.05  2026-09-22 127.26  3.42 
 LRCX                   Lam Research Corp  3782.49                   Semiconductors  2026-09-21 302.28  2026-09-22 310.96  2.87 
  APH                       Amphenol Corp  1990.53             Electrical Equipment   2026-09-21 80.72   2026-09-22 82.84  2.63 
  DHR                        Danaher Corp  1517.33   Life Sciences Tools & Services  2026-09-21 215.84  2026-09-22 221.09  2.43 
 KLAC                            KLA Corp  2403.65                   Semiconductors  2026-09-21 183.97  2026-09-22 188.32  2.36 
   KO                        Coca-Cola Co  3748.38                        Beverages   2026-09-21 87.12   2026-09-22 88.61  1.71 
HESAF            Hermes International SCA  1393.33 Textiles, Apparel & Luxury Goods  2026-09-21 1509.1  2026-09-22 1534.0  1.65 
   PG                 Procter & Gamble Co  3392.96                Consumer products  2026-09-21 146.08  2026-09-22 148.22  1.46 
  PEP                         PepsiCo Inc  1768.76                        Beverages  2026-09-21 129.59  2026-09-22 131.19  1.23 
 PLTR           Palantir Technologies Inc  4399.76                       Technology  2026-09-21 183.09  2026-09-22 184.99  1.04 
 TSLA                           Tesla Inc 14822.65                      Automobiles   2026-09-21 375.3   2026-09-22 378.9  0.96 
ASMLF                     ASML Holding NV  5658.72                   Semiconductors 2026-09-21 1722.94 2026-09-22 1736.65  0.80 
   PH                Parker-Hannifin Corp  1207.75                        Machinery  2026-09-21 958.17  2026-09-22 964.85  0.70 
  PFE                          Pfizer Inc  1581.09                  Pharmaceuticals   2026-09-21 27.74   2026-09-22 27.93  0.68 
  NET                      Cloudflare Inc  1252.23                       Technology  2026-09-21 351.67   2026-09-22 353.0  0.38 
 SBUX                      Starbucks Corp  1081.86    Hotels, Restaurants & Leisure    2026-09-21 94.9   2026-09-22 95.11  0.22 
LVMHF LVMH Moet Hennessy Louis Vuitton SE  1996.55 Textiles, Apparel & Luxury Goods  2026-09-21 466.24  2026-09-22 466.89  0.14 
 ISRG              Intuitive Surgical Inc  1418.94                      Health Care  2026-09-21 401.65  2026-09-22 402.09  0.11 
