
=== 涨幅榜前20名股票 ===
股票代码                公司名称               市值(亿)               板块                    昨天收盘             今天收盘       涨跌幅(%)
DAIC                    CID HoldCo Inc  0.01                    Technology  2026-08-21 0.43  2026-08-24 1.73 306.10
GIPR  Generation Income Properties Inc  0.01                   Real Estate   2026-08-21 0.3  2026-08-24 0.75 150.83
XPON                     Expion360 Inc  0.03          Electrical Equipment  2026-08-21 3.43   2026-08-24 6.2  80.49
SDOT                   Sadot Group Inc  0.17                 Food Products 2026-08-21 13.18 2026-08-24 23.16  75.72
ADTX                        Aditxt Inc  0.02                 Biotechnology   2026-08-21 0.0  2026-08-24 0.01  68.00
LUCY            Innovative Eyewear Inc  0.06                   Health Care  2026-08-21 0.68  2026-08-24 1.12  63.74
 PMI                Picard Medical Inc  0.07                   Health Care  2026-08-21 3.21  2026-08-24 5.13  59.81
BTCT                   BTC Digital Ltd  0.11                    Technology  2026-08-21 1.14  2026-08-24 1.74  52.63
 FVN Future Vision II Acquisition Corp  0.98                           N/A  2026-08-21 13.0 2026-08-24 19.84  52.62
RITR       Reitar Logtech Holdings Ltd  0.05                  Construction  2026-08-21 0.08  2026-08-24 0.12  38.55
PTIX       Protagenic Therapeutics Inc  0.01                 Biotechnology   2026-08-21 0.8  2026-08-24 1.09  36.08
VBIO                    Valion Bio Inc  0.01                   Health Care  2026-08-21 0.12  2026-08-24 0.17  34.96
TJGC                    TJGC Group Ltd  0.47                         Media  2026-08-21 4.66   2026-08-24 6.1  30.90
 GGR                        Gogoro Inc  0.34                   Automobiles  2026-08-21 2.27  2026-08-24 2.93  29.07
APRE            Aprea Therapeutics Inc  0.08                 Biotechnology  2026-08-21 0.64  2026-08-24 0.81  25.81
SUPX          SuperX AI Technology Ltd  2.27 Diversified Consumer Services  2026-08-21 8.52 2026-08-24 10.54  23.71
AIFU                          AIFU Inc  1.14                     Insurance  2026-08-21 18.5  2026-08-24 22.2  20.00
ZCAR              Zoomcar Holdings Inc  0.00                   Road & Rail  2026-08-21 0.09  2026-08-24 0.11  18.89
ALVO                       Alvotech SA 17.30                 Biotechnology  2026-08-21 4.43  2026-08-24 5.25  18.51
CYPH       Cypherpunk Technologies Inc  1.53                 Biotechnology  2026-08-21 1.42  2026-08-24 1.68  18.31

=== 市值超过20亿的涨幅榜前20名股票 ===
 股票代码               公司名称              市值(亿)                板块                     昨天收盘              今天收盘       涨跌幅(%)
 GENB       Generate Biomedicines Inc  20.69                 Biotechnology  2026-08-21 16.12  2026-08-24 17.72  9.93 
 LIFE          Ethos Technologies Inc  21.78                     Insurance  2026-08-21 34.16  2026-08-24 36.72  7.49 
 ETSY                        ETSY Inc  74.37                        Retail  2026-08-21 81.03  2026-08-24 87.03  7.40 
   NG          NovaGold Resources Inc  38.26               Metals & Mining   2026-08-21 8.72   2026-08-24 9.35  7.22 
LLYVB               Formula One Group 260.92                         Media  2026-08-21 95.45 2026-08-24 102.27  7.15 
  SFM      Sprouts Farmers Market Inc  75.61                        Retail  2026-08-21 81.08  2026-08-24 86.13  6.23 
 SNAP                        Snap Inc  88.62                         Media   2026-08-21 5.24   2026-08-24 5.53  5.53 
 EXPE               Expedia Group Inc 386.02 Hotels, Restaurants & Leisure 2026-08-21 321.63 2026-08-24 339.12  5.44 
 SGHC                        SGHC Ltd  67.63 Hotels, Restaurants & Leisure  2026-08-21 13.31  2026-08-24 13.99  5.11 
 CELH            Celsius Holdings Inc  84.41                     Beverages  2026-08-21 33.36  2026-08-24 35.03  5.01 
 FIVE                  Five Below Inc 138.37                        Retail 2026-08-21 250.24 2026-08-24 262.72  4.99 
 FCFS          Firstcash Holdings Inc  97.71            Financial Services 2026-08-21 225.28 2026-08-24 236.43  4.95 
  CNK           Cinemark Holdings Inc  42.42                         Media   2026-08-21 36.6   2026-08-24 38.4  4.92 
  YSS          York Space Systems Inc  20.05           Aerospace & Defense   2026-08-21 9.32   2026-08-24 9.76  4.72 
  AMC  AMC Entertainment Holdings Inc  22.76                         Media   2026-08-21 2.55   2026-08-24 2.67  4.71 
LBTYB              Liberty Global Ltd  36.12             Telecommunication  2026-08-21 13.05  2026-08-24 13.66  4.67 
 VERA          Vera Therapeutics, Inc  23.06                 Biotechnology  2026-08-21 32.28  2026-08-24 33.72  4.48 
  AEO   American Eagle Outfitters Inc  27.10                        Retail  2026-08-21 16.17  2026-08-24 16.87  4.33 
 BROS                  Dutch Bros Inc  87.13 Hotels, Restaurants & Leisure  2026-08-21 49.87  2026-08-24 51.95  4.17 
 AVAH Aveanna Healthcare Holdings Inc  28.72                   Health Care  2026-08-21 13.16   2026-08-24 13.7  4.10 

=== 市值超过50亿的涨幅榜前20名股票 ===
 股票代码            公司名称             市值(亿)                板块                     昨天收盘              今天收盘       涨跌幅(%)
 ETSY                   ETSY Inc   74.37                        Retail  2026-08-21 81.03  2026-08-24 87.03  7.40 
LLYVB          Formula One Group  260.92                         Media  2026-08-21 95.45 2026-08-24 102.27  7.15 
  SFM Sprouts Farmers Market Inc   75.61                        Retail  2026-08-21 81.08  2026-08-24 86.13  6.23 
 SNAP                   Snap Inc   88.62                         Media   2026-08-21 5.24   2026-08-24 5.53  5.53 
 EXPE          Expedia Group Inc  386.02 Hotels, Restaurants & Leisure 2026-08-21 321.63 2026-08-24 339.12  5.44 
 SGHC                   SGHC Ltd   67.63 Hotels, Restaurants & Leisure  2026-08-21 13.31  2026-08-24 13.99  5.11 
 CELH       Celsius Holdings Inc   84.41                     Beverages  2026-08-21 33.36  2026-08-24 35.03  5.01 
 FIVE             Five Below Inc  138.37                        Retail 2026-08-21 250.24 2026-08-24 262.72  4.99 
 FCFS     Firstcash Holdings Inc   97.71            Financial Services 2026-08-21 225.28 2026-08-24 236.43  4.95 
 BROS             Dutch Bros Inc   87.13 Hotels, Restaurants & Leisure  2026-08-21 49.87  2026-08-24 51.95  4.17 
 DLTR            Dollar Tree Inc  252.67                        Retail 2026-08-21 131.48 2026-08-24 136.75  4.01 
  ELF             elf Beauty Inc   60.15             Consumer products 2026-08-21 101.94 2026-08-24 105.95  3.93 
 CART              Maplebear Inc  115.36                        Retail  2026-08-21 49.83  2026-08-24 51.78  3.91 
 IONS  Ionis Pharmaceuticals Inc   99.28                 Biotechnology  2026-08-21 59.74  2026-08-24 62.04  3.85 
  CHD     Church & Dwight Co Inc  234.36             Consumer products   2026-08-21 98.8 2026-08-24 102.53  3.78 
   MO           Altria Group Inc 1103.53                       Tobacco  2026-08-21 66.09  2026-08-24 68.47  3.60 
 GDDY                GoDaddy Inc  122.94                    Technology  2026-08-21 97.07 2026-08-24 100.52  3.55 
   IT                Gartner Inc  123.71                    Technology  2026-08-21 195.9 2026-08-24 202.78  3.51 
 CVNA                 Carvana Co  769.33                        Retail  2026-08-21 69.91  2026-08-24 72.33  3.46 
  DDS              Dillard's Inc   97.10                        Retail 2026-08-21 621.63 2026-08-24 642.63  3.38 

=== 市值超过100亿的涨幅榜前20名股票 ===
 股票代码            公司名称             市值(亿)                板块                     昨天收盘              今天收盘       涨跌幅(%)
LLYVB          Formula One Group  260.92                         Media  2026-08-21 95.45 2026-08-24 102.27  7.15 
 EXPE          Expedia Group Inc  386.02 Hotels, Restaurants & Leisure 2026-08-21 321.63 2026-08-24 339.12  5.44 
 FIVE             Five Below Inc  138.37                        Retail 2026-08-21 250.24 2026-08-24 262.72  4.99 
 DLTR            Dollar Tree Inc  252.67                        Retail 2026-08-21 131.48 2026-08-24 136.75  4.01 
 CART              Maplebear Inc  115.36                        Retail  2026-08-21 49.83  2026-08-24 51.78  3.91 
  CHD     Church & Dwight Co Inc  234.36             Consumer products   2026-08-21 98.8 2026-08-24 102.53  3.78 
   MO           Altria Group Inc 1103.53                       Tobacco  2026-08-21 66.09  2026-08-24 68.47  3.60 
 GDDY                GoDaddy Inc  122.94                    Technology  2026-08-21 97.07 2026-08-24 100.52  3.55 
   IT                Gartner Inc  123.71                    Technology  2026-08-21 195.9 2026-08-24 202.78  3.51 
 CVNA                 Carvana Co  769.33                        Retail  2026-08-21 69.91  2026-08-24 72.33  3.46 
 ULTA            Ulta Beauty Inc  224.17                        Retail 2026-08-21 521.46 2026-08-24 538.76  3.32 
  EIX       Edison International  275.49                     Utilities  2026-08-21 71.59  2026-08-24 73.97  3.32 
   MA             Mastercard Inc 5086.38            Financial Services 2026-08-21 580.63 2026-08-24 599.86  3.31 
  EAT  Brinker International Inc  102.77 Hotels, Restaurants & Leisure 2026-08-21 246.06 2026-08-24 253.94  3.20 
 VRSN              VeriSign, Inc  261.89                    Technology  2026-08-21 281.8 2026-08-24 290.79  3.19 
  AJG  Arthur J. Gallagher & Co.  676.14                     Insurance 2026-08-21 263.81 2026-08-24 271.99  3.10 
    V                   Visa Inc 6879.04            Financial Services 2026-08-21 371.04 2026-08-24 382.41  3.06 
  CMG Chipotle Mexican Grill Inc  466.94 Hotels, Restaurants & Leisure   2026-08-21 36.9  2026-08-24 38.02  3.04 
  PCG                  PG&E Corp  387.62                     Utilities   2026-08-21 17.6  2026-08-24 18.11  2.90 
  YUM            Yum! Brands Inc  432.73 Hotels, Restaurants & Leisure 2026-08-21 152.99 2026-08-24 157.35  2.85 

=== 市值超过200亿的涨幅榜前20名股票 ===
 股票代码            公司名称             市值(亿)                板块                     昨天收盘              今天收盘       涨跌幅(%)
LLYVB          Formula One Group  260.92                         Media  2026-08-21 95.45 2026-08-24 102.27  7.15 
 EXPE          Expedia Group Inc  386.02 Hotels, Restaurants & Leisure 2026-08-21 321.63 2026-08-24 339.12  5.44 
 DLTR            Dollar Tree Inc  252.67                        Retail 2026-08-21 131.48 2026-08-24 136.75  4.01 
  CHD     Church & Dwight Co Inc  234.36             Consumer products   2026-08-21 98.8 2026-08-24 102.53  3.78 
   MO           Altria Group Inc 1103.53                       Tobacco  2026-08-21 66.09  2026-08-24 68.47  3.60 
 CVNA                 Carvana Co  769.33                        Retail  2026-08-21 69.91  2026-08-24 72.33  3.46 
 ULTA            Ulta Beauty Inc  224.17                        Retail 2026-08-21 521.46 2026-08-24 538.76  3.32 
  EIX       Edison International  275.49                     Utilities  2026-08-21 71.59  2026-08-24 73.97  3.32 
   MA             Mastercard Inc 5086.38            Financial Services 2026-08-21 580.63 2026-08-24 599.86  3.31 
 VRSN              VeriSign, Inc  261.89                    Technology  2026-08-21 281.8 2026-08-24 290.79  3.19 
  AJG  Arthur J. Gallagher & Co.  676.14                     Insurance 2026-08-21 263.81 2026-08-24 271.99  3.10 
    V                   Visa Inc 6879.04            Financial Services 2026-08-21 371.04 2026-08-24 382.41  3.06 
  CMG Chipotle Mexican Grill Inc  466.94 Hotels, Restaurants & Leisure   2026-08-21 36.9  2026-08-24 38.02  3.04 
  PCG                  PG&E Corp  387.62                     Utilities   2026-08-21 17.6  2026-08-24 18.11  2.90 
  YUM            Yum! Brands Inc  432.73 Hotels, Restaurants & Leisure 2026-08-21 152.99 2026-08-24 157.35  2.85 
 EBAY                   eBay Inc  463.38                        Retail 2026-08-21 104.13 2026-08-24 107.08  2.83 
 MSTR               Strategy Inc  458.19                    Technology 2026-08-21 119.25 2026-08-24 122.63  2.83 
  FDX                 FedEx Corp  769.08    Logistics & Transportation 2026-08-21 325.08 2026-08-24 334.05  2.76 
  TGT                Target Corp  751.41                        Retail 2026-08-21 165.44 2026-08-24 169.89  2.69 
  DIS             Walt Disney Co 1861.02                         Media 2026-08-21 107.78 2026-08-24 110.61  2.63 

=== 市值超过1000亿的涨跌榜前20名股票 ===
 股票代码                 公司名称                 市值(亿)                  板块                       昨天收盘               今天收盘        涨跌幅(%)
   MO                    Altria Group Inc  1103.53                          Tobacco   2026-08-21 66.09   2026-08-24 68.47  3.60 
   MA                      Mastercard Inc  5086.38               Financial Services  2026-08-21 580.63  2026-08-24 599.86  3.31 
    V                            Visa Inc  6879.04               Financial Services  2026-08-21 371.04  2026-08-24 382.41  3.06 
  DIS                      Walt Disney Co  1861.02                            Media  2026-08-21 107.78  2026-08-24 110.61  2.63 
 COST               Costco Wholesale Corp  4203.03                           Retail  2026-08-21 947.74   2026-08-24 971.4  2.50 
  BNY        Bank of New York Mellon Corp  1075.36               Financial Services  2026-08-21 158.49  2026-08-24 162.14  2.30 
  UNH              UnitedHealth Group Inc  3501.61                      Health Care  2026-08-21 390.11  2026-08-24 398.76  2.22 
  PGR                    Progressive Corp  1274.83                        Insurance  2026-08-21 219.28  2026-08-24 223.92  2.12 
 BKNG                Booking Holdings Inc  1575.04    Hotels, Restaurants & Leisure  2026-08-21 209.62  2026-08-24 213.36  1.78 
  MCK                       McKesson Corp  1001.39                      Health Care   2026-08-21 858.9  2026-08-24 873.79  1.73 
   PM     Philip Morris International Inc  2933.78                          Tobacco  2026-08-21 188.23  2026-08-24 191.46  1.72 
 META                  Meta Platforms Inc 14008.74                            Media   2026-08-21 549.9  2026-08-24 559.02  1.66 
    T                            AT&T Inc  1732.97                Telecommunication   2026-08-21 25.29   2026-08-24 25.69  1.58 
 ABNB                          Airbnb Inc  1121.53    Hotels, Restaurants & Leisure   2026-08-21 187.3  2026-08-24 190.21  1.55 
  FCX                Freeport-McMoRan Inc  1100.85                  Metals & Mining   2026-08-21 76.66    2026-08-24 77.8  1.49 
   VZ          Verizon Communications Inc  1915.87                Telecommunication   2026-08-21 49.45   2026-08-24 50.15  1.42 
   CB                       Chubb Limited  1315.54                        Insurance  2026-08-21 340.99  2026-08-24 345.83  1.42 
  BLK                       BlackRock Inc  1879.12               Financial Services 2026-08-21 1156.55 2026-08-24 1172.61  1.39 
  JPM                 JPMorgan Chase & Co  9345.65                          Banking  2026-08-21 351.58  2026-08-24 356.39  1.37 
LVMHF LVMH Moet Hennessy Louis Vuitton SE  2227.96 Textiles, Apparel & Luxury Goods  2026-08-21 528.34   2026-08-24 535.5  1.36 
