
=== 涨幅榜前20名股票 ===
股票代码                            公司名称                            市值(亿)                板块                      昨天收盘             今天收盘       涨跌幅(%)
STAK                                                   STAK Inc   0.13                         Energy   2026-07-23 1.32  2026-07-24 9.27 602.27
SAFT                                 Safety Insurance Group Inc  15.14                      Insurance  2026-07-23 72.94 2026-07-24 103.2  41.49
VIVK                                                Vivakor Inc   0.02                         Energy   2026-07-23 2.12  2026-07-24 2.91  37.26
 JEM                                    707 Cayman Holdings Ltd   0.04                   Distributors   2026-07-23 4.74  2026-07-24 6.35  33.97
 RAY                                        Raytech Holding Ltd   0.16                   Distributors   2026-07-23 2.44  2026-07-24 3.19  30.74
YYAI                                                  AiRWA Inc   0.08               Leisure Products    2026-07-23 8.8 2026-07-24 11.32  28.69
 RNG                                            RingCentral Inc  40.74                     Technology  2026-07-23 38.62 2026-07-24 48.31  25.09
NDLS                                               Noodles & Co   0.93  Hotels, Restaurants & Leisure  2026-07-23 12.35 2026-07-24 15.36  24.37
ANPA                                  Rich Sparkle Holdings Ltd   0.58 Commercial Services & Supplies    2026-07-23 3.5  2026-07-24 4.27  22.00
 OMH                                               Ohmyhome Ltd   0.11                    Real Estate   2026-07-23 0.42   2026-07-24 0.5  18.73
 THC                                      Tenet Healthcare Corp 199.68                    Health Care 2026-07-23 199.02 2026-07-24 233.2  17.17
FRMI                                                  Fermi Inc  47.34                    Real Estate   2026-07-23 6.32   2026-07-24 7.4  17.09
CTNT Cheetah Net Supply Chain Service Inc (Pre-Reincorporation)   0.05                   Distributors   2026-07-23 1.49  2026-07-24 1.73  16.11
  QH                                                  Quhuo Ltd   0.50 Commercial Services & Supplies   2026-07-23 4.64  2026-07-24 5.38  15.95
HYFT                                     MindWalk Holdings Corp   0.64 Life Sciences Tools & Services   2026-07-23 1.18  2026-07-24 1.36  15.25
FEBO                                         Fenbo Holdings Ltd   0.10              Consumer products   2026-07-23 0.76  2026-07-24 0.87  13.95
ADVB                                        Advanced Biomed Inc   0.31                    Health Care  2026-07-23 16.78 2026-07-24 18.98  13.11
 XBP                                    XBP Global Holdings Inc   0.28             Financial Services   2026-07-23 2.82  2026-07-24 3.18  12.77
GDTC                                   CytoMed Therapeutics Ltd   0.12                  Biotechnology   2026-07-23 0.88  2026-07-24 0.99  12.50
RCON                                       Recon Technology Ltd   0.32                         Energy   2026-07-23 0.42  2026-07-24 0.47  12.12

=== 市值超过20亿的涨幅榜前20名股票 ===
 股票代码               公司名称               市值(亿)            板块                 昨天收盘              今天收盘       涨跌幅(%)
  RNG                  RingCentral Inc  40.74            Technology  2026-07-23 38.62  2026-07-24 48.31 25.09 
  THC            Tenet Healthcare Corp 199.68           Health Care 2026-07-23 199.02  2026-07-24 233.2 17.17 
 FRMI                        Fermi Inc  47.34           Real Estate   2026-07-23 6.32    2026-07-24 7.4 17.09 
   IP           International Paper Co 211.86             Packaging  2026-07-23 37.91  2026-07-24 42.16 11.21 
  SLB                           SLB NV 778.33                Energy  2026-07-23 47.22  2026-07-24 52.42 11.01 
 SSNC   SS&C Technologies Holdings Inc 177.04 Professional Services  2026-07-23 66.95  2026-07-24 73.88 10.35 
SZCRF                          Scor SE  59.23             Insurance  2026-07-23 34.67   2026-07-24 38.2 10.18 
  BAH Booz Allen Hamilton Holding Corp  88.12 Professional Services  2026-07-23 65.87  2026-07-24 72.53 10.11 
  OII    Oceaneering International Inc  50.77                Energy  2026-07-23 48.02  2026-07-24 52.73  9.81 
 GSHD          Goosehead Insurance Inc  20.70             Insurance   2026-07-23 53.9  2026-07-24 58.75  9.00 
  FAF    First American Financial Corp  76.94             Insurance  2026-07-23 68.96  2026-07-24 75.13  8.95 
 ENVA          Enova International Inc  59.04    Financial Services  2026-07-23 217.8 2026-07-24 237.27  8.94 
  CLF             Cleveland-Cliffs Inc  67.88       Metals & Mining  2026-07-23 10.96  2026-07-24 11.93  8.85 
  PKG        Packaging Corp of America 220.42             Packaging  2026-07-23 233.9 2026-07-24 254.39  8.76 
 TEAM                   Atlassian Corp 216.72            Technology  2026-07-23 80.15  2026-07-24 86.88  8.40 
  SXT       Sensient Technologies Corp  53.89             Chemicals 2026-07-23 117.03 2026-07-24 126.79  8.34 
LBTYB               Liberty Global Ltd  32.49     Telecommunication   2026-07-23 11.2   2026-07-24 12.1  8.04 
 MNDY                   monday.com Ltd  32.44            Technology  2026-07-23 71.74  2026-07-24 77.43  7.93 
 HUBS                      HubSpot Inc 102.84            Technology 2026-07-23 190.01 2026-07-24 204.89  7.83 
 MBLY              Mobileye Global Inc  70.87       Auto Components   2026-07-23 7.47   2026-07-24 8.05  7.76 

=== 市值超过50亿的涨幅榜前20名股票 ===
 股票代码               公司名称               市值(亿)            板块                 昨天收盘              今天收盘       涨跌幅(%)
  THC            Tenet Healthcare Corp 199.68           Health Care 2026-07-23 199.02  2026-07-24 233.2 17.17 
   IP           International Paper Co 211.86             Packaging  2026-07-23 37.91  2026-07-24 42.16 11.21 
  SLB                           SLB NV 778.33                Energy  2026-07-23 47.22  2026-07-24 52.42 11.01 
 SSNC   SS&C Technologies Holdings Inc 177.04 Professional Services  2026-07-23 66.95  2026-07-24 73.88 10.35 
SZCRF                          Scor SE  59.23             Insurance  2026-07-23 34.67   2026-07-24 38.2 10.18 
  BAH Booz Allen Hamilton Holding Corp  88.12 Professional Services  2026-07-23 65.87  2026-07-24 72.53 10.11 
  OII    Oceaneering International Inc  50.77                Energy  2026-07-23 48.02  2026-07-24 52.73  9.81 
  FAF    First American Financial Corp  76.94             Insurance  2026-07-23 68.96  2026-07-24 75.13  8.95 
 ENVA          Enova International Inc  59.04    Financial Services  2026-07-23 217.8 2026-07-24 237.27  8.94 
  CLF             Cleveland-Cliffs Inc  67.88       Metals & Mining  2026-07-23 10.96  2026-07-24 11.93  8.85 
  PKG        Packaging Corp of America 220.42             Packaging  2026-07-23 233.9 2026-07-24 254.39  8.76 
 TEAM                   Atlassian Corp 216.72            Technology  2026-07-23 80.15  2026-07-24 86.88  8.40 
  SXT       Sensient Technologies Corp  53.89             Chemicals 2026-07-23 117.03 2026-07-24 126.79  8.34 
 HUBS                      HubSpot Inc 102.84            Technology 2026-07-23 190.01 2026-07-24 204.89  7.83 
 MBLY              Mobileye Global Inc  70.87       Auto Components   2026-07-23 7.47   2026-07-24 8.05  7.76 
DASTF             Dassault Systemes SE 246.49            Technology  2026-07-23 20.69  2026-07-24 22.25  7.51 
 DOCU                     DocuSign Inc  95.07            Technology  2026-07-23 47.04  2026-07-24 50.44  7.23 
 VRSN                    VeriSign, Inc 246.53            Technology 2026-07-23 261.58  2026-07-24 280.0  7.04 
  AAL      American Airlines Group Inc  95.74              Airlines  2026-07-23 13.56  2026-07-24 14.48  6.75 
 GDDY                      GoDaddy Inc 122.39            Technology  2026-07-23 87.62  2026-07-24 93.16  6.32 

=== 市值超过100亿的涨幅榜前20名股票 ===
 股票代码                 公司名称                 市值(亿)            板块                 昨天收盘              今天收盘       涨跌幅(%)
  THC               Tenet Healthcare Corp  199.68           Health Care 2026-07-23 199.02  2026-07-24 233.2 17.17 
   IP              International Paper Co  211.86             Packaging  2026-07-23 37.91  2026-07-24 42.16 11.21 
  SLB                              SLB NV  778.33                Energy  2026-07-23 47.22  2026-07-24 52.42 11.01 
 SSNC      SS&C Technologies Holdings Inc  177.04 Professional Services  2026-07-23 66.95  2026-07-24 73.88 10.35 
  PKG           Packaging Corp of America  220.42             Packaging  2026-07-23 233.9 2026-07-24 254.39  8.76 
 TEAM                      Atlassian Corp  216.72            Technology  2026-07-23 80.15  2026-07-24 86.88  8.40 
 HUBS                         HubSpot Inc  102.84            Technology 2026-07-23 190.01 2026-07-24 204.89  7.83 
DASTF                Dassault Systemes SE  246.49            Technology  2026-07-23 20.69  2026-07-24 22.25  7.51 
 VRSN                       VeriSign, Inc  246.53            Technology 2026-07-23 261.58  2026-07-24 280.0  7.04 
 GDDY                         GoDaddy Inc  122.39            Technology  2026-07-23 87.62  2026-07-24 93.16  6.32 
  FNF     Fidelity National Financial Inc  139.13             Insurance  2026-07-23 48.61  2026-07-24 51.62  6.19 
 ADBE                           Adobe Inc  889.13            Technology 2026-07-23 212.17 2026-07-24 225.11  6.10 
  ACN                       Accenture PLC  891.11            Technology 2026-07-23 138.74 2026-07-24 146.99  5.95 
   VZ          Verizon Communications Inc 1902.18     Telecommunication  2026-07-23 43.82  2026-07-24 46.38  5.84 
 TMUS                     T-Mobile US Inc 1942.02     Telecommunication 2026-07-23 170.42 2026-07-24 180.09  5.67 
 CTSH Cognizant Technology Solutions Corp  212.63            Technology  2026-07-23 43.01  2026-07-24 45.45  5.67 
  FIG                           Figma Inc  111.25            Technology   2026-07-23 20.0  2026-07-24 21.12  5.60 
 INTU                          Intuit Inc  798.40            Technology 2026-07-23 281.53 2026-07-24 296.33  5.26 
  IOT                         Samsara Inc  190.96            Technology  2026-07-23 31.49  2026-07-24 33.11  5.14 
    T                            AT&T Inc 1630.35     Telecommunication  2026-07-23 22.96  2026-07-24 24.13  5.10 

=== 市值超过200亿的涨幅榜前20名股票 ===
 股票代码                 公司名称                 市值(亿)            板块                 昨天收盘              今天收盘       涨跌幅(%)
   IP              International Paper Co  211.86             Packaging  2026-07-23 37.91  2026-07-24 42.16 11.21 
  SLB                              SLB NV  778.33                Energy  2026-07-23 47.22  2026-07-24 52.42 11.01 
  PKG           Packaging Corp of America  220.42             Packaging  2026-07-23 233.9 2026-07-24 254.39  8.76 
 TEAM                      Atlassian Corp  216.72            Technology  2026-07-23 80.15  2026-07-24 86.88  8.40 
DASTF                Dassault Systemes SE  246.49            Technology  2026-07-23 20.69  2026-07-24 22.25  7.51 
 VRSN                       VeriSign, Inc  246.53            Technology 2026-07-23 261.58  2026-07-24 280.0  7.04 
 ADBE                           Adobe Inc  889.13            Technology 2026-07-23 212.17 2026-07-24 225.11  6.10 
  ACN                       Accenture PLC  891.11            Technology 2026-07-23 138.74 2026-07-24 146.99  5.95 
   VZ          Verizon Communications Inc 1902.18     Telecommunication  2026-07-23 43.82  2026-07-24 46.38  5.84 
 TMUS                     T-Mobile US Inc 1942.02     Telecommunication 2026-07-23 170.42 2026-07-24 180.09  5.67 
 CTSH Cognizant Technology Solutions Corp  212.63            Technology  2026-07-23 43.01  2026-07-24 45.45  5.67 
 INTU                          Intuit Inc  798.40            Technology 2026-07-23 281.53 2026-07-24 296.33  5.26 
    T                            AT&T Inc 1630.35     Telecommunication  2026-07-23 22.96  2026-07-24 24.13  5.10 
  HPQ                              HP Inc  236.31            Technology  2026-07-23 24.51  2026-07-24 25.75  5.06 
   ZM             Zoom Communications Inc  269.98            Technology  2026-07-23 84.11  2026-07-24 87.99  4.61 
 AMCR                           Amcor PLC  204.36             Packaging  2026-07-23 42.63  2026-07-24 44.54  4.48 
   BX                      Blackstone Inc 1580.25    Financial Services  2026-07-23 124.5  2026-07-24 130.0  4.42 
 ARES                Ares Management Corp  276.10    Financial Services 2026-07-23 121.28 2026-07-24 126.51  4.31 
  CRM                      Salesforce Inc 1333.21            Technology 2026-07-23 156.93 2026-07-24 163.66  4.29 
 VRSK                Verisk Analytics Inc  261.47 Professional Services 2026-07-23 193.17 2026-07-24 201.34  4.23 

=== 市值超过1000亿的涨跌榜前20名股票 ===
 股票代码                 公司名称                  市值(亿)                  板块                       昨天收盘               今天收盘        涨跌幅(%)
   VZ           Verizon Communications Inc  1902.18                Telecommunication   2026-07-23 43.82   2026-07-24 46.38  5.84 
 TMUS                      T-Mobile US Inc  1942.02                Telecommunication  2026-07-23 170.42  2026-07-24 180.09  5.67 
    T                             AT&T Inc  1630.35                Telecommunication   2026-07-23 22.96   2026-07-24 24.13  5.10 
   BX                       Blackstone Inc  1580.25               Financial Services   2026-07-23 124.5   2026-07-24 130.0  4.42 
  CRM                       Salesforce Inc  1333.21                       Technology  2026-07-23 156.93  2026-07-24 163.66  4.29 
  IBM International Business Machines Corp  2023.48                       Technology  2026-07-23 206.65  2026-07-24 214.19  3.65 
  SYK                         Stryker Corp  1260.80                      Health Care  2026-07-23 318.97  2026-07-24 330.25  3.54 
 AAPL                            Apple Inc 48911.83                       Technology  2026-07-23 321.66  2026-07-24 333.02  3.53 
  PGR                     Progressive Corp  1242.42                        Insurance  2026-07-23 207.07  2026-07-24 213.83  3.26 
   DE                           Deere & Co  1674.58                        Machinery  2026-07-23 610.02  2026-07-24 628.16  2.97 
 BKNG                 Booking Holdings Inc  1382.07    Hotels, Restaurants & Leisure  2026-07-23 172.83  2026-07-24 177.46  2.68 
   HD                       Home Depot Inc  3304.05                           Retail  2026-07-23 324.71  2026-07-24 332.98  2.55 
  LMT                 Lockheed Martin Corp  1338.63              Aerospace & Defense  2026-07-23 568.59   2026-07-24 582.6  2.46 
HESAF             Hermes International SCA  1697.84 Textiles, Apparel & Luxury Goods 2026-07-23 1859.43 2026-07-24 1902.13  2.30 
  ABT                  Abbott Laboratories  1795.11                      Health Care  2026-07-23 100.75  2026-07-24 103.06  2.29 
  DIS                       Walt Disney Co  1654.29                            Media   2026-07-23 92.83   2026-07-24 94.85  2.18 
   CB                        Chubb Limited  1385.63                        Insurance  2026-07-23 353.25  2026-07-24 359.75  1.84 
  BLK                        BlackRock Inc  1707.44               Financial Services 2026-07-23 1037.16 2026-07-24 1055.67  1.78 
   MA                       Mastercard Inc  4723.73               Financial Services  2026-07-23 530.29  2026-07-24 539.66  1.77 
  RTX                             RTX Corp  2866.82              Aerospace & Defense  2026-07-23 209.16  2026-07-24 212.79  1.74 
