
=== 涨幅榜前20名股票 ===
股票代码                 公司名称                 市值(亿)                 板块                       昨天收盘              今天收盘       涨跌幅(%)
FCUV                  Focus Universal Inc   0.01             Electrical Equipment   2026-07-30 1.88   2026-07-31 11.6 517.02
FMFC                 Kandal M Venture Ltd   0.04 Textiles, Apparel & Luxury Goods   2026-07-30 0.22   2026-07-31 0.52 141.52
REPL                  Replimune Group Inc   4.55                    Biotechnology   2026-07-30 5.41   2026-07-31 11.2 107.02
MGRX                   Mangoceuticals Inc   0.05                           Retail   2026-07-30 0.29   2026-07-31 0.56  89.49
 TCX                           Tucows Inc   1.08                       Technology    2026-07-30 9.7  2026-07-31 15.44  59.18
TGHL                          Growhub Ltd   0.29                       Technology   2026-07-30 0.74   2026-07-31 1.13  53.53
RYDE                       Ryde Group Ltd   0.98                      Road & Rail   2026-07-30 0.54   2026-07-31 0.75  36.95
CIGL     Concorde International Group Ltd   1.39   Commercial Services & Supplies   2026-07-30 0.46   2026-07-31 0.61  33.14
IESC                     IES Holdings Inc 148.34                     Construction 2026-07-30 571.54 2026-07-31 744.54  30.27
 ZTG                   Zenta Group Co Ltd   0.40            Professional Services   2026-07-30 3.39    2026-07-31 4.4  29.79
SCYX                         SCYNEXIS Inc   0.37                  Pharmaceuticals   2026-07-30 3.73   2026-07-31 4.84  29.76
AXTI                              AXT Inc  30.71                   Semiconductors  2026-07-30 46.94  2026-07-31 60.43  28.74
SHPH Shuttle Pharmaceuticals Holdings Inc   0.02                    Biotechnology   2026-07-30 3.09    2026-07-31 3.8  22.98
 FET        Forum Energy Technologies Inc   5.81                           Energy  2026-07-30 51.43  2026-07-31 62.67  21.85
RCON                 Recon Technology Ltd   0.31                           Energy   2026-07-30 0.36   2026-07-31 0.44  21.75
ITGR                Integer Holdings Corp  34.25                      Health Care 2026-07-30 100.86 2026-07-31 121.21  20.18
CNSP              CNS Pharmaceuticals Inc   0.07                  Pharmaceuticals   2026-07-30 4.85   2026-07-31 5.82  19.94
RYOJ                      rYojbaba Co Ltd   0.54                      Health Care    2026-07-30 4.7   2026-07-31 5.62  19.57
CALC                      CalciMedica Inc   0.26                  Pharmaceuticals   2026-07-30 0.84    2026-07-31 1.0  19.05
FATN                          FatPipe Inc   0.72                       Technology   2026-07-30 5.12   2026-07-31 6.08  18.75

=== 市值超过20亿的涨幅榜前20名股票 ===
 股票代码               公司名称                市值(亿)                 板块                      昨天收盘              今天收盘       涨跌幅(%)
 IESC                 IES Holdings Inc   148.34                   Construction 2026-07-30 571.54 2026-07-31 744.54 30.27 
 AXTI                          AXT Inc    30.71                 Semiconductors  2026-07-30 46.94  2026-07-31 60.43 28.74 
 ITGR            Integer Holdings Corp    34.25                    Health Care 2026-07-30 100.86 2026-07-31 121.21 20.18 
 AMBA                    Ambarella Inc    37.73                 Semiconductors  2026-07-30 74.09   2026-07-31 86.0 16.08 
 AMZN                   Amazon.com Inc 25332.99                         Retail  2026-07-30 235.5 2026-07-31 271.58 15.32 
  DLB           Dolby Laboratories Inc    48.98                     Technology  2026-07-30 51.78  2026-07-31 58.81 13.58 
 DXCM                       Dexcom Inc   287.63                    Health Care  2026-07-30 74.54  2026-07-31 83.45 11.95 
 SPSC                 SPS Commerce Inc    26.94                     Technology  2026-07-30 65.83  2026-07-31 73.39 11.48 
 ARXS                        Arxis Inc   204.48            Aerospace & Defense  2026-07-30 48.98   2026-07-31 54.3 10.86 
 SPXC             SPX Technologies Inc   109.95                      Machinery  2026-07-30 199.3 2026-07-31 219.62 10.20 
 OUST                       Ouster Inc    23.84           Electrical Equipment  2026-07-30 35.53  2026-07-31 39.01  9.79 
  MSA                   MSA Safety Inc    67.31 Commercial Services & Supplies 2026-07-30 174.35 2026-07-31 190.27  9.13 
 GTES Gates Industrial Corporation PLC    65.48                      Machinery  2026-07-30 25.78  2026-07-31 27.98  8.53 
 BETA            BETA Technologies Inc    43.68            Aerospace & Defense  2026-07-30 17.57  2026-07-31 18.93  7.74 
 AADX  Applied Aerospace & Defense Inc    29.64            Aerospace & Defense  2026-07-30 17.36   2026-07-31 18.7  7.72 
BELFB                     Bel Fuse Inc    35.12           Electrical Equipment 2026-07-30 253.41 2026-07-31 271.97  7.32 
  ETN            Eaton Corporation PLC  1502.29           Electrical Equipment 2026-07-30 386.89  2026-07-31 415.2  7.32 
  LGN                     Legence Corp    64.62                   Construction  2026-07-30 59.81  2026-07-31 63.93  6.89 
 GOOG                     Alphabet Inc 40807.72                          Media 2026-07-30 333.68 2026-07-31 356.65  6.88 
GOOGL                     Alphabet Inc 40807.72                          Media 2026-07-30 333.66 2026-07-31 356.13  6.73 

=== 市值超过50亿的涨幅榜前20名股票 ===
 股票代码               公司名称                市值(亿)                 板块                      昨天收盘              今天收盘       涨跌幅(%)
 IESC                 IES Holdings Inc   148.34                   Construction 2026-07-30 571.54 2026-07-31 744.54 30.27 
 AMZN                   Amazon.com Inc 25332.99                         Retail  2026-07-30 235.5 2026-07-31 271.58 15.32 
 DXCM                       Dexcom Inc   287.63                    Health Care  2026-07-30 74.54  2026-07-31 83.45 11.95 
 ARXS                        Arxis Inc   204.48            Aerospace & Defense  2026-07-30 48.98   2026-07-31 54.3 10.86 
 SPXC             SPX Technologies Inc   109.95                      Machinery  2026-07-30 199.3 2026-07-31 219.62 10.20 
  MSA                   MSA Safety Inc    67.31 Commercial Services & Supplies 2026-07-30 174.35 2026-07-31 190.27  9.13 
 GTES Gates Industrial Corporation PLC    65.48                      Machinery  2026-07-30 25.78  2026-07-31 27.98  8.53 
  ETN            Eaton Corporation PLC  1502.29           Electrical Equipment 2026-07-30 386.89  2026-07-31 415.2  7.32 
  LGN                     Legence Corp    64.62                   Construction  2026-07-30 59.81  2026-07-31 63.93  6.89 
 GOOG                     Alphabet Inc 40807.72                          Media 2026-07-30 333.68 2026-07-31 356.65  6.88 
GOOGL                     Alphabet Inc 40807.72                          Media 2026-07-30 333.66 2026-07-31 356.13  6.73 
   GH              Guardant Health Inc   202.02                    Health Care 2026-07-30 152.35 2026-07-31 161.99  6.33 
  NVT               nVent Electric PLC   234.17           Electrical Equipment  2026-07-30 144.8 2026-07-31 153.83  6.24 
  VRT               Vertiv Holdings Co   875.85           Electrical Equipment  2026-07-30 227.5 2026-07-31 241.57  6.18 
 AEIS   Advanced Energy Industries Inc   104.30           Electrical Equipment 2026-07-30 274.26 2026-07-31 289.52  5.56 
 COHR                    Coherent Corp   514.32           Electrical Equipment 2026-07-30 249.06 2026-07-31 262.89  5.55 
 ANET              Arista Networks Inc  2153.49                 Communications 2026-07-30 171.02 2026-07-31 180.35  5.46 
 VIAV              Viavi Solutions Inc    86.46                 Communications  2026-07-30 35.05  2026-07-31 36.95  5.42 
  GVA         Granite Construction Inc    50.27                   Construction 2026-07-30 114.92 2026-07-31 120.97  5.26 
 FTNT                     Fortinet Inc  1130.11                     Technology 2026-07-30 154.25 2026-07-31 161.95  4.99 

=== 市值超过100亿的涨幅榜前20名股票 ===
 股票代码              公司名称               市值(亿)            板块                 昨天收盘              今天收盘       涨跌幅(%)
 IESC               IES Holdings Inc   148.34         Construction 2026-07-30 571.54 2026-07-31 744.54 30.27 
 AMZN                 Amazon.com Inc 25332.99               Retail  2026-07-30 235.5 2026-07-31 271.58 15.32 
 DXCM                     Dexcom Inc   287.63          Health Care  2026-07-30 74.54  2026-07-31 83.45 11.95 
 ARXS                      Arxis Inc   204.48  Aerospace & Defense  2026-07-30 48.98   2026-07-31 54.3 10.86 
 SPXC           SPX Technologies Inc   109.95            Machinery  2026-07-30 199.3 2026-07-31 219.62 10.20 
  ETN          Eaton Corporation PLC  1502.29 Electrical Equipment 2026-07-30 386.89  2026-07-31 415.2  7.32 
 GOOG                   Alphabet Inc 40807.72                Media 2026-07-30 333.68 2026-07-31 356.65  6.88 
GOOGL                   Alphabet Inc 40807.72                Media 2026-07-30 333.66 2026-07-31 356.13  6.73 
   GH            Guardant Health Inc   202.02          Health Care 2026-07-30 152.35 2026-07-31 161.99  6.33 
  NVT             nVent Electric PLC   234.17 Electrical Equipment  2026-07-30 144.8 2026-07-31 153.83  6.24 
  VRT             Vertiv Holdings Co   875.85 Electrical Equipment  2026-07-30 227.5 2026-07-31 241.57  6.18 
 AEIS Advanced Energy Industries Inc   104.30 Electrical Equipment 2026-07-30 274.26 2026-07-31 289.52  5.56 
 COHR                  Coherent Corp   514.32 Electrical Equipment 2026-07-30 249.06 2026-07-31 262.89  5.55 
 ANET            Arista Networks Inc  2153.49       Communications 2026-07-30 171.02 2026-07-31 180.35  5.46 
 FTNT                   Fortinet Inc  1130.11           Technology 2026-07-30 154.25 2026-07-31 161.95  4.99 
  APO   Apollo Global Management Inc   693.26   Financial Services 2026-07-30 120.25 2026-07-31 125.59  4.44 
 LECO  Lincoln Electric Holdings Inc   137.09            Machinery 2026-07-30 250.22 2026-07-31 261.31  4.43 
 SNPS                   Synopsys Inc   712.93           Technology 2026-07-30 372.33 2026-07-31 388.76  4.41 
   UI                   Ubiquiti Inc   336.82       Communications 2026-07-30 533.23 2026-07-31 556.52  4.37 
 FTAI              FTAI Aviation Ltd   202.69  Aerospace & Defense  2026-07-30 197.5  2026-07-31 206.0  4.30 

=== 市值超过200亿的涨幅榜前20名股票 ===
 股票代码             公司名称              市值(亿)            板块                 昨天收盘              今天收盘       涨跌幅(%)
 AMZN               Amazon.com Inc 25332.99               Retail  2026-07-30 235.5 2026-07-31 271.58 15.32 
 DXCM                   Dexcom Inc   287.63          Health Care  2026-07-30 74.54  2026-07-31 83.45 11.95 
 ARXS                    Arxis Inc   204.48  Aerospace & Defense  2026-07-30 48.98   2026-07-31 54.3 10.86 
  ETN        Eaton Corporation PLC  1502.29 Electrical Equipment 2026-07-30 386.89  2026-07-31 415.2  7.32 
 GOOG                 Alphabet Inc 40807.72                Media 2026-07-30 333.68 2026-07-31 356.65  6.88 
GOOGL                 Alphabet Inc 40807.72                Media 2026-07-30 333.66 2026-07-31 356.13  6.73 
   GH          Guardant Health Inc   202.02          Health Care 2026-07-30 152.35 2026-07-31 161.99  6.33 
  NVT           nVent Electric PLC   234.17 Electrical Equipment  2026-07-30 144.8 2026-07-31 153.83  6.24 
  VRT           Vertiv Holdings Co   875.85 Electrical Equipment  2026-07-30 227.5 2026-07-31 241.57  6.18 
 COHR                Coherent Corp   514.32 Electrical Equipment 2026-07-30 249.06 2026-07-31 262.89  5.55 
 ANET          Arista Networks Inc  2153.49       Communications 2026-07-30 171.02 2026-07-31 180.35  5.46 
 FTNT                 Fortinet Inc  1130.11           Technology 2026-07-30 154.25 2026-07-31 161.95  4.99 
  APO Apollo Global Management Inc   693.26   Financial Services 2026-07-30 120.25 2026-07-31 125.59  4.44 
 SNPS                 Synopsys Inc   712.93           Technology 2026-07-30 372.33 2026-07-31 388.76  4.41 
   UI                 Ubiquiti Inc   336.82       Communications 2026-07-30 533.23 2026-07-31 556.52  4.37 
 FTAI            FTAI Aviation Ltd   202.69  Aerospace & Defense  2026-07-30 197.5  2026-07-31 206.0  4.30 
 LPLA   LPL Financial Holdings Inc   271.28   Financial Services 2026-07-30 339.17  2026-07-31 353.7  4.28 
  IOT                  Samsara Inc   217.85           Technology   2026-07-30 35.8  2026-07-31 37.27  4.11 
   ZM      Zoom Communications Inc   270.71           Technology  2026-07-30 92.32  2026-07-31 96.07  4.06 
 TSEM      Tower Semiconductor Ltd   238.24       Semiconductors 2026-07-30 211.16 2026-07-31 219.67  4.03 

=== 市值超过1000亿的涨跌榜前20名股票 ===
 股票代码            公司名称             市值(亿)            板块                 昨天收盘              今天收盘       涨跌幅(%)
 AMZN             Amazon.com Inc 25332.99               Retail  2026-07-30 235.5 2026-07-31 271.58 15.32 
  ETN      Eaton Corporation PLC  1502.29 Electrical Equipment 2026-07-30 386.89  2026-07-31 415.2  7.32 
 GOOG               Alphabet Inc 40807.72                Media 2026-07-30 333.68 2026-07-31 356.65  6.88 
GOOGL               Alphabet Inc 40807.72                Media 2026-07-30 333.66 2026-07-31 356.13  6.73 
 ANET        Arista Networks Inc  2153.49       Communications 2026-07-30 171.02 2026-07-31 180.35  5.46 
 FTNT               Fortinet Inc  1130.11           Technology 2026-07-30 154.25 2026-07-31 161.95  4.99 
 META         Meta Platforms Inc 13682.86                Media 2026-07-30 539.03 2026-07-31 556.71  3.28 
 MSFT             Microsoft Corp 33496.64           Technology  2026-07-30 451.1 2026-07-31 464.72  3.02 
 NVDA                NVIDIA Corp 47199.68       Semiconductors 2026-07-30 195.04 2026-07-31 200.75  2.93 
  CVX               Chevron Corp  3830.04               Energy 2026-07-30 192.31 2026-07-31 196.83  2.35 
 MRVL     Marvell Technology Inc  1605.28       Semiconductors  2026-07-30 183.3 2026-07-31 187.56  2.32 
 CSCO          Cisco Systems Inc  4475.89       Communications 2026-07-30 113.56 2026-07-31 115.99  2.14 
BABAF  Alibaba Group Holding Ltd  2732.66               Retail  2026-07-30 14.94  2026-07-31 15.25  2.04 
  CRM             Salesforce Inc  1480.01           Technology 2026-07-30 180.71 2026-07-31 184.02  1.83 
 ORCL                Oracle Corp  3674.33           Technology 2026-07-30 127.56 2026-07-31 129.87  1.81 
   VZ Verizon Communications Inc  1915.87    Telecommunication  2026-07-30 46.11  2026-07-31 46.81  1.52 
  LMT       Lockheed Martin Corp  1324.99  Aerospace & Defense 2026-07-30 574.11 2026-07-31 582.74  1.50 
SBGSF      Schneider Electric SE  1637.86 Electrical Equipment  2026-07-30 328.1  2026-07-31 333.0  1.49 
   PH       Parker-Hannifin Corp  1213.95            Machinery 2026-07-30 962.79 2026-07-31 976.53  1.43 
   GE        General Electric Co  3683.76  Aerospace & Defense 2026-07-30 355.04 2026-07-31 360.07  1.42 
