
=== 涨幅榜前20名股票 ===
 股票代码               公司名称              市值(亿)                板块                       昨天收盘              今天收盘       涨跌幅(%)
MAXNQ   Maxeon Solar Technologies Ltd  0.00                   Semiconductors    2026-09-14 0.0    2026-09-15 0.0 400.00
 MEDS          Wellgistics Health Inc  0.03                      Health Care   2026-09-14 0.87   2026-09-15 1.62  87.28
 FBDT               First Breach Inc.  0.36              Aerospace & Defense   2026-09-14 0.64    2026-09-15 1.0  56.25
  GVH          Globavend Holdings Ltd  0.05       Logistics & Transportation   2026-09-14 1.05   2026-09-15 1.29  22.86
CMBMF           Cambium Networks Corp  0.06                   Communications   2026-09-14 0.05   2026-09-15 0.06  22.00
 KBSX                         FST Ltd  0.44                 Leisure Products   2026-09-14 0.98   2026-09-15 1.16  18.37
 BNGO            Bionano Genomics Inc  0.16   Life Sciences Tools & Services   2026-09-14 1.33   2026-09-15 1.56  17.29
 INDP       Indaptus Therapeutics Inc  4.18                    Biotechnology   2026-09-14 3.14   2026-09-15 3.64  15.92
 BBNX                Beta Bionics Inc  7.53                      Health Care  2026-09-14 16.73  2026-09-15 19.23  14.94
 ARQQ               Arqit Quantum Inc  2.83                       Technology  2026-09-14 16.29  2026-09-15 18.27  12.15
 MTEN Mingteng International Corp Inc  0.08                  Auto Components   2026-09-14 1.01   2026-09-15 1.13  11.88
 SPPL                     Simpple Ltd  0.21 Trading Companies & Distributors   2026-09-14 2.15   2026-09-15 2.37   9.98
 RKTO           Hoth Therapeutics Inc  0.17                  Pharmaceuticals   2026-09-14 0.67   2026-09-15 0.74   9.85
 ARTL          Artelo Biosciences Inc  0.03                  Pharmaceuticals   2026-09-14 4.87   2026-09-15 5.34   9.65
  REF                Reformation Inc.  8.57                           Retail  2026-09-14 14.51   2026-09-15 15.9   9.58
 QRVO                       Qorvo Inc 95.26                   Semiconductors 2026-09-14 107.98 2026-09-15 118.06   9.34
 EONR               EON Resources Inc  0.29                           Energy   2026-09-14 0.57   2026-09-15 0.62   7.95
 SCTX         Scribe Therapeutics Inc  5.57                    Biotechnology  2026-09-14 29.42  2026-09-15 31.66   7.61
 MOBI               Mobia Medical Inc  3.34                      Health Care  2026-09-14 10.03  2026-09-15 10.77   7.38
  CVI                  CVR Energy Inc 48.89                           Energy  2026-09-14 48.63  2026-09-15 52.17   7.28

=== 市值超过20亿的涨幅榜前20名股票 ===
 股票代码            公司名称            市值(亿)                板块                      昨天收盘              今天收盘       涨跌幅(%)
 QRVO                 Qorvo Inc   95.26                 Semiconductors 2026-09-14 107.98 2026-09-15 118.06  9.34 
  CVI            CVR Energy Inc   48.89                         Energy  2026-09-14 48.63  2026-09-15 52.17  7.28 
 SDRL              Seadrill Ltd   29.20                         Energy  2026-09-14 46.87  2026-09-15 49.76  6.17 
   NE     Noble Corporation PLC   70.05                         Energy  2026-09-14 43.88  2026-09-15 46.55  6.08 
 BRKR               Bruker Corp   80.23 Life Sciences Tools & Services  2026-09-14 52.66  2026-09-15 55.75  5.87 
   SM              SM Energy Co   92.83                         Energy  2026-09-14 39.03  2026-09-15 41.29  5.79 
 CRGY        Crescent Energy Co   48.21                         Energy  2026-09-14 14.59  2026-09-15 15.37  5.35 
 CIEN                Ciena Corp  453.28                 Communications 2026-09-14 319.64 2026-09-15 334.33  4.60 
 VISN     Vistance Networks Inc   27.59                 Communications   2026-09-14 6.47   2026-09-15 6.73  4.10 
 MAAS                 Maase Inc   72.25                      Insurance  2026-09-14 16.34  2026-09-15 17.01  4.10 
 CHRD         Chord Energy Corp   82.71                         Energy 2026-09-14 151.22  2026-09-15 157.0  3.82 
EADSF                 Airbus SE 1535.09            Aerospace & Defense 2026-09-14 223.98 2026-09-15 232.39  3.75 
 CSQR               Csquare Inc   28.84                            N/A  2026-09-14 17.31  2026-09-15 17.94  3.64 
 BLLN          BillionToOne Inc   47.57                    Health Care 2026-09-14 100.82 2026-09-15 104.27  3.42 
  MGY   Magnolia Oil & Gas Corp   65.45                         Energy  2026-09-14 27.62  2026-09-15 28.55  3.37 
  CRC California Resources Corp   49.55                         Energy  2026-09-14 55.79  2026-09-15 57.64  3.32 
 MTDR      Matador Resources Co   75.71                         Energy  2026-09-14 61.18  2026-09-15 63.17  3.25 
  PSX               Phillips 66 1025.72                         Energy 2026-09-14 257.06 2026-09-15 264.93  3.06 
  SYM              Symbotic Inc  250.73                      Machinery   2026-09-14 41.6  2026-09-15 42.77  2.81 
 ANET       Arista Networks Inc 2368.71                 Communications 2026-09-14 187.81 2026-09-15 192.84  2.68 

=== 市值超过50亿的涨幅榜前20名股票 ===
 股票代码           公司名称            市值(亿)                板块                      昨天收盘              今天收盘       涨跌幅(%)
 QRVO                Qorvo Inc   95.26                 Semiconductors 2026-09-14 107.98 2026-09-15 118.06  9.34 
   NE    Noble Corporation PLC   70.05                         Energy  2026-09-14 43.88  2026-09-15 46.55  6.08 
 BRKR              Bruker Corp   80.23 Life Sciences Tools & Services  2026-09-14 52.66  2026-09-15 55.75  5.87 
   SM             SM Energy Co   92.83                         Energy  2026-09-14 39.03  2026-09-15 41.29  5.79 
 CIEN               Ciena Corp  453.28                 Communications 2026-09-14 319.64 2026-09-15 334.33  4.60 
 MAAS                Maase Inc   72.25                      Insurance  2026-09-14 16.34  2026-09-15 17.01  4.10 
 CHRD        Chord Energy Corp   82.71                         Energy 2026-09-14 151.22  2026-09-15 157.0  3.82 
EADSF                Airbus SE 1535.09            Aerospace & Defense 2026-09-14 223.98 2026-09-15 232.39  3.75 
  MGY  Magnolia Oil & Gas Corp   65.45                         Energy  2026-09-14 27.62  2026-09-15 28.55  3.37 
 MTDR     Matador Resources Co   75.71                         Energy  2026-09-14 61.18  2026-09-15 63.17  3.25 
  PSX              Phillips 66 1025.72                         Energy 2026-09-14 257.06 2026-09-15 264.93  3.06 
  SYM             Symbotic Inc  250.73                      Machinery   2026-09-14 41.6  2026-09-15 42.77  2.81 
 ANET      Arista Networks Inc 2368.71                 Communications 2026-09-14 187.81 2026-09-15 192.84  2.68 
 NTRA               Natera Inc  492.67                  Biotechnology 2026-09-14 341.79 2026-09-15 350.78  2.63 
  XOM Exxonmobil Holdings Corp 6506.32                         Energy 2026-09-14 165.08 2026-09-15 169.32  2.57 
  SHC         Sotera Health Co   52.85 Life Sciences Tools & Services  2026-09-14 18.52  2026-09-15 18.98  2.48 
  OVV              Ovintiv Inc  180.07                         Energy  2026-09-14 65.36  2026-09-15 66.97  2.46 
BOIVF               Bollore SE  103.12                         Energy   2026-09-14 4.17   2026-09-15 4.27  2.40 
   ON    ON Semiconductor Corp  278.94                 Semiconductors  2026-09-14 71.65   2026-09-15 73.2  2.16 
 DXCM               Dexcom Inc  319.55                    Health Care  2026-09-14 84.68  2026-09-15 86.45  2.09 

=== 市值超过100亿的涨幅榜前20名股票 ===
 股票代码           公司名称            市值(亿)                板块                      昨天收盘              今天收盘       涨跌幅(%)
 CIEN               Ciena Corp  453.28                 Communications 2026-09-14 319.64 2026-09-15 334.33  4.60 
EADSF                Airbus SE 1535.09            Aerospace & Defense 2026-09-14 223.98 2026-09-15 232.39  3.75 
  PSX              Phillips 66 1025.72                         Energy 2026-09-14 257.06 2026-09-15 264.93  3.06 
  SYM             Symbotic Inc  250.73                      Machinery   2026-09-14 41.6  2026-09-15 42.77  2.81 
 ANET      Arista Networks Inc 2368.71                 Communications 2026-09-14 187.81 2026-09-15 192.84  2.68 
 NTRA               Natera Inc  492.67                  Biotechnology 2026-09-14 341.79 2026-09-15 350.78  2.63 
  XOM Exxonmobil Holdings Corp 6506.32                         Energy 2026-09-14 165.08 2026-09-15 169.32  2.57 
  OVV              Ovintiv Inc  180.07                         Energy  2026-09-14 65.36  2026-09-15 66.97  2.46 
BOIVF               Bollore SE  103.12                         Energy   2026-09-14 4.17   2026-09-15 4.27  2.40 
   ON    ON Semiconductor Corp  278.94                 Semiconductors  2026-09-14 71.65   2026-09-15 73.2  2.16 
 DXCM               Dexcom Inc  319.55                    Health Care  2026-09-14 84.68  2026-09-15 86.45  2.09 
 ICLR                 ICON PLC  130.34 Life Sciences Tools & Services 2026-09-14 168.93 2026-09-15 172.45  2.08 
 STLD       Steel Dynamics Inc  336.15                Metals & Mining 2026-09-14 234.53 2026-09-15 239.22  2.00 
 FROG                Jfrog Ltd  114.67                     Technology   2026-09-14 93.0   2026-09-15 94.8  1.94 
 DELL    Dell Technologies Inc 3397.02                     Technology 2026-09-14 534.28 2026-09-15 543.51  1.73 
SBGSF    Schneider Electric SE 1536.29           Electrical Equipment 2026-09-14 315.75  2026-09-15 321.0  1.66 
  BDX  Becton Dickinson and Co  498.22                    Health Care 2026-09-14 182.91 2026-09-15 185.92  1.65 
  TER             Teradyne Inc  514.67                 Semiconductors  2026-09-14 329.2 2026-09-15 332.85  1.11 
HKHHF      Heineken Holding NV  188.62                      Beverages  2026-09-14 76.75   2026-09-15 77.6  1.11 
  AIZ             Assurant Inc  139.72                      Insurance 2026-09-14 283.27 2026-09-15 286.11  1.00 

=== 市值超过200亿的涨幅榜前20名股票 ===
 股票代码                  公司名称                   市值(亿)           板块                 昨天收盘              今天收盘       涨跌幅(%)
 CIEN                             Ciena Corp  453.28       Communications 2026-09-14 319.64 2026-09-15 334.33  4.60 
EADSF                              Airbus SE 1535.09  Aerospace & Defense 2026-09-14 223.98 2026-09-15 232.39  3.75 
  PSX                            Phillips 66 1025.72               Energy 2026-09-14 257.06 2026-09-15 264.93  3.06 
  SYM                           Symbotic Inc  250.73            Machinery   2026-09-14 41.6  2026-09-15 42.77  2.81 
 ANET                    Arista Networks Inc 2368.71       Communications 2026-09-14 187.81 2026-09-15 192.84  2.68 
 NTRA                             Natera Inc  492.67        Biotechnology 2026-09-14 341.79 2026-09-15 350.78  2.63 
  XOM               Exxonmobil Holdings Corp 6506.32               Energy 2026-09-14 165.08 2026-09-15 169.32  2.57 
   ON                  ON Semiconductor Corp  278.94       Semiconductors  2026-09-14 71.65   2026-09-15 73.2  2.16 
 DXCM                             Dexcom Inc  319.55          Health Care  2026-09-14 84.68  2026-09-15 86.45  2.09 
 STLD                     Steel Dynamics Inc  336.15      Metals & Mining 2026-09-14 234.53 2026-09-15 239.22  2.00 
 DELL                  Dell Technologies Inc 3397.02           Technology 2026-09-14 534.28 2026-09-15 543.51  1.73 
SBGSF                  Schneider Electric SE 1536.29 Electrical Equipment 2026-09-14 315.75  2026-09-15 321.0  1.66 
  BDX                Becton Dickinson and Co  498.22          Health Care 2026-09-14 182.91 2026-09-15 185.92  1.65 
  TER                           Teradyne Inc  514.67       Semiconductors  2026-09-14 329.2 2026-09-15 332.85  1.11 
  IFF International Flavors & Fragrances Inc  212.87            Chemicals  2026-09-14 83.43  2026-09-15 84.24  0.97 
 MNST                  Monster Beverage Corp  865.90            Beverages   2026-09-14 44.2  2026-09-15 44.63  0.97 
  GEV                         GE Vernova Inc 2329.78 Electrical Equipment 2026-09-14 874.76 2026-09-15 882.81  0.92 
   BE                      Bloom Energy Corp  757.08 Electrical Equipment 2026-09-14 257.05 2026-09-15 259.35  0.89 
  TFC                  Truist Financial Corp  612.03              Banking   2026-09-14 50.1  2026-09-15 50.46  0.72 
   GD                  General Dynamics Corp  965.38  Aerospace & Defense 2026-09-14 356.81  2026-09-15 358.6  0.50 

=== 市值超过1000亿的涨跌榜前20名股票 ===
 股票代码            公司名称             市值(亿)           板块                 昨天收盘               今天收盘       涨跌幅(%)
EADSF                  Airbus SE 1535.09  Aerospace & Defense  2026-09-14 223.98 2026-09-15 232.39  3.75 
  PSX                Phillips 66 1025.72               Energy  2026-09-14 257.06 2026-09-15 264.93  3.06 
 ANET        Arista Networks Inc 2368.71       Communications  2026-09-14 187.81 2026-09-15 192.84  2.68 
  XOM   Exxonmobil Holdings Corp 6506.32               Energy  2026-09-14 165.08 2026-09-15 169.32  2.57 
 DELL      Dell Technologies Inc 3397.02           Technology  2026-09-14 534.28 2026-09-15 543.51  1.73 
SBGSF      Schneider Electric SE 1536.29 Electrical Equipment  2026-09-14 315.75  2026-09-15 321.0  1.66 
  GEV             GE Vernova Inc 2329.78 Electrical Equipment  2026-09-14 874.76 2026-09-15 882.81  0.92 
   PG        Procter & Gamble Co 3394.12    Consumer products  2026-09-14 146.13 2026-09-15 146.67  0.37 
  ADI         Analog Devices Inc 1749.38       Semiconductors  2026-09-14 361.02 2026-09-15 361.35  0.09 
  COF Capital One Financial Corp 1267.95   Financial Services  2026-09-14 206.68 2026-09-15 206.85  0.08 
  BAC       Bank of America Corp 4158.59              Banking   2026-09-14 59.47  2026-09-15 59.52  0.08 
  TXN      Texas Instruments Inc 2405.68       Semiconductors  2026-09-14 263.42 2026-09-15 263.43  0.00 
  SYK               Stryker Corp 1081.18          Health Care  2026-09-14 281.87  2026-09-15 281.5 -0.13 
 ISRG     Intuitive Surgical Inc 1335.18          Health Care  2026-09-14 377.94 2026-09-15 377.16 -0.21 
ASMLF            ASML Holding NV 5301.19       Semiconductors 2026-09-14 1590.85 2026-09-15 1585.0 -0.37 
  UNP         Union Pacific Corp 1693.59          Road & Rail  2026-09-14 285.08 2026-09-15 283.99 -0.38 
  APP              Applovin Corp 1118.54           Technology  2026-09-14 334.24 2026-09-15 331.46 -0.83 
  NET             Cloudflare Inc 1176.34           Technology  2026-09-14 330.36 2026-09-15 327.23 -0.95 
  TJX          TJX Companies Inc 1385.86               Retail  2026-09-14 125.99  2026-09-15 124.6 -1.10 
SAFRF                  Safran SA 1376.65  Aerospace & Defense  2026-09-14 373.51  2026-09-15 369.0 -1.21 
