
=== 涨幅榜前20名股票 ===
 股票代码             公司名称             市值(亿)               板块                     昨天收盘             今天收盘       涨跌幅(%)
  EGG                Enigmatig Ltd  1.19          Professional Services   2026-09-25 2.8  2026-09-28 4.25 51.79 
 ARAY                  Accuray Inc  0.36                    Health Care  2026-09-25 0.22   2026-09-28 0.3 36.36 
BATRB  Atlanta Braves Holdings Inc 35.12                          Media 2026-09-25 61.19  2026-09-28 81.0 32.37 
 ABLV         Able View Global Inc  0.92                          Media   2026-09-25 1.3  2026-09-28 1.66 28.08 
 SLBT       SL Science Holding Ltd 10.82                  Biotechnology  2026-09-25 1.57  2026-09-28 1.93 22.93 
 MEDS       Wellgistics Health Inc  0.12                    Health Care  2026-09-25 3.11  2026-09-28 3.81 22.51 
 TANH         Tantech Holdings Ltd  0.12                      Chemicals 2026-09-25 14.38  2026-09-28 17.5 21.74 
 CANG                    Cango Inc  0.94                         Retail  2026-09-25 1.91  2026-09-28 2.29 19.90 
 MIMI       Mint Incorporation Ltd  0.13 Commercial Services & Supplies  2026-09-25 0.77   2026-09-28 0.9 16.99 
 MAAS                    Maase Inc 79.37                      Insurance 2026-09-25 15.37 2026-09-28 17.95 16.79 
 ONFO         Onfolio Holdings Inc  0.03                          Media  2026-09-25 0.91  2026-09-28 1.06 16.48 
 CIRC            Circle8 Group Inc  0.45 Life Sciences Tools & Services  2026-09-25 0.34   2026-09-28 0.4 15.50 
   MX Magnachip Semiconductor Corp  1.38                 Semiconductors   2026-09-25 3.3  2026-09-28 3.79 14.85 
UBSFF     Ubisoft Entertainment SA  7.42                          Media   2026-09-25 6.0  2026-09-28 6.88 14.67 
 REBN            Reborn Coffee Inc  0.12                         Retail  2026-09-25 1.24  2026-09-28 1.42 14.52 
 BUDA               Buda Juice Inc  1.00                  Food Products  2026-09-25 7.15  2026-09-28 7.96 11.33 
 VTGN    Vistagen Therapeutics Inc  0.10                  Biotechnology  2026-09-25 0.27   2026-09-28 0.3 11.11 
 GAUZ                    Gauzy Ltd  0.07           Electrical Equipment  2026-09-25 5.32  2026-09-28 5.89 10.71 
 AGEN                   Agenus Inc  4.26                  Biotechnology  2026-09-25 8.54  2026-09-28 9.43 10.42 
 FCUV          Focus Universal Inc  0.05           Electrical Equipment  2026-09-25 4.52  2026-09-28 4.98 10.18 

=== 市值超过20亿的涨幅榜前20名股票 ===
 股票代码                公司名称               市值(亿)                板块                      昨天收盘              今天收盘       涨跌幅(%)
BATRB       Atlanta Braves Holdings Inc  35.12                          Media  2026-09-25 61.19   2026-09-28 81.0 32.37 
 MAAS                         Maase Inc  79.37                      Insurance  2026-09-25 15.37  2026-09-28 17.95 16.79 
 ABCL           Abcellera Biologics Inc  45.11 Life Sciences Tools & Services   2026-09-25 12.7  2026-09-28 13.92  9.61 
  HHH        Howard Hughes Holdings Inc  44.16                    Real Estate  2026-09-25 68.43  2026-09-28 73.95  8.07 
 ADMA                ADMA Biologics Inc  22.67                  Biotechnology   2026-09-25 9.38  2026-09-28 10.12  7.89 
 ALVO                       Alvotech SA  24.01                  Biotechnology   2026-09-25 5.75   2026-09-28 6.15  6.96 
INGVF                      ING Groep NV 886.35                        Banking  2026-09-25 35.19  2026-09-28 37.49  6.54 
 DFTX         Definium Therapeutics Inc  51.61                Pharmaceuticals  2026-09-25 36.17  2026-09-28 38.41  6.19 
 PTCT              PTC Therapeutics Inc  55.04                  Biotechnology  2026-09-25 62.67  2026-09-28 65.95  5.23 
UCBJF                            Ucb SA 407.35                Pharmaceuticals 2026-09-25 235.66 2026-09-28 246.11  4.43 
 PBLS           Parabilis Medicines Inc  40.23                  Biotechnology   2026-09-25 31.2  2026-09-28 32.57  4.39 
VOPKF              Koninklijke Vopak NV  53.62                         Energy   2026-09-25 53.3  2026-09-28 55.35  3.85 
 VRNS               Varonis Systems Inc  45.89                     Technology  2026-09-25 46.25  2026-09-28 47.92  3.62 
 OKTA                          Okta Inc 353.45                     Technology 2026-09-25 195.19 2026-09-28 202.18  3.58 
  CPB                     Campbell's Co  59.77                  Food Products  2026-09-25 19.37  2026-09-28 20.04  3.46 
 MSGS Madison Square Garden Sports Corp 100.26                          Media 2026-09-25 402.84 2026-09-28 416.34  3.35 
   ZS                       Zscaler Inc 239.96                     Technology 2026-09-25 193.05 2026-09-28 199.39  3.28 
   BJ  BJ's Wholesale Club Holdings Inc 122.29                         Retail  2026-09-25 93.79  2026-09-28 96.81  3.22 
 PSKY           Paramount Skydance Corp 115.34                          Media   2026-09-25 9.96  2026-09-28 10.28  3.21 
THLEF                         Thales SA 471.46            Aerospace & Defense 2026-09-25 253.33  2026-09-28 261.0  3.03 

=== 市值超过50亿的涨幅榜前20名股票 ===
 股票代码                公司名称                市值(亿)                板块                      昨天收盘               今天收盘        涨跌幅(%)
 MAAS                         Maase Inc   79.37                      Insurance   2026-09-25 15.37   2026-09-28 17.95 16.79 
INGVF                      ING Groep NV  886.35                        Banking   2026-09-25 35.19   2026-09-28 37.49  6.54 
 DFTX         Definium Therapeutics Inc   51.61                Pharmaceuticals   2026-09-25 36.17   2026-09-28 38.41  6.19 
 PTCT              PTC Therapeutics Inc   55.04                  Biotechnology   2026-09-25 62.67   2026-09-28 65.95  5.23 
UCBJF                            Ucb SA  407.35                Pharmaceuticals  2026-09-25 235.66  2026-09-28 246.11  4.43 
VOPKF              Koninklijke Vopak NV   53.62                         Energy    2026-09-25 53.3   2026-09-28 55.35  3.85 
 OKTA                          Okta Inc  353.45                     Technology  2026-09-25 195.19  2026-09-28 202.18  3.58 
  CPB                     Campbell's Co   59.77                  Food Products   2026-09-25 19.37   2026-09-28 20.04  3.46 
 MSGS Madison Square Garden Sports Corp  100.26                          Media  2026-09-25 402.84  2026-09-28 416.34  3.35 
   ZS                       Zscaler Inc  239.96                     Technology  2026-09-25 193.05  2026-09-28 199.39  3.28 
   BJ  BJ's Wholesale Club Holdings Inc  122.29                         Retail   2026-09-25 93.79   2026-09-28 96.81  3.22 
 PSKY           Paramount Skydance Corp  115.34                          Media    2026-09-25 9.96   2026-09-28 10.28  3.21 
THLEF                         Thales SA  471.46            Aerospace & Defense  2026-09-25 253.33   2026-09-28 261.0  3.03 
BOIVF                        Bollore SE  100.88                         Energy    2026-09-25 4.05    2026-09-28 4.17  2.96 
ASMLF                   ASML Holding NV 5816.10                 Semiconductors 2026-09-25 1730.14 2026-09-28 1780.42  2.91 
PROSF                         Prosus NV  718.85                         Retail   2026-09-25 41.97    2026-09-28 43.0  2.46 
  GME                     GameStop Corp  120.88                         Retail   2026-09-25 23.39   2026-09-28 23.96  2.44 
   SN                    Sharkninja Inc  256.37              Consumer products  2026-09-25 177.74  2026-09-28 181.99  2.39 
SDMHF       Sartorius Stedim Biotech SA  206.73 Life Sciences Tools & Services  2026-09-25 242.33  2026-09-28 247.95  2.32 
 CYTK                  Cytokinetics Inc   91.98                  Biotechnology   2026-09-25 64.66   2026-09-28 66.16  2.32 

=== 市值超过100亿的涨幅榜前20名股票 ===
 股票代码                公司名称                市值(亿)                板块                      昨天收盘               今天收盘        涨跌幅(%)
INGVF                      ING Groep NV  886.35                        Banking   2026-09-25 35.19   2026-09-28 37.49  6.54 
UCBJF                            Ucb SA  407.35                Pharmaceuticals  2026-09-25 235.66  2026-09-28 246.11  4.43 
 OKTA                          Okta Inc  353.45                     Technology  2026-09-25 195.19  2026-09-28 202.18  3.58 
 MSGS Madison Square Garden Sports Corp  100.26                          Media  2026-09-25 402.84  2026-09-28 416.34  3.35 
   ZS                       Zscaler Inc  239.96                     Technology  2026-09-25 193.05  2026-09-28 199.39  3.28 
   BJ  BJ's Wholesale Club Holdings Inc  122.29                         Retail   2026-09-25 93.79   2026-09-28 96.81  3.22 
 PSKY           Paramount Skydance Corp  115.34                          Media    2026-09-25 9.96   2026-09-28 10.28  3.21 
THLEF                         Thales SA  471.46            Aerospace & Defense  2026-09-25 253.33   2026-09-28 261.0  3.03 
BOIVF                        Bollore SE  100.88                         Energy    2026-09-25 4.05    2026-09-28 4.17  2.96 
ASMLF                   ASML Holding NV 5816.10                 Semiconductors 2026-09-25 1730.14 2026-09-28 1780.42  2.91 
PROSF                         Prosus NV  718.85                         Retail   2026-09-25 41.97    2026-09-28 43.0  2.46 
  GME                     GameStop Corp  120.88                         Retail   2026-09-25 23.39   2026-09-28 23.96  2.44 
   SN                    Sharkninja Inc  256.37              Consumer products  2026-09-25 177.74  2026-09-28 181.99  2.39 
SDMHF       Sartorius Stedim Biotech SA  206.73 Life Sciences Tools & Services  2026-09-25 242.33  2026-09-28 247.95  2.32 
  MTD  Mettler-toledo International Inc  309.62 Life Sciences Tools & Services 2026-09-25 1511.64 2026-09-28 1545.26  2.22 
 UTHR          United Therapeutics Corp  208.25                  Biotechnology  2026-09-25 475.45  2026-09-28 485.54  2.12 
  XPO                           XPO Inc  233.95                    Road & Rail  2026-09-25 173.17  2026-09-28 176.66  2.02 
  HLT     Hilton Worldwide Holdings Inc  720.84  Hotels, Restaurants & Leisure  2026-09-25 313.96  2026-09-28 320.28  2.01 
 ASND               Ascendis Pharma A/S  143.50                  Biotechnology   2026-09-25 225.6  2026-09-28 230.05  1.97 
  PGR                  Progressive Corp 1217.23                      Insurance   2026-09-25 205.5  2026-09-28 209.47  1.93 

=== 市值超过200亿的涨幅榜前20名股票 ===
 股票代码               公司名称                市值(亿)                 板块                      昨天收盘               今天收盘        涨跌幅(%)
INGVF                     ING Groep NV   886.35                        Banking   2026-09-25 35.19   2026-09-28 37.49  6.54 
UCBJF                           Ucb SA   407.35                Pharmaceuticals  2026-09-25 235.66  2026-09-28 246.11  4.43 
 OKTA                         Okta Inc   353.45                     Technology  2026-09-25 195.19  2026-09-28 202.18  3.58 
   ZS                      Zscaler Inc   239.96                     Technology  2026-09-25 193.05  2026-09-28 199.39  3.28 
THLEF                        Thales SA   471.46            Aerospace & Defense  2026-09-25 253.33   2026-09-28 261.0  3.03 
ASMLF                  ASML Holding NV  5816.10                 Semiconductors 2026-09-25 1730.14 2026-09-28 1780.42  2.91 
PROSF                        Prosus NV   718.85                         Retail   2026-09-25 41.97    2026-09-28 43.0  2.46 
   SN                   Sharkninja Inc   256.37              Consumer products  2026-09-25 177.74  2026-09-28 181.99  2.39 
SDMHF      Sartorius Stedim Biotech SA   206.73 Life Sciences Tools & Services  2026-09-25 242.33  2026-09-28 247.95  2.32 
  MTD Mettler-toledo International Inc   309.62 Life Sciences Tools & Services 2026-09-25 1511.64 2026-09-28 1545.26  2.22 
 UTHR         United Therapeutics Corp   208.25                  Biotechnology  2026-09-25 475.45  2026-09-28 485.54  2.12 
  XPO                          XPO Inc   233.95                    Road & Rail  2026-09-25 173.17  2026-09-28 176.66  2.02 
  HLT    Hilton Worldwide Holdings Inc   720.84  Hotels, Restaurants & Leisure  2026-09-25 313.96  2026-09-28 320.28  2.01 
  PGR                 Progressive Corp  1217.23                      Insurance   2026-09-25 205.5  2026-09-28 209.47  1.93 
   PG              Procter & Gamble Co  3461.48              Consumer products  2026-09-25 146.23  2026-09-28 149.03  1.91 
 IDXX           IDEXX Laboratories Inc   416.80                    Health Care  2026-09-25 519.26  2026-09-28 529.06  1.89 
  MAR       Marriott International Inc   935.03  Hotels, Restaurants & Leisure  2026-09-25 352.03  2026-09-28 358.57  1.86 
 NVDA                      NVIDIA Corp 55155.26                 Semiconductors  2026-09-25 225.07  2026-09-28 228.86  1.68 
FNCTF                        Orange SA   376.50              Telecommunication   2026-09-25 15.99   2026-09-28 16.25  1.63 
  HIG     Hartford Insurance Group Inc   341.41                      Insurance  2026-09-25 124.23  2026-09-28 126.04  1.46 

=== 市值超过1000亿的涨跌榜前20名股票 ===
 股票代码                 公司名称                 市值(亿)                  板块                       昨天收盘               今天收盘        涨跌幅(%)
ASMLF                     ASML Holding NV  5816.10                   Semiconductors 2026-09-25 1730.14 2026-09-28 1780.42  2.91 
  PGR                    Progressive Corp  1217.23                        Insurance   2026-09-25 205.5  2026-09-28 209.47  1.93 
   PG                 Procter & Gamble Co  3461.48                Consumer products  2026-09-25 146.23  2026-09-28 149.03  1.91 
 NVDA                         NVIDIA Corp 55155.26                   Semiconductors  2026-09-25 225.07  2026-09-28 228.86  1.68 
  SYK                        Stryker Corp  1056.01                      Health Care  2026-09-25 272.36  2026-09-28 275.31  1.08 
  CVX                        Chevron Corp  4077.40                           Energy  2026-09-25 204.45  2026-09-28 206.37  0.94 
 AMGN                           Amgen Inc  2260.54                    Biotechnology  2026-09-25 414.61  2026-09-28 418.13  0.85 
 TMUS                     T-Mobile US Inc  1785.46                Telecommunication  2026-09-25 165.43  2026-09-28 166.45  0.62 
  UNH              UnitedHealth Group Inc  3391.38                      Health Care  2026-09-25 376.59  2026-09-28 377.83  0.33 
  TJX                   TJX Companies Inc  1432.72                           Retail  2026-09-25 130.06  2026-09-28 130.25  0.15 
   MA                      Mastercard Inc  4978.01               Financial Services  2026-09-25 567.65  2026-09-28 568.26  0.11 
  UNP                  Union Pacific Corp  1628.36                      Road & Rail  2026-09-25 273.79   2026-09-28 274.1  0.11 
  LLY                    Eli Lilly and Co 11153.01                  Pharmaceuticals 2026-09-25 1183.46 2026-09-28 1184.78  0.11 
    V                            Visa Inc  6865.88               Financial Services  2026-09-25 367.38  2026-09-28 367.74  0.10 
  TXN               Texas Instruments Inc  2541.66                   Semiconductors  2026-09-25 278.07  2026-09-28 278.31  0.09 
LVMHF LVMH Moet Hennessy Louis Vuitton SE  1953.96 Textiles, Apparel & Luxury Goods  2026-09-25 456.93  2026-09-28 457.11  0.04 
 CSCO                   Cisco Systems Inc  4208.32                   Communications   2026-09-25 106.7  2026-09-28 106.74  0.04 
 COST               Costco Wholesale Corp  4092.95                           Retail  2026-09-25 922.77  2026-09-28 922.92  0.02 
 BKNG                Booking Holdings Inc  1231.29    Hotels, Restaurants & Leisure  2026-09-25 163.95  2026-09-28 163.87 -0.05 
BNPQF                      BNP Paribas SA  1096.92                          Banking  2026-09-25 112.07   2026-09-28 112.0 -0.06 
