
=== 涨幅榜前20名股票 ===
 股票代码              公司名称              市值(亿)                板块                     昨天收盘              今天收盘        涨跌幅(%)
 LYRA          Lyra Therapeutics Inc   0.00                Pharmaceuticals  2026-08-25 0.01   2026-08-26 0.25 2400.00
  CRE            Cre8 Enterprise Ltd   0.05 Commercial Services & Supplies  2026-08-25 2.57   2026-08-26 6.81  164.98
 YYGH           YY Group Holding Ltd   0.10 Commercial Services & Supplies  2026-08-25 1.15   2026-08-26 2.12   84.35
 XPON                  Expion360 Inc   0.03           Electrical Equipment  2026-08-25 5.27   2026-08-26 9.17   74.00
 RDIB      Reading International Inc   0.57                          Media   2026-08-25 9.5  2026-08-26 15.38   61.89
 VSTD                    Vestand Inc   0.00  Hotels, Restaurants & Leisure   2026-08-25 0.0    2026-08-26 0.0   57.14
 SOAR               Volato Group Inc   0.13                       Airlines  2026-08-25 0.16   2026-08-26 0.24   55.71
CMBMF          Cambium Networks Corp   0.06                 Communications  2026-08-25 0.14   2026-08-26 0.22   55.32
 OSRH               OSR Holdings Inc   0.06                  Biotechnology  2026-08-25 0.12   2026-08-26 0.17   43.59
  ANF         Abercrombie & Fitch Co  65.65                         Retail 2026-08-25 108.9 2026-08-26 147.75   35.67
 ALPS                 Alps Group Inc   0.70                  Biotechnology  2026-08-25 0.31   2026-08-26 0.42   33.27
 DAIC                 CID HoldCo Inc   0.10                     Technology  2026-08-25 3.88   2026-08-26 5.15   32.73
 LGCL                   Lucas GC Ltd   0.02          Professional Services  2026-08-25 0.04   2026-08-26 0.06   30.23
 VMAR Vision Marine Technologies Inc   0.03               Leisure Products  2026-08-25 7.18    2026-08-26 9.3   29.49
 FOXO          Foxo Technologies Inc   0.00                     Technology  2026-08-25 0.07   2026-08-26 0.09   28.57
 BEEM                    Beam Global   0.39           Electrical Equipment  2026-08-25 1.36   2026-08-26 1.71   25.74
 RDGT                  Ridgetech Inc   0.04                         Retail  2026-08-25 0.82   2026-08-26 1.03   25.61
BAIDF                      Baidu Inc 316.40                          Media  2026-08-25 9.69  2026-08-26 12.07   24.56
 EXYN          Exyn Technologies Inc   0.32            Aerospace & Defense  2026-08-25 3.22    2026-08-26 4.0   24.22
 BMGL        Basel Medical Group Ltd   0.09                    Health Care   2026-08-25 4.8   2026-08-26 5.93   23.65

=== 市值超过20亿的涨幅榜前20名股票 ===
 股票代码               公司名称                市值(亿)           板块                 昨天收盘              今天收盘       涨跌幅(%)
  ANF           Abercrombie & Fitch Co   65.65               Retail  2026-08-25 108.9 2026-08-26 147.75 35.67 
BAIDF                        Baidu Inc  316.40                Media   2026-08-25 9.69  2026-08-26 12.07 24.56 
 BHVN                     Biohaven Ltd   25.60        Biotechnology  2026-08-25 14.38  2026-08-26 16.95 17.87 
 SEDG       Solaredge Technologies Inc   20.35       Semiconductors  2026-08-25 29.88  2026-08-26 33.08 10.71 
 SMTC                     Semtech Corp  131.16       Semiconductors 2026-08-25 127.52  2026-08-26 140.8 10.41 
 URBN             Urban Outfitters Inc   67.96               Retail  2026-08-25 75.78  2026-08-26 82.95  9.46 
 TTMI             TTM Technologies Inc  128.21 Electrical Equipment  2026-08-25 112.3  2026-08-26 121.7  8.37 
 ERAS                       Erasca Inc   66.98        Biotechnology  2026-08-25 17.76  2026-08-26 19.15  7.83 
 BTSG Brightspring Health Services Inc  121.39          Health Care  2026-08-25 57.23  2026-08-26 61.35  7.20 
 DAVE                         Dave Inc   47.49   Financial Services 2026-08-25 349.47  2026-08-26 372.3  6.53 
 SMMT          Summit Therapeutics Inc  113.52        Biotechnology  2026-08-25 13.36  2026-08-26 14.23  6.51 
 INIO                         Innio NV  175.20 Electrical Equipment  2026-08-25 21.96  2026-08-26 23.36  6.38 
 LITE            Lumentum Holdings Inc  842.31       Communications 2026-08-25 885.57 2026-08-26 939.03  6.04 
 ANET              Arista Networks Inc 2550.83       Communications 2026-08-25 190.94 2026-08-26 202.25  5.92 
    P                     Everpure Inc  361.99           Technology 2026-08-25 102.81  2026-08-26 108.9  5.92 
 LCLN        Lincoln International Inc   25.72   Financial Services  2026-08-25 23.77  2026-08-26 25.17  5.89 
 IESC                 IES Holdings Inc  132.09         Construction 2026-08-25 313.23 2026-08-26 331.48  5.83 
  CVI                   CVR Energy Inc   40.24               Energy  2026-08-25 37.89  2026-08-26 40.03  5.65 
 MYRG                    MYR Group Inc   48.71         Construction 2026-08-25 296.14 2026-08-26 312.83  5.64 
 XENE        Xenon Pharmaceuticals Inc   62.05        Biotechnology  2026-08-25 60.42  2026-08-26 63.79  5.58 

=== 市值超过50亿的涨幅榜前20名股票 ===
 股票代码               公司名称                市值(亿)           板块                 昨天收盘              今天收盘       涨跌幅(%)
  ANF           Abercrombie & Fitch Co   65.65               Retail  2026-08-25 108.9 2026-08-26 147.75 35.67 
BAIDF                        Baidu Inc  316.40                Media   2026-08-25 9.69  2026-08-26 12.07 24.56 
 SMTC                     Semtech Corp  131.16       Semiconductors 2026-08-25 127.52  2026-08-26 140.8 10.41 
 URBN             Urban Outfitters Inc   67.96               Retail  2026-08-25 75.78  2026-08-26 82.95  9.46 
 TTMI             TTM Technologies Inc  128.21 Electrical Equipment  2026-08-25 112.3  2026-08-26 121.7  8.37 
 ERAS                       Erasca Inc   66.98        Biotechnology  2026-08-25 17.76  2026-08-26 19.15  7.83 
 BTSG Brightspring Health Services Inc  121.39          Health Care  2026-08-25 57.23  2026-08-26 61.35  7.20 
 SMMT          Summit Therapeutics Inc  113.52        Biotechnology  2026-08-25 13.36  2026-08-26 14.23  6.51 
 INIO                         Innio NV  175.20 Electrical Equipment  2026-08-25 21.96  2026-08-26 23.36  6.38 
 LITE            Lumentum Holdings Inc  842.31       Communications 2026-08-25 885.57 2026-08-26 939.03  6.04 
 ANET              Arista Networks Inc 2550.83       Communications 2026-08-25 190.94 2026-08-26 202.25  5.92 
    P                     Everpure Inc  361.99           Technology 2026-08-25 102.81  2026-08-26 108.9  5.92 
 IESC                 IES Holdings Inc  132.09         Construction 2026-08-25 313.23 2026-08-26 331.48  5.83 
 XENE        Xenon Pharmaceuticals Inc   62.05        Biotechnology  2026-08-25 60.42  2026-08-26 63.79  5.58 
 MDGL     Madrigal Pharmaceuticals Inc  124.50        Biotechnology 2026-08-25 512.16 2026-08-26 538.88  5.22 
  GAP                          Gap Inc   76.14               Retail  2026-08-25 20.15  2026-08-26 21.15  4.96 
CRERF                     Carrefour SA  115.53               Retail  2026-08-25 17.73   2026-08-26 18.6  4.91 
  PBF                   PBF Energy Inc   82.66               Energy  2026-08-25 66.51  2026-08-26 69.73  4.84 
 AAON                         Aaon Inc   65.78             Building  2026-08-25 76.19  2026-08-26 79.78  4.71 
 VCTR     Victory Capital Holdings Inc   66.78   Financial Services 2026-08-25 115.34 2026-08-26 120.64  4.60 

=== 市值超过100亿的涨幅榜前20名股票 ===
 股票代码               公司名称                市值(亿)           板块                 昨天收盘              今天收盘       涨跌幅(%)
BAIDF                        Baidu Inc  316.40                Media   2026-08-25 9.69  2026-08-26 12.07 24.56 
 SMTC                     Semtech Corp  131.16       Semiconductors 2026-08-25 127.52  2026-08-26 140.8 10.41 
 TTMI             TTM Technologies Inc  128.21 Electrical Equipment  2026-08-25 112.3  2026-08-26 121.7  8.37 
 BTSG Brightspring Health Services Inc  121.39          Health Care  2026-08-25 57.23  2026-08-26 61.35  7.20 
 SMMT          Summit Therapeutics Inc  113.52        Biotechnology  2026-08-25 13.36  2026-08-26 14.23  6.51 
 INIO                         Innio NV  175.20 Electrical Equipment  2026-08-25 21.96  2026-08-26 23.36  6.38 
 LITE            Lumentum Holdings Inc  842.31       Communications 2026-08-25 885.57 2026-08-26 939.03  6.04 
 ANET              Arista Networks Inc 2550.83       Communications 2026-08-25 190.94 2026-08-26 202.25  5.92 
    P                     Everpure Inc  361.99           Technology 2026-08-25 102.81  2026-08-26 108.9  5.92 
 IESC                 IES Holdings Inc  132.09         Construction 2026-08-25 313.23 2026-08-26 331.48  5.83 
 MDGL     Madrigal Pharmaceuticals Inc  124.50        Biotechnology 2026-08-25 512.16 2026-08-26 538.88  5.22 
CRERF                     Carrefour SA  115.53               Retail  2026-08-25 17.73   2026-08-26 18.6  4.91 
  DTM                 DT Midstream Inc  135.21               Energy 2026-08-25 126.74 2026-08-26 132.54  4.58 
 FFIV                           F5 Inc  226.28       Communications 2026-08-25 382.75 2026-08-26 399.59  4.40 
  SJM                  J.M. Smucker Co  139.91        Food Products 2026-08-25 125.45  2026-08-26 130.9  4.34 
  DKS        DICK'S Sporting Goods Inc  116.05               Retail 2026-08-25 124.31 2026-08-26 129.66  4.30 
HINKF                      Heineken NV  398.30            Beverages  2026-08-25 82.77  2026-08-26 86.31  4.28 
 CIEN                       Ciena Corp  571.92       Communications 2026-08-25 387.66 2026-08-26 404.03  4.22 
  MLI           Mueller Industries Inc  141.73            Machinery  2026-08-25 61.51  2026-08-26 64.08  4.18 
 TSEM          Tower Semiconductor Ltd  249.60       Semiconductors 2026-08-25 212.71 2026-08-26 221.23  4.01 

=== 市值超过200亿的涨幅榜前20名股票 ===
 股票代码               公司名称               市值(亿)           板块                 昨天收盘               今天收盘        涨跌幅(%)
BAIDF                       Baidu Inc  316.40                Media    2026-08-25 9.69   2026-08-26 12.07 24.56 
 LITE           Lumentum Holdings Inc  842.31       Communications  2026-08-25 885.57  2026-08-26 939.03  6.04 
 ANET             Arista Networks Inc 2550.83       Communications  2026-08-25 190.94  2026-08-26 202.25  5.92 
    P                    Everpure Inc  361.99           Technology  2026-08-25 102.81   2026-08-26 108.9  5.92 
 FFIV                          F5 Inc  226.28       Communications  2026-08-25 382.75  2026-08-26 399.59  4.40 
HINKF                     Heineken NV  398.30            Beverages   2026-08-25 82.77   2026-08-26 86.31  4.28 
 CIEN                      Ciena Corp  571.92       Communications  2026-08-25 387.66  2026-08-26 404.03  4.22 
 TSEM         Tower Semiconductor Ltd  249.60       Semiconductors  2026-08-25 212.71  2026-08-26 221.23  4.01 
EADSF                       Airbus SE 1610.28  Aerospace & Defense  2026-08-25 238.64  2026-08-26 247.59  3.75 
   UI                    Ubiquiti Inc  361.23       Communications  2026-08-25 575.79   2026-08-26 596.8  3.65 
   GH             Guardant Health Inc  229.37          Health Care  2026-08-25 164.92  2026-08-26 170.92  3.64 
  KMI               Kinder Morgan Inc  713.02               Energy   2026-08-25 30.94   2026-08-26 32.02  3.49 
  OKE                       ONEOK Inc  598.22               Energy    2026-08-25 91.7    2026-08-26 94.9  3.49 
  FIX         Comfort Systems USA Inc  568.63         Construction 2026-08-25 1561.96 2026-08-26 1615.69  3.44 
 NTAP                      NetApp Inc  380.40           Technology  2026-08-25 187.43  2026-08-26 193.85  3.43 
  HPQ                          HP Inc  279.11           Technology   2026-08-25 29.52   2026-08-26 30.52  3.39 
  HPE   Hewlett Packard Enterprise Co  731.36           Technology   2026-08-25 53.44   2026-08-26 55.23  3.35 
  EME                 EMCOR Group Inc  336.82         Construction  2026-08-25 739.87  2026-08-26 763.59  3.21 
  VRT              Vertiv Holdings Co  930.02 Electrical Equipment  2026-08-25 255.75  2026-08-26 263.81  3.15 
  STX Seagate Technology Holdings PLC 1918.25           Technology  2026-08-25 821.67  2026-08-26 846.37  3.01 

=== 市值超过1000亿的涨跌榜前20名股票 ===
 股票代码               公司名称               市值(亿)                板块                     昨天收盘               今天收盘        涨跌幅(%)
 ANET             Arista Networks Inc 2550.83                Communications  2026-08-25 190.94  2026-08-26 202.25  5.92 
EADSF                       Airbus SE 1610.28           Aerospace & Defense  2026-08-25 238.64  2026-08-26 247.59  3.75 
  STX Seagate Technology Holdings PLC 1918.25                    Technology  2026-08-25 821.67  2026-08-26 846.37  3.01 
  GEV                  GE Vernova Inc 2538.40          Electrical Equipment  2026-08-25 926.73  2026-08-26 953.09  2.84 
 ORCL                     Oracle Corp 4288.16                    Technology  2026-08-25 144.76  2026-08-26 148.87  2.84 
 PLTR       Palantir Technologies Inc 4265.49                    Technology  2026-08-25 172.73   2026-08-26 177.5  2.76 
 DELL           Dell Technologies Inc 3006.86                    Technology   2026-08-25 451.5  2026-08-26 463.82  2.73 
  NET                  Cloudflare Inc 1014.44                    Technology  2026-08-25 277.58  2026-08-26 284.89  2.63 
 SBUX                  Starbucks Corp 1236.79 Hotels, Restaurants & Leisure  2026-08-25 105.76  2026-08-26 108.49  2.58 
 FTNT                    Fortinet Inc 1155.89                    Technology  2026-08-25 153.66  2026-08-26 157.54  2.53 
  ETN           Eaton Corporation PLC 1629.10          Electrical Equipment   2026-08-25 409.2  2026-08-26 419.44  2.50 
   PH            Parker-Hannifin Corp 1310.25                     Machinery 2026-08-25 1016.31 2026-08-26 1039.49  2.28 
  MPC         Marathon Petroleum Corp 1017.34                        Energy  2026-08-25 354.88  2026-08-26 362.27  2.08 
 MRVL          Marvell Technology Inc 2146.59                Semiconductors  2026-08-25 240.38  2026-08-26 245.11  1.97 
 QCOM                    Qualcomm Inc 1719.44                Semiconductors  2026-08-25 160.56  2026-08-26 163.72  1.97 
SAFRF                       Safran SA 1433.35           Aerospace & Defense  2026-08-25 398.61   2026-08-26 406.0  1.85 
   TT          Trane Technologies PLC 1019.59                      Building  2026-08-25 455.25   2026-08-26 463.4  1.79 
  LMT            Lockheed Martin Corp 1305.40           Aerospace & Defense  2026-08-25 556.52  2026-08-26 565.62  1.64 
  APH                   Amphenol Corp 1989.30          Electrical Equipment  2026-08-25 158.78  2026-08-26 161.34  1.61 
   MO                Altria Group Inc 1154.13                       Tobacco   2026-08-25 68.07   2026-08-26 69.12  1.54 
