
=== 涨幅榜前20名股票 ===
股票代码                 公司名称                 市值(亿)                 板块                       昨天收盘              今天收盘       涨跌幅(%)
AMIX               Autonomix Medical Inc    0.04                      Health Care   2026-08-03 3.65   2026-08-04 19.5 434.25
FOXO               Foxo Technologies Inc    0.00                       Technology   2026-08-03 0.04   2026-08-04 0.09 121.00
ADGM         Adagio Medical Holdings Inc    0.10                      Health Care   2026-08-03 0.46    2026-08-04 0.8  73.91
SXTC       China SXT Pharmaceuticals Inc    0.02                  Pharmaceuticals   2026-08-03 0.08   2026-08-04 0.12  59.87
IBTA                          Ibotta Inc    5.72                            Media  2026-08-03 24.58  2026-08-04 37.34  51.91
LGMK                       LogicMark Inc    0.01                      Health Care   2026-08-03 0.59   2026-08-04 0.85  44.41
GCTK                      GlucoTrack Inc    0.03                      Health Care   2026-08-03 0.41    2026-08-04 0.6  44.24
 XGN                          Exagen Inc    1.13                    Biotechnology   2026-08-03 4.68   2026-08-04 6.45  37.82
ENSC             Ensysce Biosciences Inc    0.04                    Biotechnology   2026-08-03 0.28   2026-08-04 0.38  37.21
TSAT                        Telesat Corp    6.12                Telecommunication  2026-08-03 40.18  2026-08-04 54.75  36.26
OPAD              Offerpad Solutions Inc    0.17                      Real Estate   2026-08-03 3.65   2026-08-04 4.97  36.16
 MED                        Medifast Inc    1.08                Consumer products   2026-08-03 9.74  2026-08-04 13.08  34.29
INFU             InfuSystem Holdings Inc    1.86                      Health Care   2026-08-03 9.22  2026-08-04 12.32  33.62
TNMG                       TNL Mediagene    0.01                            Media   2026-08-03 0.36   2026-08-04 0.48  32.88
NXTC                        NextCure Inc    0.18                    Biotechnology    2026-08-03 4.4   2026-08-04 5.78  31.36
RVPH Reviva Pharmaceuticals Holdings Inc    0.05                  Pharmaceuticals    2026-08-03 0.4   2026-08-04 0.52  29.97
PLTR           Palantir Technologies Inc 3012.22                       Technology 2026-08-03 125.65 2026-08-04 162.66  29.45
 PAY              Paymentus Holdings Inc   43.42               Financial Services  2026-08-03 34.52   2026-08-04 44.6  29.20
PMNT                  Perfect Moment Ltd    0.04 Textiles, Apparel & Luxury Goods   2026-08-03 0.07   2026-08-04 0.09  28.57
VGAS               Verde Clean Fuels Inc    0.47                           Energy   2026-08-03 1.05   2026-08-04 1.35  28.57

=== 市值超过20亿的涨幅榜前20名股票 ===
股票代码              公司名称               市值(亿)           板块                 昨天收盘              今天收盘       涨跌幅(%)
PLTR      Palantir Technologies Inc 3012.22           Technology 2026-08-03 125.65 2026-08-04 162.66 29.45 
 PAY         Paymentus Holdings Inc   43.42   Financial Services  2026-08-03 34.52   2026-08-04 44.6 29.20 
ZBRA        Zebra Technologies Corp  137.46 Electrical Equipment 2026-08-03 291.64 2026-08-04 368.83 26.47 
UFPT           UFP Technologies Inc   20.70          Health Care 2026-08-03 267.53 2026-08-04 334.84 25.16 
  IT                    Gartner Inc  126.10           Technology 2026-08-03 151.53 2026-08-04 185.79 22.61 
AEHR              Aehr Test Systems   29.92       Semiconductors  2026-08-03 91.71 2026-08-04 109.89 19.82 
AAOI    Applied Optoelectronics Inc   88.44       Communications 2026-08-03 110.21 2026-08-04 131.63 19.44 
PLPC     Preformed Line Products Co   20.50 Electrical Equipment 2026-08-03 358.15  2026-08-04 423.6 18.27 
  FN                       Fabrinet  163.36 Electrical Equipment 2026-08-03 455.94 2026-08-04 531.03 16.47 
DORM            Dorman Products Inc   45.25      Auto Components 2026-08-03 127.68  2026-08-04 147.8 15.76 
ENTG                   Entegris Inc  190.93       Semiconductors  2026-08-03 125.2 2026-08-04 144.56 15.46 
AEIS Advanced Energy Industries Inc  112.72 Electrical Equipment 2026-08-03 296.38 2026-08-04 341.39 15.19 
SNAP                       Snap Inc   83.52                Media   2026-08-03 5.04   2026-08-04 5.79 14.88 
 LIF                    Life360 Inc   45.63           Technology  2026-08-03 56.31  2026-08-04 63.97 13.60 
BETA          BETA Technologies Inc   44.74  Aerospace & Defense  2026-08-03 19.39  2026-08-04 21.95 13.20 
MRVL         Marvell Technology Inc 1697.02       Semiconductors 2026-08-03 193.78 2026-08-04 218.59 12.80 
ALAB               Astera Labs, Inc  550.31       Semiconductors 2026-08-03 321.05 2026-08-04 361.67 12.65 
OUST                     Ouster Inc   30.40 Electrical Equipment  2026-08-03 42.48  2026-08-04 47.84 12.62 
COHR                  Coherent Corp  563.72 Electrical Equipment 2026-08-03 288.14 2026-08-04 323.73 12.35 
ADEA                      Adeia Inc   34.75           Technology  2026-08-03 27.79  2026-08-04 31.21 12.31 

=== 市值超过50亿的涨幅榜前20名股票 ===
股票代码              公司名称               市值(亿)            板块                 昨天收盘               今天收盘        涨跌幅(%)
PLTR      Palantir Technologies Inc 3012.22            Technology  2026-08-03 125.65  2026-08-04 162.66 29.45 
ZBRA        Zebra Technologies Corp  137.46  Electrical Equipment  2026-08-03 291.64  2026-08-04 368.83 26.47 
  IT                    Gartner Inc  126.10            Technology  2026-08-03 151.53  2026-08-04 185.79 22.61 
AAOI    Applied Optoelectronics Inc   88.44        Communications  2026-08-03 110.21  2026-08-04 131.63 19.44 
  FN                       Fabrinet  163.36  Electrical Equipment  2026-08-03 455.94  2026-08-04 531.03 16.47 
ENTG                   Entegris Inc  190.93        Semiconductors   2026-08-03 125.2  2026-08-04 144.56 15.46 
AEIS Advanced Energy Industries Inc  112.72  Electrical Equipment  2026-08-03 296.38  2026-08-04 341.39 15.19 
SNAP                       Snap Inc   83.52                 Media    2026-08-03 5.04    2026-08-04 5.79 14.88 
MRVL         Marvell Technology Inc 1697.02        Semiconductors  2026-08-03 193.78  2026-08-04 218.59 12.80 
ALAB               Astera Labs, Inc  550.31        Semiconductors  2026-08-03 321.05  2026-08-04 361.67 12.65 
COHR                  Coherent Corp  563.72  Electrical Equipment  2026-08-03 288.14  2026-08-04 323.73 12.35 
SNDK                   Sandisk Corp 2109.76            Technology 2026-08-03 1288.03 2026-08-04 1427.62 10.84 
INTC                     Intel Corp 4590.04        Semiconductors    2026-08-03 91.0  2026-08-04 100.86 10.84 
ASTS            AST SpaceMobile Inc  273.71     Telecommunication   2026-08-03 63.52   2026-08-04 70.31 10.69 
SMCI       Super Micro Computer Inc  185.26            Technology   2026-08-03 28.64   2026-08-04 31.69 10.65 
FORM                 FormFactor Inc   84.81        Semiconductors   2026-08-03 108.8   2026-08-04 120.3 10.57 
SYRE         Spyre Therapeutics Inc   82.44         Biotechnology   2026-08-03 94.93  2026-08-04 104.94 10.54 
 TER                   Teradyne Inc  633.87        Semiconductors   2026-08-03 365.8  2026-08-04 403.56 10.32 
COGT         Cogent Biosciences Inc   66.40         Biotechnology   2026-08-03 38.86   2026-08-04 42.84 10.24 
LDOS            Leidos Holdings Inc  149.33 Professional Services  2026-08-03 118.72   2026-08-04 130.6 10.01 

=== 市值超过100亿的涨幅榜前20名股票 ===
股票代码                 公司名称                 市值(亿)             板块                 昨天收盘               今天收盘        涨跌幅(%)
PLTR           Palantir Technologies Inc  3012.22            Technology  2026-08-03 125.65  2026-08-04 162.66 29.45 
ZBRA             Zebra Technologies Corp   137.46  Electrical Equipment  2026-08-03 291.64  2026-08-04 368.83 26.47 
  IT                         Gartner Inc   126.10            Technology  2026-08-03 151.53  2026-08-04 185.79 22.61 
  FN                            Fabrinet   163.36  Electrical Equipment  2026-08-03 455.94  2026-08-04 531.03 16.47 
ENTG                        Entegris Inc   190.93        Semiconductors   2026-08-03 125.2  2026-08-04 144.56 15.46 
AEIS      Advanced Energy Industries Inc   112.72  Electrical Equipment  2026-08-03 296.38  2026-08-04 341.39 15.19 
MRVL              Marvell Technology Inc  1697.02        Semiconductors  2026-08-03 193.78  2026-08-04 218.59 12.80 
ALAB                    Astera Labs, Inc   550.31        Semiconductors  2026-08-03 321.05  2026-08-04 361.67 12.65 
COHR                       Coherent Corp   563.72  Electrical Equipment  2026-08-03 288.14  2026-08-04 323.73 12.35 
SNDK                        Sandisk Corp  2109.76            Technology 2026-08-03 1288.03 2026-08-04 1427.62 10.84 
INTC                          Intel Corp  4590.04        Semiconductors    2026-08-03 91.0  2026-08-04 100.86 10.84 
ASTS                 AST SpaceMobile Inc   273.71     Telecommunication   2026-08-03 63.52   2026-08-04 70.31 10.69 
SMCI            Super Micro Computer Inc   185.26            Technology   2026-08-03 28.64   2026-08-04 31.69 10.65 
 TER                        Teradyne Inc   633.87        Semiconductors   2026-08-03 365.8  2026-08-04 403.56 10.32 
LDOS                 Leidos Holdings Inc   149.33 Professional Services  2026-08-03 118.72   2026-08-04 130.6 10.01 
AMKR                Amkor Technology Inc   126.31        Semiconductors   2026-08-03 50.84   2026-08-04 55.87  9.89 
INIO                            Innio NV   186.83  Electrical Equipment   2026-08-03 24.91   2026-08-04 27.35  9.80 
TTMI                TTM Technologies Inc   137.96  Electrical Equipment  2026-08-03 121.21  2026-08-04 132.79  9.55 
SPCX Space Exploration Technologies Corp 16546.10     Telecommunication  2026-08-03 114.53  2026-08-04 125.33  9.43 
RMBS                          Rambus Inc   109.17        Semiconductors   2026-08-03 92.21  2026-08-04 100.55  9.04 

=== 市值超过200亿的涨幅榜前20名股票 ===
 股票代码                 公司名称                 市值(亿)            板块                 昨天收盘               今天收盘        涨跌幅(%)
 PLTR           Palantir Technologies Inc  3012.22           Technology  2026-08-03 125.65  2026-08-04 162.66 29.45 
 MRVL              Marvell Technology Inc  1697.02       Semiconductors  2026-08-03 193.78  2026-08-04 218.59 12.80 
 ALAB                    Astera Labs, Inc   550.31       Semiconductors  2026-08-03 321.05  2026-08-04 361.67 12.65 
 COHR                       Coherent Corp   563.72 Electrical Equipment  2026-08-03 288.14  2026-08-04 323.73 12.35 
 SNDK                        Sandisk Corp  2109.76           Technology 2026-08-03 1288.03 2026-08-04 1427.62 10.84 
 INTC                          Intel Corp  4590.04       Semiconductors    2026-08-03 91.0  2026-08-04 100.86 10.84 
 ASTS                 AST SpaceMobile Inc   273.71    Telecommunication   2026-08-03 63.52   2026-08-04 70.31 10.69 
  TER                        Teradyne Inc   633.87       Semiconductors   2026-08-03 365.8  2026-08-04 403.56 10.32 
 SPCX Space Exploration Technologies Corp 16546.10    Telecommunication  2026-08-03 114.53  2026-08-04 125.33  9.43 
 CRDO  Credo Technology Group Holding Ltd   407.17       Semiconductors  2026-08-03 218.35  2026-08-04 237.92  8.96 
 LITE               Lumentum Holdings Inc   606.75       Communications  2026-08-03 779.89  2026-08-04 849.47  8.92 
 DELL               Dell Technologies Inc  2781.26           Technology  2026-08-03 429.02  2026-08-04 467.27  8.92 
 ARXS                           Arxis Inc   224.31  Aerospace & Defense   2026-08-03 53.73   2026-08-04 58.05  8.04 
 FLEX                            Flex Ltd   430.32 Electrical Equipment  2026-08-03 117.45  2026-08-04 126.71  7.88 
 LRCX                   Lam Research Corp  3684.31       Semiconductors  2026-08-03 294.61  2026-08-04 317.74  7.85 
   MU               Micron Technology Inc  9368.32       Semiconductors   2026-08-03 829.5  2026-08-04 892.67  7.62 
VCISF                            Vinci SA   689.88         Construction  2026-08-03 133.85   2026-08-04 144.0  7.58 
 TECK                  Teck Resources Ltd   295.35      Metals & Mining    2026-08-03 60.2   2026-08-04 64.74  7.54 
 QCOM                        Qualcomm Inc  1591.49       Semiconductors  2026-08-03 151.57  2026-08-04 162.67  7.32 
 MCHP            Microchip Technology Inc   408.45       Semiconductors   2026-08-03 75.22   2026-08-04 80.67  7.25 

=== 市值超过1000亿的涨跌榜前20名股票 ===
股票代码                 公司名称                 市值(亿)           板块               昨天收盘               今天收盘        涨跌幅(%)
PLTR           Palantir Technologies Inc  3012.22        Technology  2026-08-03 125.65  2026-08-04 162.66 29.45 
MRVL              Marvell Technology Inc  1697.02    Semiconductors  2026-08-03 193.78  2026-08-04 218.59 12.80 
SNDK                        Sandisk Corp  2109.76        Technology 2026-08-03 1288.03 2026-08-04 1427.62 10.84 
INTC                          Intel Corp  4590.04    Semiconductors    2026-08-03 91.0  2026-08-04 100.86 10.84 
SPCX Space Exploration Technologies Corp 16546.10 Telecommunication  2026-08-03 114.53  2026-08-04 125.33  9.43 
DELL               Dell Technologies Inc  2781.26        Technology  2026-08-03 429.02  2026-08-04 467.27  8.92 
LRCX                   Lam Research Corp  3684.31    Semiconductors  2026-08-03 294.61  2026-08-04 317.74  7.85 
  MU               Micron Technology Inc  9368.32    Semiconductors   2026-08-03 829.5  2026-08-04 892.67  7.62 
QCOM                        Qualcomm Inc  1591.49    Semiconductors  2026-08-03 151.57  2026-08-04 162.67  7.32 
 AMD          Advanced Micro Devices Inc  7902.54    Semiconductors  2026-08-03 484.64  2026-08-04 518.58  7.00 
KLAC                            KLA Corp  2562.78    Semiconductors  2026-08-03 182.75  2026-08-04 195.45  6.95 
AVGO                        Broadcom Inc 20000.39    Semiconductors  2026-08-03 392.23  2026-08-04 418.16  6.61 
 NET                      Cloudflare Inc  1004.07        Technology  2026-08-03 282.74  2026-08-04 301.33  6.57 
 CAT                     Caterpillar Inc  3823.43         Machinery  2026-08-03 830.03  2026-08-04 876.54  5.60 
AMAT               Applied Materials Inc  4114.38    Semiconductors  2026-08-03 518.21  2026-08-04 546.62  5.48 
 TXN               Texas Instruments Inc  2457.00    Semiconductors  2026-08-03 269.04  2026-08-04 283.63  5.42 
SHOP                         Shopify Inc  1594.04        Technology  2026-08-03 117.01   2026-08-04 123.3  5.38 
DDOG   Datadog Inc (Pre-Reincorporation)  1029.54        Technology   2026-08-03 273.6  2026-08-04 288.15  5.32 
 ADI                  Analog Devices Inc  1762.67    Semiconductors  2026-08-03 361.88  2026-08-04 380.29  5.09 
CSCO                   Cisco Systems Inc  4566.55    Communications  2026-08-03 115.86  2026-08-04 121.74  5.08 
