
=== 涨幅榜前20名股票 ===
 股票代码                      公司名称                      市值(亿)                 板块                       昨天收盘              今天收盘       涨跌幅(%)
BHATF Blue Hat Interactive Entertainment Technology    0.00                            Media    2026-08-26 0.0    2026-08-27 0.0 400.00
 CELU                                Celularity Inc    0.25                    Biotechnology   2026-08-26 0.88    2026-08-27 2.1 138.64
 LGPS                               LogProstyle Inc    0.36                      Real Estate   2026-08-26 0.87   2026-08-27 1.52  74.91
 VNRX                                VolitionRX Ltd    0.09                      Health Care   2026-08-26 0.34    2026-08-27 0.5  47.06
 USDE                               Stablecoinx Inc    1.64                       Technology   2026-08-26 5.98   2026-08-27 8.07  34.95
 AIEV                    Thunder Power Holdings Inc    0.21                      Automobiles   2026-08-26 0.15    2026-08-27 0.2  30.72
 OKTA                                      Okta Inc  300.53                       Technology 2026-08-26 134.42 2026-08-27 172.91  28.63
 GSUN               Golden Sun Technology Group Ltd    0.03    Diversified Consumer Services   2026-08-26 0.27   2026-08-27 0.34  26.59
 TJGC                                TJGC Group Ltd    0.80                            Media   2026-08-26 6.29   2026-08-27 7.94  26.23
 BMRA                                 Biomerica Inc    0.06                      Health Care   2026-08-26 1.69    2026-08-27 2.1  24.26
 VNCE                            Vince Holding Corp    0.81 Textiles, Apparel & Luxury Goods   2026-08-26 6.34   2026-08-27 7.81  23.19
  CRM                                Salesforce Inc 2064.29                       Technology 2026-08-26 205.62 2026-08-27 252.05  22.58
 AAME                        Atlantic American Corp    0.32                        Insurance    2026-08-26 1.3   2026-08-27 1.57  20.77
 ZCMD                                 Zhongchao Inc    0.05    Diversified Consumer Services   2026-08-26 0.81   2026-08-27 0.97  20.50
 PMNT                            Perfect Moment Ltd    0.06 Textiles, Apparel & Luxury Goods    2026-08-26 0.1   2026-08-27 0.12  20.00
 HSDT                                     Solana Co    1.47                      Health Care   2026-08-26 2.05   2026-08-27 2.43  18.54
  TGL                           Treasure Global Inc    0.05                            Media   2026-08-26 2.14   2026-08-27 2.52  17.76
 INTZ                                 Intrusion Inc    0.20                       Technology   2026-08-26 0.69   2026-08-27 0.81  17.39
 DFDV                         DeFi Development Corp    1.64               Financial Services    2026-08-26 4.5   2026-08-27 5.28  17.33
 AIIR                                Air Global PLC   12.80                          Tobacco   2026-08-26 6.81   2026-08-27 7.98  17.18

=== 市值超过20亿的涨幅榜前20名股票 ===
股票代码              公司名称               市值(亿)        板块             昨天收盘              今天收盘       涨跌幅(%)
OKTA                       Okta Inc  300.53    Technology 2026-08-26 134.42 2026-08-27 172.91 28.63 
 CRM                 Salesforce Inc 2064.29    Technology 2026-08-26 205.62 2026-08-27 252.05 22.58 
VEEV              Veeva Systems Inc  341.83   Health Care 2026-08-26 244.91 2026-08-27 282.13 15.20 
SNPS                   Synopsys Inc  890.17    Technology  2026-08-26 410.0 2026-08-27 464.89 13.39 
 FIG                      Figma Inc  163.21    Technology  2026-08-26 27.03  2026-08-27 30.62 13.28 
SAIL                  SailPoint Inc  115.99    Technology  2026-08-26 18.22  2026-08-27 20.45 12.24 
FROG                      Jfrog Ltd  128.27    Technology   2026-08-26 92.8 2026-08-27 104.03 12.10 
MAAS                      Maase Inc   73.14     Insurance  2026-08-26 14.79  2026-08-27 16.54 11.83 
TENB           Tenable Holdings Inc   41.43    Technology  2026-08-26 33.66  2026-08-27 37.62 11.76 
MSTR                   Strategy Inc  527.93    Technology 2026-08-26 123.19  2026-08-27 137.4 11.54 
RBRK                     Rubrik Inc  220.28    Technology  2026-08-26 96.13 2026-08-27 107.02 11.33 
PURR     Hyperliquid Strategies Inc   25.73 Biotechnology  2026-08-26 11.56  2026-08-27 12.83 10.99 
SRPT       Sarepta Therapeutics Inc   22.80 Biotechnology  2026-08-26 19.46  2026-08-27 21.59 10.95 
 SLS Sellas Life Sciences Group Inc   30.72 Biotechnology  2026-08-26 13.73  2026-08-27 15.21 10.78 
   S                SentinelOne Inc   77.85    Technology  2026-08-26 20.51  2026-08-27 22.71 10.73 
BRZE                      Braze Inc   38.40    Technology  2026-08-26 30.81  2026-08-27 34.09 10.65 
KVYO                    Klaviyo Inc   55.84    Technology  2026-08-26 17.79  2026-08-27 19.61 10.23 
TEAM                 Atlassian Corp  469.88    Technology 2026-08-26 168.47 2026-08-27 185.62 10.18 
  ZS                    Zscaler Inc  239.96    Technology 2026-08-26 170.31  2026-08-27 187.3  9.98 
FTNT                   Fortinet Inc 1267.71    Technology 2026-08-26 157.54 2026-08-27 172.78  9.67 

=== 市值超过50亿的涨幅榜前20名股票 ===
股票代码        公司名称         市值(亿)           板块                昨天收盘              今天收盘       涨跌幅(%)
OKTA           Okta Inc   300.53         Technology 2026-08-26 134.42 2026-08-27 172.91 28.63 
 CRM     Salesforce Inc  2064.29         Technology 2026-08-26 205.62 2026-08-27 252.05 22.58 
VEEV  Veeva Systems Inc   341.83        Health Care 2026-08-26 244.91 2026-08-27 282.13 15.20 
SNPS       Synopsys Inc   890.17         Technology  2026-08-26 410.0 2026-08-27 464.89 13.39 
 FIG          Figma Inc   163.21         Technology  2026-08-26 27.03  2026-08-27 30.62 13.28 
SAIL      SailPoint Inc   115.99         Technology  2026-08-26 18.22  2026-08-27 20.45 12.24 
FROG          Jfrog Ltd   128.27         Technology   2026-08-26 92.8 2026-08-27 104.03 12.10 
MAAS          Maase Inc    73.14          Insurance  2026-08-26 14.79  2026-08-27 16.54 11.83 
MSTR       Strategy Inc   527.93         Technology 2026-08-26 123.19  2026-08-27 137.4 11.54 
RBRK         Rubrik Inc   220.28         Technology  2026-08-26 96.13 2026-08-27 107.02 11.33 
   S    SentinelOne Inc    77.85         Technology  2026-08-26 20.51  2026-08-27 22.71 10.73 
KVYO        Klaviyo Inc    55.84         Technology  2026-08-26 17.79  2026-08-27 19.61 10.23 
TEAM     Atlassian Corp   469.88         Technology 2026-08-26 168.47 2026-08-27 185.62 10.18 
  ZS        Zscaler Inc   239.96         Technology 2026-08-26 170.31  2026-08-27 187.3  9.98 
FTNT       Fortinet Inc  1267.71         Technology 2026-08-26 157.54 2026-08-27 172.78  9.67 
PATH         UiPath Inc    94.97         Technology  2026-08-26 16.76  2026-08-27 18.33  9.37 
TTAN   ServiceTitan Inc    96.01         Technology  2026-08-26 92.23 2026-08-27 100.64  9.12 
BULL        Webull Corp    50.70 Financial Services   2026-08-26 8.78   2026-08-27 9.57  9.00 
 BSP Bending Spoons SpA   293.15         Technology  2026-08-26 42.39  2026-08-27 46.15  8.87 
NVDA        NVIDIA Corp 55171.16     Semiconductors 2026-08-26 209.66 2026-08-27 227.98  8.74 

=== 市值超过100亿的涨幅榜前20名股票 ===
股票代码           公司名称           市值(亿)         板块              昨天收盘              今天收盘       涨跌幅(%)
OKTA                Okta Inc   300.53     Technology 2026-08-26 134.42 2026-08-27 172.91 28.63 
 CRM          Salesforce Inc  2064.29     Technology 2026-08-26 205.62 2026-08-27 252.05 22.58 
VEEV       Veeva Systems Inc   341.83    Health Care 2026-08-26 244.91 2026-08-27 282.13 15.20 
SNPS            Synopsys Inc   890.17     Technology  2026-08-26 410.0 2026-08-27 464.89 13.39 
 FIG               Figma Inc   163.21     Technology  2026-08-26 27.03  2026-08-27 30.62 13.28 
SAIL           SailPoint Inc   115.99     Technology  2026-08-26 18.22  2026-08-27 20.45 12.24 
FROG               Jfrog Ltd   128.27     Technology   2026-08-26 92.8 2026-08-27 104.03 12.10 
MSTR            Strategy Inc   527.93     Technology 2026-08-26 123.19  2026-08-27 137.4 11.54 
RBRK              Rubrik Inc   220.28     Technology  2026-08-26 96.13 2026-08-27 107.02 11.33 
TEAM          Atlassian Corp   469.88     Technology 2026-08-26 168.47 2026-08-27 185.62 10.18 
  ZS             Zscaler Inc   239.96     Technology 2026-08-26 170.31  2026-08-27 187.3  9.98 
FTNT            Fortinet Inc  1267.71     Technology 2026-08-26 157.54 2026-08-27 172.78  9.67 
 BSP      Bending Spoons SpA   293.15     Technology  2026-08-26 42.39  2026-08-27 46.15  8.87 
NVDA             NVIDIA Corp 55171.16 Semiconductors 2026-08-26 209.66 2026-08-27 227.98  8.74 
 MDB             MongoDB Inc   354.37     Technology 2026-08-26 406.11 2026-08-27 440.58  8.49 
 NET          Cloudflare Inc  1097.54     Technology 2026-08-26 284.89 2026-08-27 308.23  8.19 
HUBS             HubSpot Inc   127.57     Technology 2026-08-26 237.08 2026-08-27 255.83  7.91 
DOCU            DocuSign Inc   121.82     Technology  2026-08-26 59.33   2026-08-27 63.8  7.53 
AMKR    Amkor Technology Inc   128.55 Semiconductors   2026-08-26 48.4  2026-08-27 51.74  6.90 
  ZM Zoom Communications Inc   270.71     Technology  2026-08-26 93.83 2026-08-27 100.27  6.86 

=== 市值超过200亿的涨幅榜前20名股票 ===
 股票代码                公司名称                 市值(亿)         板块              昨天收盘              今天收盘       涨跌幅(%)
 OKTA                           Okta Inc   300.53     Technology 2026-08-26 134.42 2026-08-27 172.91 28.63 
  CRM                     Salesforce Inc  2064.29     Technology 2026-08-26 205.62 2026-08-27 252.05 22.58 
 VEEV                  Veeva Systems Inc   341.83    Health Care 2026-08-26 244.91 2026-08-27 282.13 15.20 
 SNPS                       Synopsys Inc   890.17     Technology  2026-08-26 410.0 2026-08-27 464.89 13.39 
 MSTR                       Strategy Inc   527.93     Technology 2026-08-26 123.19  2026-08-27 137.4 11.54 
 RBRK                         Rubrik Inc   220.28     Technology  2026-08-26 96.13 2026-08-27 107.02 11.33 
 TEAM                     Atlassian Corp   469.88     Technology 2026-08-26 168.47 2026-08-27 185.62 10.18 
   ZS                        Zscaler Inc   239.96     Technology 2026-08-26 170.31  2026-08-27 187.3  9.98 
 FTNT                       Fortinet Inc  1267.71     Technology 2026-08-26 157.54 2026-08-27 172.78  9.67 
  BSP                 Bending Spoons SpA   293.15     Technology  2026-08-26 42.39  2026-08-27 46.15  8.87 
 NVDA                        NVIDIA Corp 55171.16 Semiconductors 2026-08-26 209.66 2026-08-27 227.98  8.74 
  MDB                        MongoDB Inc   354.37     Technology 2026-08-26 406.11 2026-08-27 440.58  8.49 
  NET                     Cloudflare Inc  1097.54     Technology 2026-08-26 284.89 2026-08-27 308.23  8.19 
   ZM            Zoom Communications Inc   270.71     Technology  2026-08-26 93.83 2026-08-27 100.27  6.86 
 DDOG  Datadog Inc (Pre-Reincorporation)   872.30     Technology 2026-08-26 227.67 2026-08-27 242.93  6.70 
 ADSK                       Autodesk Inc   570.92     Technology 2026-08-26 254.77 2026-08-27 270.58  6.21 
 CRDO Credo Technology Group Holding Ltd   447.99 Semiconductors 2026-08-26 226.49 2026-08-27 240.24  6.07 
 ADBE                          Adobe Inc  1149.37     Technology 2026-08-26 273.47 2026-08-27 289.15  5.73 
BAIDF                          Baidu Inc   320.46          Media  2026-08-26 11.42  2026-08-27 12.07  5.69 
BABAF          Alibaba Group Holding Ltd  2957.13         Retail  2026-08-26 14.94  2026-08-27 15.73  5.25 

=== 市值超过1000亿的涨跌榜前20名股票 ===
 股票代码                 公司名称                  市值(亿)         板块              昨天收盘              今天收盘       涨跌幅(%)
  CRM                       Salesforce Inc  2064.29     Technology 2026-08-26 205.62 2026-08-27 252.05 22.58 
 FTNT                         Fortinet Inc  1267.71     Technology 2026-08-26 157.54 2026-08-27 172.78  9.67 
 NVDA                          NVIDIA Corp 55171.16 Semiconductors 2026-08-26 209.66 2026-08-27 227.98  8.74 
  NET                       Cloudflare Inc  1097.54     Technology 2026-08-26 284.89 2026-08-27 308.23  8.19 
 ADBE                            Adobe Inc  1149.37     Technology 2026-08-26 273.47 2026-08-27 289.15  5.73 
BABAF            Alibaba Group Holding Ltd  2957.13         Retail  2026-08-26 14.94  2026-08-27 15.73  5.25 
 PLTR            Palantir Technologies Inc  4468.07     Technology  2026-08-26 177.5 2026-08-27 185.93  4.75 
 AVGO                         Broadcom Inc 17676.31 Semiconductors 2026-08-26 355.59 2026-08-27 371.54  4.49 
 INTC                           Intel Corp  4838.89 Semiconductors  2026-08-26 88.24  2026-08-27 92.09  4.36 
  IBM International Business Machines Corp  2249.72     Technology 2026-08-26 229.87 2026-08-27 238.79  3.88 
  ACN                        Accenture PLC  1146.66     Technology 2026-08-26 181.38 2026-08-27 187.38  3.31 
 SHOP                          Shopify Inc  1985.68     Technology 2026-08-26 150.29 2026-08-27 154.33  2.69 
 TSLA                            Tesla Inc 14013.39    Automobiles 2026-08-26 345.82 2026-08-27 354.81  2.60 
 ORCL                          Oracle Corp  4376.59     Technology 2026-08-26 148.87 2026-08-27 151.94  2.06 
 LRCX                    Lam Research Corp  3986.46 Semiconductors 2026-08-26 312.88 2026-08-27 318.58  1.82 
  TXN                Texas Instruments Inc  2434.17 Semiconductors 2026-08-26 261.77 2026-08-27 266.54  1.82 
 DELL                Dell Technologies Inc  3061.57     Technology 2026-08-26 463.82 2026-08-27 472.26  1.82 
 MSFT                       Microsoft Corp 37503.46     Technology 2026-08-26 496.37 2026-08-27 505.06  1.75 
  APP                        Applovin Corp  1046.22     Technology 2026-08-26 308.11 2026-08-27 312.63  1.47 
BNPQF                       BNP Paribas SA  1167.84        Banking 2026-08-26 121.32 2026-08-27 122.86  1.27 
