
=== 涨幅榜前20名股票 ===
 股票代码                公司名称                市值(亿)                板块                       昨天收盘              今天收盘       涨跌幅(%)
 GPRO                          GoPro Inc  2.30                Consumer products   2026-09-01 1.23   2026-09-02 1.69 37.40 
 GELS                         Gelteq Ltd  0.06                  Pharmaceuticals   2026-09-01 0.53    2026-09-02 0.7 31.58 
SNBRQ                  Sleep Number Corp  0.01                           Retail   2026-09-01 0.02   2026-09-02 0.03 25.00 
 AIEV         Thunder Power Holdings Inc  0.21                      Automobiles   2026-09-01 0.16    2026-09-02 0.2 24.94 
 ZSPC                       zSpace, Inc.  0.01    Diversified Consumer Services   2026-09-01 0.15   2026-09-02 0.18 21.84 
   HQ       Horizon Quantum Holdings Ltd  7.87                       Technology  2026-09-01 14.59   2026-09-02 17.5 19.95 
 CABO                      Cable One Inc  1.35                            Media  2026-09-01 23.87  2026-09-02 28.51 19.44 
 RNXT                       RenovoRx Inc  0.95                    Biotechnology   2026-09-01 2.11   2026-09-02 2.52 19.43 
ARTNB            Artesian Resources Corp  3.67                        Utilities  2026-09-01 33.51  2026-09-02 39.99 19.34 
 EOSE         Eos Energy Enterprises Inc 11.07             Electrical Equipment   2026-09-01 3.04   2026-09-02 3.61 18.75 
SLOIF                          Soitec SA 41.15                   Semiconductors 2026-09-01 123.51 2026-09-02 145.63 17.91 
 CNTB     Connect Biopharma Holdings Ltd  1.49                    Biotechnology   2026-09-01 2.36   2026-09-02 2.76 16.95 
 SORA                       AsiaStrategy  0.52                     Distributors   2026-09-01 2.08    2026-09-02 2.4 15.38 
   DH         Definitive Healthcare Corp  1.31                      Health Care    2026-09-01 0.9   2026-09-02 1.04 15.30 
 VIVK                        Vivakor Inc  0.01                           Energy   2026-09-01 0.78    2026-09-02 0.9 14.95 
  RGC  Regencell Bioscience Holdings Ltd 27.25                  Pharmaceuticals    2026-09-01 5.5   2026-09-02 6.31 14.73 
 TITN                Titan Machinery Inc  4.79 Trading Companies & Distributors  2026-09-01 20.54  2026-09-02 23.39 13.88 
 MLYS         Mineralys Therapeutics Inc 22.61                    Biotechnology  2026-09-01 25.57  2026-09-02 29.04 13.57 
 CCOI Cogent Communications Holdings Inc  4.61                Telecommunication   2026-09-01 9.01  2026-09-02 10.22 13.43 
 SVRN                       Oceanpal Inc  0.17                           Marine   2026-09-01 9.25  2026-09-02 10.48 13.30 

=== 市值超过20亿的涨幅榜前20名股票 ===
 股票代码                公司名称               市值(亿)                板块                      昨天收盘              今天收盘       涨跌幅(%)
SLOIF                         Soitec SA  41.15                 Semiconductors 2026-09-01 123.51 2026-09-02 145.63 17.91 
  RGC Regencell Bioscience Holdings Ltd  27.25                Pharmaceuticals    2026-09-01 5.5   2026-09-02 6.31 14.73 
 MLYS        Mineralys Therapeutics Inc  22.61                  Biotechnology  2026-09-01 25.57  2026-09-02 29.04 13.57 
 DAVE                          Dave Inc  43.45             Financial Services 2026-09-01 340.64 2026-09-02 372.85  9.46 
 GPGI                          GPGI Inc  37.95                     Technology  2026-09-01 13.09  2026-09-02 14.25  8.86 
 CHTR        Charter Communications Inc 256.00                          Media 2026-09-01 146.19 2026-09-02 158.97  8.74 
 ALNY       Alnylam Pharmaceuticals Inc 329.32                  Biotechnology 2026-09-01 246.11  2026-09-02 267.4  8.65 
 ESTA   Establishment Labs Holdings Inc  20.73                    Health Care  2026-09-01 69.55  2026-09-02 74.92  7.72 
  SLS    Sellas Life Sciences Group Inc  26.70                  Biotechnology  2026-09-01 13.22  2026-09-02 14.16  7.11 
  RUN                        Sunrun Inc  20.16           Electrical Equipment   2026-09-01 8.37   2026-09-02 8.96  7.05 
 CBRS              Cerebras Systems Inc 386.41                 Semiconductors 2026-09-01 172.62 2026-09-02 184.52  6.89 
  TDS    Telephone and Data Systems Inc  36.18              Telecommunication  2026-09-01 33.62  2026-09-02 35.87  6.69 
   NU                  Nu Holdings Ltd. 698.49                        Banking  2026-09-01 14.46   2026-09-02 15.4  6.50 
 MMED                 MiniMed Group Inc  63.08                    Health Care  2026-09-01 22.42  2026-09-02 23.76  5.98 
  XYZ                         Block Inc 491.56             Financial Services  2026-09-01 77.88  2026-09-02 82.46  5.88 
   CE                     Celanese Corp  48.43                      Chemicals  2026-09-01 44.13  2026-09-02 46.66  5.73 
  TTD                    Trade Desk Inc  64.75                          Media  2026-09-01 13.78  2026-09-02 14.55  5.59 
 CHYM               Chime Financial Inc 119.86             Financial Services  2026-09-01 31.66  2026-09-02 33.41  5.53 
 SPHR           Sphere Entertainment Co  47.87                          Media  2026-09-01 133.3 2026-09-02 140.63  5.50 
 BRKR                       Bruker Corp  85.37 Life Sciences Tools & Services  2026-09-01 56.03  2026-09-02 59.02  5.34 

=== 市值超过50亿的涨幅榜前20名股票 ===
股票代码              公司名称             市值(亿)                板块                      昨天收盘              今天收盘       涨跌幅(%)
CHTR    Charter Communications Inc 256.00                          Media 2026-09-01 146.19 2026-09-02 158.97  8.74 
ALNY   Alnylam Pharmaceuticals Inc 329.32                  Biotechnology 2026-09-01 246.11  2026-09-02 267.4  8.65 
CBRS          Cerebras Systems Inc 386.41                 Semiconductors 2026-09-01 172.62 2026-09-02 184.52  6.89 
  NU              Nu Holdings Ltd. 698.49                        Banking  2026-09-01 14.46   2026-09-02 15.4  6.50 
MMED             MiniMed Group Inc  63.08                    Health Care  2026-09-01 22.42  2026-09-02 23.76  5.98 
 XYZ                     Block Inc 491.56             Financial Services  2026-09-01 77.88  2026-09-02 82.46  5.88 
 TTD                Trade Desk Inc  64.75                          Media  2026-09-01 13.78  2026-09-02 14.55  5.59 
CHYM           Chime Financial Inc 119.86             Financial Services  2026-09-01 31.66  2026-09-02 33.41  5.53 
BRKR                   Bruker Corp  85.37 Life Sciences Tools & Services  2026-09-01 56.03  2026-09-02 59.02  5.34 
GLBE           Global-E Online Ltd  62.13                         Retail  2026-09-01 36.99   2026-09-02 38.8  4.89 
RIOT            Riot Platforms Inc  66.76                     Technology  2026-09-01 17.79  2026-09-02 18.64  4.75 
SNAP                      Snap Inc  90.48                          Media   2026-09-01 5.35   2026-09-02 5.59  4.49 
QRVO                     Qorvo Inc  85.05                 Semiconductors   2026-09-01 96.4 2026-09-02 100.63  4.39 
 EQH        Equitable Holdings Inc 134.77             Financial Services  2026-09-01 49.36  2026-09-02 51.52  4.38 
 MXL                 Maxlinear Inc  52.23                 Semiconductors  2026-09-01 57.59   2026-09-02 60.1  4.36 
LQDA                 Liquidia Corp  59.89                Pharmaceuticals  2026-09-01 66.91  2026-09-02 69.68  4.14 
BROS                Dutch Bros Inc  80.91  Hotels, Restaurants & Leisure  2026-09-01 46.31  2026-09-02 48.13  3.93 
 VST                   Vistra Corp 497.38                      Utilities 2026-09-01 138.08 2026-09-02 143.46  3.90 
REGN Regeneron Pharmaceuticals Inc 848.16                  Biotechnology 2026-09-01 823.82 2026-09-02 852.03  3.42 
  DY          Dycom Industries Inc  86.65                   Construction  2026-09-01 287.3 2026-09-02 296.98  3.37 

=== 市值超过100亿的涨幅榜前20名股票 ===
股票代码              公司名称             市值(亿)          板块                昨天收盘              今天收盘       涨跌幅(%)
CHTR    Charter Communications Inc 256.00              Media 2026-09-01 146.19 2026-09-02 158.97  8.74 
ALNY   Alnylam Pharmaceuticals Inc 329.32      Biotechnology 2026-09-01 246.11  2026-09-02 267.4  8.65 
CBRS          Cerebras Systems Inc 386.41     Semiconductors 2026-09-01 172.62 2026-09-02 184.52  6.89 
  NU              Nu Holdings Ltd. 698.49            Banking  2026-09-01 14.46   2026-09-02 15.4  6.50 
 XYZ                     Block Inc 491.56 Financial Services  2026-09-01 77.88  2026-09-02 82.46  5.88 
CHYM           Chime Financial Inc 119.86 Financial Services  2026-09-01 31.66  2026-09-02 33.41  5.53 
 EQH        Equitable Holdings Inc 134.77 Financial Services  2026-09-01 49.36  2026-09-02 51.52  4.38 
 VST                   Vistra Corp 497.38          Utilities 2026-09-01 138.08 2026-09-02 143.46  3.90 
REGN Regeneron Pharmaceuticals Inc 848.16      Biotechnology 2026-09-01 823.82 2026-09-02 852.03  3.42 
HOOD         Robinhood Markets Inc 930.64 Financial Services 2026-09-01 103.51 2026-09-02 106.99  3.36 
 DKS     DICK'S Sporting Goods Inc 118.99             Retail 2026-09-01 132.95 2026-09-02 137.34  3.30 
BIIB                    Biogen Inc 319.21      Biotechnology 2026-09-01 216.04 2026-09-02 222.67  3.07 
SITM                   SiTime Corp 166.22     Semiconductors 2026-09-01 552.75 2026-09-02 568.82  2.91 
EXEL                  Exelixis Inc 140.96      Biotechnology  2026-09-01 56.89  2026-09-02 58.53  2.88 
UMBF            UMB Financial Corp 104.77            Banking 2026-09-01 137.95 2026-09-02 141.91  2.87 
CPAY                    Corpay Inc 265.80 Financial Services 2026-09-01 404.81  2026-09-02 416.4  2.86 
 KEY                       KeyCorp 226.34            Banking  2026-09-01 21.21   2026-09-02 21.8  2.78 
 TFC         Truist Financial Corp 603.97            Banking  2026-09-01 49.44  2026-09-02 50.81  2.77 
ASND           Ascendis Pharma A/S 162.34      Biotechnology 2026-09-01 260.25 2026-09-02 267.31  2.71 
CTVA                   Corteva Inc 585.33          Chemicals  2026-09-01 87.73  2026-09-02 89.97  2.55 

=== 市值超过200亿的涨幅榜前20名股票 ===
股票代码              公司名称             市值(亿)                板块                     昨天收盘              今天收盘       涨跌幅(%)
CHTR    Charter Communications Inc 256.00                         Media 2026-09-01 146.19 2026-09-02 158.97  8.74 
ALNY   Alnylam Pharmaceuticals Inc 329.32                 Biotechnology 2026-09-01 246.11  2026-09-02 267.4  8.65 
CBRS          Cerebras Systems Inc 386.41                Semiconductors 2026-09-01 172.62 2026-09-02 184.52  6.89 
  NU              Nu Holdings Ltd. 698.49                       Banking  2026-09-01 14.46   2026-09-02 15.4  6.50 
 XYZ                     Block Inc 491.56            Financial Services  2026-09-01 77.88  2026-09-02 82.46  5.88 
 VST                   Vistra Corp 497.38                     Utilities 2026-09-01 138.08 2026-09-02 143.46  3.90 
REGN Regeneron Pharmaceuticals Inc 848.16                 Biotechnology 2026-09-01 823.82 2026-09-02 852.03  3.42 
HOOD         Robinhood Markets Inc 930.64            Financial Services 2026-09-01 103.51 2026-09-02 106.99  3.36 
BIIB                    Biogen Inc 319.21                 Biotechnology 2026-09-01 216.04 2026-09-02 222.67  3.07 
CPAY                    Corpay Inc 265.80            Financial Services 2026-09-01 404.81  2026-09-02 416.4  2.86 
 KEY                       KeyCorp 226.34                       Banking  2026-09-01 21.21   2026-09-02 21.8  2.78 
 TFC         Truist Financial Corp 603.97                       Banking  2026-09-01 49.44  2026-09-02 50.81  2.77 
CTVA                   Corteva Inc 585.33                     Chemicals  2026-09-01 87.73  2026-09-02 89.97  2.55 
FOXA                      Fox Corp 261.30                         Media  2026-09-01 65.93  2026-09-02 67.52  2.41 
 SYF           Synchrony Financial 249.30            Financial Services  2026-09-01 76.62  2026-09-02 78.39  2.31 
 DAL           Delta Air Lines Inc 502.29                      Airlines  2026-09-01 76.38  2026-09-02 78.14  2.30 
NBIS               Nebius Group NV 542.46                    Technology 2026-09-01 199.54 2026-09-02 204.09  2.28 
 CCL                 Carnival Corp 318.17 Hotels, Restaurants & Leisure  2026-09-01 23.23  2026-09-02 23.74  2.20 
 LYB  LyondellBasell Industries NV 210.52                     Chemicals  2026-09-01 65.17  2026-09-02 66.57  2.15 
 HPQ                        HP Inc 282.44                    Technology  2026-09-01 31.32  2026-09-02 31.99  2.14 

=== 市值超过1000亿的涨跌榜前20名股票 ===
 股票代码             公司名称              市值(亿)                 板块                      昨天收盘               今天收盘       涨跌幅(%)
  MCK                McKesson Corp  1057.21                    Health Care  2026-09-01 906.77 2026-09-02 924.78  1.99 
  AXP          American Express Co  2189.29             Financial Services  2026-09-01 324.19 2026-09-02 329.98  1.79 
  CAT              Caterpillar Inc  3581.60                      Machinery  2026-09-01 779.16 2026-09-02 792.28  1.68 
 VRTX   Vertex Pharmaceuticals Inc  1210.91                  Biotechnology  2026-09-01 547.65 2026-09-02 556.75  1.66 
  DIS               Walt Disney Co  1834.09                          Media  2026-09-01 106.22 2026-09-02 107.98  1.66 
  PFE                   Pfizer Inc  1627.26                Pharmaceuticals   2026-09-01 28.55  2026-09-02 29.02  1.65 
  DHR                 Danaher Corp  1454.69 Life Sciences Tools & Services  2026-09-01 206.93 2026-09-02 209.91  1.44 
  ABT          Abbott Laboratories  1884.91                    Health Care  2026-09-01 108.93 2026-09-02 110.47  1.41 
    C                Citigroup Inc  2223.27                        Banking  2026-09-01 132.54 2026-09-02 134.34  1.36 
  TMO Thermo Fisher Scientific Inc  2220.33 Life Sciences Tools & Services   2026-09-01 600.5 2026-09-02 608.54  1.34 
 SCCO         Southern Copper Corp  1702.28                Metals & Mining  2026-09-01 201.61 2026-09-02 204.26  1.31 
 INTC                   Intel Corp  4674.95                 Semiconductors   2026-09-01 88.97  2026-09-02 90.05  1.21 
  MRK               Merck & Co Inc  3697.30                Pharmaceuticals  2026-09-01 149.86 2026-09-02 151.64  1.19 
  BMY      Bristol-Myers Squibb Co  1366.98                Pharmaceuticals   2026-09-01 66.92  2026-09-02 67.66  1.11 
  MPC      Marathon Petroleum Corp  1075.56                         Energy   2026-09-01 383.0  2026-09-02 387.0  1.04 
 ABBV                   AbbVie Inc  4594.33                  Biotechnology  2026-09-01 259.99 2026-09-02 261.72  0.67 
ASMLF              ASML Holding NV  5545.66                 Semiconductors 2026-09-01 1669.77 2026-09-02 1681.0  0.67 
BNPQF               BNP Paribas SA  1133.37                        Banking  2026-09-01 119.52  2026-09-02 120.0  0.40 
  JPM          JPMorgan Chase & Co  9435.23                        Banking  2026-09-01 354.95 2026-09-02 356.22  0.36 
 TSLA                    Tesla Inc 14063.94                    Automobiles  2026-09-01 356.09 2026-09-02 357.01  0.26 
