
=== 涨幅榜前20名股票 ===
股票代码              公司名称              市值(亿)                板块                      昨天收盘            今天收盘      涨跌幅(%)
TNON              Tenon Medical Inc  0.03                      Health Care 2026-09-09 2.44  2026-09-10 5.3 117.21
HEPA     Hepion Pharmaceuticals Inc  0.05                  Pharmaceuticals 2026-09-09 0.06 2026-09-10 0.08  31.58
PSIG     PS International Group Ltd  0.27       Logistics & Transportation 2026-09-09 1.78 2026-09-10 2.29  28.29
AEON             AEON Biopharma Inc  0.12                              N/A 2026-09-09 0.23 2026-09-10 0.29  25.54
BYSI               Beyondspring Inc  0.26                    Biotechnology 2026-09-09 0.63 2026-09-10 0.77  21.91
 NFE        New Fortress Energy Inc  0.94                           Energy 2026-09-09 0.27 2026-09-10 0.33  20.94
SLXN     Silexion Therapeutics Corp  0.02                    Biotechnology 2026-09-09 0.35 2026-09-10 0.42  20.71
CARM       Carisma Therapeutics Inc  0.00                    Biotechnology  2026-09-09 0.0  2026-09-10 0.0  14.29
PHGE                      BiomX Inc  0.04                    Biotechnology 2026-09-09 1.62 2026-09-10 1.85  14.20
SMXT        SolarMax Technology Inc  0.10             Electrical Equipment 2026-09-09 2.14 2026-09-10 2.42  13.08
 BNC             CEA Industries Inc  1.82                         Building 2026-09-09 4.43 2026-09-10 4.99  12.64
MIMI         Mint Incorporation Ltd  0.14   Commercial Services & Supplies 2026-09-09 0.94 2026-09-10 1.05  11.70
TPET            Trio Petroleum Corp  0.09                           Energy 2026-09-09 1.81 2026-09-10 2.02  11.60
MLEC              Moolec Science SA  0.05                    Food Products 2026-09-09 6.66 2026-09-10 7.39  10.99
AMTX                    Aemetis Inc  1.32                           Energy 2026-09-09 1.83 2026-09-10 2.03  10.93
OCEA           Ocean Biomedical Inc  0.00                    Biotechnology  2026-09-09 0.0  2026-09-10 0.0  10.00
 FGI             FGI Industries Ltd  0.15 Trading Companies & Distributors 2026-09-09 7.73 2026-09-10 8.46   9.44
BAFN        Bayfirst Financial Corp  2.02                          Banking 2026-09-09 7.48 2026-09-10 8.18   9.36
ENSC        Ensysce Biosciences Inc  0.09                    Biotechnology 2026-09-09 0.47 2026-09-10 0.52   8.84
CLOV Clover Health Investments Corp 23.05                      Health Care 2026-09-09 4.34 2026-09-10 4.71   8.53

=== 市值超过20亿的涨幅榜前20名股票 ===
 股票代码                公司名称                 市值(亿)                 板块                      昨天收盘              今天收盘       涨跌幅(%)
 CLOV     Clover Health Investments Corp    23.05                    Health Care   2026-09-09 4.34   2026-09-10 4.71  8.53 
SBFFF                    SBM Offshore NV    60.55                         Energy   2026-09-09 38.8  2026-09-10 41.45  6.83 
 QRVO                          Qorvo Inc    92.84                 Semiconductors 2026-09-09 105.24 2026-09-10 112.36  6.77 
  ELV                Elevance Health Inc   860.75                    Health Care  2026-09-09 396.9 2026-09-10 416.54  4.95 
   XP                             XP Inc    88.87             Financial Services  2026-09-09 19.04  2026-09-10 19.97  4.88 
 IOND                  Ionic Digital Inc    34.31                            N/A  2026-09-09 76.26  2026-09-10 79.88  4.75 
 AVAV                  AeroVironment Inc    71.56            Aerospace & Defense  2026-09-09 140.8 2026-09-10 147.07  4.45 
  MDB                        MongoDB Inc   288.70                     Technology 2026-09-09 358.38 2026-09-10 373.87  4.32 
   PI                         Impinj Inc    50.32                 Semiconductors  2026-09-09 164.7 2026-09-10 171.79  4.30 
 SNAP                           Snap Inc    89.80                          Media   2026-09-09 5.31   2026-09-10 5.52  3.95 
 ICLR                           ICON PLC   123.07 Life Sciences Tools & Services 2026-09-09 159.51 2026-09-10 165.69  3.87 
 AAPL                          Apple Inc 46021.29                     Technology 2026-09-09 315.34 2026-09-10 326.57  3.56 
 STVN                Stevanato Group SpA    55.26 Life Sciences Tools & Services  2026-09-09 20.24  2026-09-10 20.95  3.51 
BOIVF                         Bollore SE   106.02                         Energy   2026-09-09 4.16    2026-09-10 4.3  3.37 
EUXTF                        Euronext NV   156.95             Financial Services  2026-09-09 180.7  2026-09-10 186.6  3.27 
    F                      Ford Motor Co   536.35                    Automobiles  2026-09-09 13.45  2026-09-10 13.88  3.20 
 TIGO Millicom International Cellular SA   156.77              Telecommunication  2026-09-09 93.57  2026-09-10 96.47  3.10 
  APP                      Applovin Corp  1020.89                     Technology 2026-09-09 305.06 2026-09-10 314.49  3.09 
 NXST            Nexstar Media Group Inc    50.81                          Media 2026-09-09 164.91 2026-09-10 169.97  3.07 
 LFST        LifeStance Health Group Inc    48.22                    Health Care  2026-09-09 12.62   2026-09-10 13.0  3.01 

=== 市值超过50亿的涨幅榜前20名股票 ===
 股票代码                公司名称                 市值(亿)                 板块                      昨天收盘              今天收盘       涨跌幅(%)
SBFFF                    SBM Offshore NV    60.55                         Energy   2026-09-09 38.8  2026-09-10 41.45  6.83 
 QRVO                          Qorvo Inc    92.84                 Semiconductors 2026-09-09 105.24 2026-09-10 112.36  6.77 
  ELV                Elevance Health Inc   860.75                    Health Care  2026-09-09 396.9 2026-09-10 416.54  4.95 
   XP                             XP Inc    88.87             Financial Services  2026-09-09 19.04  2026-09-10 19.97  4.88 
 AVAV                  AeroVironment Inc    71.56            Aerospace & Defense  2026-09-09 140.8 2026-09-10 147.07  4.45 
  MDB                        MongoDB Inc   288.70                     Technology 2026-09-09 358.38 2026-09-10 373.87  4.32 
   PI                         Impinj Inc    50.32                 Semiconductors  2026-09-09 164.7 2026-09-10 171.79  4.30 
 SNAP                           Snap Inc    89.80                          Media   2026-09-09 5.31   2026-09-10 5.52  3.95 
 ICLR                           ICON PLC   123.07 Life Sciences Tools & Services 2026-09-09 159.51 2026-09-10 165.69  3.87 
 AAPL                          Apple Inc 46021.29                     Technology 2026-09-09 315.34 2026-09-10 326.57  3.56 
 STVN                Stevanato Group SpA    55.26 Life Sciences Tools & Services  2026-09-09 20.24  2026-09-10 20.95  3.51 
BOIVF                         Bollore SE   106.02                         Energy   2026-09-09 4.16    2026-09-10 4.3  3.37 
EUXTF                        Euronext NV   156.95             Financial Services  2026-09-09 180.7  2026-09-10 186.6  3.27 
    F                      Ford Motor Co   536.35                    Automobiles  2026-09-09 13.45  2026-09-10 13.88  3.20 
 TIGO Millicom International Cellular SA   156.77              Telecommunication  2026-09-09 93.57  2026-09-10 96.47  3.10 
  APP                      Applovin Corp  1020.89                     Technology 2026-09-09 305.06 2026-09-10 314.49  3.09 
 NXST            Nexstar Media Group Inc    50.81                          Media 2026-09-09 164.91 2026-09-10 169.97  3.07 
 GDDY                        GoDaddy Inc   118.54                     Technology   2026-09-09 93.6  2026-09-10 96.37  2.96 
 PINS                      Pinterest Inc   103.52                          Media  2026-09-09 18.28  2026-09-10 18.78  2.74 
  GME                      GameStop Corp    89.24                         Retail  2026-09-09 19.89  2026-09-10 20.39  2.51 

=== 市值超过100亿的涨幅榜前20名股票 ===
 股票代码                   公司名称                    市值(亿)                  板块                       昨天收盘               今天收盘        涨跌幅(%)
  ELV                      Elevance Health Inc   860.75                      Health Care   2026-09-09 396.9  2026-09-10 416.54  4.95 
  MDB                              MongoDB Inc   288.70                       Technology  2026-09-09 358.38  2026-09-10 373.87  4.32 
 ICLR                                 ICON PLC   123.07   Life Sciences Tools & Services  2026-09-09 159.51  2026-09-10 165.69  3.87 
 AAPL                                Apple Inc 46021.29                       Technology  2026-09-09 315.34  2026-09-10 326.57  3.56 
BOIVF                               Bollore SE   106.02                           Energy    2026-09-09 4.16     2026-09-10 4.3  3.37 
EUXTF                              Euronext NV   156.95               Financial Services   2026-09-09 180.7   2026-09-10 186.6  3.27 
    F                            Ford Motor Co   536.35                      Automobiles   2026-09-09 13.45   2026-09-10 13.88  3.20 
 TIGO       Millicom International Cellular SA   156.77                Telecommunication   2026-09-09 93.57   2026-09-10 96.47  3.10 
  APP                            Applovin Corp  1020.89                       Technology  2026-09-09 305.06  2026-09-10 314.49  3.09 
 GDDY                              GoDaddy Inc   118.54                       Technology    2026-09-09 93.6   2026-09-10 96.37  2.96 
 PINS                            Pinterest Inc   103.52                            Media   2026-09-09 18.28   2026-09-10 18.78  2.74 
 ADSK                             Autodesk Inc   431.84                       Technology  2026-09-09 206.62  2026-09-10 211.61  2.42 
CMCSA                             Comcast Corp   872.61                Telecommunication   2026-09-09 24.59   2026-09-10 25.17  2.36 
 UBER                    Uber Technologies Inc  1451.85                      Road & Rail   2026-09-09 71.08   2026-09-10 72.56  2.08 
 FSLR                          First Solar Inc   218.27                   Semiconductors   2026-09-09 203.1  2026-09-10 207.17  2.00 
    H                        Hyatt Hotels Corp   149.31    Hotels, Restaurants & Leisure  2026-09-09 158.24  2026-09-10 161.39  1.99 
 DASH                             DoorDash Inc   854.71    Hotels, Restaurants & Leisure  2026-09-09 197.24  2026-09-10 201.03  1.92 
  TPR                             Tapestry Inc   226.73 Textiles, Apparel & Luxury Goods  2026-09-09 113.71  2026-09-10 115.87  1.90 
FCNCA First Citizens BancShares Inc (Delaware)   236.79                          Banking 2026-09-09 2128.94 2026-09-10 2165.43  1.71 
  CLH                        Clean Harbors Inc   166.65   Commercial Services & Supplies   2026-09-09 315.7  2026-09-10 320.94  1.66 

=== 市值超过200亿的涨幅榜前20名股票 ===
 股票代码                   公司名称                    市值(亿)                  板块                       昨天收盘               今天收盘        涨跌幅(%)
  ELV                      Elevance Health Inc   860.75                      Health Care   2026-09-09 396.9  2026-09-10 416.54  4.95 
  MDB                              MongoDB Inc   288.70                       Technology  2026-09-09 358.38  2026-09-10 373.87  4.32 
 AAPL                                Apple Inc 46021.29                       Technology  2026-09-09 315.34  2026-09-10 326.57  3.56 
    F                            Ford Motor Co   536.35                      Automobiles   2026-09-09 13.45   2026-09-10 13.88  3.20 
  APP                            Applovin Corp  1020.89                       Technology  2026-09-09 305.06  2026-09-10 314.49  3.09 
 ADSK                             Autodesk Inc   431.84                       Technology  2026-09-09 206.62  2026-09-10 211.61  2.42 
CMCSA                             Comcast Corp   872.61                Telecommunication   2026-09-09 24.59   2026-09-10 25.17  2.36 
 UBER                    Uber Technologies Inc  1451.85                      Road & Rail   2026-09-09 71.08   2026-09-10 72.56  2.08 
 FSLR                          First Solar Inc   218.27                   Semiconductors   2026-09-09 203.1  2026-09-10 207.17  2.00 
 DASH                             DoorDash Inc   854.71    Hotels, Restaurants & Leisure  2026-09-09 197.24  2026-09-10 201.03  1.92 
  TPR                             Tapestry Inc   226.73 Textiles, Apparel & Luxury Goods  2026-09-09 113.71  2026-09-10 115.87  1.90 
FCNCA First Citizens BancShares Inc (Delaware)   236.79                          Banking 2026-09-09 2128.94 2026-09-10 2165.43  1.71 
 MELI                         MercadoLibre Inc   951.24                           Retail 2026-09-09 1876.33 2026-09-10 1906.24  1.59 
 EXPE                        Expedia Group Inc   327.17    Hotels, Restaurants & Leisure   2026-09-09 272.6  2026-09-10 276.88  1.57 
  OMC                        Omnicom Group Inc   214.81                            Media    2026-09-09 78.3   2026-09-10 79.45  1.47 
 HONA                  Honeywell Aerospace Inc   480.44              Aerospace & Defense  2026-09-09 151.58  2026-09-10 153.75  1.43 
  CSX                                 CSX Corp   896.04                      Road & Rail   2026-09-09 48.37   2026-09-10 49.04  1.39 
  LMT                     Lockheed Martin Corp  1210.41              Aerospace & Defense  2026-09-09 524.46  2026-09-10 530.12  1.08 
 FTNT                             Fortinet Inc  1153.54                       Technology  2026-09-09 157.22  2026-09-10 158.85  1.04 
   KR                                Kroger Co   345.78                           Retail   2026-09-09 56.44   2026-09-10 56.95  0.90 

=== 市值超过1000亿的涨跌榜前20名股票 ===
 股票代码            公司名称             市值(亿)                  板块                       昨天收盘               今天收盘       涨跌幅(%)
 AAPL                  Apple Inc 46021.29                       Technology  2026-09-09 315.34 2026-09-10 326.57  3.56 
  APP              Applovin Corp  1020.89                       Technology  2026-09-09 305.06 2026-09-10 314.49  3.09 
 UBER      Uber Technologies Inc  1451.85                      Road & Rail   2026-09-09 71.08  2026-09-10 72.56  2.08 
  LMT       Lockheed Martin Corp  1210.41              Aerospace & Defense  2026-09-09 524.46 2026-09-10 530.12  1.08 
 FTNT               Fortinet Inc  1153.54                       Technology  2026-09-09 157.22 2026-09-10 158.85  1.04 
    C              Citigroup Inc  2311.51                          Banking   2026-09-09 137.8  2026-09-10 138.5  0.51 
   VZ Verizon Communications Inc  1915.87                Telecommunication   2026-09-09 49.74  2026-09-10 49.97  0.46 
  COP             ConocoPhillips  1640.19                           Energy  2026-09-09 136.53 2026-09-10 137.04  0.37 
  UNP         Union Pacific Corp  1691.57                      Road & Rail  2026-09-09 284.74 2026-09-10 285.78  0.37 
  PGR           Progressive Corp  1252.27                        Insurance   2026-09-09 215.5 2026-09-10 216.19  0.32 
   KO               Coca-Cola Co  3766.88                        Beverages   2026-09-09 87.55  2026-09-10 87.83  0.32 
  RTX                   RTX Corp  2662.50              Aerospace & Defense  2026-09-09 197.55 2026-09-10 198.12  0.29 
  TJX          TJX Companies Inc  1387.29                           Retail  2026-09-09 126.12 2026-09-10 126.42  0.24 
 MSFT             Microsoft Corp 36507.69                       Technology  2026-09-09 491.65 2026-09-10 492.44  0.16 
   DE                 Deere & Co  1825.93                        Machinery  2026-09-09 677.21 2026-09-10 677.94  0.11 
 NFLX                Netflix Inc  3165.84                            Media   2026-09-09 76.03  2026-09-10 76.01 -0.03 
HESAF   Hermes International SCA  1509.48 Textiles, Apparel & Luxury Goods 2026-09-09 1630.92 2026-09-10 1630.0 -0.06 
  CVS            CVS Health Corp  1219.88                      Health Care   2026-09-09 95.38  2026-09-10 95.29 -0.09 
 TMUS            T-Mobile US Inc  1902.28                Telecommunication  2026-09-09 177.34 2026-09-10 177.16 -0.10 
  LLY           Eli Lilly and Co 10582.83                  Pharmaceuticals 2026-09-09 1124.21 2026-09-10 1123.0 -0.11 
