
=== 涨幅榜前20名股票 ===
 股票代码                公司名称               市值(亿)                板块                      昨天收盘              今天收盘       涨跌幅(%)
CMBMF             Cambium Networks Corp   0.06                 Communications   2026-09-16 0.04    2026-09-17 0.1 149.13
 KXIN                   Kaixin Holdings   0.02                         Retail   2026-09-16 1.13   2026-09-17 1.75  54.87
  DCX Digital Currency X Technology Inc   1.13                    Automobiles   2026-09-16 0.32   2026-09-17 0.44  37.53
 VSEE                   Vsee Health Inc   0.04                    Health Care   2026-09-16 0.01   2026-09-17 0.02  37.50
 USDE                   Stablecoinx Inc   1.69                     Technology    2026-09-16 6.2   2026-09-17 7.71  24.35
 INDP         Indaptus Therapeutics Inc   4.28                  Biotechnology   2026-09-16 3.21   2026-09-17 3.93  22.43
 LSTA           Lisata Therapeutics Inc   0.13                  Biotechnology   2026-09-16 1.47   2026-09-17 1.74  18.37
 GNRC              Generac Holdings Inc 103.33           Electrical Equipment 2026-09-16 175.11 2026-09-17 207.23  18.34
 NNVC                NanoViricides, Inc   0.31                  Biotechnology    2026-09-16 1.2    2026-09-17 1.4  16.67
 PSIG        PS International Group Ltd   0.59     Logistics & Transportation   2026-09-16 3.83   2026-09-17 4.44  15.93
 BHVN                      Biohaven Ltd  18.16                  Biotechnology  2026-09-16 12.02  2026-09-17 13.89  15.56
 NEXR           Nexera Technologies Ltd   0.01                         Retail   2026-09-16 1.42   2026-09-17 1.64  15.49
BATRB       Atlanta Braves Holdings Inc  32.52                          Media   2026-09-16 71.0   2026-09-17 82.0  15.49
 CNXU              Conexeu Sciences Inc   1.30                  Biotechnology   2026-09-16 4.62    2026-09-17 5.3  14.72
 FISN                 Deep Fission, Inc   4.18                      Utilities    2026-09-16 7.1   2026-09-17 8.12  14.37
  ICU      SeaStar Medical Holding Corp   0.14                    Health Care   2026-09-16 3.08    2026-09-17 3.5  13.55
  DDD                   3D Systems Corp   5.22                      Machinery   2026-09-16 3.14   2026-09-17 3.54  12.74
 SLXN        Silexion Therapeutics Corp   0.02                  Biotechnology   2026-09-16 0.34   2026-09-17 0.38  11.76
 AURE                      Aurelion Inc   0.54             Financial Services   2026-09-16 1.39   2026-09-17 1.55  11.51
 OBAI                     Our Bond, Inc   0.08 Commercial Services & Supplies   2026-09-16 0.26   2026-09-17 0.29  11.27

=== 市值超过20亿的涨幅榜前20名股票 ===
 股票代码             公司名称             市值(亿)                板块                      昨天收盘              今天收盘       涨跌幅(%)
 GNRC        Generac Holdings Inc  103.33           Electrical Equipment 2026-09-16 175.11 2026-09-17 207.23 18.34 
BATRB Atlanta Braves Holdings Inc   32.52                          Media   2026-09-16 71.0   2026-09-17 82.0 15.49 
 ALAB            Astera Labs, Inc  466.99                 Semiconductors 2026-09-16 269.18 2026-09-17 293.56  9.06 
 FRVO             Fervo Energy Co   45.39                      Utilities   2026-09-16 15.4  2026-09-17 16.66  8.18 
 INTC                  Intel Corp 5341.61                 Semiconductors 2026-09-16 101.05  2026-09-17 108.8  7.67 
 AEHR           Aehr Test Systems   27.52                 Semiconductors  2026-09-16 84.25  2026-09-17 90.55  7.48 
 ILMN                Illumina Inc  345.68 Life Sciences Tools & Services 2026-09-16 228.93 2026-09-17 245.18  7.10 
    P                Everpure Inc  325.26                     Technology  2026-09-16 97.61 2026-09-17 103.99  6.54 
 GRAL                   Grail Inc   33.55                  Biotechnology  2026-09-16 75.11  2026-09-17 79.95  6.44 
  AMD  Advanced Micro Devices Inc 8366.43                 Semiconductors  2026-09-16 512.5 2026-09-17 545.09  6.36 
 NTRA                  Natera Inc  497.79                  Biotechnology 2026-09-16 345.34 2026-09-17 366.31  6.07 
   PL             Planet Labs PBC   58.29          Professional Services  2026-09-16 16.02  2026-09-17 16.99  6.05 
 COIN         Coinbase Global Inc  434.04             Financial Services 2026-09-16 164.51 2026-09-17 173.97  5.75 
 EROC                   ERock Inc   26.79           Electrical Equipment  2026-09-16 12.21   2026-09-17 12.9  5.65 
  EQX           Equinox Gold Corp  135.19                Metals & Mining  2026-09-16 11.58  2026-09-17 12.22  5.53 
 FSLR             First Solar Inc  205.34                 Semiconductors 2026-09-16 191.07 2026-09-17 201.16  5.28 
  CDE           Coeur Mining, Inc  195.10                Metals & Mining  2026-09-16 18.98  2026-09-17 19.98  5.27 
  ALB              Albemarle Corp  129.18                      Chemicals 2026-09-16 109.47 2026-09-17 115.05  5.10 
 MRVL      Marvell Technology Inc 2014.33                 Semiconductors 2026-09-16 229.71 2026-09-17 240.76  4.81 
SVYSF                   Solvay SA   27.06                      Chemicals  2026-09-16 29.15   2026-09-17 30.5  4.63 

=== 市值超过50亿的涨幅榜前20名股票 ===
股票代码            公司名称             市值(亿)                板块                      昨天收盘              今天收盘       涨跌幅(%)
GNRC       Generac Holdings Inc  103.33           Electrical Equipment 2026-09-16 175.11 2026-09-17 207.23 18.34 
ALAB           Astera Labs, Inc  466.99                 Semiconductors 2026-09-16 269.18 2026-09-17 293.56  9.06 
INTC                 Intel Corp 5341.61                 Semiconductors 2026-09-16 101.05  2026-09-17 108.8  7.67 
ILMN               Illumina Inc  345.68 Life Sciences Tools & Services 2026-09-16 228.93 2026-09-17 245.18  7.10 
   P               Everpure Inc  325.26                     Technology  2026-09-16 97.61 2026-09-17 103.99  6.54 
 AMD Advanced Micro Devices Inc 8366.43                 Semiconductors  2026-09-16 512.5 2026-09-17 545.09  6.36 
NTRA                 Natera Inc  497.79                  Biotechnology 2026-09-16 345.34 2026-09-17 366.31  6.07 
  PL            Planet Labs PBC   58.29          Professional Services  2026-09-16 16.02  2026-09-17 16.99  6.05 
COIN        Coinbase Global Inc  434.04             Financial Services 2026-09-16 164.51 2026-09-17 173.97  5.75 
 EQX          Equinox Gold Corp  135.19                Metals & Mining  2026-09-16 11.58  2026-09-17 12.22  5.53 
FSLR            First Solar Inc  205.34                 Semiconductors 2026-09-16 191.07 2026-09-17 201.16  5.28 
 CDE          Coeur Mining, Inc  195.10                Metals & Mining  2026-09-16 18.98  2026-09-17 19.98  5.27 
 ALB             Albemarle Corp  129.18                      Chemicals 2026-09-16 109.47 2026-09-17 115.05  5.10 
MRVL     Marvell Technology Inc 2014.33                 Semiconductors 2026-09-16 229.71 2026-09-17 240.76  4.81 
  UI               Ubiquiti Inc  345.24                 Communications 2026-09-16 570.37 2026-09-17 596.44  4.57 
 MDB                MongoDB Inc  303.17                     Technology 2026-09-16 376.34 2026-09-17 393.42  4.54 
AVAV          AeroVironment Inc   79.51            Aerospace & Defense 2026-09-16 156.45 2026-09-17 163.38  4.43 
IONS  Ionis Pharmaceuticals Inc   74.52                  Biotechnology  2026-09-16 44.84  2026-09-17 46.75  4.26 
  BE          Bloom Energy Corp  795.28           Electrical Equipment 2026-09-16 270.02 2026-09-17 280.76  3.98 
GLBE        Global-E Online Ltd   62.03                         Retail  2026-09-16 36.93  2026-09-17 38.38  3.93 

=== 市值超过100亿的涨幅榜前20名股票 ===
 股票代码            公司名称             市值(亿)                 板块                       昨天收盘              今天收盘       涨跌幅(%)
 GNRC       Generac Holdings Inc  103.33             Electrical Equipment 2026-09-16 175.11 2026-09-17 207.23 18.34 
 ALAB           Astera Labs, Inc  466.99                   Semiconductors 2026-09-16 269.18 2026-09-17 293.56  9.06 
 INTC                 Intel Corp 5341.61                   Semiconductors 2026-09-16 101.05  2026-09-17 108.8  7.67 
 ILMN               Illumina Inc  345.68   Life Sciences Tools & Services 2026-09-16 228.93 2026-09-17 245.18  7.10 
    P               Everpure Inc  325.26                       Technology  2026-09-16 97.61 2026-09-17 103.99  6.54 
  AMD Advanced Micro Devices Inc 8366.43                   Semiconductors  2026-09-16 512.5 2026-09-17 545.09  6.36 
 NTRA                 Natera Inc  497.79                    Biotechnology 2026-09-16 345.34 2026-09-17 366.31  6.07 
 COIN        Coinbase Global Inc  434.04               Financial Services 2026-09-16 164.51 2026-09-17 173.97  5.75 
  EQX          Equinox Gold Corp  135.19                  Metals & Mining  2026-09-16 11.58  2026-09-17 12.22  5.53 
 FSLR            First Solar Inc  205.34                   Semiconductors 2026-09-16 191.07 2026-09-17 201.16  5.28 
  CDE          Coeur Mining, Inc  195.10                  Metals & Mining  2026-09-16 18.98  2026-09-17 19.98  5.27 
  ALB             Albemarle Corp  129.18                        Chemicals 2026-09-16 109.47 2026-09-17 115.05  5.10 
 MRVL     Marvell Technology Inc 2014.33                   Semiconductors 2026-09-16 229.71 2026-09-17 240.76  4.81 
   UI               Ubiquiti Inc  345.24                   Communications 2026-09-16 570.37 2026-09-17 596.44  4.57 
  MDB                MongoDB Inc  303.17                       Technology 2026-09-16 376.34 2026-09-17 393.42  4.54 
   BE          Bloom Energy Corp  795.28             Electrical Equipment 2026-09-16 270.02 2026-09-17 280.76  3.98 
SBGSF      Schneider Electric SE 1577.80             Electrical Equipment 2026-09-16 323.07  2026-09-17 335.0  3.69 
 LULU    Lululemon Athletica Inc  111.17 Textiles, Apparel & Luxury Goods  2026-09-16 95.98  2026-09-17 99.39  3.55 
 ENTG               Entegris Inc  198.95                   Semiconductors  2026-09-16 130.2 2026-09-17 134.67  3.43 
 STLD         Steel Dynamics Inc  341.45                  Metals & Mining 2026-09-16 238.23 2026-09-17 245.35  2.99 

=== 市值超过200亿的涨幅榜前20名股票 ===
 股票代码                 公司名称                 市值(亿)                 板块                      昨天收盘              今天收盘       涨跌幅(%)
 ALAB                    Astera Labs, Inc   466.99                 Semiconductors 2026-09-16 269.18 2026-09-17 293.56  9.06 
 INTC                          Intel Corp  5341.61                 Semiconductors 2026-09-16 101.05  2026-09-17 108.8  7.67 
 ILMN                        Illumina Inc   345.68 Life Sciences Tools & Services 2026-09-16 228.93 2026-09-17 245.18  7.10 
    P                        Everpure Inc   325.26                     Technology  2026-09-16 97.61 2026-09-17 103.99  6.54 
  AMD          Advanced Micro Devices Inc  8366.43                 Semiconductors  2026-09-16 512.5 2026-09-17 545.09  6.36 
 NTRA                          Natera Inc   497.79                  Biotechnology 2026-09-16 345.34 2026-09-17 366.31  6.07 
 COIN                 Coinbase Global Inc   434.04             Financial Services 2026-09-16 164.51 2026-09-17 173.97  5.75 
 FSLR                     First Solar Inc   205.34                 Semiconductors 2026-09-16 191.07 2026-09-17 201.16  5.28 
 MRVL              Marvell Technology Inc  2014.33                 Semiconductors 2026-09-16 229.71 2026-09-17 240.76  4.81 
   UI                        Ubiquiti Inc   345.24                 Communications 2026-09-16 570.37 2026-09-17 596.44  4.57 
  MDB                         MongoDB Inc   303.17                     Technology 2026-09-16 376.34 2026-09-17 393.42  4.54 
   BE                   Bloom Energy Corp   795.28           Electrical Equipment 2026-09-16 270.02 2026-09-17 280.76  3.98 
SBGSF               Schneider Electric SE  1577.80           Electrical Equipment 2026-09-16 323.07  2026-09-17 335.0  3.69 
 STLD                  Steel Dynamics Inc   341.45                Metals & Mining 2026-09-16 238.23 2026-09-17 245.35  2.99 
  NET                      Cloudflare Inc  1156.01                     Technology 2026-09-16 324.65 2026-09-17 333.94  2.86 
 NTAP                          NetApp Inc   376.12                     Technology 2026-09-16 191.49 2026-09-17 196.92  2.84 
KBCSF                        Kbc Groep NV   551.11                        Banking 2026-09-16 151.12 2026-09-17 155.21  2.71 
 RBRK                          Rubrik Inc   217.63                     Technology 2026-09-16 104.98 2026-09-17 107.83  2.71 
 SPCX Space Exploration Technologies Corp 20476.03              Telecommunication 2026-09-16 150.88 2026-09-17 154.81  2.60 
 RGLD                      Royal Gold Inc   208.02                Metals & Mining 2026-09-16 245.51 2026-09-17 251.45  2.42 

=== 市值超过1000亿的涨跌榜前20名股票 ===
 股票代码                 公司名称                 市值(亿)                  板块                       昨天收盘               今天收盘        涨跌幅(%)
 INTC                          Intel Corp  5341.61                   Semiconductors  2026-09-16 101.05   2026-09-17 108.8  7.67 
  AMD          Advanced Micro Devices Inc  8366.43                   Semiconductors   2026-09-16 512.5  2026-09-17 545.09  6.36 
 MRVL              Marvell Technology Inc  2014.33                   Semiconductors  2026-09-16 229.71  2026-09-17 240.76  4.81 
SBGSF               Schneider Electric SE  1577.80             Electrical Equipment  2026-09-16 323.07   2026-09-17 335.0  3.69 
  NET                      Cloudflare Inc  1156.01                       Technology  2026-09-16 324.65  2026-09-17 333.94  2.86 
 SPCX Space Exploration Technologies Corp 20476.03                Telecommunication  2026-09-16 150.88  2026-09-17 154.81  2.60 
 CSCO                   Cisco Systems Inc  4247.74                   Communications  2026-09-16 107.74  2026-09-17 110.24  2.32 
  VLO                  Valero Energy Corp  1134.43                           Energy  2026-09-16 403.28  2026-09-17 412.53  2.29 
 QCOM                        Qualcomm Inc  1941.25                   Semiconductors  2026-09-16 184.84  2026-09-17 188.71  2.09 
  CAT                     Caterpillar Inc  3597.97                        Machinery  2026-09-16 782.72  2026-09-17 798.57  2.02 
ASMLF                     ASML Holding NV  5266.81                   Semiconductors 2026-09-16 1584.87 2026-09-17 1616.29  1.98 
 IBKR       Interactive Brokers Group Inc  1471.30               Financial Services   2026-09-16 86.74   2026-09-17 88.38  1.89 
  BLK                       BlackRock Inc  1685.27               Financial Services 2026-09-16 1037.24 2026-09-17 1053.96  1.61 
 META                  Meta Platforms Inc 17152.61                            Media  2026-09-16 673.31  2026-09-17 682.31  1.34 
 GOOG                        Alphabet Inc 41933.00                            Media  2026-09-16 339.36  2026-09-17 343.68  1.27 
  NEE                  Nextera Energy Inc  1676.50                        Utilities   2026-09-16 80.37   2026-09-17 81.28  1.13 
 ANET                 Arista Networks Inc  2491.42                   Communications  2026-09-16 197.54  2026-09-17 199.53  1.01 
EADSF                           Airbus SE  1545.17              Aerospace & Defense  2026-09-16 223.37   2026-09-17 225.0  0.73 
HESAF            Hermes International SCA  1447.22 Textiles, Apparel & Luxury Goods 2026-09-16 1589.17 2026-09-17 1598.49  0.59 
 ABBV                          AbbVie Inc  4638.86                    Biotechnology  2026-09-16 262.51  2026-09-17 264.02  0.58 
