
=== 涨幅榜前20名股票 ===
股票代码             公司名称             市值(亿)               板块                    昨天收盘            今天收盘       涨跌幅(%)
BRLS           Borealis Foods Inc  0.20                 Food Products 2026-08-19 0.91  2026-08-20 1.75 91.89 
BTCT              BTC Digital Ltd  0.14                    Technology 2026-08-19 0.84  2026-08-20 1.47 75.00 
PTIX  Protagenic Therapeutics Inc  0.01                 Biotechnology 2026-08-19 0.35   2026-08-20 0.6 71.43 
 MMA Mixed Martial Arts Group Ltd  0.15 Diversified Consumer Services 2026-08-19 0.38  2026-08-20 0.57 49.00 
INDP    Indaptus Therapeutics Inc  1.76                 Biotechnology 2026-08-19 0.94  2026-08-20 1.38 46.81 
BIVI                   BioVie Inc  0.15                 Biotechnology 2026-08-19 1.34  2026-08-20 1.86 38.81 
ARBB            ARB IOT Group Ltd  0.09                    Technology 2026-08-19 4.01   2026-08-20 5.3 32.17 
USDE              Stablecoinx Inc  1.03                    Technology 2026-08-19 3.09   2026-08-20 4.0 29.45 
ZCAR         Zoomcar Holdings Inc  0.00                   Road & Rail 2026-08-19 0.08   2026-08-20 0.1 28.57 
 XOS                      Xos Inc  0.28                     Machinery  2026-08-19 2.9  2026-08-20 3.72 28.28 
 OMH                 Ohmyhome Ltd  0.02                   Real Estate 2026-08-19 0.08   2026-08-20 0.1 25.30 
CLPS                     CLPS Inc  0.30                    Technology 2026-08-19 0.86  2026-08-20 1.06 23.98 
  MF          U-BX Technology Ltd  0.35                    Technology 2026-08-19 14.8 2026-08-20 18.11 22.36 
IPST     IP Strategy Holdings Inc  0.07                     Beverages 2026-08-19 8.45 2026-08-20 10.31 22.01 
NXTT  Next Technology Holding Inc  0.12                    Technology 2026-08-19 6.64   2026-08-20 8.0 20.48 
AIFU                     AIFU Inc  0.88                     Insurance 2026-08-19 12.5  2026-08-20 15.0 20.00 
IDAI                  T Stamp Inc  0.18                    Technology 2026-08-19 2.67  2026-08-20 3.18 19.10 
ZSTK               Zerostack Corp  0.04                   Health Care 2026-08-19 4.96  2026-08-20 5.89 18.75 
RITR  Reitar Logtech Holdings Ltd  0.06                  Construction 2026-08-19 0.08  2026-08-20 0.09 18.42 
TGHL                  Growhub Ltd  0.19                    Technology 2026-08-19 0.69  2026-08-20 0.81 17.67 

=== 市值超过20亿的涨幅榜前20名股票 ===
 股票代码                公司名称                市值(亿)                板块                      昨天收盘               今天收盘       涨跌幅(%)
 MARA                 MARA Holdings Inc   42.51                     Technology    2026-08-19 9.65  2026-08-20 11.15 15.54 
 MRVI Maravai LifeSciences Holdings Inc   21.46 Life Sciences Tools & Services    2026-08-19 7.22   2026-08-20 8.29 14.82 
 IOVA       Iovance Biotherapeutics Inc   41.92                  Biotechnology    2026-08-19 7.99   2026-08-20 8.99 12.52 
 ANDG                Andersen Group Inc   56.29          Professional Services   2026-08-19 45.02  2026-08-20 50.32 11.77 
  XXI            Twenty One Capital Inc   29.00             Financial Services    2026-08-19 5.55   2026-08-20 6.19 11.53 
 LIME              Neutron Holdings Inc   26.90                    Road & Rail   2026-08-19 37.73  2026-08-20 42.03 11.40 
  TEM                     Tempus AI Inc  120.42 Life Sciences Tools & Services   2026-08-19 61.25  2026-08-20 66.65  8.82 
 STDN              Standard Nuclear Inc   20.73                            N/A   2026-08-19 11.97  2026-08-20 12.97  8.35 
 BTDR        Bitdeer Technologies Group   28.75                     Technology    2026-08-19 9.63  2026-08-20 10.43  8.31 
 CIFR                Cipher Digital Inc   70.68                     Technology   2026-08-19 15.89  2026-08-20 17.21  8.31 
 RIOT                Riot Platforms Inc   78.26                     Technology   2026-08-19 19.38  2026-08-20 20.98  8.26 
  CAI           Caris Life Sciences Inc   69.26                  Biotechnology   2026-08-19 22.76  2026-08-20 24.58  8.00 
 NDSN                      Nordson Corp  187.01                      Machinery  2026-08-19 309.92  2026-08-20 334.7  8.00 
 CLSK                    CleanSpark Inc   32.11                     Technology   2026-08-19 11.67   2026-08-20 12.6  7.97 
 MSTR                      Strategy Inc  430.77                     Technology  2026-08-19 104.25 2026-08-20 112.39  7.81 
 COIN               Coinbase Global Inc  452.85             Financial Services   2026-08-19 160.2 2026-08-20 172.35  7.58 
ADYYF                          Adyen NV  334.13             Financial Services 2026-08-19 1154.08 2026-08-20 1240.0  7.44 
  MFP        Midera Food Processing Inc   22.07                      Machinery   2026-08-19 45.71  2026-08-20 48.95  7.09 
   DE                        Deere & Co 1677.22                      Machinery  2026-08-19 580.63 2026-08-20 620.94  6.94 
 AUPH       Aurinia Pharmaceuticals Inc   22.99                  Biotechnology   2026-08-19 16.17  2026-08-20 17.27  6.80 

=== 市值超过50亿的涨幅榜前20名股票 ===
 股票代码             公司名称             市值(亿)                板块                      昨天收盘               今天收盘       涨跌幅(%)
 ANDG          Andersen Group Inc   56.29          Professional Services   2026-08-19 45.02  2026-08-20 50.32 11.77 
  TEM               Tempus AI Inc  120.42 Life Sciences Tools & Services   2026-08-19 61.25  2026-08-20 66.65  8.82 
 CIFR          Cipher Digital Inc   70.68                     Technology   2026-08-19 15.89  2026-08-20 17.21  8.31 
 RIOT          Riot Platforms Inc   78.26                     Technology   2026-08-19 19.38  2026-08-20 20.98  8.26 
  CAI     Caris Life Sciences Inc   69.26                  Biotechnology   2026-08-19 22.76  2026-08-20 24.58  8.00 
 NDSN                Nordson Corp  187.01                      Machinery  2026-08-19 309.92  2026-08-20 334.7  8.00 
 MSTR                Strategy Inc  430.77                     Technology  2026-08-19 104.25 2026-08-20 112.39  7.81 
 COIN         Coinbase Global Inc  452.85             Financial Services   2026-08-19 160.2 2026-08-20 172.35  7.58 
ADYYF                    Adyen NV  334.13             Financial Services 2026-08-19 1154.08 2026-08-20 1240.0  7.44 
   DE                  Deere & Co 1677.22                      Machinery  2026-08-19 580.63 2026-08-20 620.94  6.94 
 CRCL   Circle Internet Group Inc  210.63                     Technology   2026-08-19 78.59  2026-08-20 83.66  6.45 
  CNH           CNH Industrial NV  134.73                      Machinery   2026-08-19 10.29  2026-08-20 10.95  6.41 
 LITE       Lumentum Holdings Inc  788.39                 Communications   2026-08-19 827.6 2026-08-20 879.28  6.24 
   AU       Anglogold Ashanti PLC  577.22                Metals & Mining  2026-08-19 108.54 2026-08-20 115.14  6.08 
    Q       Qnity Electronics Inc  277.77                 Semiconductors  2026-08-19 126.04 2026-08-20 133.52  5.93 
   LB           LandBridge Co LLC   66.92                    Real Estate    2026-08-19 82.2  2026-08-20 87.03  5.88 
 MRVL      Marvell Technology Inc 2184.86                 Semiconductors  2026-08-19 237.27 2026-08-20 251.01  5.79 
 AAOI Applied Optoelectronics Inc  109.47                 Communications  2026-08-19 122.19  2026-08-20 129.1  5.66 
   CF  CF Industries Holdings Inc  189.94                      Chemicals  2026-08-19 119.02  2026-08-20 125.7  5.61 
  MOS                   Mosaic Co   73.91                      Chemicals   2026-08-19 22.23  2026-08-20 23.35  5.04 

=== 市值超过100亿的涨幅榜前20名股票 ===
 股票代码             公司名称             市值(亿)                 板块                      昨天收盘               今天收盘       涨跌幅(%)
  TEM               Tempus AI Inc   120.42 Life Sciences Tools & Services   2026-08-19 61.25  2026-08-20 66.65  8.82 
 NDSN                Nordson Corp   187.01                      Machinery  2026-08-19 309.92  2026-08-20 334.7  8.00 
 MSTR                Strategy Inc   430.77                     Technology  2026-08-19 104.25 2026-08-20 112.39  7.81 
 COIN         Coinbase Global Inc   452.85             Financial Services   2026-08-19 160.2 2026-08-20 172.35  7.58 
ADYYF                    Adyen NV   334.13             Financial Services 2026-08-19 1154.08 2026-08-20 1240.0  7.44 
   DE                  Deere & Co  1677.22                      Machinery  2026-08-19 580.63 2026-08-20 620.94  6.94 
 CRCL   Circle Internet Group Inc   210.63                     Technology   2026-08-19 78.59  2026-08-20 83.66  6.45 
  CNH           CNH Industrial NV   134.73                      Machinery   2026-08-19 10.29  2026-08-20 10.95  6.41 
 LITE       Lumentum Holdings Inc   788.39                 Communications   2026-08-19 827.6 2026-08-20 879.28  6.24 
   AU       Anglogold Ashanti PLC   577.22                Metals & Mining  2026-08-19 108.54 2026-08-20 115.14  6.08 
    Q       Qnity Electronics Inc   277.77                 Semiconductors  2026-08-19 126.04 2026-08-20 133.52  5.93 
 MRVL      Marvell Technology Inc  2184.86                 Semiconductors  2026-08-19 237.27 2026-08-20 251.01  5.79 
 AAOI Applied Optoelectronics Inc   109.47                 Communications  2026-08-19 122.19  2026-08-20 129.1  5.66 
   CF  CF Industries Holdings Inc   189.94                      Chemicals  2026-08-19 119.02  2026-08-20 125.7  5.61 
  YUM             Yum! Brands Inc   432.73  Hotels, Restaurants & Leisure  2026-08-19 145.93 2026-08-20 152.33  4.39 
 ILMN                Illumina Inc   321.12 Life Sciences Tools & Services   2026-08-19 205.0 2026-08-20 213.24  4.02 
   MU       Micron Technology Inc 10904.63                 Semiconductors  2026-08-19 937.11 2026-08-20 974.33  3.97 
 RVTY                 Revvity Inc   137.64 Life Sciences Tools & Services  2026-08-19 119.45 2026-08-20 124.13  3.92 
   PR      Permian Resources Corp   198.42                         Energy   2026-08-19 23.02  2026-08-20 23.87  3.69 
   VG          Venture Global Inc   308.81                         Energy   2026-08-19 13.79  2026-08-20 14.29  3.63 

=== 市值超过200亿的涨幅榜前20名股票 ===
 股票代码                 公司名称                 市值(亿)                 板块                      昨天收盘               今天收盘       涨跌幅(%)
 MSTR                        Strategy Inc   430.77                     Technology  2026-08-19 104.25 2026-08-20 112.39  7.81 
 COIN                 Coinbase Global Inc   452.85             Financial Services   2026-08-19 160.2 2026-08-20 172.35  7.58 
ADYYF                            Adyen NV   334.13             Financial Services 2026-08-19 1154.08 2026-08-20 1240.0  7.44 
   DE                          Deere & Co  1677.22                      Machinery  2026-08-19 580.63 2026-08-20 620.94  6.94 
 CRCL           Circle Internet Group Inc   210.63                     Technology   2026-08-19 78.59  2026-08-20 83.66  6.45 
 LITE               Lumentum Holdings Inc   788.39                 Communications   2026-08-19 827.6 2026-08-20 879.28  6.24 
   AU               Anglogold Ashanti PLC   577.22                Metals & Mining  2026-08-19 108.54 2026-08-20 115.14  6.08 
    Q               Qnity Electronics Inc   277.77                 Semiconductors  2026-08-19 126.04 2026-08-20 133.52  5.93 
 MRVL              Marvell Technology Inc  2184.86                 Semiconductors  2026-08-19 237.27 2026-08-20 251.01  5.79 
  YUM                     Yum! Brands Inc   432.73  Hotels, Restaurants & Leisure  2026-08-19 145.93 2026-08-20 152.33  4.39 
 ILMN                        Illumina Inc   321.12 Life Sciences Tools & Services   2026-08-19 205.0 2026-08-20 213.24  4.02 
   MU               Micron Technology Inc 10904.63                 Semiconductors  2026-08-19 937.11 2026-08-20 974.33  3.97 
   VG                  Venture Global Inc   308.81                         Energy   2026-08-19 13.79  2026-08-20 14.29  3.63 
  COP                      ConocoPhillips  1617.12                         Energy  2026-08-19 130.58 2026-08-20 134.89  3.30 
  QSR Restaurant Brands International Inc   360.15  Hotels, Restaurants & Leisure    2026-08-19 77.1  2026-08-20 79.55  3.18 
  LYB        LyondellBasell Industries NV   219.67                      Chemicals   2026-08-19 66.06   2026-08-20 68.1  3.09 
  FCX                Freeport-McMoRan Inc  1017.49                Metals & Mining   2026-08-19 69.09  2026-08-20 71.22  3.08 
   GH                 Guardant Health Inc   226.36                    Health Care  2026-08-19 163.34 2026-08-20 167.88  2.78 
  IQV                  IQVIA Holdings Inc   423.24 Life Sciences Tools & Services  2026-08-19 249.28 2026-08-20 256.05  2.72 
  OXY           Occidental Petroleum Corp   613.93                         Energy   2026-08-19 60.09  2026-08-20 61.52  2.38 

=== 市值超过1000亿的涨跌榜前20名股票 ===
 股票代码               公司名称               市值(亿)                 板块                      昨天收盘               今天收盘        涨跌幅(%)
   DE                      Deere & Co  1677.22                      Machinery  2026-08-19 580.63  2026-08-20 620.94  6.94 
 MRVL          Marvell Technology Inc  2184.86                 Semiconductors  2026-08-19 237.27  2026-08-20 251.01  5.79 
   MU           Micron Technology Inc 10904.63                 Semiconductors  2026-08-19 937.11  2026-08-20 974.33  3.97 
  COP                  ConocoPhillips  1617.12                         Energy  2026-08-19 130.58  2026-08-20 134.89  3.30 
  FCX            Freeport-McMoRan Inc  1017.49                Metals & Mining   2026-08-19 69.09   2026-08-20 71.22  3.08 
BABAF       Alibaba Group Holding Ltd  3036.46                         Retail   2026-08-19 15.83    2026-08-20 16.2  2.34 
  TMO    Thermo Fisher Scientific Inc  2314.03 Life Sciences Tools & Services  2026-08-19 613.54  2026-08-20 627.55  2.28 
  STX Seagate Technology Holdings PLC  1938.66                     Technology  2026-08-19 832.56  2026-08-20 850.24  2.12 
  DHR                    Danaher Corp  1522.95 Life Sciences Tools & Services   2026-08-19 211.5  2026-08-20 215.91  2.09 
 SCCO            Southern Copper Corp  1683.54                Metals & Mining  2026-08-19 194.68  2026-08-20 198.73  2.08 
  NEM             Newmont Corporation  1341.40                Metals & Mining  2026-08-19 125.08  2026-08-20 127.64  2.05 
 SNDK                    Sandisk Corp  2331.03                     Technology 2026-08-19 1568.87 2026-08-20 1600.62  2.02 
  PGR                Progressive Corp  1282.19                      Insurance  2026-08-19 217.27  2026-08-20 220.34  1.41 
   MO                Altria Group Inc  1119.06                        Tobacco   2026-08-19 66.03   2026-08-20 66.94  1.38 
 SPGI                  S&P Global Inc  1275.20             Financial Services  2026-08-19 426.66  2026-08-20 432.16  1.29 
 LRCX               Lam Research Corp  3858.89                 Semiconductors  2026-08-19 307.17  2026-08-20 310.53  1.09 
  TTE                TotalEnergies SE  1733.52                         Energy   2026-08-19 90.07    2026-08-20 90.9  0.92 
  XOM        Exxonmobil Holdings Corp  6506.32                         Energy  2026-08-19 164.77  2026-08-20 166.15  0.84 
   PM Philip Morris International Inc  2990.28                        Tobacco  2026-08-19 189.93  2026-08-20 191.52  0.84 
  ADP   Automatic Data Processing Inc  1110.85          Professional Services  2026-08-19 277.22  2026-08-20 279.21  0.72 
