
=== 涨幅榜前20名股票 ===
 股票代码                         公司名称                         市值(亿)                板块                      昨天收盘             今天收盘       涨跌幅(%)
  FGI                                   FGI Industries Ltd  0.09 Trading Companies & Distributors  2026-08-12 4.73 2026-08-13 11.72 147.78
SNBRQ                                    Sleep Number Corp  0.01                           Retail  2026-08-12 0.01  2026-08-13 0.02  99.00
 INHD                                    Inno Holdings Inc  0.17                  Metals & Mining  2026-08-12 6.89 2026-08-13 10.84  57.33
 GXAI                                        Gaxos.ai Inc.  0.09                            Media  2026-08-12 0.87  2026-08-13 1.26  44.66
  ARX                                  Accelerant Holdings 29.70                        Insurance 2026-08-12 13.61 2026-08-13 19.51  43.35
 CURI                                  CuriosityStream Inc  1.66                            Media   2026-08-12 2.8  2026-08-13 3.99  42.50
 IVDA                                  Iveda Solutions Inc  0.04                       Technology  2026-08-12 0.37  2026-08-13 0.53  41.97
 HCTI                              Healthcare Triangle Inc  0.03                      Health Care  2026-08-12 1.24  2026-08-13 1.73  39.52
  PMA                        Ming Shing Group Holdings Ltd  0.15                     Construction  2026-08-12 1.19  2026-08-13 1.62  36.13
 BYSI                                     Beyondspring Inc  0.31                    Biotechnology  2026-08-12 0.74   2026-08-13 1.0  34.27
 LEXX                              Lexaria Bioscience Corp  0.10                  Pharmaceuticals  2026-08-12 6.12   2026-08-13 8.1  32.35
 LNSR                                           LENSAR Inc  0.76                      Health Care  2026-08-12 6.29  2026-08-13 8.27  31.48
 CDTG CDT Environmental Technology Investment Holdings Ltd  0.04   Commercial Services & Supplies  2026-08-12 1.22   2026-08-13 1.6  31.15
 JUNS                            Jupiter Neurosciences Inc  0.04                  Pharmaceuticals  2026-08-12 4.61   2026-08-13 6.0  30.15
 PRHI                              Presurance Holdings Inc  0.16                        Insurance  2026-08-12 4.16  2026-08-13 5.36  28.97
 LGMK                                        LogicMark Inc  0.01                      Health Care   2026-08-12 0.7   2026-08-13 0.9  28.59
 OMER                                          Omeros Corp  9.92                  Pharmaceuticals 2026-08-12 13.71 2026-08-13 17.35  26.55
 AIRO                              AIRO Group Holdings Inc  2.67              Aerospace & Defense  2026-08-12 8.49 2026-08-13 10.71  26.15
  CCG                                     Cheche Group Inc  0.34                        Insurance 2026-08-12 13.49 2026-08-13 17.01  26.09
   AZ                         A2Z Cust2Mate Solutions Corp  2.92              Aerospace & Defense  2026-08-12 6.47   2026-08-13 8.1  25.19

=== 市值超过20亿的涨幅榜前20名股票 ===
 股票代码           公司名称           市值(亿)                 板块                       昨天收盘               今天收盘        涨跌幅(%)
  ARX     Accelerant Holdings   29.70                        Insurance   2026-08-12 13.61   2026-08-13 19.51 43.35 
ADYYF                Adyen NV  294.63               Financial Services  2026-08-12 1014.0  2026-08-13 1200.0 18.34 
   MH         McGraw Hill Inc   22.19    Diversified Consumer Services    2026-08-12 11.6   2026-08-13 13.57 16.98 
 HUBS             HubSpot Inc  104.78                       Technology  2026-08-12 210.12  2026-08-13 240.51 14.46 
 SNDK            Sandisk Corp 1990.76                       Technology 2026-08-12 1344.29 2026-08-13 1528.11 13.67 
 EROC               ERock Inc   30.32             Electrical Equipment   2026-08-12 13.82   2026-08-13 15.66 13.31 
   XE            X-Energy Inc   69.29             Electrical Equipment   2026-08-12 20.35   2026-08-13 22.73 11.70 
 BIRK Birkenstock Holding PLC   67.57 Textiles, Apparel & Luxury Goods   2026-08-12 36.74    2026-08-13 41.0 11.59 
 BLSH                 Bullish   37.02               Financial Services   2026-08-12 24.63   2026-08-13 27.48 11.57 
 ESTC              Elastic NV   80.21                       Technology   2026-08-12 77.16   2026-08-13 86.03 11.50 
 KVYO             Klaviyo Inc   49.12                       Technology   2026-08-12 17.25   2026-08-13 19.22 11.42 
 PLBL      Polibeli Group Ltd   22.75                     Distributors    2026-08-12 6.21    2026-08-13 6.91 11.27 
  FIG               Figma Inc  126.59                       Technology   2026-08-12 23.75   2026-08-13 26.35 10.95 
 ACHR     Archer Aviation Inc   48.43              Aerospace & Defense    2026-08-12 6.29    2026-08-13 6.97 10.81 
 FROG               Jfrog Ltd  106.09                       Technology   2026-08-12 86.04   2026-08-13 95.15 10.59 
 BETA   BETA Technologies Inc   54.87              Aerospace & Defense   2026-08-12 23.78   2026-08-13 26.24 10.34 
 DOCU            DocuSign Inc  110.94                       Technology    2026-08-12 58.1   2026-08-13 64.09 10.31 
 ASAN               Asana Inc   20.72                       Technology    2026-08-12 8.99    2026-08-13 9.87  9.79 
 MNDY          monday.com Ltd   36.33                       Technology   2026-08-12 85.95   2026-08-13 94.29  9.70 
 GDDY             GoDaddy Inc  116.29                       Technology   2026-08-12 91.82   2026-08-13 100.5  9.45 

=== 市值超过50亿的涨幅榜前20名股票 ===
 股票代码           公司名称           市值(亿)                 板块                       昨天收盘               今天收盘        涨跌幅(%)
ADYYF                Adyen NV  294.63               Financial Services  2026-08-12 1014.0  2026-08-13 1200.0 18.34 
 HUBS             HubSpot Inc  104.78                       Technology  2026-08-12 210.12  2026-08-13 240.51 14.46 
 SNDK            Sandisk Corp 1990.76                       Technology 2026-08-12 1344.29 2026-08-13 1528.11 13.67 
   XE            X-Energy Inc   69.29             Electrical Equipment   2026-08-12 20.35   2026-08-13 22.73 11.70 
 BIRK Birkenstock Holding PLC   67.57 Textiles, Apparel & Luxury Goods   2026-08-12 36.74    2026-08-13 41.0 11.59 
 ESTC              Elastic NV   80.21                       Technology   2026-08-12 77.16   2026-08-13 86.03 11.50 
  FIG               Figma Inc  126.59                       Technology   2026-08-12 23.75   2026-08-13 26.35 10.95 
 FROG               Jfrog Ltd  106.09                       Technology   2026-08-12 86.04   2026-08-13 95.15 10.59 
 BETA   BETA Technologies Inc   54.87              Aerospace & Defense   2026-08-12 23.78   2026-08-13 26.24 10.34 
 DOCU            DocuSign Inc  110.94                       Technology    2026-08-12 58.1   2026-08-13 64.09 10.31 
 GDDY             GoDaddy Inc  116.29                       Technology   2026-08-12 91.82   2026-08-13 100.5  9.45 
 PATH              UiPath Inc   79.07                       Technology   2026-08-12 15.26   2026-08-13 16.68  9.31 
KBCSF            Kbc Groep NV  531.68                          Banking  2026-08-12 137.22   2026-08-13 150.0  9.31 
 RBRK              Rubrik Inc  199.10                       Technology   2026-08-12 96.73  2026-08-13 105.09  8.64 
  TPG                 TPG Inc  195.65               Financial Services   2026-08-12 50.88   2026-08-13 55.21  8.51 
 CSGP        Costar Group Inc  123.59                      Real Estate    2026-08-12 30.5   2026-08-13 33.05  8.36 
   ZG        Zillow Group Inc   77.29                      Real Estate   2026-08-12 33.49   2026-08-13 36.23  8.18 
 KLAR        Klarna Group PLC   72.18               Financial Services   2026-08-12 19.12   2026-08-13 20.68  8.16 
 STEP     StepStone Group Inc   58.05               Financial Services    2026-08-12 48.1   2026-08-13 51.96  8.02 
 NTSK            Netskope Inc   60.55                       Technology   2026-08-12 14.99   2026-08-13 16.19  8.01 

=== 市值超过100亿的涨幅榜前20名股票 ===
 股票代码                公司名称                市值(亿)          板块                昨天收盘               今天收盘        涨跌幅(%)
ADYYF                          Adyen NV  294.63 Financial Services  2026-08-12 1014.0  2026-08-13 1200.0 18.34 
 HUBS                       HubSpot Inc  104.78         Technology  2026-08-12 210.12  2026-08-13 240.51 14.46 
 SNDK                      Sandisk Corp 1990.76         Technology 2026-08-12 1344.29 2026-08-13 1528.11 13.67 
  FIG                         Figma Inc  126.59         Technology   2026-08-12 23.75   2026-08-13 26.35 10.95 
 FROG                         Jfrog Ltd  106.09         Technology   2026-08-12 86.04   2026-08-13 95.15 10.59 
 DOCU                      DocuSign Inc  110.94         Technology    2026-08-12 58.1   2026-08-13 64.09 10.31 
 GDDY                       GoDaddy Inc  116.29         Technology   2026-08-12 91.82   2026-08-13 100.5  9.45 
KBCSF                      Kbc Groep NV  531.68            Banking  2026-08-12 137.22   2026-08-13 150.0  9.31 
 RBRK                        Rubrik Inc  199.10         Technology   2026-08-12 96.73  2026-08-13 105.09  8.64 
  TPG                           TPG Inc  195.65 Financial Services   2026-08-12 50.88   2026-08-13 55.21  8.51 
 CSGP                  Costar Group Inc  123.59        Real Estate    2026-08-12 30.5   2026-08-13 33.05  8.36 
  MDB                       MongoDB Inc  352.16         Technology  2026-08-12 437.83  2026-08-13 472.29  7.87 
 FISV                        Fiserv Inc  274.18 Financial Services   2026-08-12 51.56    2026-08-13 55.5  7.64 
 FDXF FedEx Freight Holding Company Inc  211.18        Road & Rail  2026-08-12 141.24  2026-08-13 151.99  7.61 
  GPN               Global Payments Inc  234.27 Financial Services   2026-08-12 88.53   2026-08-13 94.83  7.12 
  RKT              Rocket Companies Inc  397.53 Financial Services   2026-08-12 14.05   2026-08-13 15.04  7.05 
 INTU                        Intuit Inc  915.56         Technology  2026-08-12 334.71  2026-08-13 358.29  7.04 
 TEAM                    Atlassian Corp  393.95         Technology  2026-08-12 155.24  2026-08-13 165.98  6.92 
  HPQ                            HP Inc  267.77         Technology   2026-08-12 29.28    2026-08-13 31.3  6.90 
 RBLX                       Roblox Corp  253.89              Media   2026-08-12 35.54   2026-08-13 37.95  6.78 

=== 市值超过200亿的涨幅榜前20名股票 ===
 股票代码                公司名称                市值(亿)          板块                昨天收盘               今天收盘        涨跌幅(%)
ADYYF                          Adyen NV  294.63 Financial Services  2026-08-12 1014.0  2026-08-13 1200.0 18.34 
 SNDK                      Sandisk Corp 1990.76         Technology 2026-08-12 1344.29 2026-08-13 1528.11 13.67 
KBCSF                      Kbc Groep NV  531.68            Banking  2026-08-12 137.22   2026-08-13 150.0  9.31 
  MDB                       MongoDB Inc  352.16         Technology  2026-08-12 437.83  2026-08-13 472.29  7.87 
 FISV                        Fiserv Inc  274.18 Financial Services   2026-08-12 51.56    2026-08-13 55.5  7.64 
 FDXF FedEx Freight Holding Company Inc  211.18        Road & Rail  2026-08-12 141.24  2026-08-13 151.99  7.61 
  GPN               Global Payments Inc  234.27 Financial Services   2026-08-12 88.53   2026-08-13 94.83  7.12 
  RKT              Rocket Companies Inc  397.53 Financial Services   2026-08-12 14.05   2026-08-13 15.04  7.05 
 INTU                        Intuit Inc  915.56         Technology  2026-08-12 334.71  2026-08-13 358.29  7.04 
 TEAM                    Atlassian Corp  393.95         Technology  2026-08-12 155.24  2026-08-13 165.98  6.92 
  HPQ                            HP Inc  267.77         Technology   2026-08-12 29.28    2026-08-13 31.3  6.90 
 RBLX                       Roblox Corp  253.89              Media   2026-08-12 35.54   2026-08-13 37.95  6.78 
 AFRM               Affirm Holdings Inc  245.82 Financial Services    2026-08-12 73.4   2026-08-13 78.32  6.70 
 FICO                   Fair Isaac Corp  225.52         Technology 2026-08-12 1044.21  2026-08-13 1110.7  6.37 
  NET                    Cloudflare Inc 1109.01         Technology  2026-08-12 311.45  2026-08-13 330.83  6.22 
  XYZ                         Block Inc  491.56 Financial Services   2026-08-12 78.28   2026-08-13 83.09  6.14 
   ZS                       Zscaler Inc  239.96         Technology  2026-08-12 177.32  2026-08-13 188.18  6.12 
 NFLX                       Netflix Inc 3090.06              Media   2026-08-12 74.21   2026-08-13 78.24  5.43 
 SHOP                       Shopify Inc 1935.24         Technology  2026-08-12 150.41  2026-08-13 158.53  5.40 
    P                      Everpure Inc  370.30         Technology   2026-08-12 111.4  2026-08-13 117.35  5.34 

=== 市值超过1000亿的涨跌榜前20名股票 ===
股票代码               公司名称               市值(亿)                 板块                     昨天收盘               今天收盘        涨跌幅(%)
SNDK                    Sandisk Corp  1990.76                    Technology 2026-08-12 1344.29 2026-08-13 1528.11 13.67 
 NET                  Cloudflare Inc  1109.01                    Technology  2026-08-12 311.45  2026-08-13 330.83  6.22 
NFLX                     Netflix Inc  3090.06                         Media   2026-08-12 74.21   2026-08-13 78.24  5.43 
SHOP                     Shopify Inc  1935.24                    Technology  2026-08-12 150.41  2026-08-13 158.53  5.40 
 STX Seagate Technology Holdings PLC  1990.41                    Technology  2026-08-12 878.21  2026-08-13 921.37  4.91 
PLTR       Palantir Technologies Inc  4110.25                    Technology  2026-08-12 171.04  2026-08-13 179.01  4.66 
ADBE                       Adobe Inc  1028.53                    Technology  2026-08-12 258.75  2026-08-13 270.49  4.54 
  MU           Micron Technology Inc 10292.05                Semiconductors  2026-08-12 911.29  2026-08-13 949.83  4.23 
 CRM                  Salesforce Inc  1583.29                    Technology  2026-08-12 193.32  2026-08-13 201.37  4.16 
TSLA                       Tesla Inc 12935.16                   Automobiles  2026-08-12 327.51  2026-08-13 339.96  3.80 
INTC                      Intel Corp  5091.92                Semiconductors  2026-08-12 100.95  2026-08-13 104.56  3.58 
TMUS                 T-Mobile US Inc  1900.02             Telecommunication  2026-08-12 177.13  2026-08-13 183.38  3.53 
LRCX               Lam Research Corp  4080.68                Semiconductors  2026-08-12 326.11  2026-08-13 337.01  3.34 
SPGI                  S&P Global Inc  1208.97            Financial Services   2026-08-12 410.1  2026-08-13 422.67  3.07 
 APP                   Applovin Corp  1016.54                    Technology  2026-08-12 303.76  2026-08-13 312.67  2.93 
FTNT                    Fortinet Inc  1180.10                    Technology  2026-08-12 160.84  2026-08-13 165.44  2.86 
ABNB                      Airbnb Inc  1078.28 Hotels, Restaurants & Leisure   2026-08-12 180.1  2026-08-13 185.13  2.80 
META              Meta Platforms Inc 14746.24                         Media  2026-08-12 578.85  2026-08-13 594.97  2.78 
  VZ      Verizon Communications Inc  1915.87             Telecommunication   2026-08-12 46.98   2026-08-13 48.22  2.64 
 ADP   Automatic Data Processing Inc  1069.95         Professional Services  2026-08-12 269.33  2026-08-13 276.23  2.56 
