
=== 涨幅榜前20名股票 ===
 股票代码                     公司名称                    市值(亿)               板块                    昨天收盘             今天收盘       涨跌幅(%)
 DFNS                              T3 Defense Inc  0.04                    Technology  2026-07-24 4.35  2026-07-27 13.1 201.15
 BIYA               Baiya International Group Inc  0.12         Professional Services  2026-07-24 1.93  2026-07-27 4.17 116.06
 ENTX                              Entera Bio Ltd  1.01                 Biotechnology  2026-07-24 2.05  2026-07-27 3.92  91.22
 GOSS                            Gossamer Bio Inc  0.66                 Biotechnology  2026-07-24 0.14   2026-07-27 0.2  46.62
 KIDZ                      Classover Holdings Inc  0.01 Diversified Consumer Services  2026-07-24 0.42   2026-07-27 0.6  43.68
 FBRX                       Forte Biosciences Inc 11.22                 Biotechnology 2026-07-24 54.78  2026-07-27 76.5  39.65
 MTNB              Matinas BioPharma Holdings Inc  0.03                 Biotechnology  2026-07-24 0.24  2026-07-27 0.33  37.76
   PN                     Skycorp Solar Group Ltd  1.14          Electrical Equipment  2026-07-24 7.98 2026-07-27 10.14  27.07
 EUDA                    EUDA Health Holdings Ltd  0.37                   Health Care 2026-07-24 14.99  2026-07-27 19.0  26.75
 CNET             ZW Data Action Technologies Inc  0.03                         Media  2026-07-24 0.79   2026-07-27 1.0  26.58
 REBN                           Reborn Coffee Inc  0.08                        Retail   2026-07-24 1.0  2026-07-27 1.25  25.13
 TVGN                    Tevogen Bio Holdings Inc  0.19                 Biotechnology  2026-07-24 4.49  2026-07-27 5.57  24.05
 SGRP                              SPAR Group Inc  0.11                         Media  2026-07-24 0.38  2026-07-27 0.47  23.68
 VGAS                       Verde Clean Fuels Inc  0.42                        Energy  2026-07-24 0.94  2026-07-27 1.16  22.75
QVCAQ                               QVC Group Inc  0.01                        Retail  2026-07-24 0.04  2026-07-27 0.05  22.50
 GMEX                          GMEX Robotics Corp  0.02                        Retail  2026-07-24 1.47   2026-07-27 1.8  22.45
 VEEE Twin Vee PowerCats Co (Pre-Reincorporation)  0.07              Leisure Products 2026-07-24 12.97 2026-07-27 15.77  21.59
 NXTC                                NextCure Inc  0.17                 Biotechnology  2026-07-24 4.24  2026-07-27 5.12  20.75
 RACC           Research Alliance Corporation III  1.00                           N/A 2026-07-24 11.02 2026-07-27 13.27  20.46
 QBTS                          D-Wave Quantum Inc 60.05                    Technology 2026-07-24 16.21 2026-07-27 19.51  20.36

=== 市值超过20亿的涨幅榜前20名股票 ===
 股票代码                 公司名称                 市值(亿)                板块                     昨天收盘              今天收盘       涨跌幅(%)
 QBTS                  D-Wave Quantum Inc   60.05                    Technology  2026-07-24 16.21  2026-07-27 19.51 20.36 
  RHI                     Robert Half Inc   36.10         Professional Services  2026-07-24 35.29  2026-07-27 39.74 12.61 
  DJT Trump Media & Technology Group Corp   23.71                         Media   2026-07-24 8.56   2026-07-27 9.56 11.68 
 SHOP                         Shopify Inc 1476.08                    Technology 2026-07-24 113.75 2026-07-27 126.88 11.54 
  RNG                     RingCentral Inc   44.84                    Technology  2026-07-24 48.31   2026-07-27 53.7 11.16 
 NAVN                           Navan Inc   59.00 Hotels, Restaurants & Leisure   2026-07-24 23.2  2026-07-27 25.78 11.12 
LBRDB              Liberty Broadband Corp   41.45                         Media   2026-07-24 28.0   2026-07-27 31.0 10.71 
  YSS              York Space Systems Inc   42.69           Aerospace & Defense  2026-07-24 17.06  2026-07-27 18.87 10.61 
  AMC      AMC Entertainment Holdings Inc   20.26                         Media   2026-07-24 2.27   2026-07-27 2.51 10.57 
 RGTI               Rigetti Computing Inc   47.03                Semiconductors  2026-07-24 14.15  2026-07-27 15.64 10.53 
 TEAM                      Atlassian Corp  220.47                    Technology  2026-07-24 86.88  2026-07-27 95.87 10.35 
  JBS                              Jbs NV  131.21                 Food Products  2026-07-24 12.28  2026-07-27 13.55 10.34 
  LIF                         Life360 Inc   39.59                    Technology  2026-07-24 48.86  2026-07-27 53.83 10.17 
 ANDG                  Andersen Group Inc   48.36         Professional Services  2026-07-24 42.82  2026-07-27 46.94  9.62 
 IONQ                            IONQ Inc  134.08                    Technology  2026-07-24 32.84  2026-07-27 35.92  9.38 
  PAY              Paymentus Holdings Inc   36.32            Financial Services  2026-07-24 28.87  2026-07-27 31.48  9.04 
 HUBS                         HubSpot Inc  104.94                    Technology 2026-07-24 204.89 2026-07-27 223.01  8.84 
 PCOR            Procore Technologies Inc   64.63                    Technology  2026-07-24 42.83  2026-07-27 46.58  8.76 
 DUOL                        Duolingo Inc   56.96 Diversified Consumer Services 2026-07-24 122.24 2026-07-27 132.82  8.66 
  FIG                           Figma Inc  111.59                    Technology  2026-07-24 21.12  2026-07-27 22.94  8.62 

=== 市值超过50亿的涨幅榜前20名股票 ===
股票代码            公司名称            市值(亿)                板块                     昨天收盘              今天收盘       涨跌幅(%)
QBTS        D-Wave Quantum Inc   60.05                    Technology  2026-07-24 16.21  2026-07-27 19.51 20.36 
SHOP               Shopify Inc 1476.08                    Technology 2026-07-24 113.75 2026-07-27 126.88 11.54 
NAVN                 Navan Inc   59.00 Hotels, Restaurants & Leisure   2026-07-24 23.2  2026-07-27 25.78 11.12 
TEAM            Atlassian Corp  220.47                    Technology  2026-07-24 86.88  2026-07-27 95.87 10.35 
 JBS                    Jbs NV  131.21                 Food Products  2026-07-24 12.28  2026-07-27 13.55 10.34 
IONQ                  IONQ Inc  134.08                    Technology  2026-07-24 32.84  2026-07-27 35.92  9.38 
HUBS               HubSpot Inc  104.94                    Technology 2026-07-24 204.89 2026-07-27 223.01  8.84 
PCOR  Procore Technologies Inc   64.63                    Technology  2026-07-24 42.83  2026-07-27 46.58  8.76 
DUOL              Duolingo Inc   56.96 Diversified Consumer Services 2026-07-24 122.24 2026-07-27 132.82  8.66 
 FIG                 Figma Inc  111.59                    Technology  2026-07-24 21.12  2026-07-27 22.94  8.62 
KVYO               Klaviyo Inc   53.06                    Technology   2026-07-24 16.4  2026-07-27 17.73  8.11 
ADSK              Autodesk Inc  442.57                    Technology 2026-07-24 209.75 2026-07-27 225.91  7.70 
HIMS    Hims & Hers Health Inc   65.02                   Health Care  2026-07-24 28.09  2026-07-27 30.24  7.65 
MSTR              Strategy Inc  321.26                    Technology  2026-07-24 91.67  2026-07-27 98.65  7.61 
 BSY      Bentley Systems, Inc   95.39                    Technology   2026-07-24 31.4  2026-07-27 33.71  7.36 
PATH                UiPath Inc   60.21                    Technology  2026-07-24 10.84  2026-07-27 11.62  7.20 
EXPE         Expedia Group Inc  311.98 Hotels, Restaurants & Leisure 2026-07-24 259.94 2026-07-27 278.37  7.09 
PLTR Palantir Technologies Inc 2946.78                    Technology 2026-07-24 122.92 2026-07-27 131.53  7.00 
   M                Macy's Inc   61.50                        Retail  2026-07-24 23.38  2026-07-27 24.96  6.76 
 IOT               Samsara Inc  193.53                    Technology  2026-07-24 33.11  2026-07-27 35.34  6.74 

=== 市值超过100亿的涨幅榜前20名股票 ===
 股票代码            公司名称             市值(亿)                板块                      昨天收盘              今天收盘       涨跌幅(%)
 SHOP                Shopify Inc 1476.08                     Technology 2026-07-24 113.75 2026-07-27 126.88 11.54 
 TEAM             Atlassian Corp  220.47                     Technology  2026-07-24 86.88  2026-07-27 95.87 10.35 
  JBS                     Jbs NV  131.21                  Food Products  2026-07-24 12.28  2026-07-27 13.55 10.34 
 IONQ                   IONQ Inc  134.08                     Technology  2026-07-24 32.84  2026-07-27 35.92  9.38 
 HUBS                HubSpot Inc  104.94                     Technology 2026-07-24 204.89 2026-07-27 223.01  8.84 
  FIG                  Figma Inc  111.59                     Technology  2026-07-24 21.12  2026-07-27 22.94  8.62 
 ADSK               Autodesk Inc  442.57                     Technology 2026-07-24 209.75 2026-07-27 225.91  7.70 
 MSTR               Strategy Inc  321.26                     Technology  2026-07-24 91.67  2026-07-27 98.65  7.61 
 EXPE          Expedia Group Inc  311.98  Hotels, Restaurants & Leisure 2026-07-24 259.94 2026-07-27 278.37  7.09 
 PLTR  Palantir Technologies Inc 2946.78                     Technology 2026-07-24 122.92 2026-07-27 131.53  7.00 
  IOT                Samsara Inc  193.53                     Technology  2026-07-24 33.11  2026-07-27 35.34  6.74 
 CHTR Charter Communications Inc  170.78                          Media 2026-07-24 123.31 2026-07-27 131.61  6.73 
 DASH               DoorDash Inc  753.40  Hotels, Restaurants & Leisure 2026-07-24 172.91 2026-07-27 184.37  6.63 
 CPRT                 Copart Inc  258.67 Commercial Services & Supplies  2026-07-24 27.94  2026-07-27 29.79  6.62 
    U         Unity Software Inc  124.94                     Technology  2026-07-24 28.62  2026-07-27 30.44  6.36 
  TYL     Tyler Technologies Inc  133.20                     Technology 2026-07-24 297.15 2026-07-27 315.88  6.30 
KBCSF               Kbc Groep NV  511.22                        Banking 2026-07-24 138.25 2026-07-27 146.91  6.26 
 RDDT                 Reddit Inc  324.82                          Media 2026-07-24 168.73 2026-07-27 179.23  6.22 
 PINS              Pinterest Inc  123.96                          Media  2026-07-24 22.13   2026-07-27 23.5  6.19 
  CRM             Salesforce Inc 1340.38                     Technology 2026-07-24 163.66  2026-07-27 173.6  6.07 

=== 市值超过200亿的涨幅榜前20名股票 ===
 股票代码            公司名称            市值(亿)                板块                      昨天收盘              今天收盘       涨跌幅(%)
 SHOP               Shopify Inc 1476.08                     Technology 2026-07-24 113.75 2026-07-27 126.88 11.54 
 TEAM            Atlassian Corp  220.47                     Technology  2026-07-24 86.88  2026-07-27 95.87 10.35 
 ADSK              Autodesk Inc  442.57                     Technology 2026-07-24 209.75 2026-07-27 225.91  7.70 
 MSTR              Strategy Inc  321.26                     Technology  2026-07-24 91.67  2026-07-27 98.65  7.61 
 EXPE         Expedia Group Inc  311.98  Hotels, Restaurants & Leisure 2026-07-24 259.94 2026-07-27 278.37  7.09 
 PLTR Palantir Technologies Inc 2946.78                     Technology 2026-07-24 122.92 2026-07-27 131.53  7.00 
 DASH              DoorDash Inc  753.40  Hotels, Restaurants & Leisure 2026-07-24 172.91 2026-07-27 184.37  6.63 
 CPRT                Copart Inc  258.67 Commercial Services & Supplies  2026-07-24 27.94  2026-07-27 29.79  6.62 
KBCSF              Kbc Groep NV  511.22                        Banking 2026-07-24 138.25 2026-07-27 146.91  6.26 
 RDDT                Reddit Inc  324.82                          Media 2026-07-24 168.73 2026-07-27 179.23  6.22 
  CRM            Salesforce Inc 1340.38                     Technology 2026-07-24 163.66  2026-07-27 173.6  6.07 
 CVNA                Carvana Co  663.15                         Retail  2026-07-24 60.46  2026-07-27 64.04  5.92 
ESLOF       Essilorluxottica SA  757.08                    Health Care 2026-07-24 183.08 2026-07-27 193.89  5.90 
  BKR           Baker Hughes Co  567.96                         Energy  2026-07-24 57.25  2026-07-27 60.59  5.83 
 COIN       Coinbase Global Inc  417.03             Financial Services 2026-07-24 158.29 2026-07-27 167.49  5.81 
 ISRG    Intuitive Surgical Inc 1192.31                    Health Care  2026-07-24 337.5 2026-07-27 356.83  5.73 
 ADBE                 Adobe Inc  894.81                     Technology 2026-07-24 225.11 2026-07-27 237.75  5.62 
   GM         General Motors Co  725.13                    Automobiles  2026-07-24 82.64  2026-07-27 87.04  5.32 
  XYZ                 Block Inc  444.48             Financial Services  2026-07-24 77.15  2026-07-27 81.24  5.30 
  APP             Applovin Corp 1386.53                     Technology 2026-07-24 391.98 2026-07-27 412.73  5.29 

=== 市值超过1000亿的涨跌榜前20名股票 ===
 股票代码            公司名称            市值(亿)                 板块                      昨天收盘              今天收盘       涨跌幅(%)
 SHOP               Shopify Inc  1476.08                     Technology 2026-07-24 113.75 2026-07-27 126.88 11.54 
 PLTR Palantir Technologies Inc  2946.78                     Technology 2026-07-24 122.92 2026-07-27 131.53  7.00 
  CRM            Salesforce Inc  1340.38                     Technology 2026-07-24 163.66  2026-07-27 173.6  6.07 
 ISRG    Intuitive Surgical Inc  1192.31                    Health Care  2026-07-24 337.5 2026-07-27 356.83  5.73 
  APP             Applovin Corp  1386.53                     Technology 2026-07-24 391.98 2026-07-27 412.73  5.29 
 BKNG      Booking Holdings Inc  1375.10  Hotels, Restaurants & Leisure 2026-07-24 177.46 2026-07-27 186.79  5.26 
 ORCL               Oracle Corp  3312.25                     Technology 2026-07-24 114.99  2026-07-27 119.9  4.27 
BNPQF            BNP Paribas SA  1170.05                        Banking 2026-07-24 118.46  2026-07-27 123.4  4.17 
 SPGI            S&P Global Inc  1262.14             Financial Services  2026-07-24 426.4 2026-07-27 439.83  3.15 
  AXP       American Express Co  2225.54             Financial Services 2026-07-24 326.17 2026-07-27 335.39  2.83 
EADSF                 Airbus SE  1622.08            Aerospace & Defense  2026-07-24 231.8  2026-07-27 238.0  2.67 
  RTX                  RTX Corp  2867.89            Aerospace & Defense 2026-07-24 212.79 2026-07-27 218.42  2.65 
  DHR              Danaher Corp  1346.22 Life Sciences Tools & Services  2026-07-24 191.5  2026-07-27 196.5  2.61 
 GOOG              Alphabet Inc 38926.94                          Media 2026-07-24 319.09 2026-07-27 326.57  2.34 
  PEP               PepsiCo Inc  1864.99                      Beverages 2026-07-24 136.64 2026-07-27 139.79  2.31 
   GE       General Electric Co  3670.17            Aerospace & Defense 2026-07-24 353.73 2026-07-27 361.61  2.23 
   MA            Mastercard Inc  4768.35             Financial Services 2026-07-24 539.66 2026-07-27 551.71  2.23 
  MCD           McDonald's Corp  1881.14  Hotels, Restaurants & Leisure 2026-07-24 264.76 2026-07-27 270.67  2.23 
   KO              Coca-Cola Co  3538.79                      Beverages  2026-07-24 82.25  2026-07-27 84.07  2.21 
GOOGL              Alphabet Inc 38926.94                          Media 2026-07-24 319.74 2026-07-27 326.56  2.13 
