
=== 涨幅榜前20名股票 ===
 股票代码                     公司名称                    市值(亿)               板块                     昨天收盘             今天收盘       涨跌幅(%)
 BKYI                   BIO-Key International Inc  0.04                     Technology  2026-09-28 1.68  2026-09-29 3.12 85.71 
 BGIN                         BGIN Blockchain Ltd  2.91                     Technology  2026-09-28 1.91  2026-09-29 2.57 34.77 
 SVRN                                Oceanpal Inc  1.26                         Marine 2026-09-28 52.06 2026-09-29 67.33 29.34 
 SLXN                  Silexion Therapeutics Corp  0.04                  Biotechnology  2026-09-28 0.25  2026-09-29 0.32 28.23 
 HEPA                  Hepion Pharmaceuticals Inc  0.11                Pharmaceuticals  2026-09-28 0.08   2026-09-29 0.1 25.00 
 KMRK                     K-Tech Solutions Co Ltd  0.24               Leisure Products  2026-09-28 0.93  2026-09-29 1.15 23.52 
 NAUT                  Nautilus Biotechnology Inc  1.74 Life Sciences Tools & Services  2026-09-28 1.11  2026-09-29 1.37 22.97 
 AIFU                                    AIFU Inc  1.75                      Insurance  2026-09-28 8.81 2026-09-29 10.83 22.93 
 EEIQ EpicQuest Education Group International Ltd  0.09  Diversified Consumer Services  2026-09-28 4.58   2026-09-29 5.6 22.27 
 SOAR                            Volato Group Inc  0.21                       Airlines  2026-09-28 0.32  2026-09-29 0.39 22.26 
  OIO                                   Oio Group  6.16 Commercial Services & Supplies  2026-09-28 1.45  2026-09-29 1.77 22.07 
 XRPN                  Armada Acquisition Corp II  3.30                            N/A 2026-09-28 10.57  2026-09-29 12.9 21.99 
 TJGC                              TJGC Group Ltd  3.51                          Media 2026-09-28 28.54 2026-09-29 34.79 21.92 
 ASNS                        Actelis Networks Inc  0.01                 Communications  2026-09-28 0.04  2026-09-29 0.05 20.93 
 TEAD                                    Teads BV  0.50                            N/A  2026-09-28 0.43  2026-09-29 0.51 19.77 
BTAIQ                    BioXcel Therapeutics Inc  0.02                  Biotechnology  2026-09-28 0.04  2026-09-29 0.05 19.27 
  EGG                               Enigmatig Ltd  1.40          Professional Services  2026-09-28 4.25   2026-09-29 5.0 17.65 
  UZX                          Linkage Global Inc  0.05                         Retail  2026-09-28 1.37   2026-09-29 1.6 16.79 
  ITG                                     ITG Inc  3.95                   Construction  2026-09-28 7.07  2026-09-29 8.16 15.42 
 ASPS           Altisource Portfolio Solutions SA  0.70                    Real Estate   2026-09-28 5.3  2026-09-29 6.11 15.28 

=== 市值超过20亿的涨幅榜前20名股票 ===
 股票代码                公司名称                市值(亿)                板块                      昨天收盘              今天收盘       涨跌幅(%)
ADYYF                          Adyen NV  274.51             Financial Services  2026-09-28 947.0 2026-09-29 1059.0 11.83 
 MGNI                       Magnite Inc   36.82                          Media   2026-09-28 23.4  2026-09-29 25.67  9.70 
SLOIF                         Soitec SA   51.05                 Semiconductors 2026-09-28 166.22 2026-09-29 178.42  7.34 
  AGX                         Argan Inc   53.09                   Construction 2026-09-28 355.21 2026-09-29 378.39  6.53 
 ABCL           Abcellera Biologics Inc   48.02 Life Sciences Tools & Services  2026-09-28 13.92  2026-09-29 14.82  6.47 
 SMMT           Summit Therapeutics Inc  130.75                  Biotechnology  2026-09-28 15.48  2026-09-29 16.39  5.88 
 ONTO               Onto Innovation Inc  149.52                 Semiconductors 2026-09-28 288.74 2026-09-29 304.69  5.52 
 LIND Lindblad Expeditions Holdings Inc   20.52  Hotels, Restaurants & Leisure  2026-09-28 29.64  2026-09-29 31.27  5.50 
 CVNA                        Carvana Co  700.12                         Retail  2026-09-28 60.47  2026-09-29 63.62  5.21 
SBGSF             Schneider Electric SE 1640.48           Electrical Equipment  2026-09-28 330.0 2026-09-29 347.15  5.20 
 ANDG                Andersen Group Inc   62.67          Professional Services  2026-09-28 52.78  2026-09-29 55.47  5.10 
  MOD           Modine Manufacturing Co   97.58                       Building 2026-09-28 175.04 2026-09-29 183.72  4.96 
  KMX                        Carmax Inc   84.05                         Retail  2026-09-28 56.55  2026-09-29 59.23  4.74 
  ATI                           ATI Inc  257.29            Aerospace & Defense 2026-09-28 180.67 2026-09-29 188.95  4.58 
 INSP       Inspire Medical Systems Inc   21.16                    Health Care   2026-09-28 70.0  2026-09-29 73.18  4.54 
 MRVL            Marvell Technology Inc 2308.61                 Semiconductors  2026-09-28 251.9 2026-09-29 263.27  4.51 
THLEF                         Thales SA  464.47            Aerospace & Defense  2026-09-28 255.0 2026-09-29 266.31  4.44 
SVYSF                         Solvay SA   25.76                      Chemicals  2026-09-28 27.03  2026-09-29 28.16  4.18 
  VVV                     Valvoline Inc   37.84                         Retail  2026-09-28 28.48  2026-09-29 29.65  4.11 
LBTYB                Liberty Global Ltd   31.47              Telecommunication  2026-09-28 12.05  2026-09-29 12.54  4.07 

=== 市值超过50亿的涨幅榜前20名股票 ===
 股票代码             公司名称             市值(亿)            板块                 昨天收盘              今天收盘       涨跌幅(%)
ADYYF                    Adyen NV  274.51    Financial Services  2026-09-28 947.0 2026-09-29 1059.0 11.83 
SLOIF                   Soitec SA   51.05        Semiconductors 2026-09-28 166.22 2026-09-29 178.42  7.34 
  AGX                   Argan Inc   53.09          Construction 2026-09-28 355.21 2026-09-29 378.39  6.53 
 SMMT     Summit Therapeutics Inc  130.75         Biotechnology  2026-09-28 15.48  2026-09-29 16.39  5.88 
 ONTO         Onto Innovation Inc  149.52        Semiconductors 2026-09-28 288.74 2026-09-29 304.69  5.52 
 CVNA                  Carvana Co  700.12                Retail  2026-09-28 60.47  2026-09-29 63.62  5.21 
SBGSF       Schneider Electric SE 1640.48  Electrical Equipment  2026-09-28 330.0 2026-09-29 347.15  5.20 
 ANDG          Andersen Group Inc   62.67 Professional Services  2026-09-28 52.78  2026-09-29 55.47  5.10 
  MOD     Modine Manufacturing Co   97.58              Building 2026-09-28 175.04 2026-09-29 183.72  4.96 
  KMX                  Carmax Inc   84.05                Retail  2026-09-28 56.55  2026-09-29 59.23  4.74 
  ATI                     ATI Inc  257.29   Aerospace & Defense 2026-09-28 180.67 2026-09-29 188.95  4.58 
 MRVL      Marvell Technology Inc 2308.61        Semiconductors  2026-09-28 251.9 2026-09-29 263.27  4.51 
THLEF                   Thales SA  464.47   Aerospace & Defense  2026-09-28 255.0 2026-09-29 266.31  4.44 
  EIX        Edison International  206.11             Utilities  2026-09-28 51.47  2026-09-29 53.56  4.06 
 FORM              FormFactor Inc  106.44        Semiconductors 2026-09-28 130.97 2026-09-29 136.25  4.03 
 AAOI Applied Optoelectronics Inc   85.48        Communications  2026-09-28 96.82 2026-09-29 100.67  3.98 
 ORCL                 Oracle Corp 4166.41            Technology  2026-09-28 132.6 2026-09-29 137.79  3.91 
 KLAC                    KLA Corp 2564.73        Semiconductors 2026-09-28 189.17 2026-09-29 196.53  3.89 
 TSEM     Tower Semiconductor Ltd  264.50        Semiconductors 2026-09-28 226.04 2026-09-29 234.43  3.71 
 IBRX             Immunitybio Inc   93.58         Biotechnology   2026-09-28 8.52   2026-09-29 8.83  3.64 

=== 市值超过100亿的涨幅榜前20名股票 ===
 股票代码           公司名称           市值(亿)           板块                 昨天收盘              今天收盘       涨跌幅(%)
ADYYF                Adyen NV  274.51   Financial Services  2026-09-28 947.0 2026-09-29 1059.0 11.83 
 SMMT Summit Therapeutics Inc  130.75        Biotechnology  2026-09-28 15.48  2026-09-29 16.39  5.88 
 ONTO     Onto Innovation Inc  149.52       Semiconductors 2026-09-28 288.74 2026-09-29 304.69  5.52 
 CVNA              Carvana Co  700.12               Retail  2026-09-28 60.47  2026-09-29 63.62  5.21 
SBGSF   Schneider Electric SE 1640.48 Electrical Equipment  2026-09-28 330.0 2026-09-29 347.15  5.20 
  ATI                 ATI Inc  257.29  Aerospace & Defense 2026-09-28 180.67 2026-09-29 188.95  4.58 
 MRVL  Marvell Technology Inc 2308.61       Semiconductors  2026-09-28 251.9 2026-09-29 263.27  4.51 
THLEF               Thales SA  464.47  Aerospace & Defense  2026-09-28 255.0 2026-09-29 266.31  4.44 
  EIX    Edison International  206.11            Utilities  2026-09-28 51.47  2026-09-29 53.56  4.06 
 FORM          FormFactor Inc  106.44       Semiconductors 2026-09-28 130.97 2026-09-29 136.25  4.03 
 ORCL             Oracle Corp 4166.41           Technology  2026-09-28 132.6 2026-09-29 137.79  3.91 
 KLAC                KLA Corp 2564.73       Semiconductors 2026-09-28 189.17 2026-09-29 196.53  3.89 
 TSEM Tower Semiconductor Ltd  264.50       Semiconductors 2026-09-28 226.04 2026-09-29 234.43  3.71 
 COHR           Coherent Corp  572.24 Electrical Equipment 2026-09-28 282.45 2026-09-29 292.21  3.46 
   FN                Fabrinet  151.98 Electrical Equipment 2026-09-28 409.96 2026-09-29 424.12  3.45 
 GNRC    Generac Holdings Inc  125.35 Electrical Equipment 2026-09-28 205.21 2026-09-29 212.22  3.42 
 SMTC            Semtech Corp  168.08       Semiconductors 2026-09-28 174.78  2026-09-29 180.1  3.04 
  MTZ              MasTec Inc  168.83         Construction 2026-09-28 204.09 2026-09-29 210.23  3.01 
 LRCX       Lam Research Corp 4052.86       Semiconductors 2026-09-28 314.47 2026-09-29 323.86  2.99 
 MKSI        MKS Incorporated  179.88       Semiconductors 2026-09-28 258.38 2026-09-29 266.02  2.96 

=== 市值超过200亿的涨幅榜前20名股票 ===
 股票代码                   公司名称                   市值(亿)            板块                 昨天收盘               今天收盘       涨跌幅(%)
ADYYF                                Adyen NV   274.51   Financial Services   2026-09-28 947.0 2026-09-29 1059.0 11.83 
 CVNA                              Carvana Co   700.12               Retail   2026-09-28 60.47  2026-09-29 63.62  5.21 
SBGSF                   Schneider Electric SE  1640.48 Electrical Equipment   2026-09-28 330.0 2026-09-29 347.15  5.20 
  ATI                                 ATI Inc   257.29  Aerospace & Defense  2026-09-28 180.67 2026-09-29 188.95  4.58 
 MRVL                  Marvell Technology Inc  2308.61       Semiconductors   2026-09-28 251.9 2026-09-29 263.27  4.51 
THLEF                               Thales SA   464.47  Aerospace & Defense   2026-09-28 255.0 2026-09-29 266.31  4.44 
  EIX                    Edison International   206.11            Utilities   2026-09-28 51.47  2026-09-29 53.56  4.06 
 ORCL                             Oracle Corp  4166.41           Technology   2026-09-28 132.6 2026-09-29 137.79  3.91 
 KLAC                                KLA Corp  2564.73       Semiconductors  2026-09-28 189.17 2026-09-29 196.53  3.89 
 TSEM                 Tower Semiconductor Ltd   264.50       Semiconductors  2026-09-28 226.04 2026-09-29 234.43  3.71 
 COHR                           Coherent Corp   572.24 Electrical Equipment  2026-09-28 282.45 2026-09-29 292.21  3.46 
 LRCX                       Lam Research Corp  4052.86       Semiconductors  2026-09-28 314.47 2026-09-29 323.86  2.99 
 SPCX     Space Exploration Technologies Corp 20253.46    Telecommunication  2026-09-28 145.47 2026-09-29 149.24  2.59 
ASMLF                         ASML Holding NV  5871.11       Semiconductors 2026-09-28 1773.54 2026-09-29 1819.0  2.56 
 MTSI MACOM Technology Solutions Holdings Inc   217.10       Semiconductors  2026-09-28 278.56 2026-09-29 284.27  2.05 
  VST                             Vistra Corp   480.33            Utilities  2026-09-28 138.02 2026-09-29 140.83  2.04 
   KR                               Kroger Co   359.02               Retail   2026-09-28 59.69  2026-09-29 60.79  1.84 
   BA                               Boeing Co  1483.37  Aerospace & Defense  2026-09-28 184.39 2026-09-29 187.68  1.78 
 UBER                   Uber Technologies Inc  1416.72          Road & Rail   2026-09-28 68.16  2026-09-29 69.36  1.76 
  ETR                            Entergy Corp   476.63            Utilities    2026-09-28 98.1  2026-09-29 99.76  1.69 

=== 市值超过1000亿的涨跌榜前20名股票 ===
 股票代码                 公司名称                 市值(亿)                 板块                     昨天收盘               今天收盘        涨跌幅(%)
SBGSF               Schneider Electric SE  1640.48          Electrical Equipment   2026-09-28 330.0  2026-09-29 347.15  5.20 
 MRVL              Marvell Technology Inc  2308.61                Semiconductors   2026-09-28 251.9  2026-09-29 263.27  4.51 
 ORCL                         Oracle Corp  4166.41                    Technology   2026-09-28 132.6  2026-09-29 137.79  3.91 
 KLAC                            KLA Corp  2564.73                Semiconductors  2026-09-28 189.17  2026-09-29 196.53  3.89 
 LRCX                   Lam Research Corp  4052.86                Semiconductors  2026-09-28 314.47  2026-09-29 323.86  2.99 
 SPCX Space Exploration Technologies Corp 20253.46             Telecommunication  2026-09-28 145.47  2026-09-29 149.24  2.59 
ASMLF                     ASML Holding NV  5871.11                Semiconductors 2026-09-28 1773.54  2026-09-29 1819.0  2.56 
   BA                           Boeing Co  1483.37           Aerospace & Defense  2026-09-28 184.39  2026-09-29 187.68  1.78 
 UBER               Uber Technologies Inc  1416.72                   Road & Rail   2026-09-28 68.16   2026-09-29 69.36  1.76 
 NFLX                         Netflix Inc  2927.25                         Media   2026-09-28 69.23    2026-09-29 70.3  1.55 
  ACN                       Accenture PLC  1083.87                    Technology  2026-09-28 174.47  2026-09-29 177.12  1.52 
  GEV                      GE Vernova Inc  2563.43          Electrical Equipment  2026-09-28 949.77  2026-09-29 962.49  1.34 
  SYK                        Stryker Corp  1069.29                   Health Care  2026-09-28 275.31  2026-09-29 278.77  1.26 
 SNDK                        Sandisk Corp  2532.70                    Technology 2026-09-28 1712.89 2026-09-29 1729.76  0.98 
EADSF                           Airbus SE  1528.35           Aerospace & Defense  2026-09-28 219.77   2026-09-29 221.4  0.74 
  MRK                      Merck & Co Inc  3682.99               Pharmaceuticals  2026-09-28 148.69  2026-09-29 149.28  0.40 
   CB                       Chubb Limited  1281.16                     Insurance  2026-09-28 331.37  2026-09-29 332.08  0.21 
 CSCO                   Cisco Systems Inc  4216.20                Communications  2026-09-28 106.74  2026-09-29 106.94  0.19 
 SBUX                      Starbucks Corp  1087.90 Hotels, Restaurants & Leisure   2026-09-28 95.27   2026-09-29 95.43  0.17 
  PEP                         PepsiCo Inc  1756.48                     Beverages   2026-09-28 128.5  2026-09-29 128.69  0.15 
