
=== 涨幅榜前20名股票 ===
 股票代码                   公司名称                   市值(亿)           板块                昨天收盘            今天收盘      涨跌幅(%)
 NCPL                           Netcapital Inc  0.02    Financial Services 2026-08-24 0.26 2026-08-25 0.58 126.56
 DAIC                           CID HoldCo Inc  0.06            Technology 2026-08-24 1.73 2026-08-25 3.88 124.28
  PMI                       Picard Medical Inc  0.18           Health Care 2026-08-24 5.13 2026-08-25 9.55  86.16
  JEM                  707 Cayman Holdings Ltd  0.02          Distributors 2026-08-24 3.82  2026-08-25 6.8  77.88
 OFAL                                OFA Group  0.03 Professional Services 2026-08-24 0.73 2026-08-25 1.05  44.43
 TNMG                            TNL Mediagene  0.02                 Media  2026-08-24 0.4 2026-08-25 0.57  43.22
 EXYN                    Exyn Technologies Inc  0.20   Aerospace & Defense  2026-08-24 2.3 2026-08-25 3.22  40.00
 AMIX                    Autonomix Medical Inc  0.08           Health Care 2026-08-24 5.37 2026-08-25 7.19  33.89
 AKAN                              Akanda Corp  0.03       Pharmaceuticals  2026-08-24 3.7 2026-08-25 4.95  33.60
 BRNX                    Brenmiller Energy Ltd  0.03  Electrical Equipment 2026-08-24 4.18 2026-08-25 5.56  33.01
 PRZO                Parazero Technologies Ltd  0.21  Electrical Equipment 2026-08-24 0.63 2026-08-25 0.82  30.99
 ACTU                 Actuate Therapeutics Inc  0.35         Biotechnology 2026-08-24 1.23 2026-08-25 1.58  28.46
 ZSTK                           Zerostack Corp  0.04           Health Care 2026-08-24 5.06 2026-08-25 6.47  27.87
 RAIN Rain Enhancement Technologies Holdco Inc  0.14             Machinery 2026-08-24 0.93 2026-08-25 1.17  26.08
 TENX                   Tenax Therapeutics Inc  0.83         Biotechnology 2026-08-24 1.85 2026-08-25 2.32  25.41
SNBRQ                        Sleep Number Corp  0.01                Retail 2026-08-24 0.02 2026-08-25 0.03  25.00
 CAPR                Capricor Therapeutics Inc  4.61         Biotechnology  2026-08-24 6.8 2026-08-25 8.29  21.91
 RZLV                           Rezolve AI PLC 11.85            Technology 2026-08-24 2.43 2026-08-25 2.96  21.81
   RR                    Richtech Robotics Inc  4.30             Machinery 2026-08-24 1.62 2026-08-25 1.97  21.60
 ZCAR                     Zoomcar Holdings Inc  0.00           Road & Rail 2026-08-24 0.11 2026-08-25 0.13  21.50

=== 市值超过20亿的涨幅榜前20名股票 ===
股票代码            公司名称            市值(亿)                板块                      昨天收盘              今天收盘       涨跌幅(%)
ABCL    Abcellera Biologics Inc  39.40 Life Sciences Tools & Services  2026-08-24 10.61   2026-08-25 12.5 17.81 
STDN       Standard Nuclear Inc  22.07                            N/A  2026-08-24 11.94  2026-08-25 13.94 16.75 
GENB  Generate Biomedicines Inc  26.97                  Biotechnology  2026-08-24 17.72  2026-08-25 20.38 15.01 
MRNA                Moderna Inc 623.15                  Biotechnology 2026-08-24 138.89 2026-08-25 158.83 14.36 
MAIR Madison Air Solutions Corp 138.48                       Building  2026-08-24 24.97  2026-08-25 27.99 12.09 
PURR Hyperliquid Strategies Inc  22.97                  Biotechnology  2026-08-24 10.64  2026-08-25 11.87 11.56 
OKLO                   Oklo Inc  79.78                      Utilities  2026-08-24 39.69  2026-08-25 44.27 11.54 
BEAM      Beam Therapeutics Inc  32.24                  Biotechnology  2026-08-24 28.33  2026-08-25 31.03  9.53 
SMCI   Super Micro Computer Inc 247.95                     Technology  2026-08-24 35.17  2026-08-25 38.46  9.35 
 RUM                 Rumble Inc  51.56                          Media   2026-08-24 9.36  2026-08-25 10.23  9.29 
 LEU        Centrus Energy Corp  36.76                         Energy 2026-08-24 177.14 2026-08-25 193.39  9.17 
FRHC       Freedom Holding Corp 105.57             Financial Services 2026-08-24 157.41 2026-08-25 171.02  8.65 
 SMR         Nuscale Power Corp  40.63           Electrical Equipment   2026-08-24 9.05   2026-08-25 9.81  8.40 
HOOD      Robinhood Markets Inc 996.72             Financial Services 2026-08-24 103.62 2026-08-25 112.09  8.17 
IBRX            Immunitybio Inc  84.31                  Biotechnology   2026-08-24 7.58   2026-08-25 8.19  8.05 
KEEL   Keel Infrastructure Corp  21.49                     Technology   2026-08-24 3.25   2026-08-25 3.51  8.00 
GRAL                  Grail Inc  37.24                  Biotechnology  2026-08-24 76.58  2026-08-25 82.54  7.78 
QURE                 Uniqure NV  34.45                  Biotechnology  2026-08-24 47.46  2026-08-25 51.05  7.56 
PLBL         Polibeli Group Ltd  21.62                   Distributors   2026-08-24 5.67   2026-08-25 6.09  7.41 
UUUU           Energy Fuels Inc  37.37                         Energy  2026-08-24 14.88  2026-08-25 15.97  7.33 

=== 市值超过50亿的涨幅榜前20名股票 ===
股票代码               公司名称              市值(亿)           板块                 昨天收盘              今天收盘       涨跌幅(%)
MRNA                     Moderna Inc 623.15        Biotechnology 2026-08-24 138.89 2026-08-25 158.83 14.36 
MAIR      Madison Air Solutions Corp 138.48             Building  2026-08-24 24.97  2026-08-25 27.99 12.09 
OKLO                        Oklo Inc  79.78            Utilities  2026-08-24 39.69  2026-08-25 44.27 11.54 
SMCI        Super Micro Computer Inc 247.95           Technology  2026-08-24 35.17  2026-08-25 38.46  9.35 
 RUM                      Rumble Inc  51.56                Media   2026-08-24 9.36  2026-08-25 10.23  9.29 
FRHC            Freedom Holding Corp 105.57   Financial Services 2026-08-24 157.41 2026-08-25 171.02  8.65 
HOOD           Robinhood Markets Inc 996.72   Financial Services 2026-08-24 103.62 2026-08-25 112.09  8.17 
IBRX                 Immunitybio Inc  84.31        Biotechnology   2026-08-24 7.58   2026-08-25 8.19  8.05 
APLD            Applied Digital Corp  82.30           Technology  2026-08-24 26.89  2026-08-25 28.85  7.29 
 CAI         Caris Life Sciences Inc  77.33        Biotechnology  2026-08-24 26.13  2026-08-25 28.01  7.19 
SNAP                        Snap Inc  96.40                Media   2026-08-24 5.53   2026-08-25 5.92  7.05 
CRSP          CRISPR Therapeutics AG  59.05        Biotechnology  2026-08-24 57.08   2026-08-25 60.9  6.70 
LITE           Lumentum Holdings Inc 773.46       Communications 2026-08-24 830.17 2026-08-25 885.57  6.67 
  BE               Bloom Energy Corp 629.52 Electrical Equipment 2026-08-24 204.02 2026-08-25 217.45  6.58 
RIOT              Riot Platforms Inc  79.67           Technology   2026-08-24 20.0   2026-08-25 21.3  6.50 
FIGR Figure Technology Solutions Inc  88.91   Financial Services  2026-08-24 38.64  2026-08-25 41.14  6.47 
RDDT                      Reddit Inc 308.60                Media  2026-08-24 152.7 2026-08-25 162.45  6.39 
CIFR              Cipher Digital Inc  66.91           Technology  2026-08-24 15.36  2026-08-25 16.31  6.18 
 UEC             Uranium Energy Corp  65.94               Energy  2026-08-24 12.51  2026-08-25 13.27  6.08 
IREN                        IREN Ltd 149.92           Technology  2026-08-24 39.81  2026-08-25 42.21  6.03 

=== 市值超过100亿的涨幅榜前20名股票 ===
股票代码              公司名称              市值(亿)           板块                 昨天收盘              今天收盘       涨跌幅(%)
MRNA                   Moderna Inc  623.15        Biotechnology 2026-08-24 138.89 2026-08-25 158.83 14.36 
MAIR    Madison Air Solutions Corp  138.48             Building  2026-08-24 24.97  2026-08-25 27.99 12.09 
SMCI      Super Micro Computer Inc  247.95           Technology  2026-08-24 35.17  2026-08-25 38.46  9.35 
FRHC          Freedom Holding Corp  105.57   Financial Services 2026-08-24 157.41 2026-08-25 171.02  8.65 
HOOD         Robinhood Markets Inc  996.72   Financial Services 2026-08-24 103.62 2026-08-25 112.09  8.17 
LITE         Lumentum Holdings Inc  773.46       Communications 2026-08-24 830.17 2026-08-25 885.57  6.67 
  BE             Bloom Energy Corp  629.52 Electrical Equipment 2026-08-24 204.02 2026-08-25 217.45  6.58 
RDDT                    Reddit Inc  308.60                Media  2026-08-24 152.7 2026-08-25 162.45  6.39 
IREN                      IREN Ltd  149.92           Technology  2026-08-24 39.81  2026-08-25 42.21  6.03 
IBKR Interactive Brokers Group Inc 1608.69   Financial Services  2026-08-24 93.05  2026-08-25 98.19  5.52 
SMTC                  Semtech Corp  118.59       Semiconductors 2026-08-24 120.91 2026-08-25 127.52  5.47 
NBIS               Nebius Group NV  593.79           Technology 2026-08-24 210.91 2026-08-25 221.97  5.24 
CDNS    Cadence Design Systems Inc  908.77           Technology 2026-08-24 315.92  2026-08-25 331.9  5.06 
SMMT       Summit Therapeutics Inc  106.26        Biotechnology  2026-08-24 12.73  2026-08-25 13.36  4.95 
 AMD    Advanced Micro Devices Inc 7779.31       Semiconductors 2026-08-24 456.75 2026-08-25 479.18  4.91 
CRCL     Circle Internet Group Inc  231.46           Technology  2026-08-24 87.72  2026-08-25 92.02  4.90 
MRVL        Marvell Technology Inc 2134.16       Semiconductors 2026-08-24 229.29 2026-08-25 240.38  4.84 
TTMI          TTM Technologies Inc  118.04 Electrical Equipment 2026-08-24 107.12  2026-08-25 112.3  4.84 
  MP             MP Materials Corp  105.29      Metals & Mining  2026-08-24 57.42  2026-08-25 60.17  4.79 
CVNA                    Carvana Co  827.44               Retail  2026-08-24 72.33  2026-08-25 75.77  4.76 

=== 市值超过200亿的涨幅榜前20名股票 ===
股票代码              公司名称              市值(亿)           板块                 昨天收盘              今天收盘       涨跌幅(%)
MRNA                   Moderna Inc  623.15        Biotechnology 2026-08-24 138.89 2026-08-25 158.83 14.36 
SMCI      Super Micro Computer Inc  247.95           Technology  2026-08-24 35.17  2026-08-25 38.46  9.35 
HOOD         Robinhood Markets Inc  996.72   Financial Services 2026-08-24 103.62 2026-08-25 112.09  8.17 
LITE         Lumentum Holdings Inc  773.46       Communications 2026-08-24 830.17 2026-08-25 885.57  6.67 
  BE             Bloom Energy Corp  629.52 Electrical Equipment 2026-08-24 204.02 2026-08-25 217.45  6.58 
RDDT                    Reddit Inc  308.60                Media  2026-08-24 152.7 2026-08-25 162.45  6.39 
IBKR Interactive Brokers Group Inc 1608.69   Financial Services  2026-08-24 93.05  2026-08-25 98.19  5.52 
NBIS               Nebius Group NV  593.79           Technology 2026-08-24 210.91 2026-08-25 221.97  5.24 
CDNS    Cadence Design Systems Inc  908.77           Technology 2026-08-24 315.92  2026-08-25 331.9  5.06 
 AMD    Advanced Micro Devices Inc 7779.31       Semiconductors 2026-08-24 456.75 2026-08-25 479.18  4.91 
CRCL     Circle Internet Group Inc  231.46           Technology  2026-08-24 87.72  2026-08-25 92.02  4.90 
MRVL        Marvell Technology Inc 2134.16       Semiconductors 2026-08-24 229.29 2026-08-25 240.38  4.84 
CVNA                    Carvana Co  827.44               Retail  2026-08-24 72.33  2026-08-25 75.77  4.76 
 CCJ                   Cameco Corp  463.50               Energy 2026-08-24 102.27 2026-08-25 106.96  4.59 
COHR                 Coherent Corp  558.02 Electrical Equipment 2026-08-24 275.49 2026-08-25 288.14  4.59 
COIN           Coinbase Global Inc  492.08   Financial Services 2026-08-24 179.48 2026-08-25 187.16  4.28 
DELL         Dell Technologies Inc 2923.33           Technology 2026-08-24 433.19  2026-08-25 451.5  4.23 
CIEN                    Ciena Corp  541.66       Communications 2026-08-24 371.95 2026-08-25 387.66  4.22 
SOFI         SoFi Technologies Inc  243.40   Financial Services  2026-08-24 18.24   2026-08-25 19.0  4.17 
  UI                  Ubiquiti Inc  343.45       Communications 2026-08-24 553.11 2026-08-25 575.79  4.10 

=== 市值超过1000亿的涨跌榜前20名股票 ===
股票代码                 公司名称                 市值(亿)            板块                昨天收盘               今天收盘        涨跌幅(%)
IBKR       Interactive Brokers Group Inc  1608.69  Financial Services   2026-08-24 93.05   2026-08-25 98.19  5.52 
 AMD          Advanced Micro Devices Inc  7779.31      Semiconductors  2026-08-24 456.75  2026-08-25 479.18  4.91 
MRVL              Marvell Technology Inc  2134.16      Semiconductors  2026-08-24 229.29  2026-08-25 240.38  4.84 
DELL               Dell Technologies Inc  2923.33          Technology  2026-08-24 433.19   2026-08-25 451.5  4.23 
 APP                       Applovin Corp  1027.50          Technology  2026-08-24 298.59  2026-08-25 310.54  4.00 
 MRK                      Merck & Co Inc  3786.62     Pharmaceuticals  2026-08-24 150.66  2026-08-25 156.45  3.84 
 MCK                       McKesson Corp  1031.60         Health Care  2026-08-24 873.79  2026-08-25 905.09  3.58 
 STX     Seagate Technology Holdings PLC  1865.85          Technology  2026-08-24 794.65  2026-08-25 821.67  3.40 
NFLX                         Netflix Inc  3410.69               Media   2026-08-24 80.01   2026-08-25 82.23  2.77 
SPOT               Spotify Technology SA  1136.52               Media  2026-08-24 537.84  2026-08-25 552.57  2.74 
SHOP                         Shopify Inc  1980.53          Technology   2026-08-24 149.8  2026-08-25 153.88  2.72 
 FCX                Freeport-McMoRan Inc  1126.41     Metals & Mining    2026-08-24 77.8   2026-08-25 79.91  2.71 
SCCO                Southern Copper Corp  1822.18     Metals & Mining  2026-08-24 214.25   2026-08-25 219.7  2.54 
MELI                    MercadoLibre Inc  1017.31              Retail  2026-08-24 1947.9  2026-08-25 1997.0  2.52 
 NEM                 Newmont Corporation  1410.89     Metals & Mining  2026-08-24 131.84  2026-08-25 135.14  2.50 
  MU               Micron Technology Inc 10497.76      Semiconductors  2026-08-24 910.43  2026-08-25 932.97  2.48 
  GE                 General Electric Co  3589.55 Aerospace & Defense  2026-08-24 341.84  2026-08-25 349.54  2.25 
SPCX Space Exploration Technologies Corp 18859.71   Telecommunication   2026-08-24 135.0  2026-08-25 137.95  2.19 
NVDA                         NVIDIA Corp 51134.62      Semiconductors  2026-08-24 208.48  2026-08-25 213.05  2.19 
  GS             Goldman Sachs Group Inc  3058.03  Financial Services 2026-08-24 1036.28 2026-08-25 1058.88  2.18 
