
=== 涨幅榜前20名股票 ===
股票代码                   公司名称                   市值(亿)            板块                昨天收盘              今天收盘       涨跌幅(%)
GRNQ                    GreenPro Capital Corp   2.06    Financial Services  2026-08-05 1.13   2026-08-06 10.0 781.06
CLRO                             Clearone Inc   0.10        Communications  2026-08-05 3.68    2026-08-06 9.8 166.30
FOXO                    Foxo Technologies Inc   0.00            Technology  2026-08-05 0.06   2026-08-06 0.12  91.35
CELZ Creative Medical Technology Holdings Inc   0.05         Biotechnology  2026-08-05 0.67   2026-08-06 1.15  71.95
GAUZ                                Gauzy Ltd   0.08  Electrical Equipment  2026-08-05 0.25   2026-08-06 0.43  69.32
 AZI  Autozi Internet Technology (Global) Ltd   1.09                Retail  2026-08-05 1.01    2026-08-06 1.6  58.42
 ZTG                       Zenta Group Co Ltd   0.40 Professional Services   2026-08-05 6.8  2026-08-06 10.05  47.79
SURG                            Surgepays Inc   0.08     Telecommunication  2026-08-05 0.22   2026-08-06 0.32  45.74
ENSC                  Ensysce Biosciences Inc   0.08         Biotechnology  2026-08-05 0.36   2026-08-06 0.52  44.83
IOVA              Iovance Biotherapeutics Inc  27.73         Biotechnology  2026-08-05 4.34   2026-08-06 6.21  43.09
HNST                       Honest Company Inc   5.97     Consumer products  2026-08-05 3.85   2026-08-06 5.42  40.78
PAVS   Paranovus Entertainment Technology Ltd   0.06     Consumer products  2026-08-05 4.91   2026-08-06 6.88  40.12
ASPN                       Aspen Aerogels Inc   5.71             Chemicals  2026-08-05 5.01   2026-08-06 6.89  37.52
INSM                               Insmed Inc 287.31         Biotechnology 2026-08-05 99.02 2026-08-06 132.55  33.86
OPRT                   Oportun Financial Corp   3.70    Financial Services  2026-08-05 6.06   2026-08-06 8.05  32.84
 KRO                     Kronos Worldwide Inc   9.47             Chemicals  2026-08-05 6.21   2026-08-06 8.23  32.53
 HTZ                Hertz Global Holdings Inc   7.13           Road & Rail  2026-08-05 1.56   2026-08-06 2.02  29.49
PAYS                              Paysign Inc   6.93    Financial Services  2026-08-05 9.59   2026-08-06 12.4  29.30
AEVA                    Aeva Technologies Inc  17.06  Electrical Equipment 2026-08-05 19.61  2026-08-06 25.26  28.81
FEAM                5E Advanced Materials Inc   0.72       Metals & Mining  2026-08-05 1.36   2026-08-06 1.74  27.94

=== 市值超过20亿的涨幅榜前20名股票 ===
股票代码                   公司名称                  市值(亿)                 板块                       昨天收盘              今天收盘       涨跌幅(%)
IOVA             Iovance Biotherapeutics Inc  27.73                    Biotechnology   2026-08-05 4.34   2026-08-06 6.21 43.09 
INSM                              Insmed Inc 287.31                    Biotechnology  2026-08-05 99.02 2026-08-06 132.55 33.86 
SITM                             SiTime Corp 181.48                   Semiconductors 2026-08-05 543.12  2026-08-06 687.5 26.58 
PAYC                     Paycom Software Inc 102.87            Professional Services  2026-08-05 174.8 2026-08-06 215.97 23.55 
 VAC       Marriott Vacations Worldwide Corp  42.84    Hotels, Restaurants & Leisure 2026-08-05 101.74 2026-08-06 124.75 22.62 
 CAI                 Caris Life Sciences Inc  56.54                    Biotechnology  2026-08-05 16.45   2026-08-06 20.0 21.58 
CACI                  CACI International Inc 138.91            Professional Services 2026-08-05 518.03 2026-08-06 628.79 21.38 
CHYM                     Chime Financial Inc 119.07               Financial Services  2026-08-05 25.92  2026-08-06 31.25 20.56 
FTDR                           Frontdoor Inc  63.16    Diversified Consumer Services  2026-08-05 76.38  2026-08-06 89.92 17.73 
DXPE                     DXP Enterprises Inc  30.73 Trading Companies & Distributors 2026-08-05 168.37 2026-08-06 198.21 17.72 
MGNI                             Magnite Inc  34.83                            Media  2026-08-05 20.67  2026-08-06 24.32 17.66 
  FA                    First Advantage Corp  41.37            Professional Services  2026-08-05 20.56  2026-08-06 24.12 17.32 
PRAX          Praxis Precision Medicines Inc 103.20                    Biotechnology 2026-08-05 319.23 2026-08-06 370.16 15.95 
DIOD                              Diodes Inc  45.36                   Semiconductors  2026-08-05 85.59  2026-08-06 98.72 15.34 
   U                      Unity Software Inc 178.15                       Technology  2026-08-05 35.47  2026-08-06 40.81 15.05 
MTSI MACOM Technology Solutions Holdings Inc 230.14                   Semiconductors 2026-08-05 263.46 2026-08-06 301.64 14.49 
DGII                  Digi International Inc  31.30                   Communications  2026-08-05 72.75  2026-08-06 83.01 14.10 
TIGO      Millicom International Cellular SA 174.76                Telecommunication  2026-08-05 91.79 2026-08-06 104.31 13.64 
 TPC                       Tutor Perini Corp  50.39                     Construction  2026-08-05 84.55  2026-08-06 95.77 13.27 
LCLN               Lincoln International Inc  24.60               Financial Services  2026-08-05 20.76  2026-08-06 23.41 12.76 

=== 市值超过50亿的涨幅榜前20名股票 ===
股票代码                   公司名称                  市值(亿)                板块                     昨天收盘              今天收盘       涨跌幅(%)
INSM                              Insmed Inc 287.31                 Biotechnology  2026-08-05 99.02 2026-08-06 132.55 33.86 
SITM                             SiTime Corp 181.48                Semiconductors 2026-08-05 543.12  2026-08-06 687.5 26.58 
PAYC                     Paycom Software Inc 102.87         Professional Services  2026-08-05 174.8 2026-08-06 215.97 23.55 
 CAI                 Caris Life Sciences Inc  56.54                 Biotechnology  2026-08-05 16.45   2026-08-06 20.0 21.58 
CACI                  CACI International Inc 138.91         Professional Services 2026-08-05 518.03 2026-08-06 628.79 21.38 
CHYM                     Chime Financial Inc 119.07            Financial Services  2026-08-05 25.92  2026-08-06 31.25 20.56 
FTDR                           Frontdoor Inc  63.16 Diversified Consumer Services  2026-08-05 76.38  2026-08-06 89.92 17.73 
PRAX          Praxis Precision Medicines Inc 103.20                 Biotechnology 2026-08-05 319.23 2026-08-06 370.16 15.95 
   U                      Unity Software Inc 178.15                    Technology  2026-08-05 35.47  2026-08-06 40.81 15.05 
MTSI MACOM Technology Solutions Holdings Inc 230.14                Semiconductors 2026-08-05 263.46 2026-08-06 301.64 14.49 
TIGO      Millicom International Cellular SA 174.76             Telecommunication  2026-08-05 91.79 2026-08-06 104.31 13.64 
 TPC                       Tutor Perini Corp  50.39                  Construction  2026-08-05 84.55  2026-08-06 95.77 13.27 
 EHC                   Encompass Health Corp 123.82                   Health Care  2026-08-05 110.9 2026-08-06 124.82 12.55 
SMTC                            Semtech Corp 125.55                Semiconductors 2026-08-05 121.25 2026-08-06 134.78 11.16 
 DPC                        DPC Holdings PLC  82.50          Electrical Equipment  2026-08-05 51.37  2026-08-06 56.84 10.65 
SRRK               Scholar Rock Holding Corp  63.08                 Biotechnology  2026-08-05 47.87  2026-08-06 52.64  9.96 
 ORA                  Ormat Technologies Inc  65.99                     Utilities  2026-08-05 98.02 2026-08-06 107.38  9.55 
  XE                            X-Energy Inc  69.29          Electrical Equipment  2026-08-05 19.05  2026-08-06 20.82  9.29 
  VG                      Venture Global Inc 308.81                        Energy  2026-08-05 12.43  2026-08-06 13.58  9.25 
 ATI                                 ATI Inc 304.92           Aerospace & Defense 2026-08-05 205.11 2026-08-06 223.43  8.93 

=== 市值超过100亿的涨幅榜前20名股票 ===
 股票代码                   公司名称                   市值(亿)            板块                 昨天收盘              今天收盘       涨跌幅(%)
 INSM                              Insmed Inc  287.31         Biotechnology  2026-08-05 99.02 2026-08-06 132.55 33.86 
 SITM                             SiTime Corp  181.48        Semiconductors 2026-08-05 543.12  2026-08-06 687.5 26.58 
 PAYC                     Paycom Software Inc  102.87 Professional Services  2026-08-05 174.8 2026-08-06 215.97 23.55 
 CACI                  CACI International Inc  138.91 Professional Services 2026-08-05 518.03 2026-08-06 628.79 21.38 
 CHYM                     Chime Financial Inc  119.07    Financial Services  2026-08-05 25.92  2026-08-06 31.25 20.56 
 PRAX          Praxis Precision Medicines Inc  103.20         Biotechnology 2026-08-05 319.23 2026-08-06 370.16 15.95 
    U                      Unity Software Inc  178.15            Technology  2026-08-05 35.47  2026-08-06 40.81 15.05 
 MTSI MACOM Technology Solutions Holdings Inc  230.14        Semiconductors 2026-08-05 263.46 2026-08-06 301.64 14.49 
 TIGO      Millicom International Cellular SA  174.76     Telecommunication  2026-08-05 91.79 2026-08-06 104.31 13.64 
  EHC                   Encompass Health Corp  123.82           Health Care  2026-08-05 110.9 2026-08-06 124.82 12.55 
 SMTC                            Semtech Corp  125.55        Semiconductors 2026-08-05 121.25 2026-08-06 134.78 11.16 
   VG                      Venture Global Inc  308.81                Energy  2026-08-05 12.43  2026-08-06 13.58  9.25 
  ATI                                 ATI Inc  304.92   Aerospace & Defense 2026-08-05 205.11 2026-08-06 223.43  8.93 
  MSI                  Motorola Solutions Inc  786.94        Communications 2026-08-05 438.14 2026-08-06 474.07  8.20 
   PH                    Parker-Hannifin Corp 1348.87             Machinery  2026-08-05 996.9 2026-08-06 1069.8  7.31 
FNCTF                               Orange SA  422.76     Telecommunication   2026-08-05 17.6  2026-08-06 18.83  6.99 
 LDOS                     Leidos Holdings Inc  169.74 Professional Services 2026-08-05 126.85 2026-08-06 135.26  6.63 
KBCSF                            Kbc Groep NV  533.35               Banking 2026-08-05 137.22  2026-08-06 146.2  6.54 
 USFD                   US Foods Holding Corp  235.57                Retail 2026-08-05 100.49 2026-08-06 106.97  6.45 
 TSEM                 Tower Semiconductor Ltd  253.52        Semiconductors 2026-08-05 211.14  2026-08-06 224.7  6.42 

=== 市值超过200亿的涨幅榜前20名股票 ===
 股票代码                   公司名称                   市值(亿)            板块                昨天收盘               今天收盘       涨跌幅(%)
 INSM                              Insmed Inc   287.31       Biotechnology   2026-08-05 99.02 2026-08-06 132.55 33.86 
 MTSI MACOM Technology Solutions Holdings Inc   230.14      Semiconductors  2026-08-05 263.46 2026-08-06 301.64 14.49 
   VG                      Venture Global Inc   308.81              Energy   2026-08-05 12.43  2026-08-06 13.58  9.25 
  ATI                                 ATI Inc   304.92 Aerospace & Defense  2026-08-05 205.11 2026-08-06 223.43  8.93 
  MSI                  Motorola Solutions Inc   786.94      Communications  2026-08-05 438.14 2026-08-06 474.07  8.20 
   PH                    Parker-Hannifin Corp  1348.87           Machinery   2026-08-05 996.9 2026-08-06 1069.8  7.31 
FNCTF                               Orange SA   422.76   Telecommunication    2026-08-05 17.6  2026-08-06 18.83  6.99 
KBCSF                            Kbc Groep NV   533.35             Banking  2026-08-05 137.22  2026-08-06 146.2  6.54 
 USFD                   US Foods Holding Corp   235.57              Retail  2026-08-05 100.49 2026-08-06 106.97  6.45 
 TSEM                 Tower Semiconductor Ltd   253.52      Semiconductors  2026-08-05 211.14  2026-08-06 224.7  6.42 
 SPCX     Space Exploration Technologies Corp 15100.94   Telecommunication  2026-08-05 108.27 2026-08-06 114.92  6.14 
ADYYF                                Adyen NV   299.03  Financial Services 2026-08-05 1030.16 2026-08-06 1093.0  6.10 
  FOX                                Fox Corp   244.42               Media    2026-08-05 52.2  2026-08-06 55.37  6.07 
 FOXA                                Fox Corp   244.42               Media   2026-08-05 58.68  2026-08-06 61.79  5.30 
SNYNF                               Sanofi SA   893.64     Pharmaceuticals    2026-08-05 83.1   2026-08-06 87.3  5.05 
CODGF            Compagnie de Saint Gobain SA   418.85            Building   2026-08-05 96.35 2026-08-06 101.19  5.02 
  LNG                     Cheniere Energy Inc   556.93              Energy  2026-08-05 254.76 2026-08-06 265.77  4.32 
    P                            Everpure Inc   290.06          Technology   2026-08-05 83.74  2026-08-06 87.26  4.20 
  OXY               Occidental Petroleum Corp   557.39              Energy   2026-08-05 53.81  2026-08-06 56.04  4.14 
 ALAB                        Astera Labs, Inc   568.22      Semiconductors  2026-08-05 318.43  2026-08-06 331.5  4.10 

=== 市值超过1000亿的涨跌榜前20名股票 ===
 股票代码                 公司名称                 市值(亿)                  板块                       昨天收盘               今天收盘        涨跌幅(%)
   PH                Parker-Hannifin Corp  1348.87                        Machinery   2026-08-05 996.9  2026-08-06 1069.8  7.31 
 SPCX Space Exploration Technologies Corp 15100.94                Telecommunication  2026-08-05 108.27  2026-08-06 114.92  6.14 
HESAF            Hermes International SCA  1617.79 Textiles, Apparel & Luxury Goods 2026-08-05 1792.85  2026-08-06 1862.0  3.86 
 TMUS                     T-Mobile US Inc  1930.49                Telecommunication  2026-08-05 173.46  2026-08-06 179.97  3.75 
 UBER               Uber Technologies Inc  1434.49                      Road & Rail   2026-08-05 68.18   2026-08-06 70.47  3.36 
  DIS                      Walt Disney Co  1817.78                            Media  2026-08-05 101.76  2026-08-06 104.68  2.87 
    T                            AT&T Inc  1624.70                Telecommunication   2026-08-05 23.06   2026-08-06 23.71  2.82 
 MSFT                      Microsoft Corp 37117.33                       Technology  2026-08-05 487.46  2026-08-06 499.86  2.54 
 SHOP                         Shopify Inc  1913.26                       Technology  2026-08-05 144.24  2026-08-06 147.44  2.22 
  ABT                 Abbott Laboratories  1868.12                      Health Care  2026-08-05 105.71  2026-08-06 107.96  2.13 
  XOM            Exxonmobil Holdings Corp  6506.32                           Energy  2026-08-05 151.63  2026-08-06 154.84  2.12 
  LLY                    Eli Lilly and Co 11224.99                  Pharmaceuticals 2026-08-05 1169.86 2026-08-06 1191.94  1.89 
  STX     Seagate Technology Holdings PLC  1933.16                       Technology  2026-08-05 837.66  2026-08-06 852.95  1.83 
 QCOM                        Qualcomm Inc  1684.47                   Semiconductors  2026-08-05 157.53  2026-08-06 160.39  1.82 
  TTE                    TotalEnergies SE  1647.35                           Energy   2026-08-05 84.74   2026-08-06 86.27  1.81 
BNPQF                      BNP Paribas SA  1238.53                          Banking  2026-08-05 126.59  2026-08-06 128.76  1.71 
LRLCF                          L'Oreal SA  2064.61                Consumer products   2026-08-05 439.0   2026-08-06 446.0  1.59 
  CVX                        Chevron Corp  3768.70                           Energy  2026-08-05 186.41  2026-08-06 189.23  1.51 
  PFE                          Pfizer Inc  1493.31                  Pharmaceuticals   2026-08-05 25.81    2026-08-06 26.2  1.51 
  AMD          Advanced Micro Devices Inc  7978.20                   Semiconductors  2026-08-05 482.05  2026-08-06 489.28  1.50 
