
=== 涨幅榜前20名股票 ===
 股票代码                 公司名称                 市值(亿)                板块                     昨天收盘              今天收盘       涨跌幅(%)
 INDP            Indaptus Therapeutics Inc   1.63                 Biotechnology   2026-09-04 1.22   2026-09-08 1.85 51.64 
  ETS            Elite Express Holding Inc   0.40                   Road & Rail   2026-09-04 0.83   2026-09-08 1.12 34.94 
  SST                          System1 Inc   0.40                         Media   2026-09-04 3.83    2026-09-08 5.0 30.55 
 OESX             Orion Energy Systems Inc   1.02          Electrical Equipment   2026-09-04 25.0  2026-09-08 30.52 22.08 
 ROIV                 Roivant Sciences Ltd 252.31                 Biotechnology  2026-09-04 34.93  2026-09-08 41.48 18.75 
 JDZG                            JIADE Ltd   0.17 Diversified Consumer Services   2026-09-04 3.09   2026-09-08 3.62 17.15 
 HVII Hennessy Capital Investment Corp VII   2.52                           N/A   2026-09-04 9.67  2026-09-08 11.26 16.44 
 TRUG                 Trugolf Holdings Inc   0.02                         Media   2026-09-04 0.38   2026-09-08 0.44 16.42 
  TMS                      Teamshares Inc.   4.54                           N/A   2026-09-04 6.17   2026-09-08 7.16 16.05 
  TGL                  Treasure Global Inc   0.05                         Media   2026-09-04 2.42   2026-09-08 2.79 15.29 
 ALTI                     AlTi Global, Inc   4.68            Financial Services    2026-09-04 3.0   2026-09-08 3.42 14.00 
 AXTI                              AXT Inc  40.42                Semiconductors  2026-09-04 61.64  2026-09-08 69.56 12.85 
 NRGV            Energy Vault Holdings Inc   6.98          Electrical Equipment   2026-09-04 3.84   2026-09-08 4.32 12.50 
 NNOX                   Nano-X Imaging Ltd   0.65                   Health Care   2026-09-04 0.83   2026-09-08 0.93 12.08 
SLOIF                            Soitec SA  51.33                Semiconductors 2026-09-04 151.51 2026-09-08 169.77 12.05 
 FRMI                            Fermi Inc  32.79                   Real Estate   2026-09-04 5.12   2026-09-08 5.71 11.52 
 VIAV                  Viavi Solutions Inc  99.46                Communications  2026-09-04 34.86  2026-09-08 38.75 11.16 
 LITE                Lumentum Holdings Inc 790.49                Communications 2026-09-04 881.26 2026-09-08 978.53 11.04 
 EOSE           Eos Energy Enterprises Inc  14.13          Electrical Equipment   2026-09-04 3.88    2026-09-08 4.3 10.82 
 SMTC                         Semtech Corp 138.01                Semiconductors 2026-09-04 147.89 2026-09-08 162.62  9.96 

=== 市值超过20亿的涨幅榜前20名股票 ===
 股票代码            公司名称             市值(亿)           板块                 昨天收盘              今天收盘       涨跌幅(%)
 ROIV       Roivant Sciences Ltd  252.31        Biotechnology  2026-09-04 34.93  2026-09-08 41.48 18.75 
 AXTI                    AXT Inc   40.42       Semiconductors  2026-09-04 61.64  2026-09-08 69.56 12.85 
SLOIF                  Soitec SA   51.33       Semiconductors 2026-09-04 151.51 2026-09-08 169.77 12.05 
 FRMI                  Fermi Inc   32.79          Real Estate   2026-09-04 5.12   2026-09-08 5.71 11.52 
 VIAV        Viavi Solutions Inc   99.46       Communications  2026-09-04 34.86  2026-09-08 38.75 11.16 
 LITE      Lumentum Holdings Inc  790.49       Communications 2026-09-04 881.26 2026-09-08 978.53 11.04 
 SMTC               Semtech Corp  138.01       Semiconductors 2026-09-04 147.89 2026-09-08 162.62  9.96 
   BE          Bloom Energy Corp  744.77 Electrical Equipment 2026-09-04 252.87 2026-09-08 277.22  9.63 
 KEEL   Keel Infrastructure Corp   21.43           Technology   2026-09-04 3.47   2026-09-08 3.73  7.49 
 APLD       Applied Digital Corp   76.86           Technology  2026-09-04 26.37  2026-09-08 28.31  7.36 
 PHVS               Pharvaris NV   24.63      Pharmaceuticals  2026-09-04 35.25  2026-09-08 37.84  7.35 
 OCUL     Ocular Therapeutix Inc   23.37      Pharmaceuticals  2026-09-04 10.64  2026-09-08 11.37  6.86 
  LEU        Centrus Energy Corp   34.70               Energy 2026-09-04 173.89 2026-09-08 185.53  6.69 
 QBTS         D-Wave Quantum Inc   61.75           Technology  2026-09-04 16.58  2026-09-08 17.67  6.57 
 CIEN                 Ciena Corp  455.21       Communications  2026-09-04 321.0 2026-09-08 341.29  6.32 
 INFQ             Infleqtion Inc   28.96           Technology  2026-09-04 12.85  2026-09-08 13.66  6.30 
 CLSK             CleanSpark Inc   32.59           Technology  2026-09-04 12.69  2026-09-08 13.48  6.23 
 ASTS        AST SpaceMobile Inc  242.49    Telecommunication  2026-09-04 62.31  2026-09-08 66.12  6.11 
  AMD Advanced Micro Devices Inc 7796.21       Semiconductors 2026-09-04 477.57 2026-09-08 505.74  5.90 
  TPL    Texas Pacific Land Corp  249.98               Energy 2026-09-04 362.42  2026-09-08 381.9  5.37 

=== 市值超过50亿的涨幅榜前20名股票 ===
 股票代码            公司名称             市值(亿)           板块                 昨天收盘              今天收盘       涨跌幅(%)
 ROIV       Roivant Sciences Ltd  252.31        Biotechnology  2026-09-04 34.93  2026-09-08 41.48 18.75 
SLOIF                  Soitec SA   51.33       Semiconductors 2026-09-04 151.51 2026-09-08 169.77 12.05 
 VIAV        Viavi Solutions Inc   99.46       Communications  2026-09-04 34.86  2026-09-08 38.75 11.16 
 LITE      Lumentum Holdings Inc  790.49       Communications 2026-09-04 881.26 2026-09-08 978.53 11.04 
 SMTC               Semtech Corp  138.01       Semiconductors 2026-09-04 147.89 2026-09-08 162.62  9.96 
   BE          Bloom Energy Corp  744.77 Electrical Equipment 2026-09-04 252.87 2026-09-08 277.22  9.63 
 APLD       Applied Digital Corp   76.86           Technology  2026-09-04 26.37  2026-09-08 28.31  7.36 
 QBTS         D-Wave Quantum Inc   61.75           Technology  2026-09-04 16.58  2026-09-08 17.67  6.57 
 CIEN                 Ciena Corp  455.21       Communications  2026-09-04 321.0 2026-09-08 341.29  6.32 
 ASTS        AST SpaceMobile Inc  242.49    Telecommunication  2026-09-04 62.31  2026-09-08 66.12  6.11 
  AMD Advanced Micro Devices Inc 7796.21       Semiconductors 2026-09-04 477.57 2026-09-08 505.74  5.90 
  TPL    Texas Pacific Land Corp  249.98               Energy 2026-09-04 362.42  2026-09-08 381.9  5.37 
 IREN                   IREN Ltd  175.83           Technology  2026-09-04 44.68  2026-09-08 46.93  5.04 
 SCCO       Southern Copper Corp 1678.22      Metals & Mining 2026-09-04 198.76 2026-09-08 208.56  4.93 
STMEF      STMicroelectronics NV  415.91       Semiconductors  2026-09-04 49.89  2026-09-08 52.26  4.76 
 CORZ        Core Scientific Inc   57.49           Technology  2026-09-04 17.89  2026-09-08 18.73  4.70 
 TECK         Teck Resources Ltd  339.01      Metals & Mining   2026-09-04 69.1  2026-09-08 71.97  4.15 
 FRVO            Fervo Energy Co   53.53            Utilities  2026-09-04 18.16   2026-09-08 18.9  4.07 
 ECHO              EchoStar Corp  260.86                Media   2026-09-04 89.8  2026-09-08 93.42  4.03 
 VSXY     Victoria's Secret & Co   69.91               Retail  2026-09-04 75.56  2026-09-08 78.47  3.85 

=== 市值超过100亿的涨幅榜前20名股票 ===
 股票代码              公司名称               市值(亿)           板块                 昨天收盘              今天收盘       涨跌幅(%)
 ROIV           Roivant Sciences Ltd  252.31        Biotechnology  2026-09-04 34.93  2026-09-08 41.48 18.75 
 LITE          Lumentum Holdings Inc  790.49       Communications 2026-09-04 881.26 2026-09-08 978.53 11.04 
 SMTC                   Semtech Corp  138.01       Semiconductors 2026-09-04 147.89 2026-09-08 162.62  9.96 
   BE              Bloom Energy Corp  744.77 Electrical Equipment 2026-09-04 252.87 2026-09-08 277.22  9.63 
 CIEN                     Ciena Corp  455.21       Communications  2026-09-04 321.0 2026-09-08 341.29  6.32 
 ASTS            AST SpaceMobile Inc  242.49    Telecommunication  2026-09-04 62.31  2026-09-08 66.12  6.11 
  AMD     Advanced Micro Devices Inc 7796.21       Semiconductors 2026-09-04 477.57 2026-09-08 505.74  5.90 
  TPL        Texas Pacific Land Corp  249.98               Energy 2026-09-04 362.42  2026-09-08 381.9  5.37 
 IREN                       IREN Ltd  175.83           Technology  2026-09-04 44.68  2026-09-08 46.93  5.04 
 SCCO           Southern Copper Corp 1678.22      Metals & Mining 2026-09-04 198.76 2026-09-08 208.56  4.93 
STMEF          STMicroelectronics NV  415.91       Semiconductors  2026-09-04 49.89  2026-09-08 52.26  4.76 
 TECK             Teck Resources Ltd  339.01      Metals & Mining   2026-09-04 69.1  2026-09-08 71.97  4.15 
 ECHO                  EchoStar Corp  260.86                Media   2026-09-04 89.8  2026-09-08 93.42  4.03 
  MTZ                     MasTec Inc  190.48         Construction 2026-09-04 237.19 2026-09-08 246.18  3.79 
 RBLX                    Roblox Corp  309.40                Media  2026-09-04 43.31  2026-09-08 44.82  3.49 
GPDNF                      Danone SA  408.26        Food Products  2026-09-04 73.01   2026-09-08 75.5  3.41 
 STRL    Sterling Infrastructure Inc  148.81         Construction 2026-09-04 486.49  2026-09-08 502.2  3.23 
 QCOM                   Qualcomm Inc 1772.16       Semiconductors 2026-09-04 168.74 2026-09-08 174.09  3.17 
 TTMI           TTM Technologies Inc  132.32 Electrical Equipment  2026-09-04 125.6 2026-09-08 129.35  2.99 
 AEIS Advanced Energy Industries Inc  112.50 Electrical Equipment  2026-09-04 280.9 2026-09-08 288.72  2.78 

=== 市值超过200亿的涨幅榜前20名股票 ===
 股票代码                   公司名称                   市值(亿)                板块                     昨天收盘               今天收盘       涨跌幅(%)
 ROIV                    Roivant Sciences Ltd  252.31                 Biotechnology   2026-09-04 34.93  2026-09-08 41.48 18.75 
 LITE                   Lumentum Holdings Inc  790.49                Communications  2026-09-04 881.26 2026-09-08 978.53 11.04 
   BE                       Bloom Energy Corp  744.77          Electrical Equipment  2026-09-04 252.87 2026-09-08 277.22  9.63 
 CIEN                              Ciena Corp  455.21                Communications   2026-09-04 321.0 2026-09-08 341.29  6.32 
 ASTS                     AST SpaceMobile Inc  242.49             Telecommunication   2026-09-04 62.31  2026-09-08 66.12  6.11 
  AMD              Advanced Micro Devices Inc 7796.21                Semiconductors  2026-09-04 477.57 2026-09-08 505.74  5.90 
  TPL                 Texas Pacific Land Corp  249.98                        Energy  2026-09-04 362.42  2026-09-08 381.9  5.37 
 SCCO                    Southern Copper Corp 1678.22               Metals & Mining  2026-09-04 198.76 2026-09-08 208.56  4.93 
STMEF                   STMicroelectronics NV  415.91                Semiconductors   2026-09-04 49.89  2026-09-08 52.26  4.76 
 TECK                      Teck Resources Ltd  339.01               Metals & Mining    2026-09-04 69.1  2026-09-08 71.97  4.15 
 ECHO                           EchoStar Corp  260.86                         Media    2026-09-04 89.8  2026-09-08 93.42  4.03 
 RBLX                             Roblox Corp  309.40                         Media   2026-09-04 43.31  2026-09-08 44.82  3.49 
GPDNF                               Danone SA  408.26                 Food Products   2026-09-04 73.01   2026-09-08 75.5  3.41 
 QCOM                            Qualcomm Inc 1772.16                Semiconductors  2026-09-04 168.74 2026-09-08 174.09  3.17 
  VIK           Viking Holdings Ltd(Pembroke)  479.71 Hotels, Restaurants & Leisure   2026-09-04 85.81  2026-09-08 88.08  2.65 
EADSF                               Airbus SE 1563.91           Aerospace & Defense  2026-09-04 227.88  2026-09-08 233.6  2.51 
ASMLF                         ASML Holding NV 5731.30                Semiconductors 2026-09-04 1725.99 2026-09-08 1768.0  2.43 
    Q                   Qnity Electronics Inc  252.03                Semiconductors  2026-09-04 120.47 2026-09-08 123.28  2.33 
  OKE                               ONEOK Inc  601.56                        Energy   2026-09-04 95.43  2026-09-08 97.51  2.18 
 MTSI MACOM Technology Solutions Holdings Inc  205.40                Semiconductors  2026-09-04 268.95  2026-09-08 274.8  2.18 

=== 市值超过1000亿的涨跌榜前20名股票 ===
 股票代码               公司名称               市值(亿)                  板块                       昨天收盘               今天收盘        涨跌幅(%)
  AMD      Advanced Micro Devices Inc  7796.21                   Semiconductors  2026-09-04 477.57  2026-09-08 505.74  5.90 
 SCCO            Southern Copper Corp  1678.22                  Metals & Mining  2026-09-04 198.76  2026-09-08 208.56  4.93 
 QCOM                    Qualcomm Inc  1772.16                   Semiconductors  2026-09-04 168.74  2026-09-08 174.09  3.17 
EADSF                       Airbus SE  1563.91              Aerospace & Defense  2026-09-04 227.88   2026-09-08 233.6  2.51 
ASMLF                 ASML Holding NV  5731.30                   Semiconductors 2026-09-04 1725.99  2026-09-08 1768.0  2.43 
 DELL           Dell Technologies Inc  3397.90                       Technology  2026-09-04 524.14  2026-09-08 533.88  1.86 
   PM Philip Morris International Inc  2844.94                          Tobacco  2026-09-04 182.53  2026-09-08 184.73  1.21 
BNPQF                  BNP Paribas SA  1154.80                          Banking  2026-09-04 119.36   2026-09-08 120.1  0.62 
  NEE              Nextera Energy Inc  1740.33                        Utilities   2026-09-04 83.43   2026-09-08 83.83  0.48 
  ADI              Analog Devices Inc  1755.34                   Semiconductors  2026-09-04 362.25   2026-09-08 363.2  0.26 
  CEG       Constellation Energy Corp  1059.24                        Utilities  2026-09-04 298.96  2026-09-08 299.05  0.03 
GOOGL                    Alphabet Inc 41393.66                            Media  2026-09-04 338.46  2026-09-08 338.36 -0.03 
 SNDK                    Sandisk Corp  2547.69                       Technology  2026-09-04 1740.0 2026-09-08 1737.99 -0.12 
  BAC            Bank of America Corp  4383.05                          Banking   2026-09-04 62.68   2026-09-08 62.39 -0.46 
HESAF        Hermes International SCA  1543.49 Textiles, Apparel & Luxury Goods  2026-09-04 1680.5 2026-09-08 1672.65 -0.47 
   PG             Procter & Gamble Co  3403.90                Consumer products  2026-09-04 146.44  2026-09-08 145.58 -0.59 
 AMZN                  Amazon.com Inc 27883.70                           Retail  2026-09-04 258.51  2026-09-08 256.97 -0.60 
 COST           Costco Wholesale Corp  4061.11                           Retail  2026-09-04 915.74  2026-09-08 910.18 -0.61 
   GE             General Electric Co  3497.83              Aerospace & Defense  2026-09-04 337.12  2026-09-08 334.91 -0.66 
  CVS                 CVS Health Corp  1237.28                      Health Care   2026-09-04 96.74   2026-09-08 96.07 -0.69 
