
=== 涨幅榜前20名股票 ===
 股票代码             公司名称            市值(亿)               板块                    昨天收盘             今天收盘       涨跌幅(%)
 RFAI      RF Acquisition Corp II  1.06                           N/A 2026-08-20 12.73  2026-08-21 58.0 355.62
 ADTX                  Aditxt Inc  0.02                 Biotechnology   2026-08-20 0.0   2026-08-21 0.0 150.00
 USDE             Stablecoinx Inc  1.03                    Technology   2026-08-20 4.0  2026-08-21 7.41  85.25
 KNRX                  Knorex Ltd  0.08                         Media  2026-08-20 0.33  2026-08-21 0.52  57.58
 SDOT             Sadot Group Inc  0.11                 Food Products  2026-08-20 8.44 2026-08-21 13.18  56.16
CMBMF       Cambium Networks Corp  0.06                Communications  2026-08-20 0.16  2026-08-21 0.24  54.84
 AIAI          AIAI Holdings Corp  3.55                  Construction  2026-08-20 4.53  2026-08-21 6.62  46.14
 EXYN       Exyn Technologies Inc  0.13           Aerospace & Defense  2026-08-20 1.58  2026-08-21 2.21  39.87
 LSTA     Lisata Therapeutics Inc  0.10                 Biotechnology  2026-08-20 1.12  2026-08-21 1.55  38.39
 PTIX Protagenic Therapeutics Inc  0.01                 Biotechnology   2026-08-20 0.6   2026-08-21 0.8  33.52
 AMCI           AMC Robotics Corp  1.11          Electrical Equipment   2026-08-20 4.9   2026-08-21 6.5  32.65
 CANG                   Cango Inc  0.66                        Retail  2026-08-20 1.62  2026-08-21 2.14  32.10
 DTCX             Datacentrex Inc  0.81                    Technology  2026-08-20 2.02  2026-08-21 2.62  29.70
  ANY              Sphere 3D Corp  0.18                    Technology  2026-08-20 2.02  2026-08-21 2.61  29.21
 HAIN    Hain Celestial Group Inc  0.56                 Food Products  2026-08-20 0.62  2026-08-21 0.79  27.95
 SUPX    SuperX AI Technology Ltd  1.81 Diversified Consumer Services   2026-08-20 6.8  2026-08-21 8.52  25.29
 PSIG  PS International Group Ltd  0.34    Logistics & Transportation  2026-08-20 2.23  2026-08-21 2.79  25.11
SNBRQ           Sleep Number Corp  0.01                        Retail  2026-08-20 0.02  2026-08-21 0.03  25.00
  ZJK       ZJK Industrial Co Ltd  1.09                     Machinery  2026-08-20 1.82  2026-08-21 2.25  23.63
 AIFU                    AIFU Inc  0.93                     Insurance  2026-08-20 15.0  2026-08-21 18.5  23.33

=== 市值超过20亿的涨幅榜前20名股票 ===
股票代码              公司名称               市值(亿)                板块                      昨天收盘              今天收盘       涨跌幅(%)
 SLS Sellas Life Sciences Group Inc   27.06                  Biotechnology   2026-08-20 13.4  2026-08-21 15.46 15.37 
 UEC            Uranium Energy Corp   55.18                         Energy  2026-08-20 11.15  2026-08-21 12.76 14.44 
HOOD          Robinhood Markets Inc  855.03             Financial Services   2026-08-20 95.1 2026-08-21 108.13 13.70 
USAR             USA Rare Earth Inc   42.51                Metals & Mining  2026-08-20 17.11  2026-08-21 19.26 12.57 
INFQ                 Infleqtion Inc   28.28                     Technology  2026-08-20 12.55  2026-08-21 14.12 12.51 
  DK          Delek US Holdings Inc   39.21                         Energy  2026-08-20 64.04  2026-08-21 71.47 11.60 
RGTI          Rigetti Computing Inc   53.62                 Semiconductors  2026-08-20 16.07  2026-08-21 17.91 11.48 
VIRT            Virtu Financial Inc   92.90             Financial Services  2026-08-20 61.19  2026-08-21 67.93 11.01 
 CVI                 CVR Energy Inc   36.02                         Energy  2026-08-20 35.83  2026-08-21 39.51 10.27 
FSLY                     Fastly Inc   36.18                     Technology  2026-08-20 22.71  2026-08-21 24.95  9.86 
FCFS         Firstcash Holdings Inc   89.31             Financial Services 2026-08-20 205.91 2026-08-21 225.28  9.41 
  MP              MP Materials Corp   98.03                Metals & Mining  2026-08-20 55.04  2026-08-21 60.05  9.10 
PARR       Par Pacific Holdings Inc   36.30                         Energy  2026-08-20 72.45  2026-08-21 79.03  9.08 
 TEM                  Tempus AI Inc  120.26 Life Sciences Tools & Services  2026-08-20 66.65  2026-08-21 72.69  9.06 
BTDR     Bitdeer Technologies Group   28.35                     Technology  2026-08-20 10.43  2026-08-21 11.37  9.01 
 BGC                  Bgc Group Inc   51.73             Financial Services  2026-08-20 10.88  2026-08-21 11.85  8.92 
UUUU               Energy Fuels Inc   36.47                         Energy   2026-08-20 13.9  2026-08-21 15.14  8.92 
MRNA                    Moderna Inc  532.26                  Biotechnology 2026-08-20 133.32 2026-08-21 145.13  8.86 
SCCO           Southern Copper Corp 1677.96                Metals & Mining 2026-08-20 198.73  2026-08-21 216.0  8.69 
EROC                      ERock Inc   28.54           Electrical Equipment  2026-08-20 13.01  2026-08-21 14.13  8.61 

=== 市值超过50亿的涨幅榜前20名股票 ===
股票代码               公司名称               市值(亿)                板块                      昨天收盘              今天收盘       涨跌幅(%)
 UEC             Uranium Energy Corp   55.18                         Energy  2026-08-20 11.15  2026-08-21 12.76 14.44 
HOOD           Robinhood Markets Inc  855.03             Financial Services   2026-08-20 95.1 2026-08-21 108.13 13.70 
RGTI           Rigetti Computing Inc   53.62                 Semiconductors  2026-08-20 16.07  2026-08-21 17.91 11.48 
VIRT             Virtu Financial Inc   92.90             Financial Services  2026-08-20 61.19  2026-08-21 67.93 11.01 
FCFS          Firstcash Holdings Inc   89.31             Financial Services 2026-08-20 205.91 2026-08-21 225.28  9.41 
  MP               MP Materials Corp   98.03                Metals & Mining  2026-08-20 55.04  2026-08-21 60.05  9.10 
 TEM                   Tempus AI Inc  120.26 Life Sciences Tools & Services  2026-08-20 66.65  2026-08-21 72.69  9.06 
 BGC                   Bgc Group Inc   51.73             Financial Services  2026-08-20 10.88  2026-08-21 11.85  8.92 
MRNA                     Moderna Inc  532.26                  Biotechnology 2026-08-20 133.32 2026-08-21 145.13  8.86 
SCCO            Southern Copper Corp 1677.96                Metals & Mining 2026-08-20 198.73  2026-08-21 216.0  8.69 
QBTS              D-Wave Quantum Inc   70.02                     Technology   2026-08-20 18.8  2026-08-21 20.39  8.46 
FIGR Figure Technology Solutions Inc   80.62             Financial Services  2026-08-20 36.06   2026-08-21 39.1  8.43 
 CNH               CNH Industrial NV  135.53                      Machinery  2026-08-20 10.95  2026-08-21 11.87  8.40 
COIN             Coinbase Global Inc  454.72             Financial Services 2026-08-20 172.35 2026-08-21 186.49  8.20 
IONQ                        IONQ Inc  168.25                     Technology  2026-08-20 41.53  2026-08-21 44.86  8.02 
RELY              Remitly Global Inc   52.31             Financial Services  2026-08-20 24.71  2026-08-21 26.67  7.93 
 FCX            Freeport-McMoRan Inc 1022.73                Metals & Mining  2026-08-20 71.22  2026-08-21 76.66  7.64 
TGTX             TG Therapeutics Inc   77.39                  Biotechnology  2026-08-20 50.56  2026-08-21 54.27  7.34 
 CCJ                     Cameco Corp  416.33                         Energy  2026-08-20 95.59 2026-08-21 102.51  7.24 
 CAI         Caris Life Sciences Inc   69.46                  Biotechnology  2026-08-20 24.58  2026-08-21 26.27  6.88 

=== 市值超过100亿的涨幅榜前20名股票 ===
股票代码               公司名称                市值(亿)                板块                      昨天收盘              今天收盘       涨跌幅(%)
HOOD            Robinhood Markets Inc  855.03             Financial Services   2026-08-20 95.1 2026-08-21 108.13 13.70 
 TEM                    Tempus AI Inc  120.26 Life Sciences Tools & Services  2026-08-20 66.65  2026-08-21 72.69  9.06 
MRNA                      Moderna Inc  532.26                  Biotechnology 2026-08-20 133.32 2026-08-21 145.13  8.86 
SCCO             Southern Copper Corp 1677.96                Metals & Mining 2026-08-20 198.73  2026-08-21 216.0  8.69 
 CNH                CNH Industrial NV  135.53                      Machinery  2026-08-20 10.95  2026-08-21 11.87  8.40 
COIN              Coinbase Global Inc  454.72             Financial Services 2026-08-20 172.35 2026-08-21 186.49  8.20 
IONQ                         IONQ Inc  168.25                     Technology  2026-08-20 41.53  2026-08-21 44.86  8.02 
 FCX             Freeport-McMoRan Inc 1022.73                Metals & Mining  2026-08-20 71.22  2026-08-21 76.66  7.64 
 CCJ                      Cameco Corp  416.33                         Energy  2026-08-20 95.59 2026-08-21 102.51  7.24 
 ALB                   Albemarle Corp  158.35                      Chemicals 2026-08-20 134.19 2026-08-21 143.25  6.75 
MSTR                     Strategy Inc  431.83                     Technology 2026-08-20 112.39 2026-08-21 119.25  6.10 
  EL       Estee Lauder Companies Inc  347.87              Consumer products  2026-08-20 96.15 2026-08-21 101.94  6.02 
FTAI                FTAI Aviation Ltd  203.16            Aerospace & Defense 2026-08-20 197.81  2026-08-21 209.7  6.01 
RIVN            Rivian Automotive Inc  231.80                    Automobiles  2026-08-20 16.01  2026-08-21 16.97  6.00 
FIVE                   Five Below Inc  130.67                         Retail 2026-08-20 236.31 2026-08-21 250.24  5.89 
 HCA               HCA Healthcare Inc  879.58                    Health Care 2026-08-20 406.27 2026-08-21 429.19  5.64 
  BJ BJ's Wholesale Club Holdings Inc  116.58                         Retail   2026-08-20 91.3  2026-08-21 96.42  5.61 
SOFI            SoFi Technologies Inc  231.45             Financial Services  2026-08-20 17.92  2026-08-21 18.91  5.52 
ASTS              AST SpaceMobile Inc  252.51              Telecommunication  2026-08-20 65.06  2026-08-21 68.65  5.52 
  AU            Anglogold Ashanti PLC  581.47                Metals & Mining 2026-08-20 115.14 2026-08-21 121.22  5.28 

=== 市值超过200亿的涨幅榜前20名股票 ===
股票代码            公司名称             市值(亿)                 板块                     昨天收盘              今天收盘       涨跌幅(%)
HOOD      Robinhood Markets Inc   855.03            Financial Services   2026-08-20 95.1 2026-08-21 108.13 13.70 
MRNA                Moderna Inc   532.26                 Biotechnology 2026-08-20 133.32 2026-08-21 145.13  8.86 
SCCO       Southern Copper Corp  1677.96               Metals & Mining 2026-08-20 198.73  2026-08-21 216.0  8.69 
COIN        Coinbase Global Inc   454.72            Financial Services 2026-08-20 172.35 2026-08-21 186.49  8.20 
 FCX       Freeport-McMoRan Inc  1022.73               Metals & Mining  2026-08-20 71.22  2026-08-21 76.66  7.64 
 CCJ                Cameco Corp   416.33                        Energy  2026-08-20 95.59 2026-08-21 102.51  7.24 
MSTR               Strategy Inc   431.83                    Technology 2026-08-20 112.39 2026-08-21 119.25  6.10 
  EL Estee Lauder Companies Inc   347.87             Consumer products  2026-08-20 96.15 2026-08-21 101.94  6.02 
FTAI          FTAI Aviation Ltd   203.16           Aerospace & Defense 2026-08-20 197.81  2026-08-21 209.7  6.01 
RIVN      Rivian Automotive Inc   231.80                   Automobiles  2026-08-20 16.01  2026-08-21 16.97  6.00 
 HCA         HCA Healthcare Inc   879.58                   Health Care 2026-08-20 406.27 2026-08-21 429.19  5.64 
SOFI      SoFi Technologies Inc   231.45            Financial Services  2026-08-20 17.92  2026-08-21 18.91  5.52 
ASTS        AST SpaceMobile Inc   252.51             Telecommunication  2026-08-20 65.06  2026-08-21 68.65  5.52 
  AU      Anglogold Ashanti PLC   581.47               Metals & Mining 2026-08-20 115.14 2026-08-21 121.22  5.28 
CRCL  Circle Internet Group Inc   212.39                    Technology  2026-08-20 83.66  2026-08-21 87.98  5.16 
MDLN                Medline Inc   428.33                   Health Care  2026-08-20 32.58  2026-08-21 34.26  5.16 
TSLA                  Tesla Inc 13631.07                   Automobiles 2026-08-20 345.13 2026-08-21 362.86  5.14 
 NET             Cloudflare Inc   993.14                    Technology 2026-08-20 278.91 2026-08-21 293.14  5.10 
TECK         Teck Resources Ltd   324.45               Metals & Mining  2026-08-20 66.16   2026-08-21 69.2  4.59 
 CMG Chipotle Mexican Grill Inc   446.57 Hotels, Restaurants & Leisure  2026-08-20 35.29   2026-08-21 36.9  4.56 

=== 市值超过1000亿的涨跌榜前20名股票 ===
 股票代码                 公司名称                 市值(亿)                 板块                     昨天收盘               今天收盘        涨跌幅(%)
 SCCO                Southern Copper Corp  1677.96               Metals & Mining  2026-08-20 198.73   2026-08-21 216.0  8.69 
  FCX                Freeport-McMoRan Inc  1022.73               Metals & Mining   2026-08-20 71.22   2026-08-21 76.66  7.64 
 TSLA                           Tesla Inc 13631.07                   Automobiles  2026-08-20 345.13  2026-08-21 362.86  5.14 
 IBKR       Interactive Brokers Group Inc  1524.05            Financial Services   2026-08-20 89.85   2026-08-21 93.87  4.47 
   DE                          Deere & Co  1676.15                     Machinery  2026-08-20 620.94  2026-08-21 647.47  4.27 
   GS             Goldman Sachs Group Inc  2917.39            Financial Services 2026-08-20 1001.95 2026-08-21 1039.28  3.73 
 PLTR           Palantir Technologies Inc  4180.42                    Technology  2026-08-20 173.96  2026-08-21 179.94  3.44 
   MS                      Morgan Stanley  3258.14            Financial Services  2026-08-20 207.45   2026-08-21 214.2  3.25 
 ORCL                         Oracle Corp  4092.29                    Technology  2026-08-20 142.07  2026-08-21 146.47  3.10 
  NEM                 Newmont Corporation  1344.93               Metals & Mining  2026-08-20 127.64  2026-08-21 131.58  3.09 
 SBUX                      Starbucks Corp  1185.49 Hotels, Restaurants & Leisure  2026-08-20 103.99  2026-08-21 107.08  2.97 
 ANET                 Arista Networks Inc  2317.50                Communications  2026-08-20 183.75  2026-08-21 188.65  2.67 
  COF          Capital One Financial Corp  1303.53            Financial Services  2026-08-20 212.48  2026-08-21 217.91  2.56 
  APH                       Amphenol Corp  1887.82          Electrical Equipment  2026-08-20 153.11  2026-08-21 157.01  2.55 
  MRK                      Merck & Co Inc  3675.84               Pharmaceuticals  2026-08-20 148.99  2026-08-21 152.55  2.39 
  BMY             Bristol-Myers Squibb Co  1337.37               Pharmaceuticals   2026-08-20 65.47   2026-08-21 67.01  2.35 
 SPCX Space Exploration Technologies Corp 18185.23             Telecommunication   2026-08-20 134.0  2026-08-21 136.97  2.22 
  ABT                 Abbott Laboratories  1975.06                   Health Care  2026-08-20 114.14  2026-08-21 116.64  2.19 
  ACN                       Accenture PLC  1109.76                    Technology  2026-08-20 181.35  2026-08-21 185.28  2.17 
ASMLF                     ASML Holding NV  5758.80                Semiconductors 2026-08-20 1733.75 2026-08-21 1768.59  2.01 
