
=== 涨幅榜前20名股票 ===
股票代码                 公司名称                 市值(亿)               板块                      昨天收盘              今天收盘       涨跌幅(%)
FLYE                      Fly-E Group Inc  0.04                    Automobiles   2026-10-07 1.27   2026-10-08 2.32 82.68 
CREG                    Smart Powerr Corp  0.01 Commercial Services & Supplies    2026-10-07 0.2   2026-10-08 0.32 63.44 
 OLB                        OLB Group Inc  0.13             Financial Services   2026-10-07 0.39   2026-10-08 0.55 41.86 
GRAN                     Grande Group Ltd  0.29             Financial Services   2026-10-07 0.95   2026-10-08 1.17 23.16 
XELB                      Xcel Brands Inc  0.07                         Retail   2026-10-07 0.53   2026-10-08 0.64 21.40 
MEDS               Wellgistics Health Inc  0.11                    Health Care   2026-10-07 2.88    2026-10-08 3.4 18.06 
SHPH Shuttle Pharmaceuticals Holdings Inc  0.26                  Biotechnology   2026-10-07 4.71   2026-10-08 5.55 17.83 
 HAE                     Haemonetics Corp 54.36                    Health Care 2026-10-07 101.71 2026-10-08 119.47 17.46 
GRDX             GridAI Technologies Corp  0.34                  Biotechnology   2026-10-07 4.12    2026-10-08 4.8 16.50 
CABO                        Cable One Inc  0.87                          Media  2026-10-07 13.21  2026-10-08 15.38 16.43 
GFUZ   Spring Valley Acquisition Corp III  4.63                            N/A    2026-10-07 7.6   2026-10-08 8.71 14.61 
MANE                      Veradermics Inc 52.91                Pharmaceuticals 2026-10-07 110.95 2026-10-08 126.63 14.13 
 CRE                  Cre8 Enterprise Ltd  0.06 Commercial Services & Supplies   2026-10-07 2.65    2026-10-08 3.0 13.21 
CPHI            China Pharma Holdings Inc  0.41                Pharmaceuticals   2026-10-07 0.85   2026-10-08 0.96 12.94 
 INV                       Innventure Inc  0.26             Financial Services   2026-10-07 0.27    2026-10-08 0.3 12.64 
SOAR                     Volato Group Inc  0.17                       Airlines   2026-10-07 0.27   2026-10-08 0.31 12.41 
DAIC                       CID HoldCo Inc  0.06                     Technology   2026-10-07 2.34   2026-10-08 2.63 12.39 
ADCT                  ADC Therapeutics SA  2.03                  Biotechnology   2026-10-07 1.42   2026-10-08 1.59 11.97 
AIDX                    20/20 Biolabs Inc  0.05                    Health Care   2026-10-07 0.34   2026-10-08 0.38 11.76 
ACRS             Aclaris Therapeutics Inc  5.58                Pharmaceuticals    2026-10-07 3.4   2026-10-08 3.79 11.47 

=== 市值超过20亿的涨幅榜前20名股票 ===
股票代码                   公司名称                   市值(亿)                 板块                       昨天收盘              今天收盘       涨跌幅(%)
 HAE                        Haemonetics Corp   54.36                      Health Care 2026-10-07 101.71 2026-10-08 119.47 17.46 
MANE                         Veradermics Inc   52.91                  Pharmaceuticals 2026-10-07 110.95 2026-10-08 126.63 14.13 
SECZ                         Securitize Corp   20.67               Financial Services   2026-10-07 11.4  2026-10-08 12.66 11.05 
COCO                   Vita Coco Company Inc   32.13                        Beverages  2026-10-07 50.65  2026-10-08 55.98 10.52 
ERAS                              Erasca Inc   54.07                    Biotechnology  2026-10-07 14.12  2026-10-08 15.46  9.49 
 RGC       Regencell Bioscience Holdings Ltd   37.80                  Pharmaceuticals   2026-10-07 7.11   2026-10-08 7.63  7.31 
   Z                        Zillow Group Inc   77.29                      Real Estate  2026-10-07 27.28  2026-10-08 29.17  6.93 
  ZG                        Zillow Group Inc   77.29                      Real Estate  2026-10-07 27.97   2026-10-08 29.9  6.90 
 PBF                          PBF Energy Inc  105.90                           Energy  2026-10-07 83.68  2026-10-08 89.34  6.76 
FIGS                                Figs Inc   24.89 Textiles, Apparel & Luxury Goods  2026-10-07 14.06  2026-10-08 14.98  6.54 
SAIC Science Applications International Corp   54.35            Professional Services 2026-10-07 122.08 2026-10-08 129.71  6.25 
 CMG              Chipotle Mexican Grill Inc  413.54    Hotels, Restaurants & Leisure  2026-10-07 30.77  2026-10-08 32.68  6.21 
GDDY                             GoDaddy Inc  130.69                       Technology  2026-10-07 97.21 2026-10-08 103.19  6.15 
DOCS                            Doximity Inc   52.37                      Health Care  2026-10-07 27.69  2026-10-08 29.38  6.10 
 BAH        Booz Allen Hamilton Holding Corp   87.65            Professional Services  2026-10-07 68.69  2026-10-08 72.87  6.09 
 ACN                           Accenture PLC 1275.04                       Technology 2026-10-07 196.64 2026-10-08 208.36  5.96 
ASAN                               Asana Inc   22.60                       Technology   2026-10-07 9.33   2026-10-08 9.87  5.79 
 MMS                             Maximus Inc   30.77            Professional Services  2026-10-07 55.65  2026-10-08 58.77  5.61 
HURN              Huron Consulting Group Inc   26.30            Professional Services 2026-10-07 156.61 2026-10-08 165.31  5.56 
JMKE                  Jersey Mike's Subs Inc   54.95    Hotels, Restaurants & Leisure  2026-10-07 16.39   2026-10-08 17.3  5.55 

=== 市值超过50亿的涨幅榜前20名股票 ===
 股票代码                   公司名称                   市值(亿)                板块                     昨天收盘              今天收盘       涨跌幅(%)
  HAE                        Haemonetics Corp   54.36                   Health Care 2026-10-07 101.71 2026-10-08 119.47 17.46 
 MANE                         Veradermics Inc   52.91               Pharmaceuticals 2026-10-07 110.95 2026-10-08 126.63 14.13 
 ERAS                              Erasca Inc   54.07                 Biotechnology  2026-10-07 14.12  2026-10-08 15.46  9.49 
    Z                        Zillow Group Inc   77.29                   Real Estate  2026-10-07 27.28  2026-10-08 29.17  6.93 
   ZG                        Zillow Group Inc   77.29                   Real Estate  2026-10-07 27.97   2026-10-08 29.9  6.90 
  PBF                          PBF Energy Inc  105.90                        Energy  2026-10-07 83.68  2026-10-08 89.34  6.76 
 SAIC Science Applications International Corp   54.35         Professional Services 2026-10-07 122.08 2026-10-08 129.71  6.25 
  CMG              Chipotle Mexican Grill Inc  413.54 Hotels, Restaurants & Leisure  2026-10-07 30.77  2026-10-08 32.68  6.21 
 GDDY                             GoDaddy Inc  130.69                    Technology  2026-10-07 97.21 2026-10-08 103.19  6.15 
 DOCS                            Doximity Inc   52.37                   Health Care  2026-10-07 27.69  2026-10-08 29.38  6.10 
  BAH        Booz Allen Hamilton Holding Corp   87.65         Professional Services  2026-10-07 68.69  2026-10-08 72.87  6.09 
  ACN                           Accenture PLC 1275.04                    Technology 2026-10-07 196.64 2026-10-08 208.36  5.96 
 JMKE                  Jersey Mike's Subs Inc   54.95 Hotels, Restaurants & Leisure  2026-10-07 16.39   2026-10-08 17.3  5.55 
SBGSF                   Schneider Electric SE 1437.47          Electrical Equipment  2026-10-07 284.9 2026-10-08 299.97  5.29 
 HUBS                             HubSpot Inc  115.61                    Technology 2026-10-07 220.27 2026-10-08 231.84  5.25 
  ULS                        UL Solutions Inc  142.64         Professional Services  2026-10-07 67.13  2026-10-08 70.65  5.24 
   SM                            SM Energy Co   88.20                        Energy  2026-10-07 35.25  2026-10-08 37.08  5.19 
 CTSH     Cognizant Technology Solutions Corp  270.31                    Technology  2026-10-07 57.07  2026-10-08 60.01  5.15 
 ETSY                                ETSY Inc   68.96                        Retail  2026-10-07 71.49  2026-10-08 75.14  5.11 
 LDOS                     Leidos Holdings Inc  149.61         Professional Services 2026-10-07 113.55 2026-10-08 119.22  4.99 

=== 市值超过100亿的涨幅榜前20名股票 ===
 股票代码                 公司名称                 市值(亿)                板块                      昨天收盘              今天收盘       涨跌幅(%)
  PBF                      PBF Energy Inc  105.90                         Energy  2026-10-07 83.68  2026-10-08 89.34  6.76 
  CMG          Chipotle Mexican Grill Inc  413.54  Hotels, Restaurants & Leisure  2026-10-07 30.77  2026-10-08 32.68  6.21 
 GDDY                         GoDaddy Inc  130.69                     Technology  2026-10-07 97.21 2026-10-08 103.19  6.15 
  ACN                       Accenture PLC 1275.04                     Technology 2026-10-07 196.64 2026-10-08 208.36  5.96 
SBGSF               Schneider Electric SE 1437.47           Electrical Equipment  2026-10-07 284.9 2026-10-08 299.97  5.29 
 HUBS                         HubSpot Inc  115.61                     Technology 2026-10-07 220.27 2026-10-08 231.84  5.25 
  ULS                    UL Solutions Inc  142.64          Professional Services  2026-10-07 67.13  2026-10-08 70.65  5.24 
 CTSH Cognizant Technology Solutions Corp  270.31                     Technology  2026-10-07 57.07  2026-10-08 60.01  5.15 
 LDOS                 Leidos Holdings Inc  149.61          Professional Services 2026-10-07 113.55 2026-10-08 119.22  4.99 
  FIG                           Figma Inc  120.62                     Technology  2026-10-07 21.62  2026-10-08 22.63  4.67 
  ROL                         Rollins Inc  155.22 Commercial Services & Supplies  2026-10-07 30.87  2026-10-08 32.26  4.50 
  STZ            Constellation Brands Inc  211.13                      Beverages 2026-10-07 118.39 2026-10-08 123.63  4.43 
 DINO                    HF Sinclair Corp  214.62                         Energy 2026-10-07 115.63 2026-10-08 120.72  4.40 
 EXPE                   Expedia Group Inc  324.21  Hotels, Restaurants & Leisure 2026-10-07 258.86 2026-10-08 270.13  4.35 
  JBS                              Jbs NV  136.54                  Food Products  2026-10-07 12.24  2026-10-08 12.75  4.17 
 EBAY                            eBay Inc  498.31                         Retail  2026-10-07 107.6 2026-10-08 111.98  4.07 
 CPNG                         Coupang Inc  277.00                         Retail  2026-10-07 14.81  2026-10-08 15.41  4.05 
 ERIE                   Erie Indemnity Co  105.50                      Insurance 2026-10-07 217.77 2026-10-08 226.54  4.03 
 TEAM                      Atlassian Corp  515.31                     Technology 2026-10-07 195.79 2026-10-08 203.57  3.97 
 VNOM                    Viper Energy Inc  153.12                         Energy  2026-10-07 41.07  2026-10-08 42.63  3.80 

=== 市值超过200亿的涨幅榜前20名股票 ===
 股票代码                 公司名称                 市值(亿)                板块                     昨天收盘              今天收盘       涨跌幅(%)
  CMG          Chipotle Mexican Grill Inc  413.54 Hotels, Restaurants & Leisure  2026-10-07 30.77  2026-10-08 32.68  6.21 
  ACN                       Accenture PLC 1275.04                    Technology 2026-10-07 196.64 2026-10-08 208.36  5.96 
SBGSF               Schneider Electric SE 1437.47          Electrical Equipment  2026-10-07 284.9 2026-10-08 299.97  5.29 
 CTSH Cognizant Technology Solutions Corp  270.31                    Technology  2026-10-07 57.07  2026-10-08 60.01  5.15 
  STZ            Constellation Brands Inc  211.13                     Beverages 2026-10-07 118.39 2026-10-08 123.63  4.43 
 DINO                    HF Sinclair Corp  214.62                        Energy 2026-10-07 115.63 2026-10-08 120.72  4.40 
 EXPE                   Expedia Group Inc  324.21 Hotels, Restaurants & Leisure 2026-10-07 258.86 2026-10-08 270.13  4.35 
 EBAY                            eBay Inc  498.31                        Retail  2026-10-07 107.6 2026-10-08 111.98  4.07 
 CPNG                         Coupang Inc  277.00                        Retail  2026-10-07 14.81  2026-10-08 15.41  4.05 
 TEAM                      Atlassian Corp  515.31                    Technology 2026-10-07 195.79 2026-10-08 203.57  3.97 
  PEP                         PepsiCo Inc 1751.70                     Beverages 2026-10-07 123.73 2026-10-08 128.34  3.73 
  PSX                         Phillips 66 1123.64                        Energy 2026-10-07 271.62  2026-10-08 281.6  3.67 
   KR                           Kroger Co  362.68                        Retail  2026-10-07 59.25  2026-10-08 61.41  3.65 
 ADBE                           Adobe Inc  938.17                    Technology 2026-10-07 232.77 2026-10-08 241.05  3.56 
ENGQF                            Engie SA  577.81                     Utilities  2026-10-07 25.66  2026-10-08 26.55  3.47 
 ULTA                     Ulta Beauty Inc  241.24                        Retail 2026-10-07 545.48 2026-10-08 564.21  3.43 
   HD                      Home Depot Inc 2947.87                        Retail 2026-10-07 285.77 2026-10-08 295.47  3.39 
  AJG           Arthur J. Gallagher & Co.  599.87                     Insurance  2026-10-07 227.1 2026-10-08 234.05  3.06 
  ALL                       Allstate Corp  583.17                     Insurance 2026-10-07 223.95 2026-10-08 230.63  2.98 
  EOG                   EOG Resources Inc  778.98                        Energy 2026-10-07 144.21 2026-10-08 148.51  2.98 

=== 市值超过1000亿的涨跌榜前20名股票 ===
 股票代码                 公司名称                  市值(亿)                板块                     昨天收盘              今天收盘       涨跌幅(%)
  ACN                        Accenture PLC 1275.04                    Technology 2026-10-07 196.64 2026-10-08 208.36  5.96 
SBGSF                Schneider Electric SE 1437.47          Electrical Equipment  2026-10-07 284.9 2026-10-08 299.97  5.29 
  PEP                          PepsiCo Inc 1751.70                     Beverages 2026-10-07 123.73 2026-10-08 128.34  3.73 
  PSX                          Phillips 66 1123.64                        Energy 2026-10-07 271.62  2026-10-08 281.6  3.67 
   HD                       Home Depot Inc 2947.87                        Retail 2026-10-07 285.77 2026-10-08 295.47  3.39 
   MO                     Altria Group Inc 1192.53                       Tobacco  2026-10-07 69.38  2026-10-08 71.42  2.94 
BUDFF              Anheuser-Busch Inbev SA 1335.92                     Beverages  2026-10-07 74.83  2026-10-08 76.96  2.84 
  IBM International Business Machines Corp 2134.97                    Technology 2026-10-07 220.51 2026-10-08 226.61  2.77 
LRLCF                           L'Oreal SA 1989.16             Consumer products 2026-10-07 422.47 2026-10-08 433.89  2.70 
 NFLX                          Netflix Inc 2980.13                         Media   2026-10-07 69.7  2026-10-08 71.57  2.68 
 SPOT                Spotify Technology SA 1083.81                         Media 2026-10-07 512.92 2026-10-08 526.42  2.63 
 BKNG                 Booking Holdings Inc 1201.98 Hotels, Restaurants & Leisure 2026-10-07 155.87 2026-10-08 159.97  2.63 
  MDT                        Medtronic PLC 1122.47                   Health Care  2026-10-07 85.51  2026-10-08 87.75  2.62 
 UBER                Uber Technologies Inc 1434.69                   Road & Rail  2026-10-07 68.45  2026-10-08 70.24  2.62 
  MCD                      McDonald's Corp 1676.40 Hotels, Restaurants & Leisure 2026-10-07 230.88  2026-10-08 236.9  2.61 
  ADP        Automatic Data Processing Inc 1072.77         Professional Services  2026-10-07 264.0 2026-10-08 270.73  2.55 
 PLTR            Palantir Technologies Inc 4776.80                    Technology 2026-10-07 194.12 2026-10-08 198.78  2.40 
   KO                         Coca-Cola Co 3776.35                     Beverages  2026-10-07 85.82  2026-10-08 87.77  2.27 
  RTX                             RTX Corp 2484.19           Aerospace & Defense 2026-10-07 180.26 2026-10-08 184.32  2.25 
  MCK                        McKesson Corp 1084.58                   Health Care 2026-10-07 910.33 2026-10-08 930.25  2.19 
