
=== 涨幅榜前20名股票 ===
 股票代码                      公司名称                     市值(亿)               板块                     昨天收盘             今天收盘        涨跌幅(%)
BHATF Blue Hat Interactive Entertainment Technology  0.00                          Media   2026-10-08 0.0  2026-10-09 0.06 3150.00
 ILLR                             Triller Group Inc  0.01             Financial Services  2026-10-08 0.04  2026-10-09 0.08  102.44
 VINC                            Vincerx Pharma Inc  0.00                  Biotechnology  2026-10-08 0.01  2026-10-09 0.03   73.33
 ZYBT             Zhengye Biotechnology Holding Ltd  0.40                Pharmaceuticals  2026-10-08 1.15  2026-10-09 1.73   50.43
 QETA                       Quetta Acquisition Corp  0.57                            N/A  2026-10-08 11.6 2026-10-09 16.41   41.47
 NXGL                                    Nexgel Inc  0.02                    Health Care   2026-10-08 3.0  2026-10-09 4.02   34.00
 OFAL                                     OFA Group  0.15          Professional Services  2026-10-08 0.41  2026-10-09 0.55   33.50
  QSI                                Quantum-Si Inc  3.35 Life Sciences Tools & Services  2026-10-08 1.22  2026-10-09 1.53   25.41
 ALUR                     Allurion Technologies Inc  0.01  Diversified Consumer Services  2026-10-08 0.45  2026-10-09 0.56   25.11
  CUE                             Cue Biopharma Inc  2.01                  Biotechnology 2026-10-08 22.33 2026-10-09 27.66   23.87
 FLZH           Flash Sports & Media Holdings, Inc.  0.04                      Machinery  2026-10-08 0.06  2026-10-09 0.08   23.44
 SMJF                SMJ International Holdings Inc  0.42                   Distributors  2026-10-08 1.24  2026-10-09 1.53   23.39
 AGRZ                                     Agroz Inc  0.13                   Construction  2026-10-08 3.62  2026-10-09 4.42   22.10
 SLSN                                 Solesence Inc  0.72                      Chemicals  2026-10-08 0.84  2026-10-09 1.02   21.43
 YDES                                    YD Bio Ltd  1.56                  Biotechnology  2026-10-08 5.79  2026-10-09 6.73   16.23
 RDGT                                 Ridgetech Inc  0.04                         Retail  2026-10-08 0.87  2026-10-09 1.01   16.09
 VRXA                             Veraxa Biotech AG  1.86                  Biotechnology  2026-10-08 1.09  2026-10-09 1.26   15.60
 ENSC                       Ensysce Biosciences Inc  0.10                  Biotechnology  2026-10-08 0.46  2026-10-09 0.53   15.07
 ZSQR                      Z Squared Inc (Delaware)  2.75                  Biotechnology  2026-10-08 4.95  2026-10-09 5.66   14.34
 HRTX                        Heron Therapeutics Inc  0.77                  Biotechnology  2026-10-08 0.36  2026-10-09 0.41   13.89

=== 市值超过20亿的涨幅榜前20名股票 ===
 股票代码                  公司名称                  市值(亿)                 板块                       昨天收盘              今天收盘        涨跌幅(%)
ADYYF                               Adyen NV 273.08               Financial Services 2026-10-08 946.75 2026-10-09 1053.78 11.30 
 RXRX          Recursion Pharmaceuticals Inc  23.38                    Biotechnology   2026-10-08 3.95    2026-10-09 4.36 10.38 
 HIMS                 Hims & Hers Health Inc  72.14                      Health Care  2026-10-08 28.06   2026-10-09 30.92 10.19 
 PCVX                            Vaxcyte Inc 106.22                    Biotechnology  2026-10-08 65.01   2026-10-09 71.38  9.79 
 SEZL                             Sezzle Inc  43.32               Financial Services 2026-10-08 117.22  2026-10-09 128.64  9.74 
 ARQT            Arcutis Biotherapeutics Inc  33.41                    Biotechnology  2026-10-08 24.49   2026-10-09 26.58  8.53 
  CAI                Caris Life Sciences Inc  83.93                    Biotechnology   2026-10-08 27.5    2026-10-09 29.7  8.00 
 DFTX              Definium Therapeutics Inc  49.58                  Pharmaceuticals  2026-10-08 34.18    2026-10-09 36.9  7.96 
PPRUF                              Kering SA 253.20 Textiles, Apparel & Luxury Goods 2026-10-08 227.65  2026-10-09 245.59  7.88 
   ZS                            Zscaler Inc 239.96                       Technology 2026-10-08 216.81  2026-10-09 233.73  7.80 
SLOIF                              Soitec SA  54.57                   Semiconductors 2026-10-08 165.82   2026-10-09 178.0  7.35 
 SYRE                 Spyre Therapeutics Inc  79.08                    Biotechnology   2026-10-08 79.9   2026-10-09 85.69  7.25 
 AMBA                          Ambarella Inc  29.76                   Semiconductors  2026-10-08 62.89   2026-10-09 67.43  7.22 
   NG                 NovaGold Resources Inc  29.44                  Metals & Mining   2026-10-08 6.28    2026-10-09 6.71  6.85 
  CCC CCC Intelligent Solutions Holdings Inc  41.35                       Technology   2026-10-08 6.57    2026-10-09 7.02  6.85 
 TENB                   Tenable Holdings Inc  45.81                       Technology  2026-10-08 39.01   2026-10-09 41.59  6.61 
   NN                            NextNav Inc  20.85                       Technology   2026-10-08 11.6   2026-10-09 12.35  6.47 
 SNAP                               Snap Inc 105.36                            Media   2026-10-08 5.86    2026-10-09 6.23  6.31 
 ORKA                 Oruka Therapeutics Inc  54.36                    Biotechnology  2026-10-08 77.28   2026-10-09 82.11  6.25 
 BULL                            Webull Corp  34.11               Financial Services   2026-10-08 5.95    2026-10-09 6.31  6.05 

=== 市值超过50亿的涨幅榜前20名股票 ===
 股票代码            公司名称            市值(亿)                 板块                       昨天收盘              今天收盘        涨跌幅(%)
ADYYF                  Adyen NV  273.08               Financial Services 2026-10-08 946.75 2026-10-09 1053.78 11.30 
 HIMS    Hims & Hers Health Inc   72.14                      Health Care  2026-10-08 28.06   2026-10-09 30.92 10.19 
 PCVX               Vaxcyte Inc  106.22                    Biotechnology  2026-10-08 65.01   2026-10-09 71.38  9.79 
  CAI   Caris Life Sciences Inc   83.93                    Biotechnology   2026-10-08 27.5    2026-10-09 29.7  8.00 
PPRUF                 Kering SA  253.20 Textiles, Apparel & Luxury Goods 2026-10-08 227.65  2026-10-09 245.59  7.88 
   ZS               Zscaler Inc  239.96                       Technology 2026-10-08 216.81  2026-10-09 233.73  7.80 
SLOIF                 Soitec SA   54.57                   Semiconductors 2026-10-08 165.82   2026-10-09 178.0  7.35 
 SYRE    Spyre Therapeutics Inc   79.08                    Biotechnology   2026-10-08 79.9   2026-10-09 85.69  7.25 
 SNAP                  Snap Inc  105.36                            Media   2026-10-08 5.86    2026-10-09 6.23  6.31 
 ORKA    Oruka Therapeutics Inc   54.36                    Biotechnology  2026-10-08 77.28   2026-10-09 82.11  6.25 
 GRAL                 Grail Inc   62.79                    Biotechnology 2026-10-08 132.61  2026-10-09 140.58  6.01 
  KOD       Kodiak Sciences Inc   62.77                    Biotechnology  2026-10-08 94.26   2026-10-09 99.87  5.95 
 CRSP    CRISPR Therapeutics AG   51.62                    Biotechnology  2026-10-08 50.44   2026-10-09 53.39  5.85 
 NTSK              Netskope Inc   84.80                       Technology  2026-10-08 19.61   2026-10-09 20.75  5.84 
 SSRM            SSR Mining Inc   72.41                  Metals & Mining  2026-10-08 33.62   2026-10-09 35.51  5.62 
  NET            Cloudflare Inc 1285.20                       Technology 2026-10-08 341.89  2026-10-09 360.93  5.57 
CAPMF              Capgemini SE  187.92                       Technology 2026-10-08 123.58  2026-10-09 130.27  5.41 
 LITE     Lumentum Holdings Inc  999.45                   Communications 2026-10-08 1048.6 2026-10-09 1103.35  5.22 
BABAF Alibaba Group Holding Ltd 2644.12                           Retail  2026-10-08 13.27   2026-10-09 13.95  5.16 
 FROG                 Jfrog Ltd  126.05                       Technology  2026-10-08 97.25  2026-10-09 102.23  5.12 

=== 市值超过100亿的涨幅榜前20名股票 ===
 股票代码             公司名称             市值(亿)                 板块                       昨天收盘              今天收盘        涨跌幅(%)
ADYYF                    Adyen NV  273.08               Financial Services 2026-10-08 946.75 2026-10-09 1053.78 11.30 
 PCVX                 Vaxcyte Inc  106.22                    Biotechnology  2026-10-08 65.01   2026-10-09 71.38  9.79 
PPRUF                   Kering SA  253.20 Textiles, Apparel & Luxury Goods 2026-10-08 227.65  2026-10-09 245.59  7.88 
   ZS                 Zscaler Inc  239.96                       Technology 2026-10-08 216.81  2026-10-09 233.73  7.80 
 SNAP                    Snap Inc  105.36                            Media   2026-10-08 5.86    2026-10-09 6.23  6.31 
  NET              Cloudflare Inc 1285.20                       Technology 2026-10-08 341.89  2026-10-09 360.93  5.57 
CAPMF                Capgemini SE  187.92                       Technology 2026-10-08 123.58  2026-10-09 130.27  5.41 
 LITE       Lumentum Holdings Inc  999.45                   Communications 2026-10-08 1048.6 2026-10-09 1103.35  5.22 
BABAF   Alibaba Group Holding Ltd 2644.12                           Retail  2026-10-08 13.27   2026-10-09 13.95  5.16 
 FROG                   Jfrog Ltd  126.05                       Technology  2026-10-08 97.25  2026-10-09 102.23  5.12 
   NU            Nu Holdings Ltd.  778.67                          Banking  2026-10-08 15.38   2026-10-09 16.12  4.81 
 AFRM         Affirm Holdings Inc  272.30               Financial Services  2026-10-08 77.15    2026-10-09 80.7  4.60 
 ORCL                 Oracle Corp 4275.56                       Technology 2026-10-08 135.19   2026-10-09 141.4  4.59 
 CRCL   Circle Internet Group Inc  215.60                       Technology  2026-10-08 80.84   2026-10-09 84.51  4.54 
ESLOF         Essilorluxottica SA  662.15                      Health Care  2026-10-08 157.6   2026-10-09 164.3  4.25 
   EL  Estee Lauder Companies Inc  355.26                Consumer products  2026-10-08 94.32   2026-10-09 98.05  3.95 
 FFIV                      F5 Inc  271.71                   Communications 2026-10-08 461.66  2026-10-09 479.83  3.94 
  MDB                 MongoDB Inc  310.89                       Technology 2026-10-08 371.35  2026-10-09 385.93  3.93 
 ALNY Alnylam Pharmaceuticals Inc  311.35                    Biotechnology 2026-10-08 224.53  2026-10-09 232.68  3.63 
  PCG                   PG&E Corp  289.17                        Utilities  2026-10-08 12.67   2026-10-09 13.13  3.63 

=== 市值超过200亿的涨幅榜前20名股票 ===
 股票代码              公司名称              市值(亿)                 板块                       昨天收盘              今天收盘        涨跌幅(%)
ADYYF                      Adyen NV  273.08               Financial Services 2026-10-08 946.75 2026-10-09 1053.78 11.30 
PPRUF                     Kering SA  253.20 Textiles, Apparel & Luxury Goods 2026-10-08 227.65  2026-10-09 245.59  7.88 
   ZS                   Zscaler Inc  239.96                       Technology 2026-10-08 216.81  2026-10-09 233.73  7.80 
  NET                Cloudflare Inc 1285.20                       Technology 2026-10-08 341.89  2026-10-09 360.93  5.57 
 LITE         Lumentum Holdings Inc  999.45                   Communications 2026-10-08 1048.6 2026-10-09 1103.35  5.22 
BABAF     Alibaba Group Holding Ltd 2644.12                           Retail  2026-10-08 13.27   2026-10-09 13.95  5.16 
   NU              Nu Holdings Ltd.  778.67                          Banking  2026-10-08 15.38   2026-10-09 16.12  4.81 
 AFRM           Affirm Holdings Inc  272.30               Financial Services  2026-10-08 77.15    2026-10-09 80.7  4.60 
 ORCL                   Oracle Corp 4275.56                       Technology 2026-10-08 135.19   2026-10-09 141.4  4.59 
 CRCL     Circle Internet Group Inc  215.60                       Technology  2026-10-08 80.84   2026-10-09 84.51  4.54 
ESLOF           Essilorluxottica SA  662.15                      Health Care  2026-10-08 157.6   2026-10-09 164.3  4.25 
   EL    Estee Lauder Companies Inc  355.26                Consumer products  2026-10-08 94.32   2026-10-09 98.05  3.95 
 FFIV                        F5 Inc  271.71                   Communications 2026-10-08 461.66  2026-10-09 479.83  3.94 
  MDB                   MongoDB Inc  310.89                       Technology 2026-10-08 371.35  2026-10-09 385.93  3.93 
 ALNY   Alnylam Pharmaceuticals Inc  311.35                    Biotechnology 2026-10-08 224.53  2026-10-09 232.68  3.63 
  PCG                     PG&E Corp  289.17                        Utilities  2026-10-08 12.67   2026-10-09 13.13  3.63 
 ROIV          Roivant Sciences Ltd  255.99                    Biotechnology  2026-10-08 34.21   2026-10-09 35.44  3.60 
  FCX          Freeport-McMoRan Inc 1058.20                  Metals & Mining  2026-10-08 71.14   2026-10-09 73.69  3.58 
 RBRK                    Rubrik Inc  259.42                       Technology 2026-10-08 120.89  2026-10-09 125.14  3.52 
  HPE Hewlett Packard Enterprise Co  975.16                       Technology   2026-10-08 71.0   2026-10-09 73.46  3.46 

=== 市值超过1000亿的涨跌榜前20名股票 ===
 股票代码              公司名称              市值(亿)                  板块                       昨天收盘               今天收盘       涨跌幅(%)
  NET                Cloudflare Inc  1285.20                       Technology  2026-10-08 341.89 2026-10-09 360.93  5.57 
BABAF     Alibaba Group Holding Ltd  2644.12                           Retail   2026-10-08 13.27  2026-10-09 13.95  5.16 
 ORCL                   Oracle Corp  4275.56                       Technology  2026-10-08 135.19  2026-10-09 141.4  4.59 
  FCX          Freeport-McMoRan Inc  1058.20                  Metals & Mining   2026-10-08 71.14  2026-10-09 73.69  3.58 
 AMZN                Amazon.com Inc 28306.52                           Retail  2026-10-08 254.06 2026-10-09 262.43  3.29 
 GILD          Gilead Sciences, Inc  1874.44                    Biotechnology   2026-10-08 147.1 2026-10-09 151.17  2.77 
 ANET           Arista Networks Inc  2733.58                   Communications  2026-10-08 210.97 2026-10-09 216.74  2.73 
HESAF      Hermes International SCA  1321.13 Textiles, Apparel & Luxury Goods 2026-10-08 1402.29 2026-10-09 1440.0  2.69 
   MA                Mastercard Inc  5160.93               Financial Services  2026-10-08 573.89 2026-10-09 589.14  2.66 
SBGSF         Schneider Electric SE  1474.46             Electrical Equipment  2026-10-08 292.35 2026-10-09 299.88  2.58 
 MSFT                Microsoft Corp 39731.86                       Technology  2026-10-08 522.61 2026-10-09 535.07  2.38 
  MRK                Merck & Co Inc  3592.20                  Pharmaceuticals  2026-10-08 142.38  2026-10-09 145.6  2.26 
  UNH        UnitedHealth Group Inc  3404.58                      Health Care  2026-10-08 370.95  2026-10-09 379.3  2.25 
 TSLA                     Tesla Inc 15114.92                      Automobiles   2026-10-08 375.0  2026-10-09 382.7  2.05 
SAFRF                     Safran SA  1295.77              Aerospace & Defense  2026-10-08 346.65 2026-10-09 353.75  2.05 
 DELL         Dell Technologies Inc  3726.24                       Technology  2026-10-08 574.55 2026-10-09 586.06  2.00 
  JNJ             Johnson & Johnson  6300.44                  Pharmaceuticals  2026-10-08 256.48 2026-10-09 261.44  1.93 
 AMGN                     Amgen Inc  2242.92                    Biotechnology  2026-10-08 407.44 2026-10-09 414.87  1.82 
 IBKR Interactive Brokers Group Inc  1490.47               Financial Services   2026-10-08 86.47  2026-10-09 87.87  1.62 
   TT        Trane Technologies PLC  1049.47                         Building  2026-10-08 469.94 2026-10-09 476.98  1.50 
