
=== 涨幅榜前20名股票 ===
 股票代码                         公司名称                         市值(亿)               板块                     昨天收盘              今天收盘       涨跌幅(%)
 INLF                                            INLIF Ltd  0.03                      Machinery  2026-08-04 3.18   2026-08-05 6.27 97.17 
 ZYBT                    Zhengye Biotechnology Holding Ltd  0.40                Pharmaceuticals  2026-08-04 1.28   2026-08-05 2.36 84.37 
 RITR                          Reitar Logtech Holdings Ltd  0.09                   Construction  2026-08-04 0.15   2026-08-05 0.26 79.45 
 JLHL                                   Julong Holding Ltd  1.16                   Construction  2026-08-04 5.42   2026-08-05 9.35 72.51 
 OESX                             Orion Energy Systems Inc  0.42           Electrical Equipment  2026-08-04 10.4  2026-08-05 16.06 54.42 
 APPS                                  Digital Turbine Inc 11.50                     Technology  2026-08-04 9.51  2026-08-05 13.17 38.49 
  GTE                               Gran Tierra Energy Inc  2.42                         Energy  2026-08-04 6.83   2026-08-05 9.44 38.21 
 KLTR                                          Kaltura Inc  2.84                     Technology   2026-08-04 1.4   2026-08-05 1.89 35.00 
 AIEV                           Thunder Power Holdings Inc  0.15                    Automobiles  2026-08-04 0.11   2026-08-05 0.15 34.55 
 BLMN                                  Bloomin' Brands Inc  7.64  Hotels, Restaurants & Leisure  2026-08-04 8.92  2026-08-05 11.85 32.85 
 MTRN                                        Materion Corp 47.24                Metals & Mining 2026-08-04 227.1 2026-08-05 297.08 30.81 
 CDTG CDT Environmental Technology Investment Holdings Ltd  0.04 Commercial Services & Supplies  2026-08-04 1.17   2026-08-05 1.52 29.91 
  TBI                                         TrueBlue Inc  2.34          Professional Services  2026-08-04 7.69    2026-08-05 9.9 28.74 
  FTK                                Flotek Industries Inc 10.21                      Chemicals 2026-08-04 28.21  2026-08-05 36.07 27.86 
 SHPH                 Shuttle Pharmaceuticals Holdings Inc  0.02                  Biotechnology  2026-08-04 3.65    2026-08-05 4.6 26.03 
 ANTA                         Antalpha Platform Holding Co  0.76             Financial Services  2026-08-04 3.18    2026-08-05 4.0 25.90 
 ASTC                                       Astrotech Corp  0.15           Electrical Equipment  2026-08-04 7.24   2026-08-05 9.11 25.83 
 CTXR                           Citius Pharmaceuticals Inc  0.17                Pharmaceuticals  2026-08-04 0.62   2026-08-05 0.78 25.35 
SNBRQ                                    Sleep Number Corp  0.01                         Retail  2026-08-04 0.02   2026-08-05 0.03 25.00 
 CSAI                                  Cloudastructure Inc  0.03                     Technology  2026-08-04 3.94   2026-08-05 4.92 24.87 

=== 市值超过20亿的涨幅榜前20名股票 ===
股票代码                     公司名称                      市值(亿)                板块                      昨天收盘              今天收盘       涨跌幅(%)
MTRN                                Materion Corp   47.24                Metals & Mining  2026-08-04 227.1 2026-08-05 297.08 30.81 
SHOP                                  Shopify Inc 1600.01                     Technology  2026-08-04 123.3 2026-08-05 144.24 16.98 
 BSP                           Bending Spoons SpA  237.89                     Technology  2026-08-04 37.45  2026-08-05 43.75 16.82 
HGTY                                  Hagerty Inc   40.24                      Insurance  2026-08-04 11.72  2026-08-05 13.52 15.36 
FRPT                                 Freshpet Inc   30.66                  Food Products  2026-08-04 62.38  2026-08-05 71.47 14.57 
QLYS                                   Qualys Inc   56.72                     Technology 2026-08-04 161.06 2026-08-05 183.25 13.78 
INTA                                   Intapp Inc   25.26                     Technology  2026-08-04 32.78  2026-08-05 36.96 12.75 
SHAK                              Shake Shack Inc   28.33  Hotels, Restaurants & Leisure  2026-08-04 66.22  2026-08-05 74.33 12.25 
TVTX                     Travere Therapeutics Inc   52.09                  Biotechnology  2026-08-04 56.02  2026-08-05 62.76 12.03 
ZETA                    Zeta Global Holdings Corp   53.27                     Technology  2026-08-04 24.26  2026-08-05 27.07 11.58 
 CRL Charles River Laboratories International Inc  125.58 Life Sciences Tools & Services 2026-08-04 234.12 2026-08-05 260.72 11.36 
  DT                                Dynatrace Inc  132.66                     Technology  2026-08-04 45.71  2026-08-05 50.86 11.27 
PLPC                   Preformed Line Products Co   20.71           Electrical Equipment  2026-08-04 423.6 2026-08-05 471.29 11.26 
 SKY                           Champion Homes Inc   45.21              Consumer products  2026-08-04 82.36  2026-08-05 91.16 10.68 
SSMR         Sunshine Silver Mining & Refining Co   21.04                Metals & Mining  2026-08-04 14.64  2026-08-05 16.12 10.11 
 GFF                                 Griffon Corp   47.16                       Building  2026-08-04 93.58 2026-08-05 102.81  9.86 
HYMC           Hycroft Mining Holding Corporation   20.84                Metals & Mining  2026-08-04 22.36  2026-08-05 24.48  9.48 
SSRM                               SSR Mining Inc   55.15                Metals & Mining  2026-08-04 26.58   2026-08-05 29.0  9.10 
 IFF       International Flavors & Fragrances Inc  206.51                      Chemicals  2026-08-04 80.89  2026-08-05 88.07  8.88 
  NG                       NovaGold Resources Inc   27.77                Metals & Mining   2026-08-04 6.33   2026-08-05 6.89  8.85 

=== 市值超过50亿的涨幅榜前20名股票 ===
股票代码                     公司名称                      市值(亿)                板块                      昨天收盘              今天收盘       涨跌幅(%)
SHOP                                  Shopify Inc 1600.01                     Technology  2026-08-04 123.3 2026-08-05 144.24 16.98 
 BSP                           Bending Spoons SpA  237.89                     Technology  2026-08-04 37.45  2026-08-05 43.75 16.82 
QLYS                                   Qualys Inc   56.72                     Technology 2026-08-04 161.06 2026-08-05 183.25 13.78 
TVTX                     Travere Therapeutics Inc   52.09                  Biotechnology  2026-08-04 56.02  2026-08-05 62.76 12.03 
ZETA                    Zeta Global Holdings Corp   53.27                     Technology  2026-08-04 24.26  2026-08-05 27.07 11.58 
 CRL Charles River Laboratories International Inc  125.58 Life Sciences Tools & Services 2026-08-04 234.12 2026-08-05 260.72 11.36 
  DT                                Dynatrace Inc  132.66                     Technology  2026-08-04 45.71  2026-08-05 50.86 11.27 
SSRM                               SSR Mining Inc   55.15                Metals & Mining  2026-08-04 26.58   2026-08-05 29.0  9.10 
 IFF       International Flavors & Fragrances Inc  206.51                      Chemicals  2026-08-04 80.89  2026-08-05 88.07  8.88 
PRMB                            Primo Brands Corp   84.51                      Beverages  2026-08-04 23.29  2026-08-05 25.32  8.72 
  AU                        Anglogold Ashanti PLC  411.58                Metals & Mining   2026-08-04 81.5   2026-08-05 88.6  8.71 
  SN                               Sharkninja Inc  257.72              Consumer products 2026-08-04 168.19 2026-08-05 182.11  8.28 
 EQX                            Equinox Gold Corp  111.56                Metals & Mining   2026-08-04 9.58  2026-08-05 10.32  7.72 
 CDE                            Coeur Mining, Inc  167.05                Metals & Mining  2026-08-04 16.21  2026-08-05 17.43  7.53 
  HL                              Hecla Mining Co  103.22                Metals & Mining  2026-08-04 15.39  2026-08-05 16.54  7.47 
 AIZ                                 Assurant Inc  139.38                      Insurance 2026-08-04 281.31 2026-08-05 301.57  7.20 
COMP                                  Compass Inc   95.86                    Real Estate   2026-08-04 12.0  2026-08-05 12.83  6.92 
 NEM                          Newmont Corporation 1098.90                Metals & Mining  2026-08-04 97.73 2026-08-05 104.29  6.71 
KTOS    Kratos Defense and Security Solutions Inc   97.27            Aerospace & Defense  2026-08-04 51.87  2026-08-05 55.34  6.69 
BKNG                         Booking Holdings Inc 1505.36  Hotels, Restaurants & Leisure 2026-08-04 194.27 2026-08-05 207.02  6.56 

=== 市值超过100亿的涨幅榜前20名股票 ===
股票代码                     公司名称                      市值(亿)                 板块                      昨天收盘               今天收盘        涨跌幅(%)
SHOP                                  Shopify Inc  1600.01                     Technology   2026-08-04 123.3  2026-08-05 144.24 16.98 
 BSP                           Bending Spoons SpA   237.89                     Technology   2026-08-04 37.45   2026-08-05 43.75 16.82 
 CRL Charles River Laboratories International Inc   125.58 Life Sciences Tools & Services  2026-08-04 234.12  2026-08-05 260.72 11.36 
  DT                                Dynatrace Inc   132.66                     Technology   2026-08-04 45.71   2026-08-05 50.86 11.27 
 IFF       International Flavors & Fragrances Inc   206.51                      Chemicals   2026-08-04 80.89   2026-08-05 88.07  8.88 
  AU                        Anglogold Ashanti PLC   411.58                Metals & Mining    2026-08-04 81.5    2026-08-05 88.6  8.71 
  SN                               Sharkninja Inc   257.72              Consumer products  2026-08-04 168.19  2026-08-05 182.11  8.28 
 EQX                            Equinox Gold Corp   111.56                Metals & Mining    2026-08-04 9.58   2026-08-05 10.32  7.72 
 CDE                            Coeur Mining, Inc   167.05                Metals & Mining   2026-08-04 16.21   2026-08-05 17.43  7.53 
  HL                              Hecla Mining Co   103.22                Metals & Mining   2026-08-04 15.39   2026-08-05 16.54  7.47 
 AIZ                                 Assurant Inc   139.38                      Insurance  2026-08-04 281.31  2026-08-05 301.57  7.20 
 NEM                          Newmont Corporation  1098.90                Metals & Mining   2026-08-04 97.73  2026-08-05 104.29  6.71 
BKNG                         Booking Holdings Inc  1505.36  Hotels, Restaurants & Leisure  2026-08-04 194.27  2026-08-05 207.02  6.56 
 EQH                       Equitable Holdings Inc   131.70             Financial Services   2026-08-04 48.25    2026-08-05 51.3  6.32 
CRBG                     Corebridge Financial Inc   140.86             Financial Services    2026-08-04 31.6   2026-08-05 33.59  6.30 
 MCK                                McKesson Corp   972.25                    Health Care  2026-08-04 830.43  2026-08-05 877.23  5.64 
 LLY                             Eli Lilly and Co 10506.82                Pharmaceuticals 2026-08-04 1115.68 2026-08-05 1169.86  4.86 
  OC                                Owens Corning   117.19                       Building  2026-08-04 145.53  2026-08-05 152.47  4.77 
RBRK                                   Rubrik Inc   166.70                     Technology   2026-08-04 80.99   2026-08-05 84.81  4.72 
 MAR                   Marriott International Inc   900.17  Hotels, Restaurants & Leisure   2026-08-04 345.2  2026-08-05 361.31  4.67 

=== 市值超过200亿的涨幅榜前20名股票 ===
 股票代码                  公司名称                   市值(亿)                 板块                     昨天收盘               今天收盘        涨跌幅(%)
 SHOP                            Shopify Inc  1600.01                    Technology   2026-08-04 123.3  2026-08-05 144.24 16.98 
  BSP                     Bending Spoons SpA   237.89                    Technology   2026-08-04 37.45   2026-08-05 43.75 16.82 
  IFF International Flavors & Fragrances Inc   206.51                     Chemicals   2026-08-04 80.89   2026-08-05 88.07  8.88 
   AU                  Anglogold Ashanti PLC   411.58               Metals & Mining    2026-08-04 81.5    2026-08-05 88.6  8.71 
   SN                         Sharkninja Inc   257.72             Consumer products  2026-08-04 168.19  2026-08-05 182.11  8.28 
  NEM                    Newmont Corporation  1098.90               Metals & Mining   2026-08-04 97.73  2026-08-05 104.29  6.71 
 BKNG                   Booking Holdings Inc  1505.36 Hotels, Restaurants & Leisure  2026-08-04 194.27  2026-08-05 207.02  6.56 
  MCK                          McKesson Corp   972.25                   Health Care  2026-08-04 830.43  2026-08-05 877.23  5.64 
  LLY                       Eli Lilly and Co 10506.82               Pharmaceuticals 2026-08-04 1115.68 2026-08-05 1169.86  4.86 
  MAR             Marriott International Inc   900.17 Hotels, Restaurants & Leisure   2026-08-04 345.2  2026-08-05 361.31  4.67 
ADYYF                               Adyen NV   297.32            Financial Services 2026-08-04 1051.75  2026-08-05 1100.0  4.59 
 AMGN                              Amgen Inc  2201.09                 Biotechnology  2026-08-04 390.02  2026-08-05 407.83  4.57 
  CNC                           Centene Corp   316.50                   Health Care   2026-08-04 64.07   2026-08-05 66.99  4.56 
 ALNY            Alnylam Pharmaceuticals Inc   293.04                 Biotechnology   2026-08-04 219.0  2026-08-05 228.72  4.44 
 FICO                        Fair Isaac Corp   226.13                    Technology 2026-08-04 1046.99 2026-08-05 1091.55  4.26 
  HLT          Hilton Worldwide Holdings Inc   702.36 Hotels, Restaurants & Leisure  2026-08-04 312.07  2026-08-05 324.56  4.00 
THLEF                              Thales SA   539.28           Aerospace & Defense  2026-08-04 296.22  2026-08-05 307.51  3.81 
  DIS                         Walt Disney Co  1767.07                         Media   2026-08-04 98.18  2026-08-05 101.76  3.65 
  COR                            Cencora Inc   595.90                   Health Care  2026-08-04 306.28  2026-08-05 317.22  3.57 
 ANET                    Arista Networks Inc  2484.53                Communications  2026-08-04 190.51  2026-08-05 197.31  3.57 

=== 市值超过1000亿的涨跌榜前20名股票 ===
股票代码             公司名称              市值(亿)                 板块                      昨天收盘               今天收盘        涨跌幅(%)
SHOP                  Shopify Inc  1600.01                     Technology   2026-08-04 123.3  2026-08-05 144.24 16.98 
 NEM          Newmont Corporation  1098.90                Metals & Mining   2026-08-04 97.73  2026-08-05 104.29  6.71 
BKNG         Booking Holdings Inc  1505.36  Hotels, Restaurants & Leisure  2026-08-04 194.27  2026-08-05 207.02  6.56 
 LLY             Eli Lilly and Co 10506.82                Pharmaceuticals 2026-08-04 1115.68 2026-08-05 1169.86  4.86 
AMGN                    Amgen Inc  2201.09                  Biotechnology  2026-08-04 390.02  2026-08-05 407.83  4.57 
 DIS               Walt Disney Co  1767.07                          Media   2026-08-04 98.18  2026-08-05 101.76  3.65 
ANET          Arista Networks Inc  2484.53                 Communications  2026-08-04 190.51  2026-08-05 197.31  3.57 
NVDA                  NVIDIA Corp 53051.24                 Semiconductors  2026-08-04 211.94  2026-08-05 219.22  3.43 
 DHR                 Danaher Corp  1369.28 Life Sciences Tools & Services  2026-08-04 194.78  2026-08-05 199.66  2.51 
  TT       Trane Technologies PLC  1039.04                       Building  2026-08-04 472.24  2026-08-05 483.58  2.40 
 TMO Thermo Fisher Scientific Inc  2088.15 Life Sciences Tools & Services  2026-08-04 564.75  2026-08-05 577.83  2.32 
 MCD              McDonald's Corp  1906.57  Hotels, Restaurants & Leisure  2026-08-04 268.34   2026-08-05 274.0  2.11 
 RTX                     RTX Corp  2937.17            Aerospace & Defense  2026-08-04 217.93  2026-08-05 222.31  2.01 
ISRG       Intuitive Surgical Inc  1301.00                    Health Care  2026-08-04 368.27   2026-08-05 375.2  1.88 
 PFE                   Pfizer Inc  1448.23                Pharmaceuticals   2026-08-04 25.41   2026-08-05 25.81  1.57 
 TJX            TJX Companies Inc  1766.64                         Retail  2026-08-04 157.55  2026-08-05 159.92  1.50 
  HD               Home Depot Inc  3472.36                         Retail  2026-08-04 348.24  2026-08-05 353.14  1.41 
 LIN                    Linde PLC  2234.09                      Chemicals  2026-08-04 484.64  2026-08-05 491.05  1.32 
 UNH       UnitedHealth Group Inc  3702.60                    Health Care  2026-08-04 407.55  2026-08-05 412.75  1.28 
  BA                    Boeing Co  1898.39            Aerospace & Defense  2026-08-04 237.16  2026-08-05 240.19  1.28 
