
=== 涨幅榜前20名股票 ===
股票代码                公司名称               市值(亿)                板块                      昨天收盘              今天收盘       涨跌幅(%)
CYCU                      Cycurion Inc   0.04          Professional Services   2026-07-29 0.27   2026-07-30 1.61 496.30
GCTK                    GlucoTrack Inc   0.03                    Health Care   2026-07-29 0.28   2026-07-30 0.78 173.68
  PN           Skycorp Solar Group Ltd   1.53           Electrical Equipment  2026-07-29 10.72  2026-07-30 23.67 120.80
DFNS                    T3 Defense Inc   0.74                     Technology  2026-07-29 50.22  2026-07-30 84.98  69.22
KSCP                   Knightscope Inc   0.31 Commercial Services & Supplies   2026-07-29 1.38   2026-07-30 1.99  44.20
CMCO            Columbus McKinnon Corp   5.53                      Machinery  2026-07-29 14.62  2026-07-30 20.68  41.45
SXTC     China SXT Pharmaceuticals Inc   0.02                Pharmaceuticals   2026-07-29 0.05   2026-07-30 0.07  37.92
FXHO                         UTime Ltd   0.02           Electrical Equipment   2026-07-29 8.77  2026-07-30 12.04  37.29
RACC Research Alliance Corporation III   1.64                            N/A   2026-07-29 16.5   2026-07-30 21.9  32.73
 XRX               Xerox Holdings Corp   4.30                     Technology   2026-07-29 2.64   2026-07-30 3.49  32.20
  MF               U-BX Technology Ltd   0.13                     Technology   2026-07-29 6.83   2026-07-30 8.96  31.19
FCEL               Fuelcell Energy Inc  17.06           Electrical Equipment  2026-07-29 18.08  2026-07-30 23.62  30.64
FRVO                   Fervo Energy Co  58.63                      Utilities  2026-07-29 17.08   2026-07-30 22.3  30.56
IREN                          IREN Ltd 127.70                     Technology  2026-07-29 29.31  2026-07-30 38.26  30.54
PLPC        Preformed Line Products Co  16.84           Electrical Equipment 2026-07-29 283.51 2026-07-30 368.46  29.96
MKTX          Marketaxess Holdings Inc  58.02             Financial Services 2026-07-29 125.73 2026-07-30 162.76  29.45
LUNG                      Pulmonx Corp   0.67                    Health Care   2026-07-29 1.25   2026-07-30 1.61  28.80
CIFR                Cipher Digital Inc  89.62                     Technology  2026-07-29 17.69  2026-07-30 22.66  28.07
KEEL          Keel Infrastructure Corp  23.88                     Technology   2026-07-29 3.18   2026-07-30 4.05  27.36
CORT          Corcept Therapeutics Inc 122.26                Pharmaceuticals  2026-07-29 92.95 2026-07-30 118.32  27.29

=== 市值超过20亿的涨幅榜前20名股票 ===
股票代码            公司名称             市值(亿)           板块                 昨天收盘               今天收盘        涨跌幅(%)
FRVO            Fervo Energy Co   58.63            Utilities   2026-07-29 17.08    2026-07-30 22.3 30.56 
IREN                   IREN Ltd  127.70           Technology   2026-07-29 29.31   2026-07-30 38.26 30.54 
MKTX   Marketaxess Holdings Inc   58.02   Financial Services  2026-07-29 125.73  2026-07-30 162.76 29.45 
CIFR         Cipher Digital Inc   89.62           Technology   2026-07-29 17.69   2026-07-30 22.66 28.07 
KEEL   Keel Infrastructure Corp   23.88           Technology    2026-07-29 3.18    2026-07-30 4.05 27.36 
CORT   Corcept Therapeutics Inc  122.26      Pharmaceuticals   2026-07-29 92.95  2026-07-30 118.32 27.29 
NBIS            Nebius Group NV  466.41           Technology  2026-07-29 148.22  2026-07-30 188.43 27.13 
AXTI                    AXT Inc   28.88       Semiconductors   2026-07-29 36.97   2026-07-30 46.94 26.97 
  BE          Bloom Energy Corp  604.01 Electrical Equipment  2026-07-29 163.75  2026-07-30 207.12 26.49 
FORM             FormFactor Inc   80.79       Semiconductors   2026-07-29 83.45  2026-07-30 105.38 26.28 
SNDK               Sandisk Corp 1758.98           Technology 2026-07-29 1015.89 2026-07-30 1279.96 25.99 
BTDR Bitdeer Technologies Group   27.01           Technology     2026-07-29 8.9    2026-07-30 11.1 24.72 
NEOG                Neogen Corp   22.77          Health Care     2026-07-29 9.4   2026-07-30 11.53 22.66 
RIOT         Riot Platforms Inc   83.65           Technology   2026-07-29 18.24   2026-07-30 22.12 21.27 
CLSK             CleanSpark Inc   35.39           Technology   2026-07-29 12.01   2026-07-30 14.54 21.07 
APLD       Applied Digital Corp   77.79           Technology   2026-07-29 23.22   2026-07-30 27.97 20.46 
ACMR           ACM Research Inc   51.20       Semiconductors    2026-07-29 65.3   2026-07-30 78.65 20.44 
ICHR         Ichor Holdings Ltd   24.72       Semiconductors   2026-07-29 62.25   2026-07-30 74.97 20.43 
CORZ        Core Scientific Inc   70.69           Technology   2026-07-29 18.12   2026-07-30 21.81 20.36 
ALAB           Astera Labs, Inc  478.97       Semiconductors  2026-07-29 249.74  2026-07-30 299.69 20.00 

=== 市值超过50亿的涨幅榜前20名股票 ===
股票代码             公司名称             市值(亿)           板块                 昨天收盘               今天收盘        涨跌幅(%)
FRVO             Fervo Energy Co   58.63            Utilities   2026-07-29 17.08    2026-07-30 22.3 30.56 
IREN                    IREN Ltd  127.70           Technology   2026-07-29 29.31   2026-07-30 38.26 30.54 
MKTX    Marketaxess Holdings Inc   58.02   Financial Services  2026-07-29 125.73  2026-07-30 162.76 29.45 
CIFR          Cipher Digital Inc   89.62           Technology   2026-07-29 17.69   2026-07-30 22.66 28.07 
CORT    Corcept Therapeutics Inc  122.26      Pharmaceuticals   2026-07-29 92.95  2026-07-30 118.32 27.29 
NBIS             Nebius Group NV  466.41           Technology  2026-07-29 148.22  2026-07-30 188.43 27.13 
  BE           Bloom Energy Corp  604.01 Electrical Equipment  2026-07-29 163.75  2026-07-30 207.12 26.49 
FORM              FormFactor Inc   80.79       Semiconductors   2026-07-29 83.45  2026-07-30 105.38 26.28 
SNDK                Sandisk Corp 1758.98           Technology 2026-07-29 1015.89 2026-07-30 1279.96 25.99 
RIOT          Riot Platforms Inc   83.65           Technology   2026-07-29 18.24   2026-07-30 22.12 21.27 
APLD        Applied Digital Corp   77.79           Technology   2026-07-29 23.22   2026-07-30 27.97 20.46 
ACMR            ACM Research Inc   51.20       Semiconductors    2026-07-29 65.3   2026-07-30 78.65 20.44 
CORZ         Core Scientific Inc   70.69           Technology   2026-07-29 18.12   2026-07-30 21.81 20.36 
ALAB            Astera Labs, Inc  478.97       Semiconductors  2026-07-29 249.74  2026-07-30 299.69 20.00 
CBRS        Cerebras Systems Inc  562.99       Semiconductors  2026-07-29 169.39  2026-07-30 203.07 19.88 
 EME             EMCOR Group Inc  347.46         Construction  2026-07-29 672.48  2026-07-30 802.37 19.32 
  MU       Micron Technology Inc 9184.34       Semiconductors   2026-07-29 739.0  2026-07-30 874.66 18.36 
LRCX           Lam Research Corp 3811.49       Semiconductors  2026-07-29 252.35  2026-07-30 297.72 17.98 
 AGX                   Argan Inc   75.50         Construction  2026-07-29 492.35  2026-07-30 579.87 17.78 
AAOI Applied Optoelectronics Inc   68.98       Communications   2026-07-29 76.52   2026-07-30 90.11 17.76 

=== 市值超过100亿的涨幅榜前20名股票 ===
股票代码                公司名称                市值(亿)            板块                 昨天收盘               今天收盘        涨跌幅(%)
IREN                          IREN Ltd   127.70           Technology   2026-07-29 29.31   2026-07-30 38.26 30.54 
CORT          Corcept Therapeutics Inc   122.26      Pharmaceuticals   2026-07-29 92.95  2026-07-30 118.32 27.29 
NBIS                   Nebius Group NV   466.41           Technology  2026-07-29 148.22  2026-07-30 188.43 27.13 
  BE                 Bloom Energy Corp   604.01 Electrical Equipment  2026-07-29 163.75  2026-07-30 207.12 26.49 
SNDK                      Sandisk Corp  1758.98           Technology 2026-07-29 1015.89 2026-07-30 1279.96 25.99 
ALAB                  Astera Labs, Inc   478.97       Semiconductors  2026-07-29 249.74  2026-07-30 299.69 20.00 
CBRS              Cerebras Systems Inc   562.99       Semiconductors  2026-07-29 169.39  2026-07-30 203.07 19.88 
 EME                   EMCOR Group Inc   347.46         Construction  2026-07-29 672.48  2026-07-30 802.37 19.32 
  MU             Micron Technology Inc  9184.34       Semiconductors   2026-07-29 739.0  2026-07-30 874.66 18.36 
LRCX                 Lam Research Corp  3811.49       Semiconductors  2026-07-29 252.35  2026-07-30 297.72 17.98 
STRL       Sterling Infrastructure Inc   169.37         Construction  2026-07-29 494.24  2026-07-30 580.73 17.50 
MSFT                    Microsoft Corp 33374.10           Technology  2026-07-29 390.54   2026-07-30 451.1 15.51 
ARXS                         Arxis Inc   185.68  Aerospace & Defense   2026-07-29 42.47   2026-07-30 48.98 15.33 
IESC                  IES Holdings Inc   109.14         Construction  2026-07-29 496.22  2026-07-30 571.54 15.18 
LITE             Lumentum Holdings Inc   523.28       Communications  2026-07-29 602.35  2026-07-30 693.24 15.09 
AMAT             Applied Materials Inc  3910.89       Semiconductors  2026-07-29 436.45  2026-07-30 501.77 14.97 
ONTO               Onto Innovation Inc   124.62       Semiconductors  2026-07-29 218.31  2026-07-30 250.52 14.75 
 TER                      Teradyne Inc   552.70       Semiconductors  2026-07-29 319.41  2026-07-30 365.49 14.43 
SITM                       SiTime Corp   134.50       Semiconductors  2026-07-29 462.16  2026-07-30 527.87 14.22 
 HII Huntington Ingalls Industries Inc   117.62  Aerospace & Defense   2026-07-29 280.4   2026-07-30 319.9 14.09 

=== 市值超过200亿的涨幅榜前20名股票 ===
股票代码                公司名称                 市值(亿)                 板块                     昨天收盘               今天收盘        涨跌幅(%)
NBIS                    Nebius Group NV   466.41                    Technology  2026-07-29 148.22  2026-07-30 188.43 27.13 
  BE                  Bloom Energy Corp   604.01          Electrical Equipment  2026-07-29 163.75  2026-07-30 207.12 26.49 
SNDK                       Sandisk Corp  1758.98                    Technology 2026-07-29 1015.89 2026-07-30 1279.96 25.99 
ALAB                   Astera Labs, Inc   478.97                Semiconductors  2026-07-29 249.74  2026-07-30 299.69 20.00 
CBRS               Cerebras Systems Inc   562.99                Semiconductors  2026-07-29 169.39  2026-07-30 203.07 19.88 
 EME                    EMCOR Group Inc   347.46                  Construction  2026-07-29 672.48  2026-07-30 802.37 19.32 
  MU              Micron Technology Inc  9184.34                Semiconductors   2026-07-29 739.0  2026-07-30 874.66 18.36 
LRCX                  Lam Research Corp  3811.49                Semiconductors  2026-07-29 252.35  2026-07-30 297.72 17.98 
MSFT                     Microsoft Corp 33374.10                    Technology  2026-07-29 390.54   2026-07-30 451.1 15.51 
LITE              Lumentum Holdings Inc   523.28                Communications  2026-07-29 602.35  2026-07-30 693.24 15.09 
AMAT              Applied Materials Inc  3910.89                Semiconductors  2026-07-29 436.45  2026-07-30 501.77 14.97 
 TER                       Teradyne Inc   552.70                Semiconductors  2026-07-29 319.41  2026-07-30 365.49 14.43 
CRDO Credo Technology Group Holding Ltd   359.72                Semiconductors  2026-07-29 177.45  2026-07-30 201.08 13.32 
 AMD         Advanced Micro Devices Inc  7661.30                Semiconductors  2026-07-29 429.56  2026-07-30 485.39 13.00 
 MTZ                         MasTec Inc   255.18                  Construction  2026-07-29 287.42  2026-07-30 324.44 12.88 
CIEN                         Ciena Corp   526.68                Communications  2026-07-29 330.37  2026-07-30 372.07 12.62 
 CMG         Chipotle Mexican Grill Inc   499.11 Hotels, Restaurants & Leisure   2026-07-29 34.24   2026-07-30 38.52 12.50 
TSEM            Tower Semiconductor Ltd   232.45                Semiconductors  2026-07-29 187.84  2026-07-30 211.16 12.41 
MRVL             Marvell Technology Inc  1605.28                Semiconductors   2026-07-29 163.4   2026-07-30 183.3 12.18 
COHR                      Coherent Corp   472.37          Electrical Equipment  2026-07-29 222.05  2026-07-30 249.06 12.16 

=== 市值超过1000亿的涨跌榜前20名股票 ===
 股票代码               公司名称               市值(亿)            板块                 昨天收盘               今天收盘        涨跌幅(%)
 SNDK                    Sandisk Corp  1758.98           Technology 2026-07-29 1015.89 2026-07-30 1279.96 25.99 
   MU           Micron Technology Inc  9184.34       Semiconductors   2026-07-29 739.0  2026-07-30 874.66 18.36 
 LRCX               Lam Research Corp  3811.49       Semiconductors  2026-07-29 252.35  2026-07-30 297.72 17.98 
 MSFT                  Microsoft Corp 33374.10           Technology  2026-07-29 390.54   2026-07-30 451.1 15.51 
 AMAT           Applied Materials Inc  3910.89       Semiconductors  2026-07-29 436.45  2026-07-30 501.77 14.97 
  AMD      Advanced Micro Devices Inc  7661.30       Semiconductors  2026-07-29 429.56  2026-07-30 485.39 13.00 
 MRVL          Marvell Technology Inc  1605.28       Semiconductors   2026-07-29 163.4   2026-07-30 183.3 12.18 
  STX Seagate Technology Holdings PLC  1993.50           Technology  2026-07-29 764.43  2026-07-30 851.68 11.41 
 INTC                      Intel Corp  4492.62       Semiconductors   2026-07-29 81.88   2026-07-30 91.13 11.30 
SBGSF           Schneider Electric SE  1450.17 Electrical Equipment  2026-07-29 293.37   2026-07-30 326.5 11.29 
 DELL           Dell Technologies Inc  2577.06           Technology  2026-07-29 369.64  2026-07-30 404.81  9.51 
  GEV                  GE Vernova Inc  2595.01 Electrical Equipment  2026-07-29 900.28  2026-07-30 981.98  9.07 
 ORCL                     Oracle Corp  3594.68           Technology  2026-07-29 117.74  2026-07-30 127.56  8.34 
 ANET             Arista Networks Inc  2119.87       Communications  2026-07-29 157.97  2026-07-30 171.02  8.26 
  ETN           Eaton Corporation PLC  1491.89 Electrical Equipment  2026-07-29 361.88  2026-07-30 386.89  6.91 
ASMLF                 ASML Holding NV  5203.40       Semiconductors 2026-07-29 1547.68 2026-07-30 1649.88  6.60 
  APH                   Amphenol Corp  1966.16 Electrical Equipment  2026-07-29 150.31  2026-07-30 159.82  6.33 
 KLAC                        KLA Corp  2381.86       Semiconductors  2026-07-29 170.19  2026-07-30 180.33  5.96 
 SCCO            Southern Copper Corp  1518.81      Metals & Mining  2026-07-29 175.47   2026-07-30 185.0  5.43 
 IBKR   Interactive Brokers Group Inc  1534.74   Financial Services   2026-07-29 86.26   2026-07-30 90.48  4.89 
