
=== 涨幅榜前20名股票 ===
股票代码                 公司名称                市值(亿)                板块                     昨天收盘             今天收盘       涨跌幅(%)
SCKT                   Socket Mobile Inc   0.03                     Technology  2026-08-07 0.39  2026-08-10 2.13 446.15
MNST               Monster Beverage Corp 883.73                      Beverages 2026-08-07 45.18 2026-08-10 91.43 102.37
AUUD                          Auddia Inc   0.04                     Technology  2026-08-07 0.82  2026-08-10 1.32  60.58
VREX                  Varex Imaging Corp   4.71                    Health Care 2026-08-07 12.41 2026-08-10 18.46  48.75
 HZO                       MarineMax Inc   7.88                         Retail 2026-08-07 35.68 2026-08-10 52.12  46.08
ALGS             Aligos Therapeutics Inc   0.35                  Biotechnology  2026-08-07 5.59  2026-08-10 7.65  36.85
ZJYL       Jin Medical International Ltd   0.15                    Health Care  2026-08-07 2.15  2026-08-10 2.92  35.81
STDN                Standard Nuclear Inc  13.56                            N/A  2026-08-07 8.44 2026-08-10 11.45  35.66
ABCL             Abcellera Biologics Inc  21.25 Life Sciences Tools & Services  2026-08-07 6.93  2026-08-10 9.34  34.78
RDGT                       Ridgetech Inc   0.03                         Retail  2026-08-07 0.75  2026-08-10 0.99  31.99
FEAM           5E Advanced Materials Inc   0.62                Metals & Mining   2026-08-07 1.5  2026-08-10 1.96  30.67
INHD                   Inno Holdings Inc   0.13                Metals & Mining  2026-08-07 5.14  2026-08-10 6.63  28.86
HUDI Huadi International Group Co., Ltd.   0.10                Metals & Mining  2026-08-07 0.72  2026-08-10 0.93  27.94
 UPC        Universe Pharmaceuticals Inc   0.28                Pharmaceuticals  2026-08-07 5.56  2026-08-10 7.09  27.52
GITS Global Interactive Technologies Inc   0.08                          Media  2026-08-07 2.14  2026-08-10 2.71  26.64
 DDC                  DDC Enterprise Ltd   0.21                  Food Products  2026-08-07 0.43  2026-08-10 0.55  25.81
SOAR                    Volato Group Inc   0.07                       Airlines  2026-08-07 0.14  2026-08-10 0.17  25.51
CJMB                      Callan JMB Inc   0.09     Logistics & Transportation  2026-08-07 1.57  2026-08-10 1.97  25.48
AREN            Arena Group Holdings Inc   0.84                          Media  2026-08-07 1.76   2026-08-10 2.2  25.00
SGLY   Singularity Future Technology Ltd   0.06  Transportation Infrastructure  2026-08-07 6.87  2026-08-10 8.55  24.45

=== 市值超过20亿的涨幅榜前20名股票 ===
股票代码                公司名称               市值(亿)                板块                      昨天收盘              今天收盘       涨跌幅(%)
MNST             Monster Beverage Corp 883.73                      Beverages  2026-08-07 45.18  2026-08-10 91.43 102.37
ABCL           Abcellera Biologics Inc  21.25 Life Sciences Tools & Services   2026-08-07 6.93   2026-08-10 9.34  34.78
FSLY                        Fastly Inc  36.58                     Technology  2026-08-07 22.96  2026-08-10 27.75  20.86
 BSP                Bending Spoons SpA 282.35                     Technology  2026-08-07 44.45  2026-08-10 51.43  15.70
CLMT                       Calumet Inc  34.41                         Energy  2026-08-07 39.48  2026-08-10 45.47  15.17
  HP           Helmerich and Payne Inc  37.07                         Energy   2026-08-07 37.1  2026-08-10 41.87  12.86
 TXG                  10X Genomics Inc  66.06 Life Sciences Tools & Services  2026-08-07 52.03  2026-08-10 58.57  12.57
ACHR               Archer Aviation Inc  42.46            Aerospace & Defense   2026-08-07 5.59   2026-08-10 6.26  11.99
DDOG Datadog Inc (Pre-Reincorporation) 832.70                     Technology 2026-08-07 233.93 2026-08-10 260.78  11.48
PTEN          Patterson-UTI Energy Inc  37.64                         Energy   2026-08-07 9.87  2026-08-10 10.99  11.35
MAAS                         Maase Inc  82.91                      Insurance  2026-08-07 18.75   2026-08-10 20.7  10.40
  SM                      SM Energy Co  69.24                         Energy  2026-08-07 28.88  2026-08-10 31.76   9.97
BFLY             Butterfly Network Inc  23.95                    Health Care   2026-08-07 8.83    2026-08-10 9.7   9.85
LFST       LifeStance Health Group Inc  42.04                    Health Care  2026-08-07 10.84   2026-08-10 11.9   9.78
 FIG                         Figma Inc 124.14                     Technology  2026-08-07 23.29  2026-08-10 25.39   9.02
 APA                     APA Corp (US) 133.01                         Energy  2026-08-07 37.63  2026-08-10 41.02   9.01
   P                      Everpure Inc 299.33                     Technology  2026-08-07 90.05  2026-08-10 97.98   8.81
 NOG          Northern Oil and Gas Inc  23.50                         Energy   2026-08-07 21.6  2026-08-10 23.49   8.75
 RIG                    Transocean Ltd  58.73                         Energy   2026-08-07 5.26   2026-08-10 5.72   8.75
RBRK                        Rubrik Inc 185.39                     Technology  2026-08-07 90.07  2026-08-10 97.91   8.70

=== 市值超过50亿的涨幅榜前20名股票 ===
股票代码                公司名称               市值(亿)                板块                      昨天收盘              今天收盘       涨跌幅(%)
MNST             Monster Beverage Corp 883.73                      Beverages  2026-08-07 45.18  2026-08-10 91.43 102.37
 BSP                Bending Spoons SpA 282.35                     Technology  2026-08-07 44.45  2026-08-10 51.43  15.70
 TXG                  10X Genomics Inc  66.06 Life Sciences Tools & Services  2026-08-07 52.03  2026-08-10 58.57  12.57
DDOG Datadog Inc (Pre-Reincorporation) 832.70                     Technology 2026-08-07 233.93 2026-08-10 260.78  11.48
MAAS                         Maase Inc  82.91                      Insurance  2026-08-07 18.75   2026-08-10 20.7  10.40
  SM                      SM Energy Co  69.24                         Energy  2026-08-07 28.88  2026-08-10 31.76   9.97
 FIG                         Figma Inc 124.14                     Technology  2026-08-07 23.29  2026-08-10 25.39   9.02
 APA                     APA Corp (US) 133.01                         Energy  2026-08-07 37.63  2026-08-10 41.02   9.01
   P                      Everpure Inc 299.33                     Technology  2026-08-07 90.05  2026-08-10 97.98   8.81
 RIG                    Transocean Ltd  58.73                         Energy   2026-08-07 5.26   2026-08-10 5.72   8.75
RBRK                        Rubrik Inc 185.39                     Technology  2026-08-07 90.07  2026-08-10 97.91   8.70
 VAL                       Valaris Ltd  53.47                         Energy  2026-08-07 78.78  2026-08-10 85.55   8.59
  LB                 LandBridge Co LLC  57.70                    Real Estate   2026-08-07 75.4  2026-08-10 81.71   8.37
BMRN       BioMarin Pharmaceutical Inc 123.33                  Biotechnology  2026-08-07 63.81  2026-08-10 68.88   7.95
  VG                Venture Global Inc 308.81                         Energy  2026-08-07 13.26  2026-08-10 14.26   7.54
 PBF                    PBF Energy Inc  73.15                         Energy  2026-08-07 61.71  2026-08-10 66.29   7.42
 MPC           Marathon Petroleum Corp 837.42                         Energy  2026-08-07 298.2 2026-08-10 320.32   7.42
 OVV                       Ovintiv Inc 163.54                         Energy  2026-08-07 59.36  2026-08-10 63.56   7.08
  MP                 MP Materials Corp  90.99                Metals & Mining  2026-08-07 51.11  2026-08-10 54.66   6.95
  NE             Noble Corporation PLC  65.09                         Energy  2026-08-07 40.77  2026-08-10 43.55   6.82

=== 市值超过100亿的涨幅榜前20名股票 ===
股票代码                公司名称                市值(亿)          板块                昨天收盘              今天收盘       涨跌幅(%)
MNST             Monster Beverage Corp  883.73          Beverages  2026-08-07 45.18  2026-08-10 91.43 102.37
 BSP                Bending Spoons SpA  282.35         Technology  2026-08-07 44.45  2026-08-10 51.43  15.70
DDOG Datadog Inc (Pre-Reincorporation)  832.70         Technology 2026-08-07 233.93 2026-08-10 260.78  11.48
 FIG                         Figma Inc  124.14         Technology  2026-08-07 23.29  2026-08-10 25.39   9.02
 APA                     APA Corp (US)  133.01             Energy  2026-08-07 37.63  2026-08-10 41.02   9.01
   P                      Everpure Inc  299.33         Technology  2026-08-07 90.05  2026-08-10 97.98   8.81
RBRK                        Rubrik Inc  185.39         Technology  2026-08-07 90.07  2026-08-10 97.91   8.70
BMRN       BioMarin Pharmaceutical Inc  123.33      Biotechnology  2026-08-07 63.81  2026-08-10 68.88   7.95
  VG                Venture Global Inc  308.81             Energy  2026-08-07 13.26  2026-08-10 14.26   7.54
 MPC           Marathon Petroleum Corp  837.42             Energy  2026-08-07 298.2 2026-08-10 320.32   7.42
 OVV                       Ovintiv Inc  163.54             Energy  2026-08-07 59.36  2026-08-10 63.56   7.08
  AR             Antero Resources Corp  106.71             Energy  2026-08-07 34.71  2026-08-10 37.07   6.80
SMMT           Summit Therapeutics Inc  111.37      Biotechnology  2026-08-07 13.96  2026-08-10 14.87   6.52
 FTI                    TechnipFMC PLC  273.02             Energy  2026-08-07 69.62  2026-08-10 74.13   6.48
AKAM           Akamai Technologies Inc  160.71         Technology 2026-08-07 110.54 2026-08-10 117.65   6.43
  CF        CF Industries Holdings Inc  175.68          Chemicals 2026-08-07 114.35 2026-08-10 121.48   6.24
CHYM               Chime Financial Inc  110.71 Financial Services   2026-08-07 29.1  2026-08-10 30.85   6.01
FANG            Diamondback Energy Inc  526.56             Energy 2026-08-07 188.04 2026-08-10 198.97   5.81
 PSX                       Phillips 66  813.64             Energy 2026-08-07 203.91 2026-08-10 215.52   5.69
VRTX        Vertex Pharmaceuticals Inc 1210.91      Biotechnology 2026-08-07 496.07 2026-08-10 523.91   5.61

=== 市值超过200亿的涨幅榜前20名股票 ===
股票代码                公司名称                市值(亿)        板块             昨天收盘              今天收盘       涨跌幅(%)
MNST             Monster Beverage Corp  883.73     Beverages  2026-08-07 45.18  2026-08-10 91.43 102.37
 BSP                Bending Spoons SpA  282.35    Technology  2026-08-07 44.45  2026-08-10 51.43  15.70
DDOG Datadog Inc (Pre-Reincorporation)  832.70    Technology 2026-08-07 233.93 2026-08-10 260.78  11.48
   P                      Everpure Inc  299.33    Technology  2026-08-07 90.05  2026-08-10 97.98   8.81
  VG                Venture Global Inc  308.81        Energy  2026-08-07 13.26  2026-08-10 14.26   7.54
 MPC           Marathon Petroleum Corp  837.42        Energy  2026-08-07 298.2 2026-08-10 320.32   7.42
 FTI                    TechnipFMC PLC  273.02        Energy  2026-08-07 69.62  2026-08-10 74.13   6.48
FANG            Diamondback Energy Inc  526.56        Energy 2026-08-07 188.04 2026-08-10 198.97   5.81
 PSX                       Phillips 66  813.64        Energy 2026-08-07 203.91 2026-08-10 215.52   5.69
VRTX        Vertex Pharmaceuticals Inc 1210.91 Biotechnology 2026-08-07 496.07 2026-08-10 523.91   5.61
 VLO                Valero Energy Corp  880.02        Energy 2026-08-07 298.31 2026-08-10 314.95   5.58
 EOG                 EOG Resources Inc  706.75        Energy 2026-08-07 134.74 2026-08-10 142.22   5.55
 DVN                 Devon Energy Corp  472.78        Energy  2026-08-07 42.98  2026-08-10 45.36   5.54
 HAL                    Halliburton Co  265.69        Energy  2026-08-07 31.89  2026-08-10 33.64   5.49
 SLB                            SLB NV  749.94        Energy  2026-08-07 50.53   2026-08-10 53.2   5.28
 ADM         Archer-Daniels-Midland Co  369.13 Food Products  2026-08-07 76.59  2026-08-10 80.49   5.09
 EXE                Expand Energy Corp  214.93        Energy  2026-08-07 92.84  2026-08-10 97.56   5.08
 OXY         Occidental Petroleum Corp  558.90        Energy  2026-08-07 55.91  2026-08-10 58.65   4.90
NTAP                        NetApp Inc  371.90    Technology 2026-08-07 189.52 2026-08-10 198.72   4.85
SPOT             Spotify Technology SA 1004.99         Media 2026-08-07 488.14 2026-08-10 511.82   4.85

=== 市值超过1000亿的涨跌榜前20名股票 ===
股票代码                 公司名称                 市值(亿)                 板块                     昨天收盘               今天收盘        涨跌幅(%)
VRTX          Vertex Pharmaceuticals Inc  1210.91                 Biotechnology  2026-08-07 496.07  2026-08-10 523.91  5.61 
SPOT               Spotify Technology SA  1004.99                         Media  2026-08-07 488.14  2026-08-10 511.82  4.85 
 COP                      ConocoPhillips  1432.84                        Energy  2026-08-07 117.61  2026-08-10 123.03  4.61 
 CVX                        Chevron Corp  3715.52                        Energy  2026-08-07 186.56  2026-08-10 194.91  4.48 
 XOM            Exxonmobil Holdings Corp  6506.32                        Energy  2026-08-07 153.04  2026-08-10 159.79  4.41 
SPCX Space Exploration Technologies Corp 17657.43             Telecommunication  2026-08-07 133.11  2026-08-10 138.74  4.23 
UBER               Uber Technologies Inc  1532.33                   Road & Rail   2026-08-07 75.02   2026-08-10 78.03  4.01 
 LLY                    Eli Lilly and Co 11161.76               Pharmaceuticals 2026-08-07 1185.71 2026-08-10 1231.94  3.90 
ISRG              Intuitive Surgical Inc  1338.25                   Health Care  2026-08-07 378.81  2026-08-10 393.38  3.85 
 NEM                 Newmont Corporation  1190.46               Metals & Mining  2026-08-07 112.98  2026-08-10 117.26  3.79 
ABNB                          Airbnb Inc  1073.24 Hotels, Restaurants & Leisure  2026-08-07 178.07   2026-08-10 184.7  3.72 
 NET                      Cloudflare Inc  1066.33                    Technology  2026-08-07 300.27  2026-08-10 310.59  3.44 
  BX                      Blackstone Inc  1705.64            Financial Services  2026-08-07 137.13  2026-08-10 141.66  3.30 
IBKR       Interactive Brokers Group Inc  1489.79            Financial Services   2026-08-07 87.83   2026-08-10 90.66  3.22 
ADBE                           Adobe Inc  1054.21                    Technology  2026-08-07 265.21  2026-08-10 272.96  2.92 
NFLX                         Netflix Inc  3087.15                         Media   2026-08-07 74.14   2026-08-10 76.29  2.90 
FTNT                        Fortinet Inc  1171.30                    Technology  2026-08-07 159.64  2026-08-10 164.21  2.86 
ORCL                         Oracle Corp  4234.87                    Technology  2026-08-07 147.02  2026-08-10 151.05  2.74 
 LMT                Lockheed Martin Corp  1356.93           Aerospace & Defense  2026-08-07 587.95  2026-08-10 603.16  2.59 
 MDT                       Medtronic PLC  1115.69                   Health Care   2026-08-07 87.16   2026-08-10 89.41  2.58 
