
=== 涨幅榜前20名股票 ===
 股票代码                    公司名称                   市值(亿)               板块                     昨天收盘              今天收盘       涨跌幅(%)
  EGG                             Enigmatig Ltd  0.57          Professional Services  2026-07-27 2.05   2026-07-28 3.81 85.85 
 DFNS                            T3 Defense Inc  0.13                     Technology  2026-07-27 13.1   2026-07-28 24.0 83.21 
 CISS                                  C3is Inc  0.00                         Marine   2026-07-27 0.1   2026-07-28 0.17 63.73 
 INLF                                 INLIF Ltd  0.03                      Machinery  2026-07-27 3.28    2026-07-28 5.3 61.59 
 BIYA             Baiya International Group Inc  0.26          Professional Services  2026-07-27 4.17   2026-07-28 6.44 54.44 
 CNET           ZW Data Action Technologies Inc  0.04                          Media   2026-07-27 1.0   2026-07-28 1.41 41.00 
SPSAF                     Sopra Steria Group SA 31.99                     Technology 2026-07-27 142.0  2026-07-28 190.0 33.80 
 NEXR                   Nexera Technologies Ltd  0.02                         Retail  2026-07-27 0.25   2026-07-28 0.34 33.75 
  OPK                           OPKO Health Inc  9.36                    Health Care  2026-07-27 1.24   2026-07-28 1.65 33.06 
 RYOJ                           rYojbaba Co Ltd  0.44                    Health Care   2026-07-27 3.8   2026-07-28 4.99 31.32 
 CREG                         Smart Powerr Corp  0.00 Commercial Services & Supplies  2026-07-27 0.15    2026-07-28 0.2 29.84 
 APUS            Apimeds Pharmaceuticals US Inc  0.09                  Biotechnology  2026-07-27 6.29    2026-07-28 8.0 27.19 
 ITRI                                 Itron Inc 37.59           Electrical Equipment 2026-07-27 84.78 2026-07-28 107.02 26.23 
 KNSA Kiniksa Pharmaceuticals International PLC 48.88                  Biotechnology 2026-07-27 63.53  2026-07-28 79.44 25.03 
 AMSS                          Amass Brands Inc  0.10                      Beverages  2026-07-27 0.86   2026-07-28 1.07 24.42 
 MPLT                 MapLight Therapeutics Inc  4.22                  Biotechnology   2026-07-27 9.9  2026-07-28 12.31 24.28 
 CERO            CERo Therapeutics Holdings Inc  0.01                  Biotechnology  2026-07-27 0.01   2026-07-28 0.01 24.00 
  PMN                  ProMIS Neurosciences Inc  1.30                  Biotechnology 2026-07-27 11.72  2026-07-28 14.52 23.89 
  DCX         Digital Currency X Technology Inc  0.14                    Automobiles  2026-07-27 0.73    2026-07-28 0.9 23.73 
 LCID                           Lucid Group Inc 25.37                    Automobiles   2026-07-27 6.5    2026-07-28 7.9 21.54 

=== 市值超过20亿的涨幅榜前20名股票 ===
 股票代码                    公司名称                   市值(亿)                 板块                       昨天收盘              今天收盘       涨跌幅(%)
SPSAF                     Sopra Steria Group SA  31.99                       Technology  2026-07-27 142.0  2026-07-28 190.0 33.80 
 ITRI                                 Itron Inc  37.59             Electrical Equipment  2026-07-27 84.78 2026-07-28 107.02 26.23 
 KNSA Kiniksa Pharmaceuticals International PLC  48.88                    Biotechnology  2026-07-27 63.53  2026-07-28 79.44 25.03 
 LCID                           Lucid Group Inc  25.37                      Automobiles    2026-07-27 6.5    2026-07-28 7.9 21.54 
PPRUF                                 Kering SA 297.70 Textiles, Apparel & Luxury Goods 2026-07-27 273.96 2026-07-28 317.97 16.06 
  IQV                        IQVIA Holdings Inc 405.47   Life Sciences Tools & Services 2026-07-27 213.22 2026-07-28 242.94 13.94 
REMYF                         Remy Cointreau SA  24.00                        Beverages   2026-07-27 48.1  2026-07-28 53.96 12.18 
LLYVB                         Formula One Group 244.28                            Media  2026-07-27 90.33  2026-07-28 101.0 11.81 
 GSHD                   Goosehead Insurance Inc  22.02                        Insurance   2026-07-27 62.0  2026-07-28 68.82 11.00 
 RGEN                             Repligen Corp  73.96   Life Sciences Tools & Services 2026-07-27 131.06 2026-07-28 145.34 10.90 
 OSCR                          Oscar Health Inc  85.44                        Insurance  2026-07-27 28.34   2026-07-28 31.4 10.80 
 JBLU                      JetBlue Airways Corp  20.20                         Airlines   2026-07-27 5.43    2026-07-28 6.0 10.50 
 FOUR                      Shift4 Payments, Inc  39.64               Financial Services  2026-07-27 49.97  2026-07-28 54.84  9.75 
  PRK                        Park National Corp  34.26                          Banking 2026-07-27 189.35 2026-07-28 206.97  9.31 
 INCY                               Incyte Corp 237.48                    Biotechnology 2026-07-27 118.87 2026-07-28 129.93  9.30 
  TRU                                TransUnion 148.92            Professional Services  2026-07-27 77.24   2026-07-28 83.8  8.49 
  PAY                    Paymentus Holdings Inc  39.60               Financial Services  2026-07-27 31.48  2026-07-28 34.14  8.45 
 PLSE                     Pulse Biosciences Inc  22.69                      Health Care  2026-07-27 32.79  2026-07-28 35.47  8.17 
  THC                     Tenet Healthcare Corp 209.62                      Health Care 2026-07-27 243.36 2026-07-28 262.63  7.92 
 AMBP                 Ardagh Metal Packaging SA  28.93                        Packaging   2026-07-27 4.84   2026-07-28 5.21  7.64 

=== 市值超过50亿的涨幅榜前20名股票 ===
 股票代码                     公司名称                     市值(亿)                 板块                       昨天收盘              今天收盘       涨跌幅(%)
PPRUF                                    Kering SA 297.70 Textiles, Apparel & Luxury Goods 2026-07-27 273.96 2026-07-28 317.97 16.06 
  IQV                           IQVIA Holdings Inc 405.47   Life Sciences Tools & Services 2026-07-27 213.22 2026-07-28 242.94 13.94 
LLYVB                            Formula One Group 244.28                            Media  2026-07-27 90.33  2026-07-28 101.0 11.81 
 RGEN                                Repligen Corp  73.96   Life Sciences Tools & Services 2026-07-27 131.06 2026-07-28 145.34 10.90 
 OSCR                             Oscar Health Inc  85.44                        Insurance  2026-07-27 28.34   2026-07-28 31.4 10.80 
 INCY                                  Incyte Corp 237.48                    Biotechnology 2026-07-27 118.87 2026-07-28 129.93  9.30 
  TRU                                   TransUnion 148.92            Professional Services  2026-07-27 77.24   2026-07-28 83.8  8.49 
  THC                        Tenet Healthcare Corp 209.62                      Health Care 2026-07-27 243.36 2026-07-28 262.63  7.92 
ADYYF                                     Adyen NV 264.81               Financial Services  2026-07-27 929.0 2026-07-28 1000.0  7.64 
    G                                  Genpact Ltd  54.55            Professional Services  2026-07-27 32.18  2026-07-28 34.61  7.55 
 ZBRA                      Zebra Technologies Corp 113.08             Electrical Equipment 2026-07-27 264.59  2026-07-28 284.4  7.49 
  HCA                           HCA Healthcare Inc 864.33                      Health Care 2026-07-27 389.62 2026-07-28 418.19  7.33 
  CRL Charles River Laboratories International Inc 115.81   Life Sciences Tools & Services  2026-07-27 224.3 2026-07-28 240.43  7.19 
  NUE                                   Nucor Corp 564.48                  Metals & Mining 2026-07-27 247.86 2026-07-28 265.62  7.17 
 SOLV                               Solventum Corp 149.22                      Health Care  2026-07-27 80.47  2026-07-28 86.17  7.08 
 CTSH          Cognizant Technology Solutions Corp 222.96                       Technology  2026-07-27 47.05  2026-07-28 50.31  6.93 
 PAYC                          Paycom Software Inc  72.07            Professional Services  2026-07-27 151.3 2026-07-28 161.72  6.89 
  ACN                                Accenture PLC 942.76                       Technology 2026-07-27 154.06 2026-07-28 164.66  6.88 
 ICLR                                     ICON PLC 129.23   Life Sciences Tools & Services 2026-07-27 168.78 2026-07-28 180.24  6.79 
  FDS                 Factset Research Systems Inc  94.57               Financial Services  2026-07-27 265.9 2026-07-28 283.87  6.76 

=== 市值超过100亿的涨幅榜前20名股票 ===
 股票代码                     公司名称                      市值(亿)                 板块                       昨天收盘              今天收盘       涨跌幅(%)
PPRUF                                    Kering SA  297.70 Textiles, Apparel & Luxury Goods 2026-07-27 273.96 2026-07-28 317.97 16.06 
  IQV                           IQVIA Holdings Inc  405.47   Life Sciences Tools & Services 2026-07-27 213.22 2026-07-28 242.94 13.94 
LLYVB                            Formula One Group  244.28                            Media  2026-07-27 90.33  2026-07-28 101.0 11.81 
 INCY                                  Incyte Corp  237.48                    Biotechnology 2026-07-27 118.87 2026-07-28 129.93  9.30 
  TRU                                   TransUnion  148.92            Professional Services  2026-07-27 77.24   2026-07-28 83.8  8.49 
  THC                        Tenet Healthcare Corp  209.62                      Health Care 2026-07-27 243.36 2026-07-28 262.63  7.92 
ADYYF                                     Adyen NV  264.81               Financial Services  2026-07-27 929.0 2026-07-28 1000.0  7.64 
 ZBRA                      Zebra Technologies Corp  113.08             Electrical Equipment 2026-07-27 264.59  2026-07-28 284.4  7.49 
  HCA                           HCA Healthcare Inc  864.33                      Health Care 2026-07-27 389.62 2026-07-28 418.19  7.33 
  CRL Charles River Laboratories International Inc  115.81   Life Sciences Tools & Services  2026-07-27 224.3 2026-07-28 240.43  7.19 
  NUE                                   Nucor Corp  564.48                  Metals & Mining 2026-07-27 247.86 2026-07-28 265.62  7.17 
 SOLV                               Solventum Corp  149.22                      Health Care  2026-07-27 80.47  2026-07-28 86.17  7.08 
 CTSH          Cognizant Technology Solutions Corp  222.96                       Technology  2026-07-27 47.05  2026-07-28 50.31  6.93 
  ACN                                Accenture PLC  942.76                       Technology 2026-07-27 154.06 2026-07-28 164.66  6.88 
 ICLR                                     ICON PLC  129.23   Life Sciences Tools & Services 2026-07-27 168.78 2026-07-28 180.24  6.79 
 GDDY                                  GoDaddy Inc  127.66                       Technology  2026-07-27 96.41 2026-07-28 102.92  6.75 
 HUBS                                  HubSpot Inc  114.22                       Technology 2026-07-27 223.01 2026-07-28 238.05  6.74 
 BKNG                         Booking Holdings Inc 1447.40    Hotels, Restaurants & Leisure 2026-07-27 186.79 2026-07-28 199.31  6.70 
  HPQ                                       HP Inc  242.81                       Technology  2026-07-27 26.55  2026-07-28 28.29  6.55 
 RYAN                  Ryan Specialty Holdings Inc  113.87                        Insurance  2026-07-27 43.19  2026-07-28 46.01  6.53 

=== 市值超过200亿的涨幅榜前20名股票 ===
 股票代码                 公司名称                 市值(亿)                 板块                       昨天收盘              今天收盘       涨跌幅(%)
PPRUF                           Kering SA  297.70 Textiles, Apparel & Luxury Goods 2026-07-27 273.96 2026-07-28 317.97 16.06 
  IQV                  IQVIA Holdings Inc  405.47   Life Sciences Tools & Services 2026-07-27 213.22 2026-07-28 242.94 13.94 
LLYVB                   Formula One Group  244.28                            Media  2026-07-27 90.33  2026-07-28 101.0 11.81 
 INCY                         Incyte Corp  237.48                    Biotechnology 2026-07-27 118.87 2026-07-28 129.93  9.30 
  THC               Tenet Healthcare Corp  209.62                      Health Care 2026-07-27 243.36 2026-07-28 262.63  7.92 
ADYYF                            Adyen NV  264.81               Financial Services  2026-07-27 929.0 2026-07-28 1000.0  7.64 
  HCA                  HCA Healthcare Inc  864.33                      Health Care 2026-07-27 389.62 2026-07-28 418.19  7.33 
  NUE                          Nucor Corp  564.48                  Metals & Mining 2026-07-27 247.86 2026-07-28 265.62  7.17 
 CTSH Cognizant Technology Solutions Corp  222.96                       Technology  2026-07-27 47.05  2026-07-28 50.31  6.93 
  ACN                       Accenture PLC  942.76                       Technology 2026-07-27 154.06 2026-07-28 164.66  6.88 
 BKNG                Booking Holdings Inc 1447.40    Hotels, Restaurants & Leisure 2026-07-27 186.79 2026-07-28 199.31  6.70 
  HPQ                              HP Inc  242.81                       Technology  2026-07-27 26.55  2026-07-28 28.29  6.55 
 EXPE                   Expedia Group Inc  334.10    Hotels, Restaurants & Leisure 2026-07-27 278.37 2026-07-28 295.79  6.26 
  IOT                         Samsara Inc  206.57                       Technology  2026-07-27 35.34   2026-07-28 37.5  6.11 
CMCSA                        Comcast Corp  809.09                Telecommunication   2026-07-27 22.8  2026-07-28 24.19  6.10 
 DASH                        DoorDash Inc  803.33    Hotels, Restaurants & Leisure 2026-07-27 184.37 2026-07-28 195.52  6.05 
  RCL         Royal Caribbean Cruises Ltd  864.93    Hotels, Restaurants & Leisure 2026-07-27 305.04  2026-07-28 322.5  5.72 
  BRO                   Brown & Brown Inc  249.64                        Insurance   2026-07-27 69.7  2026-07-28 73.65  5.67 
  EFX                         Equifax Inc  208.31            Professional Services 2026-07-27 177.31 2026-07-28 187.02  5.48 
  STE                          STERIS plc  212.85                      Health Care  2026-07-27 218.4 2026-07-28 230.34  5.47 

=== 市值超过1000亿的涨跌榜前20名股票 ===
 股票代码                 公司名称                  市值(亿)                 板块                       昨天收盘               今天收盘        涨跌幅(%)
 BKNG                 Booking Holdings Inc 1447.40    Hotels, Restaurants & Leisure  2026-07-27 186.79  2026-07-28 199.31  6.70 
  IBM International Business Machines Corp 2143.83                       Technology  2026-07-27 216.28  2026-07-28 227.55  5.21 
   KO                         Coca-Cola Co 3617.10                        Beverages   2026-07-27 84.07   2026-07-28 88.27  5.00 
   BA                            Boeing Co 1667.26              Aerospace & Defense   2026-07-27 211.5  2026-07-28 221.56  4.76 
  CRM                       Salesforce Inc 1421.78                       Technology   2026-07-27 173.6   2026-07-28 181.5  4.55 
 AMGN                            Amgen Inc 2030.71                    Biotechnology  2026-07-27 376.26   2026-07-28 393.1  4.48 
HESAF             Hermes International SCA 1736.04 Textiles, Apparel & Luxury Goods 2026-07-27 1875.85 2026-07-28 1954.99  4.22 
 UBER                Uber Technologies Inc 1387.87                      Road & Rail   2026-07-27 68.18   2026-07-28 70.74  3.75 
  ADP        Automatic Data Processing Inc 1055.98            Professional Services  2026-07-27 254.98  2026-07-28 264.17  3.60 
 SPOT                Spotify Technology SA 1018.54                            Media  2026-07-27 494.72  2026-07-28 511.56  3.40 
  BLK                        BlackRock Inc 1727.06               Financial Services 2026-07-27 1062.14 2026-07-28 1097.55  3.33 
  MDT                        Medtronic PLC 1078.05                      Health Care   2026-07-27 84.22   2026-07-28 86.88  3.16 
LVMHF  LVMH Moet Hennessy Louis Vuitton SE 2303.99 Textiles, Apparel & Luxury Goods  2026-07-27 521.03   2026-07-28 537.0  3.07 
  TMO         Thermo Fisher Scientific Inc 2142.06   Life Sciences Tools & Services  2026-07-27 559.53  2026-07-28 576.41  3.02 
  SYK                         Stryker Corp 1290.93                      Health Care  2026-07-27 336.74   2026-07-28 346.6  2.93 
 TMUS                      T-Mobile US Inc 1900.88                Telecommunication  2026-07-27 177.21  2026-07-28 182.39  2.92 
 GILD                 Gilead Sciences, Inc 1620.50                    Biotechnology  2026-07-27 130.52  2026-07-28 134.32  2.91 
 NFLX                          Netflix Inc 2931.41                            Media    2026-07-27 70.4   2026-07-28 72.39  2.83 
  TJX                    TJX Companies Inc 1727.54                           Retail  2026-07-27 156.38   2026-07-28 160.8  2.83 
 SHOP                          Shopify Inc 1646.46                       Technology  2026-07-27 126.88  2026-07-28 130.28  2.68 
