
=== 涨幅榜前20名股票 ===
 股票代码                  公司名称                 市值(亿)                板块                      昨天收盘             今天收盘       涨跌幅(%)
 PLAG            Planet Green Holdings Corp  0.08                    Food Products  2026-08-10 0.57  2026-08-11 5.81 919.30
 QMCO                          Quantum Corp  4.64                       Technology 2026-08-10 11.78  2026-08-11 19.4  64.69
RUSHB                  Rush Enterprises Inc 62.04 Trading Companies & Distributors  2026-08-10 51.8 2026-08-11 79.07  52.64
RUSHA                  Rush Enterprises Inc 62.04 Trading Companies & Distributors 2026-08-10 53.47 2026-08-11 81.59  52.58
 AIFA     Allied Gaming & Entertainment Inc  0.13    Hotels, Restaurants & Leisure  2026-08-10 2.11  2026-08-11 3.18  50.71
 VSEE                       Vsee Health Inc  0.04                      Health Care  2026-08-10 0.03  2026-08-11 0.04  48.40
 MSGY                        Masonglory Ltd  0.05                     Construction  2026-08-10 2.31  2026-08-11 3.43  48.20
 STIM                       Neuronetics Inc  1.51                      Health Care  2026-08-10 2.17  2026-08-11 3.19  47.00
  NIQ           NIQ Global Intelligence PLC 34.47                            Media 2026-08-10 11.68 2026-08-11 16.58  41.95
 TISI                              Team Inc  0.76   Commercial Services & Supplies 2026-08-10 16.55 2026-08-11 22.71  37.22
 CIGL      Concorde International Group Ltd  1.02   Commercial Services & Supplies  2026-08-10 0.45   2026-08-11 0.6  32.51
 ALMR                Alamar Biosciences Inc 19.40   Life Sciences Tools & Services 2026-08-10 27.99 2026-08-11 36.57  30.65
  OMH                          Ohmyhome Ltd  0.02                      Real Estate  2026-08-10 0.09  2026-08-11 0.11  30.11
  GRI                           GRI Bio Inc  0.03                    Biotechnology   2026-08-10 1.7   2026-08-11 2.2  29.41
 AIAI                    AIAI Holdings Corp  3.26                     Construction  2026-08-10 4.18   2026-08-11 5.4  29.19
 IPCX Inflection Point Acquisition Corp III  1.46                              N/A  2026-08-10 4.23  2026-08-11 5.44  28.61
  GLE       Global Engine Group Holding Ltd  0.07                       Technology  2026-08-10 0.39  2026-08-11 0.49  27.39
 MTEN       Mingteng International Corp Inc  0.08                  Auto Components  2026-08-10 1.08  2026-08-11 1.37  26.85
  HQI                         Hirequest Inc  1.89            Professional Services 2026-08-10 13.57 2026-08-11 17.19  26.68
 KPLT                 Katapult Holdings Inc  0.32               Financial Services  2026-08-10 6.36   2026-08-11 8.0  25.79

=== 市值超过20亿的涨幅榜前20名股票 ===
 股票代码             公司名称            市值(亿)                 板块                       昨天收盘              今天收盘       涨跌幅(%)
RUSHB        Rush Enterprises Inc  62.04 Trading Companies & Distributors   2026-08-10 51.8  2026-08-11 79.07 52.64 
RUSHA        Rush Enterprises Inc  62.04 Trading Companies & Distributors  2026-08-10 53.47  2026-08-11 81.59 52.58 
  NIQ NIQ Global Intelligence PLC  34.47                            Media  2026-08-10 11.68  2026-08-11 16.58 41.95 
 FRMI                   Fermi Inc  37.49                      Real Estate   2026-08-10 5.88   2026-08-11 7.12 21.09 
   NN                 NextNav Inc  21.05                       Technology  2026-08-10 15.43  2026-08-11 17.83 15.55 
    P                Everpure Inc 325.69                       Technology  2026-08-10 97.98 2026-08-11 109.38 11.64 
  RUM                  Rumble Inc  27.07                            Media   2026-08-10 6.21   2026-08-11 6.92 11.43 
 AEHR           Aehr Test Systems  34.64                   Semiconductors  2026-08-10 106.2 2026-08-11 117.18 10.34 
 ONTO         Onto Innovation Inc 142.98                   Semiconductors 2026-08-10 291.35 2026-08-11 319.79  9.76 
 VSEC                    VSE Corp  54.02              Aerospace & Defense 2026-08-10 221.23 2026-08-11 241.82  9.31 
 SEZL                  Sezzle Inc  39.74               Financial Services  2026-08-10 118.0 2026-08-11 128.27  8.70 
 ARMK                     Aramark 146.49    Hotels, Restaurants & Leisure  2026-08-10 55.71  2026-08-11 60.47  8.54 
 ACHR         Archer Aviation Inc  47.55              Aerospace & Defense   2026-08-10 6.26   2026-08-11 6.79  8.47 
  SMR          Nuscale Power Corp  39.45             Electrical Equipment   2026-08-10 9.18   2026-08-11 9.89  7.73 
 FORM              FormFactor Inc  87.86                   Semiconductors 2026-08-10 112.47 2026-08-11 121.07  7.65 
 STEP         StepStone Group Inc  55.69               Financial Services  2026-08-10 46.15  2026-08-11 49.51  7.28 
 OUST                  Ouster Inc  30.38             Electrical Equipment  2026-08-10 42.13  2026-08-11 45.13  7.12 
 EROC                   ERock Inc  23.23             Electrical Equipment  2026-08-10 10.51  2026-08-11 11.25  7.04 
 PLSE       Pulse Biosciences Inc  31.67                      Health Care  2026-08-10 41.51   2026-08-11 44.4  6.96 
  KKR                KKR & Co Inc 932.02               Financial Services 2026-08-10 103.83 2026-08-11 110.97  6.88 

=== 市值超过50亿的涨幅榜前20名股票 ===
 股票代码               公司名称              市值(亿)                 板块                       昨天收盘               今天收盘       涨跌幅(%)
RUSHB            Rush Enterprises Inc  62.04 Trading Companies & Distributors    2026-08-10 51.8  2026-08-11 79.07 52.64 
RUSHA            Rush Enterprises Inc  62.04 Trading Companies & Distributors   2026-08-10 53.47  2026-08-11 81.59 52.58 
    P                    Everpure Inc 325.69                       Technology   2026-08-10 97.98 2026-08-11 109.38 11.64 
 ONTO             Onto Innovation Inc 142.98                   Semiconductors  2026-08-10 291.35 2026-08-11 319.79  9.76 
 VSEC                        VSE Corp  54.02              Aerospace & Defense  2026-08-10 221.23 2026-08-11 241.82  9.31 
 ARMK                         Aramark 146.49    Hotels, Restaurants & Leisure   2026-08-10 55.71  2026-08-11 60.47  8.54 
 FORM                  FormFactor Inc  87.86                   Semiconductors  2026-08-10 112.47 2026-08-11 121.07  7.65 
 STEP             StepStone Group Inc  55.69               Financial Services   2026-08-10 46.15  2026-08-11 49.51  7.28 
  KKR                    KKR & Co Inc 932.02               Financial Services  2026-08-10 103.83 2026-08-11 110.97  6.88 
 AXON             Axon Enterprise Inc 484.44              Aerospace & Defense  2026-08-10 596.33 2026-08-11 636.31  6.70 
DASTF            Dassault Systemes SE 295.39                       Technology   2026-08-10 23.95   2026-08-11 25.5  6.47 
 MELI                MercadoLibre Inc 924.88                           Retail 2026-08-10 1824.34 2026-08-11 1940.0  6.34 
  APO    Apollo Global Management Inc 780.38               Financial Services  2026-08-10 132.02 2026-08-11 140.28  6.26 
 CRCL       Circle Internet Group Inc 169.89                       Technology   2026-08-10 67.05  2026-08-11 71.16  6.13 
  JBL                       Jabil Inc 352.74             Electrical Equipment  2026-08-10 336.63 2026-08-11 356.61  5.94 
  IBP Installed Building Products Inc  62.66                Consumer products  2026-08-10 235.76 2026-08-11 249.57  5.86 
 ZETA       Zeta Global Holdings Corp  53.27                       Technology   2026-08-10 27.54  2026-08-11 29.15  5.85 
 OKLO                        Oklo Inc  77.41                        Utilities   2026-08-10 44.49  2026-08-11 47.01  5.66 
   PS             Pershing Square Inc 149.32               Financial Services   2026-08-10 37.33  2026-08-11 39.43  5.63 
  MDB                     MongoDB Inc 335.14                       Technology  2026-08-10 416.67 2026-08-11 439.16  5.40 

=== 市值超过100亿的涨幅榜前20名股票 ===
 股票代码               公司名称              市值(亿)                板块                     昨天收盘               今天收盘       涨跌幅(%)
    P                    Everpure Inc 325.69                    Technology   2026-08-10 97.98 2026-08-11 109.38 11.64 
 ONTO             Onto Innovation Inc 142.98                Semiconductors  2026-08-10 291.35 2026-08-11 319.79  9.76 
 ARMK                         Aramark 146.49 Hotels, Restaurants & Leisure   2026-08-10 55.71  2026-08-11 60.47  8.54 
  KKR                    KKR & Co Inc 932.02            Financial Services  2026-08-10 103.83 2026-08-11 110.97  6.88 
 AXON             Axon Enterprise Inc 484.44           Aerospace & Defense  2026-08-10 596.33 2026-08-11 636.31  6.70 
DASTF            Dassault Systemes SE 295.39                    Technology   2026-08-10 23.95   2026-08-11 25.5  6.47 
 MELI                MercadoLibre Inc 924.88                        Retail 2026-08-10 1824.34 2026-08-11 1940.0  6.34 
  APO    Apollo Global Management Inc 780.38            Financial Services  2026-08-10 132.02 2026-08-11 140.28  6.26 
 CRCL       Circle Internet Group Inc 169.89                    Technology   2026-08-10 67.05  2026-08-11 71.16  6.13 
  JBL                       Jabil Inc 352.74          Electrical Equipment  2026-08-10 336.63 2026-08-11 356.61  5.94 
   PS             Pershing Square Inc 149.32            Financial Services   2026-08-10 37.33  2026-08-11 39.43  5.63 
  MDB                     MongoDB Inc 335.14                    Technology  2026-08-10 416.67 2026-08-11 439.16  5.40 
 MAIR      Madison Air Solutions Corp 152.17                      Building   2026-08-10 30.33  2026-08-11 31.88  5.11 
  MPC         Marathon Petroleum Corp 899.54                        Energy  2026-08-10 320.32 2026-08-11 336.42  5.03 
 NBIS                 Nebius Group NV 463.31                    Technology  2026-08-10 184.11 2026-08-11 193.23  4.95 
 FTAI               FTAI Aviation Ltd 220.82           Aerospace & Defense   2026-08-10 215.0  2026-08-11 225.6  4.93 
  BAM BROOKFIELD ASSET MANAGEMENT LTD 865.64            Financial Services   2026-08-10 52.84  2026-08-11 55.36  4.77 
   AA                      Alcoa Corp 136.26               Metals & Mining   2026-08-10 51.63  2026-08-11 54.08  4.75 
 GNRC            Generac Holdings Inc 127.37          Electrical Equipment  2026-08-10 206.09 2026-08-11 215.86  4.74 
 DKNG                  Draftkings Inc 120.41 Hotels, Restaurants & Leisure   2026-08-10 24.27  2026-08-11 25.34  4.41 

=== 市值超过200亿的涨幅榜前20名股票 ===
 股票代码               公司名称               市值(亿)           板块                 昨天收盘               今天收盘        涨跌幅(%)
    P                    Everpure Inc  325.69           Technology   2026-08-10 97.98  2026-08-11 109.38 11.64 
  KKR                    KKR & Co Inc  932.02   Financial Services  2026-08-10 103.83  2026-08-11 110.97  6.88 
 AXON             Axon Enterprise Inc  484.44  Aerospace & Defense  2026-08-10 596.33  2026-08-11 636.31  6.70 
DASTF            Dassault Systemes SE  295.39           Technology   2026-08-10 23.95    2026-08-11 25.5  6.47 
 MELI                MercadoLibre Inc  924.88               Retail 2026-08-10 1824.34  2026-08-11 1940.0  6.34 
  APO    Apollo Global Management Inc  780.38   Financial Services  2026-08-10 132.02  2026-08-11 140.28  6.26 
  JBL                       Jabil Inc  352.74 Electrical Equipment  2026-08-10 336.63  2026-08-11 356.61  5.94 
  MDB                     MongoDB Inc  335.14           Technology  2026-08-10 416.67  2026-08-11 439.16  5.40 
  MPC         Marathon Petroleum Corp  899.54               Energy  2026-08-10 320.32  2026-08-11 336.42  5.03 
 NBIS                 Nebius Group NV  463.31           Technology  2026-08-10 184.11  2026-08-11 193.23  4.95 
 FTAI               FTAI Aviation Ltd  220.82  Aerospace & Defense   2026-08-10 215.0   2026-08-11 225.6  4.93 
  BAM BROOKFIELD ASSET MANAGEMENT LTD  865.64   Financial Services   2026-08-10 52.84   2026-08-11 55.36  4.77 
  VRT              Vertiv Holdings Co  930.02 Electrical Equipment   2026-08-10 270.1  2026-08-11 281.81  4.34 
ASMLF                 ASML Holding NV 5725.95       Semiconductors  2026-08-10 1720.0 2026-08-11 1793.82  4.29 
 ASTS             AST SpaceMobile Inc  266.87    Telecommunication   2026-08-10 68.76   2026-08-11 71.63  4.17 
 ENTG                    Entegris Inc  220.35       Semiconductors  2026-08-10 144.21  2026-08-11 150.21  4.16 
  TPL         Texas Pacific Land Corp  241.71               Energy  2026-08-10 350.44  2026-08-11 364.97  4.15 
  PSX                     Phillips 66  859.97               Energy  2026-08-10 215.52  2026-08-11 224.36  4.10 
  RKT            Rocket Companies Inc  389.33   Financial Services   2026-08-10 13.76   2026-08-11 14.32  4.07 
 KLAC                        KLA Corp 2619.23       Semiconductors  2026-08-10 192.74  2026-08-11 200.47  4.01 

=== 市值超过1000亿的涨跌榜前20名股票 ===
 股票代码               公司名称               市值(亿)                板块                     昨天收盘               今天收盘        涨跌幅(%)
ASMLF                 ASML Holding NV 5725.95                Semiconductors  2026-08-10 1720.0 2026-08-11 1793.82  4.29 
 KLAC                        KLA Corp 2619.23                Semiconductors  2026-08-10 192.74  2026-08-11 200.47  4.01 
   BX                  Blackstone Inc 1761.99            Financial Services  2026-08-10 141.66  2026-08-11 147.17  3.89 
 ANET             Arista Networks Inc 2415.50                Communications  2026-08-10 191.52  2026-08-11 197.85  3.31 
  ETN           Eaton Corporation PLC 1728.22          Electrical Equipment  2026-08-10 444.96  2026-08-11 459.29  3.22 
 SNDK                    Sandisk Corp 1833.23                    Technology 2026-08-10 1237.92 2026-08-11 1271.05  2.68 
  MCK                   McKesson Corp 1025.84                   Health Care  2026-08-10 879.87  2026-08-11 901.77  2.49 
  STX Seagate Technology Holdings PLC 1815.40                    Technology  2026-08-10 800.99  2026-08-11 820.52  2.44 
  COP                  ConocoPhillips 1478.01                        Energy  2026-08-10 123.03  2026-08-11 125.92  2.35 
  GEV                  GE Vernova Inc 2638.97          Electrical Equipment  2026-08-10 990.85 2026-08-11 1011.88  2.12 
 GILD            Gilead Sciences, Inc 1649.88                 Biotechnology  2026-08-10 133.06  2026-08-11 135.77  2.04 
 ISRG          Intuitive Surgical Inc 1389.73                   Health Care  2026-08-10 393.38  2026-08-11 401.23  2.00 
 SBUX                  Starbucks Corp 1193.01 Hotels, Restaurants & Leisure  2026-08-10 104.65  2026-08-11 106.66  1.92 
    T                        AT&T Inc 1648.00             Telecommunication   2026-08-10 24.05    2026-08-11 24.5  1.87 
 MRVL          Marvell Technology Inc 1826.50                Semiconductors  2026-08-10 208.56  2026-08-11 212.31  1.80 
 LRCX               Lam Research Corp 3834.05                Semiconductors   2026-08-10 306.4  2026-08-11 311.41  1.64 
  BLK                   BlackRock Inc 1838.26            Financial Services  2026-08-10 1131.4 2026-08-11 1148.84  1.54 
   TT          Trane Technologies PLC 1049.49                      Building  2026-08-10 476.99  2026-08-11 483.96  1.46 
  MDT                   Medtronic PLC 1144.49                   Health Care   2026-08-10 89.41   2026-08-11 90.68  1.42 
   DE                      Deere & Co 1644.67                     Machinery  2026-08-10 609.28  2026-08-11 617.95  1.42 
