
=== 涨幅榜前20名股票 ===
股票代码             公司名称              市值(亿)                 板块                       昨天收盘              今天收盘       涨跌幅(%)
GRML          Greenland Mines Ltd    0.09                    Biotechnology   2026-09-18 2.85   2026-09-21 9.42 230.53
BTTC             Black Titan Corp    0.04                       Technology   2026-09-18 0.37    2026-09-21 0.8 117.81
NCPL               Netcapital Inc    0.08               Financial Services   2026-09-18 0.74   2026-09-21 1.01  36.30
GRAL                    Grail Inc   48.23                    Biotechnology  2026-09-18 80.77 2026-09-21 107.97  33.68
NUAI New Era Energy & Digital Inc    8.15                           Energy   2026-09-18 5.86   2026-09-21 7.65  30.55
PMNT           Perfect Moment Ltd    0.07 Textiles, Apparel & Luxury Goods    2026-09-18 0.1   2026-09-21 0.13  30.00
 ZEO              Zeo Energy Corp    0.30             Electrical Equipment   2026-09-18 0.25   2026-09-21 0.31  26.83
SLMT           Brera Holdings PLC    0.44                            Media   2026-09-18 3.26   2026-09-21 3.99  22.39
PULM                Pulmatrix Inc    0.06                  Pharmaceuticals   2026-09-18 1.44   2026-09-21 1.68  16.67
STEX                Streamex Corp    0.84                      Health Care   2026-09-18 0.62   2026-09-21 0.72  16.50
OPTX   Syntec Optics Holdings Inc    3.18             Electrical Equipment   2026-09-18 6.79   2026-09-21 7.89  16.20
GRPN                  Groupon Inc    8.97                           Retail  2026-09-18 19.08  2026-09-21 22.05  15.57
AXTI                      AXT Inc   52.41                   Semiconductors  2026-09-18 70.03  2026-09-21 79.93  14.14
 XXI       Twenty One Capital Inc   29.00               Financial Services   2026-09-18 5.81   2026-09-21 6.61  13.77
MRAM    Everspin Technologies Inc    4.18                   Semiconductors  2026-09-18 15.28  2026-09-21 17.17  12.37
ALAB             Astera Labs, Inc  591.13                   Semiconductors 2026-09-18 303.25 2026-09-21 340.74  12.36
INTC                   Intel Corp 6437.42                   Semiconductors  2026-09-18 108.6 2026-09-21 121.78  12.14
  CD Chaince Digital Holdings Inc    4.28                       Technology    2026-09-18 3.5   2026-09-21 3.89  11.14
VUZI                   Vuzix Corp    1.99             Electrical Equipment   2026-09-18 2.75   2026-09-21 3.04  10.55
 GCL      GCL Global Holdings Ltd    0.84                            Media    2026-09-18 0.6   2026-09-21 0.66  10.18

=== 市值超过20亿的涨幅榜前20名股票 ===
 股票代码            公司名称             市值(亿)             板块                 昨天收盘              今天收盘       涨跌幅(%)
 GRAL                  Grail Inc    48.23         Biotechnology  2026-09-18 80.77 2026-09-21 107.97 33.68 
 AXTI                    AXT Inc    52.41        Semiconductors  2026-09-18 70.03  2026-09-21 79.93 14.14 
  XXI     Twenty One Capital Inc    29.00    Financial Services   2026-09-18 5.81   2026-09-21 6.61 13.77 
 ALAB           Astera Labs, Inc   591.13        Semiconductors 2026-09-18 303.25 2026-09-21 340.74 12.36 
 INTC                 Intel Corp  6437.42        Semiconductors  2026-09-18 108.6 2026-09-21 121.78 12.14 
  AMD Advanced Micro Devices Inc 10048.21        Semiconductors 2026-09-18 559.82 2026-09-21 615.52  9.95 
SLOIF                  Soitec SA    50.49        Semiconductors 2026-09-18 162.23 2026-09-21 177.25  9.26 
 USAR         USA Rare Earth Inc    62.94       Metals & Mining  2026-09-18 15.37  2026-09-21 16.78  9.17 
  HHH Howard Hughes Holdings Inc    39.18           Real Estate  2026-09-18 60.22   2026-09-21 65.6  8.93 
  FLY      Firefly Aerospace Inc    38.21   Aerospace & Defense  2026-09-18 20.97  2026-09-21 22.83  8.85 
  NET             Cloudflare Inc  1252.23            Technology  2026-09-18 323.6 2026-09-21 351.67  8.67 
 GDDY                GoDaddy Inc   132.69            Technology  2026-09-18 97.46 2026-09-21 104.77  7.50 
 RBLX                Roblox Corp   366.12                 Media  2026-09-18 47.82  2026-09-21 51.25  7.17 
BABAF  Alibaba Group Holding Ltd  2769.82                Retail  2026-09-18 13.35   2026-09-21 14.3  7.08 
 LION     Lionsgate Studios Corp    34.16                 Media  2026-09-18 10.74  2026-09-21 11.48  6.89 
 INOD               Innodata Inc    20.99 Professional Services  2026-09-18 57.14  2026-09-21 61.05  6.84 
BNPQF             BNP Paribas SA  1112.82               Banking 2026-09-18 114.58  2026-09-21 122.0  6.48 
ATROB             Astronics Corp    29.46   Aerospace & Defense  2026-09-18 65.02  2026-09-21 69.13  6.32 
 NXST    Nexstar Media Group Inc    51.19                 Media 2026-09-18 156.53 2026-09-21 166.15  6.15 
 BETA      BETA Technologies Inc    51.63   Aerospace & Defense   2026-09-18 20.9  2026-09-21 22.07  5.60 

=== 市值超过50亿的涨幅榜前20名股票 ===
 股票代码            公司名称             市值(亿)                 板块                     昨天收盘              今天收盘       涨跌幅(%)
 AXTI                    AXT Inc    52.41                Semiconductors  2026-09-18 70.03  2026-09-21 79.93 14.14 
 ALAB           Astera Labs, Inc   591.13                Semiconductors 2026-09-18 303.25 2026-09-21 340.74 12.36 
 INTC                 Intel Corp  6437.42                Semiconductors  2026-09-18 108.6 2026-09-21 121.78 12.14 
  AMD Advanced Micro Devices Inc 10048.21                Semiconductors 2026-09-18 559.82 2026-09-21 615.52  9.95 
SLOIF                  Soitec SA    50.49                Semiconductors 2026-09-18 162.23 2026-09-21 177.25  9.26 
 USAR         USA Rare Earth Inc    62.94               Metals & Mining  2026-09-18 15.37  2026-09-21 16.78  9.17 
  NET             Cloudflare Inc  1252.23                    Technology  2026-09-18 323.6 2026-09-21 351.67  8.67 
 GDDY                GoDaddy Inc   132.69                    Technology  2026-09-18 97.46 2026-09-21 104.77  7.50 
 RBLX                Roblox Corp   366.12                         Media  2026-09-18 47.82  2026-09-21 51.25  7.17 
BABAF  Alibaba Group Holding Ltd  2769.82                        Retail  2026-09-18 13.35   2026-09-21 14.3  7.08 
BNPQF             BNP Paribas SA  1112.82                       Banking 2026-09-18 114.58  2026-09-21 122.0  6.48 
 NXST    Nexstar Media Group Inc    51.19                         Media 2026-09-18 156.53 2026-09-21 166.15  6.15 
 BETA      BETA Technologies Inc    51.63           Aerospace & Defense   2026-09-18 20.9  2026-09-21 22.07  5.60 
 SMCI   Super Micro Computer Inc   270.67                    Technology  2026-09-18 39.09   2026-09-21 41.2  5.40 
 DUOL               Duolingo Inc    69.91 Diversified Consumer Services  2026-09-18 141.9 2026-09-21 149.42  5.30 
 LRCX          Lam Research Corp  3782.49                Semiconductors 2026-09-18 288.11 2026-09-21 302.28  4.92 
 RGTI      Rigetti Computing Inc    55.17                Semiconductors  2026-09-18 15.76  2026-09-21 16.53  4.89 
 TSEM    Tower Semiconductor Ltd   263.81                Semiconductors  2026-09-18 223.6 2026-09-21 233.82  4.57 
 AMAT      Applied Materials Inc  3684.20                Semiconductors 2026-09-18 444.57 2026-09-21 464.24  4.42 
 FFIV                     F5 Inc   254.88                Communications 2026-09-18 432.03  2026-09-21 450.1  4.18 

=== 市值超过100亿的涨幅榜前20名股票 ===
 股票代码             公司名称             市值(亿)                 板块                      昨天收盘              今天收盘       涨跌幅(%)
 ALAB            Astera Labs, Inc   591.13                 Semiconductors 2026-09-18 303.25 2026-09-21 340.74 12.36 
 INTC                  Intel Corp  6437.42                 Semiconductors  2026-09-18 108.6 2026-09-21 121.78 12.14 
  AMD  Advanced Micro Devices Inc 10048.21                 Semiconductors 2026-09-18 559.82 2026-09-21 615.52  9.95 
  NET              Cloudflare Inc  1252.23                     Technology  2026-09-18 323.6 2026-09-21 351.67  8.67 
 GDDY                 GoDaddy Inc   132.69                     Technology  2026-09-18 97.46 2026-09-21 104.77  7.50 
 RBLX                 Roblox Corp   366.12                          Media  2026-09-18 47.82  2026-09-21 51.25  7.17 
BABAF   Alibaba Group Holding Ltd  2769.82                         Retail  2026-09-18 13.35   2026-09-21 14.3  7.08 
BNPQF              BNP Paribas SA  1112.82                        Banking 2026-09-18 114.58  2026-09-21 122.0  6.48 
 SMCI    Super Micro Computer Inc   270.67                     Technology  2026-09-18 39.09   2026-09-21 41.2  5.40 
 LRCX           Lam Research Corp  3782.49                 Semiconductors 2026-09-18 288.11 2026-09-21 302.28  4.92 
 TSEM     Tower Semiconductor Ltd   263.81                 Semiconductors  2026-09-18 223.6 2026-09-21 233.82  4.57 
 AMAT       Applied Materials Inc  3684.20                 Semiconductors 2026-09-18 444.57 2026-09-21 464.24  4.42 
 FFIV                      F5 Inc   254.88                 Communications 2026-09-18 432.03  2026-09-21 450.1  4.18 
SDMHF Sartorius Stedim Biotech SA   192.81 Life Sciences Tools & Services 2026-09-18 223.75 2026-09-21 232.25  3.80 
 AMKR        Amkor Technology Inc   129.67                 Semiconductors   2026-09-18 50.3  2026-09-21 52.19  3.76 
  ULS            UL Solutions Inc   133.90          Professional Services  2026-09-18 64.03  2026-09-21 66.32  3.58 
 IONQ                    IONQ Inc   164.12                     Technology  2026-09-18 39.13  2026-09-21 40.51  3.53 
    A    Agilent Technologies Inc   456.56 Life Sciences Tools & Services 2026-09-18 156.47 2026-09-21 161.94  3.50 
 COIN         Coinbase Global Inc   530.44             Financial Services 2026-09-18 194.25 2026-09-21 201.05  3.50 
  NXT               Nextpower Inc   126.16           Electrical Equipment  2026-09-18 80.47  2026-09-21 83.15  3.33 

=== 市值超过200亿的涨幅榜前20名股票 ===
 股票代码            公司名称             市值(亿)                 板块                      昨天收盘              今天收盘        涨跌幅(%)
 ALAB           Astera Labs, Inc   591.13                 Semiconductors 2026-09-18 303.25  2026-09-21 340.74 12.36 
 INTC                 Intel Corp  6437.42                 Semiconductors  2026-09-18 108.6  2026-09-21 121.78 12.14 
  AMD Advanced Micro Devices Inc 10048.21                 Semiconductors 2026-09-18 559.82  2026-09-21 615.52  9.95 
  NET             Cloudflare Inc  1252.23                     Technology  2026-09-18 323.6  2026-09-21 351.67  8.67 
 RBLX                Roblox Corp   366.12                          Media  2026-09-18 47.82   2026-09-21 51.25  7.17 
BABAF  Alibaba Group Holding Ltd  2769.82                         Retail  2026-09-18 13.35    2026-09-21 14.3  7.08 
BNPQF             BNP Paribas SA  1112.82                        Banking 2026-09-18 114.58   2026-09-21 122.0  6.48 
 SMCI   Super Micro Computer Inc   270.67                     Technology  2026-09-18 39.09    2026-09-21 41.2  5.40 
 LRCX          Lam Research Corp  3782.49                 Semiconductors 2026-09-18 288.11  2026-09-21 302.28  4.92 
 TSEM    Tower Semiconductor Ltd   263.81                 Semiconductors  2026-09-18 223.6  2026-09-21 233.82  4.57 
 AMAT      Applied Materials Inc  3684.20                 Semiconductors 2026-09-18 444.57  2026-09-21 464.24  4.42 
 FFIV                     F5 Inc   254.88                 Communications 2026-09-18 432.03   2026-09-21 450.1  4.18 
    A   Agilent Technologies Inc   456.56 Life Sciences Tools & Services 2026-09-18 156.47  2026-09-21 161.94  3.50 
 COIN        Coinbase Global Inc   530.44             Financial Services 2026-09-18 194.25  2026-09-21 201.05  3.50 
   NU           Nu Holdings Ltd.   679.17                        Banking  2026-09-18 13.65   2026-09-21 14.06  3.00 
 CRCL  Circle Internet Group Inc   239.89                     Technology  2026-09-18 91.78   2026-09-21 94.49  2.95 
 FLEX                   Flex Ltd   412.29           Electrical Equipment 2026-09-18 108.51  2026-09-21 111.61  2.86 
   MU      Micron Technology Inc 11790.41                 Semiconductors 2026-09-18 1015.8 2026-09-21 1043.96  2.77 
  TER               Teradyne Inc   596.50                 Semiconductors 2026-09-18 371.47  2026-09-21 381.54  2.71 
  ACN              Accenture PLC  1138.89                     Technology 2026-09-18 181.29  2026-09-21 186.11  2.66 

=== 市值超过1000亿的涨跌榜前20名股票 ===
 股票代码                 公司名称                 市值(亿)                  板块                       昨天收盘              今天收盘        涨跌幅(%)
 INTC                          Intel Corp  6437.42                   Semiconductors  2026-09-18 108.6  2026-09-21 121.78 12.14 
  AMD          Advanced Micro Devices Inc 10048.21                   Semiconductors 2026-09-18 559.82  2026-09-21 615.52  9.95 
  NET                      Cloudflare Inc  1252.23                       Technology  2026-09-18 323.6  2026-09-21 351.67  8.67 
BABAF           Alibaba Group Holding Ltd  2769.82                           Retail  2026-09-18 13.35    2026-09-21 14.3  7.08 
BNPQF                      BNP Paribas SA  1112.82                          Banking 2026-09-18 114.58   2026-09-21 122.0  6.48 
 LRCX                   Lam Research Corp  3782.49                   Semiconductors 2026-09-18 288.11  2026-09-21 302.28  4.92 
 AMAT               Applied Materials Inc  3684.20                   Semiconductors 2026-09-18 444.57  2026-09-21 464.24  4.42 
   MU               Micron Technology Inc 11790.41                   Semiconductors 2026-09-18 1015.8 2026-09-21 1043.96  2.77 
  ACN                       Accenture PLC  1138.89                       Technology 2026-09-18 181.29  2026-09-21 186.11  2.66 
SBGSF               Schneider Electric SE  1613.66             Electrical Equipment 2026-09-18 329.86   2026-09-21 337.5  2.32 
 ISRG              Intuitive Surgical Inc  1418.94                      Health Care 2026-09-18 393.33  2026-09-21 401.65  2.12 
  MRK                      Merck & Co Inc  3688.42                  Pharmaceuticals 2026-09-18 146.87   2026-09-21 149.5  1.79 
 CSCO                   Cisco Systems Inc  4394.41                   Communications 2026-09-18 109.51  2026-09-21 111.46  1.78 
   MS                      Morgan Stanley  3237.25               Financial Services 2026-09-18 202.58  2026-09-21 206.12  1.75 
  TXN               Texas Instruments Inc  2473.71                   Semiconductors 2026-09-18 266.64  2026-09-21 270.87  1.59 
   PH                Parker-Hannifin Corp  1207.75                        Machinery 2026-09-18 943.54  2026-09-21 958.17  1.55 
  DIS                      Walt Disney Co  1799.73                            Media 2026-09-18 102.67  2026-09-21 104.23  1.52 
  MCK                       McKesson Corp  1033.54                      Health Care 2026-09-18 874.65  2026-09-21 886.47  1.35 
LVMHF LVMH Moet Hennessy Louis Vuitton SE  1983.26 Textiles, Apparel & Luxury Goods 2026-09-18 460.32  2026-09-21 466.24  1.29 
 DELL               Dell Technologies Inc  3657.89                       Technology 2026-09-18 568.06  2026-09-21 575.31  1.28 
