
=== 涨幅榜前20名股票 ===
股票代码                         公司名称                          市值(亿)                板块                      昨天收盘               今天收盘       涨跌幅(%)
CDTG CDT Environmental Technology Investment Holdings Ltd    0.04 Commercial Services & Supplies     2026-09-03 0.9   2026-09-04 1.32 46.67 
AOUT                          American Outdoor Brands Inc    1.77               Leisure Products   2026-09-03 10.01  2026-09-04 14.48 44.66 
ONCO                                        Onconetix Inc    0.03                  Biotechnology    2026-09-03 0.74   2026-09-04 1.02 38.02 
GRNQ                                GreenPro Capital Corp    0.27             Financial Services    2026-09-03 14.3   2026-09-04 18.7 30.77 
MTEX                                        Mannatech Inc    0.16              Consumer products    2026-09-03 7.29    2026-09-04 9.0 23.46 
FOXO                                Foxo Technologies Inc    0.00                     Technology     2026-09-03 0.1   2026-09-04 0.12 20.00 
PTPI                           Petros Pharmaceuticals Inc    0.00                Pharmaceuticals     2026-09-03 0.0   2026-09-04 0.01 20.00 
KPLT                                Katapult Holdings Inc    0.36             Financial Services     2026-09-03 6.8    2026-09-04 7.9 16.18 
ONMD                                       Onemednet Corp    0.39                    Health Care    2026-09-03 0.59   2026-09-04 0.68 15.97 
VRXA                                    Veraxa Biotech AG    0.56                  Biotechnology    2026-09-03 1.53   2026-09-04 1.76 15.03 
OFAL                                            OFA Group    0.19          Professional Services    2026-09-03 0.68   2026-09-04 0.78 14.87 
 SMX                           SMX (Security Matters) PLC    0.21           Electrical Equipment   2026-09-03 17.07  2026-09-04 19.48 14.12 
YSXT                                      YSX Tech Co Ltd    0.29  Diversified Consumer Services    2026-09-03 1.37   2026-09-04 1.56 13.87 
SNDK                                         Sandisk Corp 2470.21                     Technology 2026-09-03 1554.99 2026-09-04 1740.0 11.90 
 ZTG                                   Zenta Group Co Ltd    0.40          Professional Services    2026-09-03 0.68   2026-09-04 0.76 11.79 
 SLE                          Super League Enterprise Inc    0.06                          Media    2026-09-03 3.52   2026-09-04 3.92 11.36 
KFFB                       Kentucky First Federal Bancorp    0.45                        Banking     2026-09-03 5.5   2026-09-04 6.11 11.09 
 RDI                            Reading International Inc    0.68                          Media    2026-09-03 2.12   2026-09-04 2.34 10.38 
KAPA                                    Kairos Pharma Ltd    0.06                  Biotechnology    2026-09-03 1.67   2026-09-04 1.84 10.18 
NMAD                           NOMAD Power Solutions, Inc    0.58                  Biotechnology    2026-09-03 3.66   2026-09-04 4.03 10.11 

=== 市值超过20亿的涨幅榜前20名股票 ===
 股票代码                公司名称                市值(亿)                 板块                       昨天收盘               今天收盘       涨跌幅(%)
 SNDK                      Sandisk Corp 2470.21                       Technology 2026-09-03 1554.99 2026-09-04 1740.0 11.90 
 SMTC                      Semtech Corp  135.18                   Semiconductors   2026-09-03 135.4 2026-09-04 147.88  9.22 
 TARS        Tarsus Pharmaceuticals Inc   36.71                  Pharmaceuticals   2026-09-03 83.21  2026-09-04 90.78  9.10 
 TSEM           Tower Semiconductor Ltd  249.63                   Semiconductors  2026-09-03 206.16 2026-09-04 222.34  7.85 
 EQPT            Equipmentshare.Com Inc   48.62 Trading Companies & Distributors   2026-09-03 18.14  2026-09-04 19.55  7.77 
  VAC Marriott Vacations Worldwide Corp   42.84    Hotels, Restaurants & Leisure   2026-09-03 99.21 2026-09-04 106.62  7.47 
 BOBS     Bob's Discount Furniture, Inc   22.49                           Retail   2026-09-03 16.43  2026-09-04 17.64  7.36 
 KLAC                          KLA Corp 2426.65                   Semiconductors  2026-09-03 172.94  2026-09-04 185.6  7.32 
 IREN                          IREN Ltd  170.76                       Technology   2026-09-03 41.65  2026-09-04 44.68  7.27 
 ACMR                  ACM Research Inc   50.85                   Semiconductors   2026-09-03 69.42  2026-09-04 74.44  7.23 
 MRVL            Marvell Technology Inc 1931.28                   Semiconductors  2026-09-03 208.83 2026-09-04 223.55  7.05 
 ICHR                Ichor Holdings Ltd   20.64                   Semiconductors   2026-09-03 52.82  2026-09-04 56.38  6.74 
 BETA             BETA Technologies Inc   52.09              Aerospace & Defense   2026-09-03 20.81   2026-09-04 22.2  6.68 
 COHR                     Coherent Corp  550.33             Electrical Equipment  2026-09-03 264.41 2026-09-04 281.86  6.60 
  NRG                    NRG Energy Inc  244.68                        Utilities  2026-09-03 111.84 2026-09-04 119.02  6.42 
 STRL       Sterling Infrastructure Inc  147.58                     Construction  2026-09-03 460.03 2026-09-04 486.49  5.75 
SLOIF                         Soitec SA   44.23                   Semiconductors   2026-09-03 141.5 2026-09-04 149.42  5.60 
  MXL                     Maxlinear Inc   56.01                   Semiconductors   2026-09-03 59.45  2026-09-04 62.74  5.53 
 NVMI                          Nova Ltd  118.66                   Semiconductors   2026-09-03 352.7  2026-09-04 372.1  5.50 
SBGSF             Schneider Electric SE 1622.69             Electrical Equipment  2026-09-03 331.96  2026-09-04 350.0  5.43 

=== 市值超过50亿的涨幅榜前20名股票 ===
 股票代码             公司名称             市值(亿)           板块                 昨天收盘               今天收盘       涨跌幅(%)
 SNDK                Sandisk Corp 2470.21           Technology 2026-09-03 1554.99 2026-09-04 1740.0 11.90 
 SMTC                Semtech Corp  135.18       Semiconductors   2026-09-03 135.4 2026-09-04 147.88  9.22 
 TSEM     Tower Semiconductor Ltd  249.63       Semiconductors  2026-09-03 206.16 2026-09-04 222.34  7.85 
 KLAC                    KLA Corp 2426.65       Semiconductors  2026-09-03 172.94  2026-09-04 185.6  7.32 
 IREN                    IREN Ltd  170.76           Technology   2026-09-03 41.65  2026-09-04 44.68  7.27 
 ACMR            ACM Research Inc   50.85       Semiconductors   2026-09-03 69.42  2026-09-04 74.44  7.23 
 MRVL      Marvell Technology Inc 1931.28       Semiconductors  2026-09-03 208.83 2026-09-04 223.55  7.05 
 BETA       BETA Technologies Inc   52.09  Aerospace & Defense   2026-09-03 20.81   2026-09-04 22.2  6.68 
 COHR               Coherent Corp  550.33 Electrical Equipment  2026-09-03 264.41 2026-09-04 281.86  6.60 
  NRG              NRG Energy Inc  244.68            Utilities  2026-09-03 111.84 2026-09-04 119.02  6.42 
 STRL Sterling Infrastructure Inc  147.58         Construction  2026-09-03 460.03 2026-09-04 486.49  5.75 
  MXL               Maxlinear Inc   56.01       Semiconductors   2026-09-03 59.45  2026-09-04 62.74  5.53 
 NVMI                    Nova Ltd  118.66       Semiconductors   2026-09-03 352.7  2026-09-04 372.1  5.50 
SBGSF       Schneider Electric SE 1622.69 Electrical Equipment  2026-09-03 331.96  2026-09-04 350.0  5.43 
 AAOI Applied Optoelectronics Inc   89.75       Communications  2026-09-03 100.38 2026-09-04 105.53  5.13 
 LRCX           Lam Research Corp 3784.68       Semiconductors  2026-09-03 292.66 2026-09-04 307.65  5.12 
 CAMT                  Camtek Ltd   68.11       Semiconductors   2026-09-03 138.9 2026-09-04 145.72  4.91 
  AMD  Advanced Micro Devices Inc 7683.49       Semiconductors  2026-09-03 456.16 2026-09-04 477.57  4.69 
  VSH  Vishay Intertechnology Inc   52.39 Electrical Equipment   2026-09-03 30.45   2026-09-04 31.8  4.43 
  MOD     Modine Manufacturing Co  101.62             Building  2026-09-03 186.63 2026-09-04 194.66  4.30 

=== 市值超过100亿的涨幅榜前20名股票 ===
 股票代码                公司名称                 市值(亿)                 板块                       昨天收盘               今天收盘       涨跌幅(%)
 SNDK                       Sandisk Corp 2470.21                       Technology 2026-09-03 1554.99 2026-09-04 1740.0 11.90 
 SMTC                       Semtech Corp  135.18                   Semiconductors   2026-09-03 135.4 2026-09-04 147.88  9.22 
 TSEM            Tower Semiconductor Ltd  249.63                   Semiconductors  2026-09-03 206.16 2026-09-04 222.34  7.85 
 KLAC                           KLA Corp 2426.65                   Semiconductors  2026-09-03 172.94  2026-09-04 185.6  7.32 
 IREN                           IREN Ltd  170.76                       Technology   2026-09-03 41.65  2026-09-04 44.68  7.27 
 MRVL             Marvell Technology Inc 1931.28                   Semiconductors  2026-09-03 208.83 2026-09-04 223.55  7.05 
 COHR                      Coherent Corp  550.33             Electrical Equipment  2026-09-03 264.41 2026-09-04 281.86  6.60 
  NRG                     NRG Energy Inc  244.68                        Utilities  2026-09-03 111.84 2026-09-04 119.02  6.42 
 STRL        Sterling Infrastructure Inc  147.58                     Construction  2026-09-03 460.03 2026-09-04 486.49  5.75 
 NVMI                           Nova Ltd  118.66                   Semiconductors   2026-09-03 352.7  2026-09-04 372.1  5.50 
SBGSF              Schneider Electric SE 1622.69             Electrical Equipment  2026-09-03 331.96  2026-09-04 350.0  5.43 
 LRCX                  Lam Research Corp 3784.68                   Semiconductors  2026-09-03 292.66 2026-09-04 307.65  5.12 
  AMD         Advanced Micro Devices Inc 7683.49                   Semiconductors  2026-09-03 456.16 2026-09-04 477.57  4.69 
  MOD            Modine Manufacturing Co  101.62                         Building  2026-09-03 186.63 2026-09-04 194.66  4.30 
 MKSI                   MKS Incorporated  175.11                   Semiconductors  2026-09-03 249.65 2026-09-04 260.31  4.27 
  CNH                  CNH Industrial NV  177.12                        Machinery   2026-09-03 13.84   2026-09-04 14.4  4.05 
 LITE              Lumentum Holdings Inc  778.97                   Communications  2026-09-03 847.37 2026-09-04 881.26  4.00 
 SUNB       Sunbelt Rentals Holdings Inc  278.40 Trading Companies & Distributors   2026-09-03 65.99  2026-09-04 68.59  3.94 
 CRDO Credo Technology Group Holding Ltd  318.25                   Semiconductors  2026-09-03 164.17 2026-09-04 170.57  3.90 
   AS                    Amer Sports Inc  171.20 Textiles, Apparel & Luxury Goods   2026-09-03 28.51  2026-09-04 29.53  3.58 

=== 市值超过200亿的涨幅榜前20名股票 ===
 股票代码                公司名称                 市值(亿)                 板块                       昨天收盘               今天收盘       涨跌幅(%)
 SNDK                       Sandisk Corp 2470.21                       Technology 2026-09-03 1554.99 2026-09-04 1740.0 11.90 
 TSEM            Tower Semiconductor Ltd  249.63                   Semiconductors  2026-09-03 206.16 2026-09-04 222.34  7.85 
 KLAC                           KLA Corp 2426.65                   Semiconductors  2026-09-03 172.94  2026-09-04 185.6  7.32 
 MRVL             Marvell Technology Inc 1931.28                   Semiconductors  2026-09-03 208.83 2026-09-04 223.55  7.05 
 COHR                      Coherent Corp  550.33             Electrical Equipment  2026-09-03 264.41 2026-09-04 281.86  6.60 
  NRG                     NRG Energy Inc  244.68                        Utilities  2026-09-03 111.84 2026-09-04 119.02  6.42 
SBGSF              Schneider Electric SE 1622.69             Electrical Equipment  2026-09-03 331.96  2026-09-04 350.0  5.43 
 LRCX                  Lam Research Corp 3784.68                   Semiconductors  2026-09-03 292.66 2026-09-04 307.65  5.12 
  AMD         Advanced Micro Devices Inc 7683.49                   Semiconductors  2026-09-03 456.16 2026-09-04 477.57  4.69 
 LITE              Lumentum Holdings Inc  778.97                   Communications  2026-09-03 847.37 2026-09-04 881.26  4.00 
 SUNB       Sunbelt Rentals Holdings Inc  278.40 Trading Companies & Distributors   2026-09-03 65.99  2026-09-04 68.59  3.94 
 CRDO Credo Technology Group Holding Ltd  318.25                   Semiconductors  2026-09-03 164.17 2026-09-04 170.57  3.90 
  SYM                       Symbotic Inc  256.94                        Machinery    2026-09-03 41.6  2026-09-04 42.94  3.22 
 ORCL                        Oracle Corp 4537.89                       Technology  2026-09-03 154.04 2026-09-04 158.78  3.08 
ASMLF                    ASML Holding NV 5437.17                   Semiconductors 2026-09-03 1659.62 2026-09-04 1710.0  3.04 
   EL         Estee Lauder Companies Inc  371.39                Consumer products  2026-09-03 100.86 2026-09-04 103.86  2.97 
  CMI                        Cummins Inc  770.50                        Machinery   2026-09-03 545.5 2026-09-04 560.75  2.80 
  PCG                          PG&E Corp  308.88                        Utilities   2026-09-03 13.96   2026-09-04 14.3  2.44 
  APP                      Applovin Corp 1057.68                       Technology  2026-09-03 313.58 2026-09-04 320.56  2.23 
  JCI Johnson Controls International PLC  871.06                         Building  2026-09-03 142.23 2026-09-04 144.94  1.91 

=== 市值超过1000亿的涨跌榜前20名股票 ===
 股票代码            公司名称             市值(亿)            板块                 昨天收盘               今天收盘       涨跌幅(%)
 SNDK               Sandisk Corp  2470.21           Technology 2026-09-03 1554.99 2026-09-04 1740.0 11.90 
 KLAC                   KLA Corp  2426.65       Semiconductors  2026-09-03 172.94  2026-09-04 185.6  7.32 
 MRVL     Marvell Technology Inc  1931.28       Semiconductors  2026-09-03 208.83 2026-09-04 223.55  7.05 
SBGSF      Schneider Electric SE  1622.69 Electrical Equipment  2026-09-03 331.96  2026-09-04 350.0  5.43 
 LRCX          Lam Research Corp  3784.68       Semiconductors  2026-09-03 292.66 2026-09-04 307.65  5.12 
  AMD Advanced Micro Devices Inc  7683.49       Semiconductors  2026-09-03 456.16 2026-09-04 477.57  4.69 
 ORCL                Oracle Corp  4537.89           Technology  2026-09-03 154.04 2026-09-04 158.78  3.08 
ASMLF            ASML Holding NV  5437.17       Semiconductors 2026-09-03 1659.62 2026-09-04 1710.0  3.04 
  APP              Applovin Corp  1057.68           Technology  2026-09-03 313.58 2026-09-04 320.56  2.23 
  ADI         Analog Devices Inc  1754.32       Semiconductors   2026-09-03 356.5 2026-09-04 362.25  1.61 
 ANET        Arista Networks Inc  2434.20       Communications  2026-09-03 191.44 2026-09-04 193.78  1.22 
  MDT              Medtronic PLC  1206.13          Health Care    2026-09-03 93.1  2026-09-04 94.17  1.15 
   GE        General Electric Co  3463.59  Aerospace & Defense  2026-09-03 333.48 2026-09-04 337.12  1.09 
 META         Meta Platforms Inc 15580.29                Media  2026-09-03 610.68 2026-09-04 616.77  1.00 
   HD             Home Depot Inc  3187.32               Retail  2026-09-03 318.07 2026-09-04 321.05  0.94 
EADSF                  Airbus SE  1550.84  Aerospace & Defense  2026-09-03 227.92  2026-09-04 230.0  0.91 
 CSCO          Cisco Systems Inc  4313.78       Communications  2026-09-03 108.61  2026-09-04 109.2  0.54 
   MS             Morgan Stanley  3382.76   Financial Services  2026-09-03 217.15 2026-09-04 217.72  0.26 
 AVGO               Broadcom Inc 16998.84       Semiconductors  2026-09-03 357.16 2026-09-04 357.89  0.21 
 QCOM               Qualcomm Inc  1773.37       Semiconductors  2026-09-03 168.57 2026-09-04 168.74  0.10 
